******************************************************************************
               TMS320C6x Linker PC v7.4.4                      
******************************************************************************
>> Linked Tue Mar 26 00:04:42 2024

OUTPUT FILE NAME:   <GTZ_all_freq_2024.out>
ENTRY POINT SYMBOL: "_c_int00"  address: 008120a0


MEMORY CONFIGURATION

         name            origin    length      used     unused   attr    fill
----------------------  --------  ---------  --------  --------  ----  --------
  L2SRAM                00800000   00080000  00020ad0  0005f530  RW X
  MSMCSRAM              0c000000   00400000  00000000  00400000  RW X
  DDR2                  80000000   10000000  00000000  10000000  RWIX


SEGMENT ALLOCATION MAP

run origin  load origin   length   init length attrs members
----------  ----------- ---------- ----------- ----- -------
00800000    00800000    00016480   00016480    r-x
  00800000    00800000    00016480   00016480    r-x .text
00816480    00816480    00004458   00000000    rw-
  00816480    00816480    00004458   00000000    rw- .far
0081a8d8    0081a8d8    00000008   00000008    rw-
  0081a8d8    0081a8d8    00000008   00000008    rw- .fardata.1
0081a8e0    0081a8e0    0000387c   0000387c    r--
  0081a8e0    0081a8e0    0000387c   0000387c    r-- .const
0081e160    0081e160    00001000   00000000    rw-
  0081e160    0081e160    00001000   00000000    rw- .stack
0081f160    0081f160    00000d64   00000d64    rw-
  0081f160    0081f160    00000d64   00000d64    rw- .fardata.2
0081fec8    0081fec8    00000120   00000000    rw-
  0081fec8    0081fec8    00000120   00000000    rw- .cio
00820000    00820000    00000200   00000200    r-x
  00820000    00820000    00000200   00000200    r-x .vecs
00820200    00820200    0000008c   00000000    rw-
  00820200    00820200    0000008c   00000000    rw- .bss
0082028c    0082028c    0000005c   0000005c    rw-
  0082028c    0082028c    0000005c   0000005c    rw- .neardata
008202e8    008202e8    00000808   00000808    r--
  008202e8    008202e8    00000808   00000808    r-- .cinit


SECTION ALLOCATION MAP

 output                                  attributes/
section   page    origin      length       input sections
--------  ----  ----------  ----------   ----------------
.init_array 
*          0    00800000    00000000     UNINITIALIZED

xdc.meta   0    00800000    00000130     COPY SECTION
                  00800000    00000130     Sys_BIOs_config_pe66.oe66 (xdc.meta)

.text      0    00800000    00016480     
                  00800000    000008a0     sysbios.ae66 : BIOS.obj (.text:ti_sysbios_family_c64p_Exception_handler__I)
                  008008a0    000008a0     ti.targets.rts6000.ae66 : System.oe66 (.text:xdc_runtime_System_doPrint__I)
                  00801140    00000800     main_gtz.obj (.text)
                  00801940    00000600     sysbios.ae66 : BIOS.obj (.text:ti_sysbios_heaps_HeapMem_alloc__E)
                  00801f40    00000600                  : BIOS.obj (.text:ti_sysbios_knl_Semaphore_pend__E)
                  00802540    000005e0                  : BIOS.obj (.text:ti_sysbios_heaps_HeapMem_free__E)
                  00802b20    000005c0     rts6600_elf.lib : divd.obj (.text:__c6xabi_divd)
                  008030e0    000005c0                     : _printfi.obj (.text:_getarg_diouxp)
                  008036a0    000005a0     sysbios.ae66 : BIOS.obj (.text:ti_sysbios_timers_timer64_Timer_Module_startup__F)
                  00803c40    00000500                  : BIOS.obj (.text:ti_sysbios_utils_Load_update__E)
                  00804140    00000460     rts6600_elf.lib : _printfi.obj (.text:_printfi)
                  008045a0    00000460                     : _printfi.obj (.text:_setfield)
                  00804a00    00000420     sysbios.ae66 : BIOS.obj (.text:ti_sysbios_knl_Task_sleep__E)
                  00804e20    00000420                  : BIOS.obj (.text:ti_sysbios_utils_Load_logLoads__I)
                  00805240    000003a0     rts6600_elf.lib : fputs.obj (.text:fputs)
                  008055e0    00000320                     : _printfi.obj (.text:_pproc_fge)
                  00805900    00000300     sysbios.ae66 : BIOS.obj (.text:ti_sysbios_family_c64p_Hwi_dispatchC__I)
                  00805c00    000002e0     rts6600_elf.lib : _printfi.obj (.text:_pproc_fwp)
                  00805ee0    000002e0     sysbios.ae66 : BIOS.obj (.text:ti_sysbios_heaps_HeapMem_Instance_init__F)
                  008061c0    000002c0     rts6600_elf.lib : fread.obj (.text:fread)
                  00806480    000002c0     ti.uia.runtime.ae66 : LoggerProbePoint.oe66 (.text:ti_uia_runtime_LoggerProbePoint_write8__E)
                  00806740    000002c0                         : LoggerStopMode.oe66 (.text:ti_uia_runtime_LoggerStopMode_write8__E)
                  00806a00    000002a0     rts6600_elf.lib : _printfi.obj (.text:fcvt)
                  00806ca0    000002a0     sysbios.ae66 : BIOS.obj (.text:ti_sysbios_knl_Clock_Instance_init__F)
                  00806f40    000002a0                  : BIOS.obj (.text:ti_sysbios_knl_Clock_workFunc__E)
                  008071e0    000002a0                  : BIOS.obj (.text:ti_sysbios_timers_timer64_Timer_deviceConfig__I)
                  00807480    00000280     rts6600_elf.lib : _printfi.obj (.text:ecvt)
                  00807700    00000280     ti.uia.runtime.ae66 : LoggerStopMode.oe66 (.text:ti_uia_runtime_LoggerStopMode_writeMemoryRange__E)
                  00807980    00000280     ti.targets.rts6000.ae66 : Error.oe66 (.text:xdc_runtime_Error_raiseX__F)
                  00807c00    00000260     sysbios.ae66 : BIOS.obj (.text:ti_sysbios_family_c64p_Exception_internalHandler__I)
                  00807e60    00000260                  : BIOS.obj (.text:ti_sysbios_knl_Semaphore_post__E)
                  008080c0    00000260     ti.uia.runtime.ae66 : LoggerProbePoint.oe66 (.text:ti_uia_runtime_LoggerProbePoint_write4__E)
                  00808320    00000260                         : LoggerProbePoint.oe66 (.text:ti_uia_runtime_LoggerProbePoint_writeMemoryRange__E)
                  00808580    00000260     ti.targets.rts6000.ae66 : Startup.oe66 (.text:xdc_runtime_Startup_startMods__I)
                  008087e0    00000260     Sys_BIOs_config_pe66.oe66 (.text:xdc_runtime_System_printfExtend__I)
                  00808a40    00000240     rts6600_elf.lib : imath64.obj (.text:__c6xabi_divull)
                  00808c80    00000240                     : _printfi.obj (.text:_pconv_e)
                  00808ec0    00000240                     : _printfi.obj (.text:_pproc_diouxp)
                  00809100    00000240     sysbios.ae66 : BIOS.obj (.text:ti_sysbios_knl_Task_exit__E)
                  00809340    00000240     ti.uia.runtime.ae66 : LoggerProbePoint.oe66 (.text:ti_uia_runtime_LoggerProbePoint_write0__E)
                  00809580    00000240                         : LoggerProbePoint.oe66 (.text:ti_uia_runtime_LoggerProbePoint_write1__E)
                  008097c0    00000240                         : LoggerProbePoint.oe66 (.text:ti_uia_runtime_LoggerProbePoint_write2__E)
                  00809a00    00000240                         : LoggerStopMode.oe66 (.text:ti_uia_runtime_LoggerStopMode_write4__E)
                  00809c40    00000240     ti.targets.rts6000.ae66 : LoggerBuf.oe66 (.text:xdc_runtime_LoggerBuf_write8__F)
                  00809e80    00000220     rts6600_elf.lib : _printfi.obj (.text:_pproc_str)
                  0080a0a0    00000220                     : fputc.obj (.text:fputc)
                  0080a2c0    00000220     sysbios.ae66 : BIOS.obj (.text:ti_sysbios_knl_Swi_run__I)
                  0080a4e0    00000220                  : BIOS.obj (.text:ti_sysbios_knl_Task_schedule__I)
                  0080a700    00000220                  : BIOS.obj (.text:ti_sysbios_knl_Task_startCore__E)
                  0080a920    00000220     util.obj (.text)
                  0080ab40    00000220     ti.targets.rts6000.ae66 : Core-mem.oe66 (.text:xdc_runtime_Core_createObject__I)
                  0080ad60    00000200     rts6600_elf.lib : _printfi.obj (.text:_pconv_g)
                  0080af60    00000200     sysbios.ae66 : c64p_Hwi_disp_always.obj (.text:_ti_sysbios_family_c64p_Hwi_dispatchAlways)
                  0080b160    00000200     rts6600_elf.lib : setvbuf.obj (.text:setvbuf)
                  0080b360    00000200     sysbios.ae66 : BIOS.obj (.text:ti_sysbios_utils_Load_taskDeleteHook__E)
                  0080b560    000001e0                  : BIOS.obj (.text:ti_sysbios_family_c64p_Exception_externalHandler__I)
                  0080b740    000001e0                  : BIOS.obj (.text:ti_sysbios_knl_Task_checkStacks__E)
                  0080b920    000001e0                  : BIOS.obj (.text:ti_sysbios_knl_Task_postInit__I)
                  0080bb00    000001e0                  : BIOS.obj (.text:ti_sysbios_timers_timer64_Timer_getFreq__E)
                  0080bce0    000001e0                  : BIOS.obj (.text:ti_sysbios_utils_Load_idleFxn__E)
                  0080bec0    000001c0     rts6600_elf.lib : _printfi.obj (.text:_mcpy)
                  0080c080    000001c0                     : fopen.obj (.text:_openfile)
                  0080c240    000001c0     sysbios.ae66 : BIOS.obj (.text:ti_sysbios_family_c64p_Exception_decodeMpfsr__I)
                  0080c400    000001c0                  : BIOS.obj (.text:ti_sysbios_gates_GateMutex_enter__E)
                  0080c5c0    000001c0                  : BIOS.obj (.text:ti_sysbios_timers_timer64_Timer_setPeriodMicroSecs__E)
                  0080c780    000001c0     ti.targets.rts6000.ae66 : Text.oe66 (.text:xdc_runtime_Text_putSite__F)
                  0080c940    000001a0     rts6600_elf.lib : trgdrv.obj (.text:HOSTrename)
                  0080cae0    000001a0                     : imath40.obj (.text:__c6xabi_divul)
                  0080cc80    000001a0     sysbios.ae66 : BIOS.obj (.text:ti_sysbios_timers_timer64_Timer_start__E)
                  0080ce20    000001a0     ti.targets.rts6000.ae66 : LoggerBuf.oe66 (.text:xdc_runtime_LoggerBuf_write4__F)
                  0080cfc0    00000180     rts6600_elf.lib : copy_decompress_rle.obj (.text:__TI_decompress_rle_core)
                  0080d140    00000180                     : lowlev.obj (.text:open)
                  0080d2c0    00000180     sysbios.ae66 : c64p_Exception_asm.obj (.text)
                  0080d440    00000180                  : BIOS.obj (.text:ti_sysbios_knl_Swi_schedule__I)
                  0080d5c0    00000180                  : BIOS.obj (.text:ti_sysbios_knl_Task_unblockI__E)
                  0080d740    00000160                  : BIOS.obj (.text:ti_sysbios_utils_Load_taskCreateHook__E)
                  0080d8a0    00000140     boot.ae66 : autoinit.oe66 (.text:_auto_init_elf)
                  0080d9e0    00000140     rts6600_elf.lib : _printfi.obj (.text:_pproc_fflags)
                  0080db20    00000140                     : lowlev.obj (.text:getdevice)
                  0080dc60    00000140     sysbios.ae66 : BIOS.obj (.text:ti_sysbios_family_c64p_Exception_Module_startup__F)
                  0080dda0    00000140                  : BIOS.obj (.text:ti_sysbios_family_c64p_Hwi_Module_startup__F)
                  0080dee0    00000140                  : BIOS.obj (.text:ti_sysbios_family_c66_Cache_Module_startup__F)
                  0080e020    00000140                  : BIOS.obj (.text:ti_sysbios_knl_Semaphore_Instance_init__F)
                  0080e160    00000140                  : BIOS.obj (.text:ti_sysbios_knl_Swi_post__E)
                  0080e2a0    00000140                  : BIOS.obj (.text:ti_sysbios_knl_Task_Module_startup__F)
                  0080e3e0    00000140                  : BIOS.obj (.text:ti_sysbios_knl_Task_blockI__E)
                  0080e520    00000140     ti.targets.rts6000.ae66 : Text.oe66 (.text:xdc_runtime_Text_putLab__F)
                  0080e660    00000120     rts6600_elf.lib : _bufread.obj (.text:_buff_read)
                  0080e780    00000120                     : fclose.obj (.text:_closefile)
                  0080e8a0    00000120                     : _printfi.obj (.text:_ltostr)
                  0080e9c0    00000120                     : fopen.obj (.text:_search_fp)
                  0080eae0    00000120                     : fseek.obj (.text:fseek)
                  0080ec00    00000120     sysbios.ae66 : BIOS.obj (.text:ti_sysbios_BIOS_rtsUnlock__I)
                  0080ed20    00000120                  : BIOS.obj (.text:ti_sysbios_knl_Clock_startI__E)
                  0080ee40    00000120     ti.uia.runtime.ae66 : LoggerProbePoint.oe66 (.text:ti_uia_runtime_LoggerProbePoint_setFilterLevel__E)
                  0080ef60    00000120                         : LoggerStopMode.oe66 (.text:ti_uia_runtime_LoggerStopMode_setFilterLevel__E)
                  0080f080    00000120                         : QueueDescriptor.oe66 (.text:ti_uia_runtime_QueueDescriptor_addToList__E)
                  0080f1a0    00000120     ti.targets.rts6000.ae66 : LoggerBuf.oe66 (.text:xdc_runtime_LoggerBuf_setFilterLevel__F)
                  0080f2c0    00000120                             : Text.oe66 (.text:xdc_runtime_Text_putMod__F)
                  0080f3e0    00000100     rts6600_elf.lib : trgdrv.obj (.text:HOSTlseek)
                  0080f4e0    00000100                     : _io_perm.obj (.text:_wrt_ok)
                  0080f5e0    00000100     sysbios.ae66 : BIOS.obj (.text:ti_sysbios_knl_Swi_restoreHwi__E)
                  0080f6e0    00000100                  : BIOS.obj (.text:ti_sysbios_timers_timer64_Timer_initDevice__I)
                  0080f7e0    00000100                  : BIOS.obj (.text:ti_sysbios_utils_Load_addTask__E)
                  0080f8e0    00000100     ti.uia.runtime.ae66 : LoggerProbePoint.oe66 (.text:ti_uia_runtime_LoggerProbePoint_getFilterLevel__E)
                  0080f9e0    00000100                         : LoggerStopMode.oe66 (.text:ti_uia_runtime_LoggerStopMode_getContents__E)
                  0080fae0    00000100                         : LoggerStopMode.oe66 (.text:ti_uia_runtime_LoggerStopMode_getFilterLevel__E)
                  0080fbe0    00000100     ti.targets.rts6000.ae66 : Core-mem.oe66 (.text:xdc_runtime_Core_deleteObject__I)
                  0080fce0    00000100                             : LoggerBuf.oe66 (.text:xdc_runtime_LoggerBuf_getFilterLevel__F)
                  0080fde0    00000100                             : Startup.oe66 (.text:xdc_runtime_Startup_exec__F)
                  0080fee0    00000100                             : Text.oe66 (.text:xdc_runtime_Text_visitRope2__I)
                  0080ffe0    000000e0     rts6600_elf.lib : trgdrv.obj (.text:HOSTopen)
                  008100c0    000000e0                     : _printfi.obj (.text:_div)
                  008101a0    000000e0                     : atoi.obj (.text:atoi)
                  00810280    000000e0                     : lowlev.obj (.text:close)
                  00810360    000000e0                     : copy_zero_init.obj (.text:decompress:ZI:__TI_zero_init)
                  00810440    000000e0                     : ltoa.obj (.text:ltoa)
                  00810520    000000e0                     : memset.obj (.text:memset)
                  00810600    000000e0                     : printf.obj (.text:printf)
                  008106e0    000000e0     sysbios.ae66 : BIOS.obj (.text:ti_sysbios_knl_Clock_start__E)
                  008107c0    000000e0     Sys_BIOs_config_pe66.oe66 (.text:ti_uia_runtime_LoggerProbePoint_Object__create__S)
                  008108a0    000000e0     ti.uia.runtime.ae66 : LoggerProbePoint.oe66 (.text:ti_uia_runtime_LoggerProbePoint_getContents__E)
                  00810980    000000e0                         : LoggerProbePoint.oe66 (.text:ti_uia_runtime_LoggerProbePoint_writeBlockOfMemory__I)
                  00810a60    000000e0     Sys_BIOs_config_pe66.oe66 (.text:ti_uia_runtime_LoggerStopMode_Object__create__S)
                  00810b40    000000e0     ti.uia.runtime.ae66 : LoggerStopMode.oe66 (.text:ti_uia_runtime_LoggerStopMode_writeBlockOfMemory__I)
                  00810c20    000000e0                         : QueueDescriptor.oe66 (.text:ti_uia_runtime_QueueDescriptor_removeFromList__E)
                  00810d00    000000e0     ti.targets.rts6000.ae66 : Error.oe66 (.text:xdc_runtime_Error_print__F)
                  00810de0    000000e0     Sys_BIOs_config_pe66.oe66 (.text:xdc_runtime_LoggerBuf_Object__create__S)
                  00810ec0    000000e0     ti.targets.rts6000.ae66 : Memory.oe66 (.text:xdc_runtime_Memory_alloc__F)
                  00810fa0    000000c0     rts6600_elf.lib : trgdrv.obj (.text:HOSTread)
                  00811060    000000c0                     : trgdrv.obj (.text:HOSTunlink)
                  00811120    000000c0                     : trgdrv.obj (.text:HOSTwrite)
                  008111e0    000000c0                     : dtor_list.obj (.text:_Z11__TI_atexitPFYvPvES_S_)
                  008112a0    000000c0                     : dtor_list.obj (.text:__cxa_finalize)
                  00811360    000000c0                     : divu.obj (.text:__divu)
                  00811420    000000c0                     : fflush.obj (.text:_doflush)
                  008114e0    000000c0                     : _io_perm.obj (.text:_rd_ok)
                  008115a0    000000c0                     : exit.obj (.text:exit)
                  00811660    000000c0     sysbios.ae66 : BIOS.obj (.text:ti_sysbios_BIOS_errorRaiseHook__I)
                  00811720    000000c0                  : BIOS.obj (.text:ti_sysbios_heaps_HeapMem_getStats__E)
                  008117e0    000000c0                  : BIOS.obj (.text:ti_sysbios_knl_Clock_logTick__E)
                  008118a0    000000c0                  : BIOS.obj (.text:ti_sysbios_knl_Task_allBlockedFunction__I)
                  00811960    000000c0                  : BIOS.obj (.text:ti_sysbios_timers_timer64_Timer_startup__E)
                  00811a20    000000c0                  : BIOS.obj (.text:ti_sysbios_utils_Load_taskSwitchHook__E)
                  00811ae0    000000c0     ti.uia.runtime.ae66 : LoggerProbePoint.oe66 (.text:ti_uia_runtime_LoggerProbePoint_Instance_init__F)
                  00811ba0    000000c0                         : LoggerProbePoint.oe66 (.text:ti_uia_runtime_LoggerProbePoint_Module_startup__F)
                  00811c60    000000c0                         : LoggerStopMode.oe66 (.text:ti_uia_runtime_LoggerStopMode_Instance_init__F)
                  00811d20    000000c0                         : LoggerStopMode.oe66 (.text:ti_uia_runtime_LoggerStopMode_Module_startup__F)
                  00811de0    000000c0     ti.targets.rts6000.ae66 : LoggerBuf.oe66 (.text:xdc_runtime_LoggerBuf_Instance_init__F)
                  00811ea0    000000c0                             : System.oe66 (.text:xdc_runtime_System_formatNum__I)
                  00811f60    000000a0     rts6600_elf.lib : trgdrv.obj (.text:HOSTclose)
                  00812000    000000a0                     : remu.obj (.text:__remu)
                  008120a0    000000a0     boot.ae66 : boot.oe66 (.text:_c_int00)
                  00812140    000000a0     rts6600_elf.lib : fopen.obj (.text:_cleanup)
                  008121e0    000000a0                     : _printfi.obj (.text:_ecpy)
                  00812280    000000a0                     : _printfi.obj (.text:_fcpy)
                  00812320    000000a0                     : _printfi.obj (.text:_pconv_f)
                  008123c0    000000a0                     : lowlev.obj (.text:finddevice)
                  00812460    000000a0                     : lowlev.obj (.text:lseek)
                  00812500    000000a0                     : memcpy64.obj (.text:memcpy)
                  008125a0    000000a0                     : lowlev.obj (.text:read)
                  00812640    000000a0     sysbios.ae66 : BIOS.obj (.text:ti_sysbios_family_c64p_Hwi_getStackInfo__E)
                  008126e0    000000a0                  : BIOS.obj (.text:ti_sysbios_heaps_HeapMem_init__I)
                  00812780    000000a0     Sys_BIOs_config_pe66.oe66 (.text:ti_sysbios_knl_Clock_Object__create__S)
                  00812820    000000a0     sysbios.ae66 : BIOS.obj (.text:ti_sysbios_knl_Idle_run__E)
                  008128c0    000000a0                  : BIOS.obj (.text:ti_sysbios_knl_Semaphore_pendTimeout__I)
                  00812960    000000a0                  : BIOS.obj (.text:ti_sysbios_knl_Task_processVitalTaskFlag__I)
                  00812a00    000000a0                  : BIOS.obj (.text:ti_sysbios_timers_timer64_Timer_stop__E)
                  00812aa0    000000a0     ti.uia.runtime.ae66 : LoggerProbePoint.oe66 (.text:ti_uia_runtime_LoggerProbePoint_readBlockOfMemory__I)
                  00812b40    000000a0                         : LoggerStopMode.oe66 (.text:ti_uia_runtime_LoggerStopMode_readBlockOfMemory__I)
                  00812be0    000000a0     rts6600_elf.lib : lowlev.obj (.text:write)
                  00812c80    000000a0     ti.targets.rts6000.ae66 : Assert.oe66 (.text:xdc_runtime_Assert_raise__I)
                  00812d20    000000a0                             : LoggerBuf.oe66 (.text:xdc_runtime_LoggerBuf_Module_startup__F)
                  00812dc0    000000a0                             : SysMin.oe66 (.text:xdc_runtime_SysMin_abort__F)
                  00812e60    000000a0                             : SysMin.oe66 (.text:xdc_runtime_SysMin_flush__F)
                  00812f00    000000a0                             : SysMin.oe66 (.text:xdc_runtime_SysMin_putch__F)
                  00812fa0    000000a0                             : Text.oe66 (.text:xdc_runtime_Text_xprintf__I)
                  00813040    00000080     rts6600_elf.lib : llshift.obj (.text:__c6xabi_llshl)
                  008130c0    00000080     sysbios.ae66 : c62_TaskSupport_asm.obj (.text:_ti_sysbios_family_c62_TaskSupport_swap__E)
                  00813140    00000080     Sys_BIOs_config_pe66.oe66 (.text:malloc)
                  008131c0    00000080     rts6600_elf.lib : trgmsg.obj (.text:readmsg)
                  00813240    00000080     Sys_BIOs_config_pe66.oe66 (.text:ti_sysbios_BIOS_exitFunc__I)
                  008132c0    00000080     sysbios.ae66 : BIOS.obj (.text:ti_sysbios_BIOS_registerRTSLock__I)
                  00813340    00000080     Sys_BIOs_config_pe66.oe66 (.text:ti_sysbios_gates_GateHwi_Object__create__S)
                  008133c0    00000080     Sys_BIOs_config_pe66.oe66 (.text:ti_sysbios_gates_GateMutex_Object__create__S)
                  00813440    00000080     sysbios.ae66 : BIOS.obj (.text:ti_sysbios_hal_Hwi_checkStack:ti_sysbios_hal_Hwi_checkStack)
                  008134c0    00000080                  : BIOS.obj (.text:ti_sysbios_hal_Hwi_initStack:ti_sysbios_hal_Hwi_initStack)
                  00813540    00000080     Sys_BIOs_config_pe66.oe66 (.text:ti_sysbios_heaps_HeapMem_Object__create__S)
                  008135c0    00000080     sysbios.ae66 : BIOS.obj (.text:ti_sysbios_knl_Clock_Module_startup__F)
                  00813640    00000080     Sys_BIOs_config_pe66.oe66 (.text:ti_sysbios_knl_Clock_doTick__I)
                  008136c0    00000080     sysbios.ae66 : BIOS.obj (.text:ti_sysbios_knl_Clock_getTicks__E)
                  00813740    00000080     Sys_BIOs_config_pe66.oe66 (.text:ti_sysbios_knl_Queue_Object__create__S)
                  008137c0    00000080     Sys_BIOs_config_pe66.oe66 (.text:ti_sysbios_knl_Semaphore_Object__create__S)
                  00813840    00000080     sysbios.ae66 : BIOS.obj (.text:ti_sysbios_knl_Swi_startup__E)
                  008138c0    00000080                  : BIOS.obj (.text:ti_sysbios_knl_Task_restore__E)
                  00813940    00000080                  : BIOS.obj (.text:ti_sysbios_timers_timer64_Timer_getCount__E)
                  008139c0    00000080                  : BIOS.obj (.text:ti_sysbios_timers_timer64_Timer_getPeriod__E)
                  00813a40    00000080     ti.uia.runtime.ae66 : LoggerProbePoint.oe66 (.text:ti_uia_runtime_LoggerProbePoint_disable__E)
                  00813ac0    00000080                         : LoggerProbePoint.oe66 (.text:ti_uia_runtime_LoggerProbePoint_enable__E)
                  00813b40    00000080                         : LoggerProbePoint.oe66 (.text:ti_uia_runtime_LoggerProbePoint_filterOutEvent__I)
                  00813bc0    00000080                         : LoggerProbePoint.oe66 (.text:ti_uia_runtime_LoggerProbePoint_reset__F)
                  00813c40    00000080                         : LoggerStopMode.oe66 (.text:ti_uia_runtime_LoggerStopMode_disable__E)
                  00813cc0    00000080                         : LoggerStopMode.oe66 (.text:ti_uia_runtime_LoggerStopMode_enable__E)
                  00813d40    00000080                         : LoggerStopMode.oe66 (.text:ti_uia_runtime_LoggerStopMode_filterOutEvent__I)
                  00813dc0    00000080                         : LoggerStopMode.oe66 (.text:ti_uia_runtime_LoggerStopMode_reset__F)
                  00813e40    00000080     rts6600_elf.lib : lowlev.obj (.text:unlink)
                  00813ec0    00000080     ti.targets.rts6000.ae66 : Core-label.oe66 (.text:xdc_runtime_Core_assignLabel__I)
                  00813f40    00000080                             : Core-params.oe66 (.text:xdc_runtime_Core_assignParams__I)
                  00813fc0    00000080                             : LoggerBuf.oe66 (.text:xdc_runtime_LoggerBuf_filterOutEvent__I)
                  00814040    00000080     Sys_BIOs_config_pe66.oe66 (.text:xdc_runtime_SysMin_output__I)
                  008140c0    00000080     ti.targets.rts6000.ae66 : System.oe66 (.text:xdc_runtime_System_atexit__F)
                  00814140    00000080                             : System.oe66 (.text:xdc_runtime_System_putchar__I)
                  008141c0    00000080                             : System.oe66 (.text:xdc_runtime_System_rtsExit__I)
                  00814240    00000080                             : Text.oe66 (.text:xdc_runtime_Text_printVisFxn__I)
                  008142c0    00000060     rts6600_elf.lib : frcmpyd_div.obj (.text:__c6xabi_frcmpyd_div)
                  00814320    00000060                     : llshift.obj (.text:__c6xabi_llshru)
                  00814380    00000060                     : imath64.obj (.text:_subcull)
                  008143e0    00000060                     : fopen.obj (.text:fopen)
                  00814440    00000060                     : memccpy.obj (.text:memccpy)
                  008144a0    00000060                     : lowlev.obj (.text:tabinit)
                  00814500    00000060     sysbios.ae66 : BIOS.obj (.text:ti_sysbios_BIOS_rtsLock__I)
                  00814560    00000060                  : BIOS.obj (.text:ti_sysbios_family_c62_TaskSupport_start__E)
                  008145c0    00000060                  : BIOS.obj (.text:ti_sysbios_gates_GateMutex_Instance_init__F)
                  00814620    00000060     Sys_BIOs_config_pe66.oe66 (.text:ti_sysbios_gates_GateMutex_Object__delete__S)
                  00814680    00000060     sysbios.ae66 : BIOS.obj (.text:ti_sysbios_knl_Swi_Module_startup__F)
                  008146e0    00000060                  : BIOS.obj (.text:ti_sysbios_knl_Task_enter__I)
                  00814740    00000060                  : BIOS.obj (.text:ti_sysbios_knl_Task_sleepTimeout__I)
                  008147a0    00000060     ti.uia.runtime.ae66 : LogSync.oe66 (.text:ti_uia_runtime_LogSync_Module_startup__F)
                  00814800    00000060                         : LoggerProbePoint.oe66 (.text:ti_uia_runtime_LoggerProbePoint_Instance_finalize__F)
                  00814860    00000060     Sys_BIOs_config_pe66.oe66 (.text:ti_uia_runtime_LoggerProbePoint_Object__delete__S)
                  008148c0    00000060     ti.uia.runtime.ae66 : LoggerStopMode.oe66 (.text:ti_uia_runtime_LoggerStopMode_Instance_finalize__F)
                  00814920    00000060     Sys_BIOs_config_pe66.oe66 (.text:ti_uia_runtime_LoggerStopMode_Object__delete__S)
                  00814980    00000060     rts6600_elf.lib : trgmsg.obj (.text:writemsg)
                  008149e0    00000060     Sys_BIOs_config_pe66.oe66 (.text:xdc_runtime_LoggerBuf_Object__delete__S)
                  00814a40    00000060     ti.targets.rts6000.ae66 : Memory.oe66 (.text:xdc_runtime_Memory_calloc__F)
                  00814aa0    00000060                             : SysMin.oe66 (.text:xdc_runtime_SysMin_Module_startup__F)
                  00814b00    00000060                             : SysMin.oe66 (.text:xdc_runtime_SysMin_exit__F)
                  00814b60    00000060                             : System.oe66 (.text:xdc_runtime_System_avprintf__F)
                  00814bc0    00000060                             : System.oe66 (.text:xdc_runtime_System_vprintf__F)
                  00814c20    00000060                             : Text.oe66 (.text:xdc_runtime_Text_cordText__F)
                  00814c80    00000040     rts6600_elf.lib : isinf.obj (.text:__c6xabi_isinf)
                  00814cc0    00000040                     : _printfi.obj (.text:__c6xabi_isnan)
                  00814d00    00000040                     : args_main.obj (.text:_args_main)
                  00814d40    00000040     sysbios.ae66 : c62_TaskSupport_asm.obj (.text:_ti_sysbios_family_c62_TaskSupport_buildTaskStack)
                  00814d80    00000040                  : c64p_Hwi_asm_switch.obj (.text:_ti_sysbios_family_xxx_Hwi_switchToIsrStack)
                  00814dc0    00000040     Sys_BIOs_config_pe66.oe66 (.text:free)
                  00814e00    00000040     Sys_BIOs_config_pe66.oe66 (.text:ti_sysbios_BIOS_startFunc__I)
                  00814e40    00000040     Sys_BIOs_config_pe66.oe66 (.text:ti_sysbios_family_c64p_Hwi_Module__startupDone__F)
                  00814e80    00000040     sysbios.ae66 : BIOS.obj (.text:ti_sysbios_family_c64p_Hwi_disableInterrupt__E)
                  00814ec0    00000040                  : BIOS.obj (.text:ti_sysbios_family_c64p_Hwi_enableInterrupt__E)
                  00814f00    00000040     Sys_BIOs_config_pe66.oe66 (.text:ti_sysbios_gates_GateHwi_Handle__label__S)
                  00814f40    00000040     Sys_BIOs_config_pe66.oe66 (.text:ti_sysbios_gates_GateHwi_Object__delete__S)
                  00814f80    00000040     Sys_BIOs_config_pe66.oe66 (.text:ti_sysbios_gates_GateMutex_Handle__label__S)
                  00814fc0    00000040     sysbios.ae66 : BIOS.obj (.text:ti_sysbios_gates_GateMutex_leave__E)
                  00815000    00000040     Sys_BIOs_config_pe66.oe66 (.text:ti_sysbios_hal_Timer_Module__startupDone__F)
                  00815040    00000040     Sys_BIOs_config_pe66.oe66 (.text:ti_sysbios_heaps_HeapMem_Handle__label__S)
                  00815080    00000040     Sys_BIOs_config_pe66.oe66 (.text:ti_sysbios_heaps_HeapMem_Object__delete__S)
                  008150c0    00000040     Sys_BIOs_config_pe66.oe66 (.text:ti_sysbios_heaps_HeapMem_Object__get__S)
                  00815100    00000040     Sys_BIOs_config_pe66.oe66 (.text:ti_sysbios_knl_Semaphore_Object__destruct__S)
                  00815140    00000040     Sys_BIOs_config_pe66.oe66 (.text:ti_sysbios_knl_Swi_Object__get__S)
                  00815180    00000040     Sys_BIOs_config_pe66.oe66 (.text:ti_sysbios_knl_Task_Object__get__S)
                  008151c0    00000040     Sys_BIOs_config_pe66.oe66 (.text:ti_sysbios_timers_timer64_Timer_Module__startupDone__F)
                  00815200    00000040     Sys_BIOs_config_pe66.oe66 (.text:ti_uia_family_c66_TimestampC66XGlobal_Module__startupDone__F)
                  00815240    00000040     Sys_BIOs_config_pe66.oe66 (.text:ti_uia_runtime_LoggerProbePoint_Handle__label__S)
                  00815280    00000040     Sys_BIOs_config_pe66.oe66 (.text:ti_uia_runtime_LoggerProbePoint_Object__get__S)
                  008152c0    00000040     Sys_BIOs_config_pe66.oe66 (.text:ti_uia_runtime_LoggerStopMode_Handle__label__S)
                  00815300    00000040     Sys_BIOs_config_pe66.oe66 (.text:ti_uia_runtime_LoggerStopMode_Object__get__S)
                  00815340    00000040     ti.uia.runtime.ae66 : LoggerStopMode.oe66 (.text:ti_uia_runtime_LoggerStopMode_write0__E)
                  00815380    00000040                         : LoggerStopMode.oe66 (.text:ti_uia_runtime_LoggerStopMode_write1__E)
                  008153c0    00000040                         : LoggerStopMode.oe66 (.text:ti_uia_runtime_LoggerStopMode_write2__E)
                  00815400    00000040                         : QueueDescriptor.oe66 (.text:ti_uia_runtime_QueueDescriptor_initHeader__E)
                  00815440    00000040     ti.targets.rts6000.ae66 : Error.oe66 (.text:xdc_runtime_Error_check__F)
                  00815480    00000040                             : Error.oe66 (.text:xdc_runtime_Error_init__F)
                  008154c0    00000040                             : Gate.oe66 (.text:xdc_runtime_Gate_leaveSystem__F)
                  00815500    00000040     Sys_BIOs_config_pe66.oe66 (.text:xdc_runtime_LoggerBuf_Handle__label__S)
                  00815540    00000040     ti.targets.rts6000.ae66 : LoggerBuf.oe66 (.text:xdc_runtime_LoggerBuf_Instance_finalize__F)
                  00815580    00000040     Sys_BIOs_config_pe66.oe66 (.text:xdc_runtime_LoggerBuf_Object__get__S)
                  008155c0    00000040     ti.targets.rts6000.ae66 : LoggerBuf.oe66 (.text:xdc_runtime_LoggerBuf_write0__F)
                  00815600    00000040                             : LoggerBuf.oe66 (.text:xdc_runtime_LoggerBuf_write1__F)
                  00815640    00000040                             : LoggerBuf.oe66 (.text:xdc_runtime_LoggerBuf_write2__F)
                  00815680    00000040                             : Memory.oe66 (.text:xdc_runtime_Memory_free__F)
                  008156c0    00000040                             : Registry.oe66 (.text:xdc_runtime_Registry_findById__F)
                  00815700    00000040                             : System.oe66 (.text:xdc_runtime_System_abort__F)
                  00815740    00000040     Sys_BIOs_config_pe66.oe66 (.text:xdc_runtime_System_aprintf__E)
                  00815780    00000040     Sys_BIOs_config_pe66.oe66 (.text:xdc_runtime_System_printf__E)
                  008157c0    00000040     ti.targets.rts6000.ae66 : Text.oe66 (.text:xdc_runtime_Text_ropeText__F)
                  00815800    00000020     rts6600_elf.lib : negll.obj (.text:__c6xabi_negll)
                  00815820    00000020                     : dtor_list.obj (.text:__cxa_atexit)
                  00815840    00000020                     : dtor_list.obj (.text:__cxa_ia64_exit)
                  00815860    00000020     ti.targets.rts6000.ae66 : xdc_noinit.oe66 (.text:__xdc__init)
                  00815880    00000020     rts6600_elf.lib : _lock.obj (.text:_nop)
                  008158a0    00000020                     : printf.obj (.text:_outc)
                  008158c0    00000020                     : printf.obj (.text:_outs)
                  008158e0    00000020                     : _lock.obj (.text:_register_lock)
                  00815900    00000020                     : _lock.obj (.text:_register_unlock)
                  00815920    00000020     sysbios.ae66 : c62_TaskSupport_asm.obj (.text:_ti_sysbios_family_c62_TaskSupport_glue)
                  00815940    00000020                  : c64p_Hwi_asm_switch.obj (.text:_ti_sysbios_family_xxx_Hwi_switchToTaskStack)
                  00815960    00000020     rts6600_elf.lib : exit.obj (.text:abort)
                  00815980    00000020                     : dtor_list.obj (.text:atexit)
                  008159a0    00000020                     : copy_decompress_none.obj (.text:decompress:none:__TI_decompress_none)
                  008159c0    00000020                     : copy_decompress_rle.obj (.text:decompress:rle24:__TI_decompress_rle24)
                  008159e0    00000020     Sys_BIOs_config_pe66.oe66 (.text:ti_sysbios_BIOS_RtsGateProxy_enter__E)
                  00815a00    00000020     Sys_BIOs_config_pe66.oe66 (.text:ti_sysbios_BIOS_RtsGateProxy_leave__E)
                  00815a20    00000020     sysbios.ae66 : BIOS.obj (.text:ti_sysbios_BIOS_getCpuFreq__E)
                  00815a40    00000020                  : BIOS.obj (.text:ti_sysbios_BIOS_nullFunc__I)
                  00815a60    00000020                  : BIOS.obj (.text:ti_sysbios_BIOS_setThreadType__E)
                  00815a80    00000020                  : BIOS.obj (.text:ti_sysbios_BIOS_start__E)
                  00815aa0    00000020     Sys_BIOs_config_pe66.oe66 (.text:ti_sysbios_family_c62_TaskSupport_Module__startupDone__S)
                  00815ac0    00000020     sysbios.ae66 : BIOS.obj (.text:ti_sysbios_family_c62_TaskSupport_checkStack__E)
                  00815ae0    00000020                  : BIOS.obj (.text:ti_sysbios_family_c64p_Hwi_clearInterrupt__E)
                  00815b00    00000020                  : BIOS.obj (.text:ti_sysbios_family_c64p_Hwi_startup__E)
                  00815b20    00000020                  : BIOS.obj (.text:ti_sysbios_family_c64p_Hwi_switchFromBootStack__E)
                  00815b40    00000020                  : BIOS.obj (.text:ti_sysbios_family_c64p_TimestampProvider_Module_startup__F)
                  00815b60    00000020                  : BIOS.obj (.text:ti_sysbios_family_c64p_TimestampProvider_get32__E)
                  00815b80    00000020                  : BIOS.obj (.text:ti_sysbios_family_c64p_TimestampProvider_get64__E)
                  00815ba0    00000020                  : BIOS.obj (.text:ti_sysbios_family_c64p_tci6488_TimerSupport_enable__E)
                  00815bc0    00000020                  : BIOS.obj (.text:ti_sysbios_gates_GateHwi_Instance_init__F)
                  00815be0    00000020                  : BIOS.obj (.text:ti_sysbios_gates_GateHwi_enter__E)
                  00815c00    00000020                  : BIOS.obj (.text:ti_sysbios_gates_GateHwi_leave__E)
                  00815c20    00000020                  : BIOS.obj (.text:ti_sysbios_gates_GateHwi_query__F)
                  00815c40    00000020                  : BIOS.obj (.text:ti_sysbios_gates_GateMutex_Instance_finalize__F)
                  00815c60    00000020                  : BIOS.obj (.text:ti_sysbios_gates_GateMutex_query__F)
                  00815c80    00000020     Sys_BIOs_config_pe66.oe66 (.text:ti_sysbios_hal_Hwi_HwiProxy_Module__startupDone__S)
                  00815ca0    00000020     sysbios.ae66 : BIOS.obj (.text:ti_sysbios_hal_Hwi_Module_startup__F)
                  00815cc0    00000020                  : BIOS.obj (.text:ti_sysbios_hal_Timer_Module_startup__F)
                  00815ce0    00000020     Sys_BIOs_config_pe66.oe66 (.text:ti_sysbios_hal_Timer_TimerProxy_Module__startupDone__S)
                  00815d00    00000020     Sys_BIOs_config_pe66.oe66 (.text:ti_sysbios_hal_Timer_TimerProxy_getExpiredCounts__E)
                  00815d20    00000020     Sys_BIOs_config_pe66.oe66 (.text:ti_sysbios_hal_Timer_TimerProxy_getPeriod__E)
                  00815d40    00000020     Sys_BIOs_config_pe66.oe66 (.text:ti_sysbios_hal_Timer_TimerProxy_setNextTick__E)
                  00815d60    00000020     Sys_BIOs_config_pe66.oe66 (.text:ti_sysbios_heaps_HeapMem_Module_GateProxy_enter__E)
                  00815d80    00000020     Sys_BIOs_config_pe66.oe66 (.text:ti_sysbios_heaps_HeapMem_Module_GateProxy_leave__E)
                  00815da0    00000020     sysbios.ae66 : BIOS.obj (.text:ti_sysbios_heaps_HeapMem_isBlocking__E)
                  00815dc0    00000020     Sys_BIOs_config_pe66.oe66 (.text:ti_sysbios_knl_Clock_Params__init__S)
                  00815de0    00000020     sysbios.ae66 : BIOS.obj (.text:ti_sysbios_knl_Idle_loop__E)
                  00815e00    00000020                  : BIOS.obj (.text:ti_sysbios_knl_Queue_Instance_init__F)
                  00815e20    00000020     Sys_BIOs_config_pe66.oe66 (.text:ti_sysbios_knl_Queue_Object__destruct__S)
                  00815e40    00000020     Sys_BIOs_config_pe66.oe66 (.text:ti_sysbios_knl_Queue_Object__get__S)
                  00815e60    00000020     sysbios.ae66 : BIOS.obj (.text:ti_sysbios_knl_Queue_empty__E)
                  00815e80    00000020                  : BIOS.obj (.text:ti_sysbios_knl_Semaphore_Instance_finalize__F)
                  00815ea0    00000020                  : BIOS.obj (.text:ti_sysbios_knl_Swi_disable__E)
                  00815ec0    00000020     Sys_BIOs_config_pe66.oe66 (.text:ti_sysbios_knl_Task_Object__first__S)
                  00815ee0    00000020     Sys_BIOs_config_pe66.oe66 (.text:ti_sysbios_knl_Task_Object__next__S)
                  00815f00    00000020     Sys_BIOs_config_pe66.oe66 (.text:ti_sysbios_knl_Task_SupportProxy_Module__startupDone__S)
                  00815f20    00000020     sysbios.ae66 : BIOS.obj (.text:ti_sysbios_knl_Task_disable__E)
                  00815f40    00000020                  : BIOS.obj (.text:ti_sysbios_knl_Task_startup__E)
                  00815f60    00000020                  : BIOS.obj (.text:ti_sysbios_timers_timer64_Timer_setNextTick__E)
                  00815f80    00000020                  : BIOS.obj (.text:ti_sysbios_utils_Load_taskRegHook__E)
                  00815fa0    00000020     ti.uia.family.c66.ae66 : TimestampC66XGlobal.oe66 (.text:ti_uia_family_c66_TimestampC66XGlobal_Module_startup__F)
                  00815fc0    00000020     Sys_BIOs_config_pe66.oe66 (.text:ti_uia_runtime_LogSync_CpuTimestampProxy_Module__startupDone__S)
                  00815fe0    00000020     Sys_BIOs_config_pe66.oe66 (.text:ti_uia_runtime_LogSync_GlobalTimestampProxy_Module__startupDone__S)
                  00816000    00000020     ti.uia.runtime.ae66 : LoggerProbePoint.oe66 (.text:ti_uia_runtime_LoggerProbePoint_getFreeSize__E)
                  00816020    00000020                         : LoggerProbePoint.oe66 (.text:ti_uia_runtime_LoggerProbePoint_getInstanceId__E)
                  00816040    00000020                         : LoggerProbePoint.oe66 (.text:ti_uia_runtime_LoggerProbePoint_getMaxLength__E)
                  00816060    00000020                         : LoggerProbePoint.oe66 (.text:ti_uia_runtime_LoggerProbePoint_getPriority__E)
                  00816080    00000020                         : LoggerProbePoint.oe66 (.text:ti_uia_runtime_LoggerProbePoint_getTransferType__F)
                  008160a0    00000020                         : LoggerProbePoint.oe66 (.text:ti_uia_runtime_LoggerProbePoint_getUnreadSize__E)
                  008160c0    00000020                         : LoggerProbePoint.oe66 (.text:ti_uia_runtime_LoggerProbePoint_isEmpty__E)
                  008160e0    00000020                         : LoggerProbePoint.oe66 (.text:ti_uia_runtime_LoggerProbePoint_setPriority__E)
                  00816100    00000020                         : LoggerStopMode.oe66 (.text:ti_uia_runtime_LoggerStopMode_getFreeSize__E)
                  00816120    00000020                         : LoggerStopMode.oe66 (.text:ti_uia_runtime_LoggerStopMode_getInstanceId__E)
                  00816140    00000020                         : LoggerStopMode.oe66 (.text:ti_uia_runtime_LoggerStopMode_getMaxLength__E)
                  00816160    00000020                         : LoggerStopMode.oe66 (.text:ti_uia_runtime_LoggerStopMode_getPriority__E)
                  00816180    00000020                         : LoggerStopMode.oe66 (.text:ti_uia_runtime_LoggerStopMode_getTransferType__F)
                  008161a0    00000020                         : LoggerStopMode.oe66 (.text:ti_uia_runtime_LoggerStopMode_getUnreadSize__E)
                  008161c0    00000020                         : LoggerStopMode.oe66 (.text:ti_uia_runtime_LoggerStopMode_isEmpty__E)
                  008161e0    00000020                         : LoggerStopMode.oe66 (.text:ti_uia_runtime_LoggerStopMode_setPriority__E)
                  00816200    00000020     ti.targets.rts6000.ae66 : Gate.oe66 (.text:xdc_runtime_Gate_enterSystem__F)
                  00816220    00000020     Sys_BIOs_config_pe66.oe66 (.text:xdc_runtime_IHeap_alloc)
                  00816240    00000020     Sys_BIOs_config_pe66.oe66 (.text:xdc_runtime_IHeap_free)
                  00816260    00000020     Sys_BIOs_config_pe66.oe66 (.text:xdc_runtime_LoggerBuf_Module_GateProxy_enter__E)
                  00816280    00000020     Sys_BIOs_config_pe66.oe66 (.text:xdc_runtime_LoggerBuf_Module_GateProxy_leave__E)
                  008162a0    00000020     ti.targets.rts6000.ae66 : LoggerBuf.oe66 (.text:xdc_runtime_LoggerBuf_disable__F)
                  008162c0    00000020                             : LoggerBuf.oe66 (.text:xdc_runtime_LoggerBuf_enable__F)
                  008162e0    00000020     Sys_BIOs_config_pe66.oe66 (.text:xdc_runtime_Memory_HeapProxy_alloc__E)
                  00816300    00000020     Sys_BIOs_config_pe66.oe66 (.text:xdc_runtime_Memory_HeapProxy_free__E)
                  00816320    00000020     Sys_BIOs_config_pe66.oe66 (.text:xdc_runtime_Startup_exec__I)
                  00816340    00000020     Sys_BIOs_config_pe66.oe66 (.text:xdc_runtime_Startup_reset__I)
                  00816360    00000020     ti.targets.rts6000.ae66 : SysMin.oe66 (.text:xdc_runtime_SysMin_ready__F)
                  00816380    00000020     Sys_BIOs_config_pe66.oe66 (.text:xdc_runtime_System_Module_GateProxy_enter__E)
                  008163a0    00000020     Sys_BIOs_config_pe66.oe66 (.text:xdc_runtime_System_Module_GateProxy_leave__E)
                  008163c0    00000020     ti.targets.rts6000.ae66 : System.oe66 (.text:xdc_runtime_System_Module_startup__F)
                  008163e0    00000020                             : System.oe66 (.text:xdc_runtime_System_exit__F)
                  00816400    00000020                             : System.oe66 (.text:xdc_runtime_System_lastFxn__I)
                  00816420    00000020                             : System.oe66 (.text:xdc_runtime_System_vsnprintf__F)
                  00816440    00000020     Sys_BIOs_config_pe66.oe66 (.text:xdc_runtime_Text_visitRope__I)
                  00816460    00000020     Sys_BIOs_config_pe66.oe66 (.text:xdc_runtime_Timestamp_Module__startupDone__S)

.far       0    00816480    00004458     UNINITIALIZED
                  00816480    00002610     Sys_BIOs_config_pe66.oe66 (.far)
                  00818a90    00001000     Sys_BIOs_config_pe66.oe66 (.far:taskStackSection)
                  00819a90    00000ce0     main_gtz.obj (.far)
                  0081a770    00000140     rts6600_elf.lib : defs.obj (.far)
                  0081a8b0    00000020     util.obj (.far)
                  0081a8d0    00000008     rts6600_elf.lib : trgdrv.obj (.far)

.fardata.1 
*          0    0081a8d8    00000008     
                  0081a8d8    00000008     rts6600_elf.lib : _lock.obj (.fardata)

.const     0    0081a8e0    0000387c     
                  0081a8e0    000021ab     Sys_BIOs_config_pe66.oe66 (.const:xdc_runtime_Text_charTab__A)
                  0081ca8b    00000683     sysbios.ae66 : BIOS.obj (.const:.string)
                  0081d10e    00000002     Sys_BIOs_config_pe66.oe66 (.const:ti_sysbios_BIOS_Module__id__C)
                  0081d110    00000400     Sys_BIOs_config_pe66.oe66 (.const:ti_sysbios_family_c66_Cache_marvalues__C)
                  0081d510    00000128     Sys_BIOs_config_pe66.oe66 (.const:xdc_runtime_Text_nodeTab__A)
                  0081d638    00000101     rts6600_elf.lib : ctype.obj (.const:.string:_ctypes_)
                  0081d739    00000001     --HOLE-- [fill = 0]
                  0081d73a    00000002     Sys_BIOs_config_pe66.oe66 (.const:ti_sysbios_family_c64p_Exception_Module__id__C)
                  0081d73c    000000e4     util.obj (.const:.string)
                  0081d820    00000060     Sys_BIOs_config_pe66.oe66 (.const:ti_uia_runtime_LoggerProbePoint_Module__FXNS__C)
                  0081d880    00000060     Sys_BIOs_config_pe66.oe66 (.const:ti_uia_runtime_LoggerStopMode_Module__FXNS__C)
                  0081d8e0    00000058     ti.targets.rts6000.ae66 : Error.oe66 (.const:.string)
                  0081d938    00000047     Sys_BIOs_config_pe66.oe66 (.const:.string)
                  0081d97f    00000001     --HOLE-- [fill = 0]
                  0081d980    00000044     Sys_BIOs_config_pe66.oe66 (.const:xdc_runtime_Startup_sfxnTab__A)
                  0081d9c4    00000040     ti.targets.rts6000.ae66 : Text.oe66 (.const:.string)
                  0081da04    0000003c     main_gtz.obj (.const:.string)
                  0081da40    0000003c     Sys_BIOs_config_pe66.oe66 (.const:xdc_runtime_LoggerBuf_Module__FXNS__C)
                  0081da7c    00000034     Sys_BIOs_config_pe66.oe66 (.const:ti_uia_runtime_LoggerProbePoint_Object__PARAMS__C)
                  0081dab0    00000034     Sys_BIOs_config_pe66.oe66 (.const:ti_uia_runtime_LoggerStopMode_Object__PARAMS__C)
                  0081dae4    00000004     ti.targets.rts6000.ae66 : Assert.oe66 (.const:.string)
                  0081dae8    00000030     Sys_BIOs_config_pe66.oe66 (.const:ti_sysbios_knl_Task_hooks__A)
                  0081db18    0000002c     ti.targets.rts6000.ae66 : Startup.oe66 (.const:.string)
                  0081db44    00000028     Sys_BIOs_config_pe66.oe66 (.const:ti_sysbios_heaps_HeapMem_Module__FXNS__C)
                  0081db6c    00000028     Sys_BIOs_config_pe66.oe66 (.const:xdc_runtime_LoggerBuf_Object__PARAMS__C)
                  0081db94    00000024     Sys_BIOs_config_pe66.oe66 (.const:ti_sysbios_gates_GateHwi_Module__FXNS__C)
                  0081dbb8    00000024     Sys_BIOs_config_pe66.oe66 (.const:ti_sysbios_gates_GateMutex_Module__FXNS__C)
                  0081dbdc    00000024     Sys_BIOs_config_pe66.oe66 (.const:ti_sysbios_heaps_HeapMem_Object__PARAMS__C)
                  0081dc00    00000024     Sys_BIOs_config_pe66.oe66 (.const:ti_sysbios_knl_Clock_Object__PARAMS__C)
                  0081dc24    00000024     Sys_BIOs_config_pe66.oe66 (.const:ti_sysbios_knl_Semaphore_Object__PARAMS__C)
                  0081dc48    00000023     rts6600_elf.lib : _printfi.obj (.const:.string)
                  0081dc6b    00000001     --HOLE-- [fill = 0]
                  0081dc6c    00000004     Sys_BIOs_config_pe66.oe66 (.const:ti_sysbios_BIOS_Module__diagsEnabled__C)
                  0081dc70    00000022     Sys_BIOs_config_pe66.oe66 (.const:xdc_runtime_Startup_sfxnRts__A)
                  0081dc92    00000002     Sys_BIOs_config_pe66.oe66 (.const:ti_sysbios_family_c64p_Exception_enableExternalMPC__C)
                  0081dc94    00000020     Sys_BIOs_config_pe66.oe66 (.const:ti_sysbios_gates_GateHwi_Object__DESC__C)
                  0081dcb4    00000020     Sys_BIOs_config_pe66.oe66 (.const:ti_sysbios_gates_GateMutex_Object__DESC__C)
                  0081dcd4    00000020     Sys_BIOs_config_pe66.oe66 (.const:ti_sysbios_heaps_HeapMem_Object__DESC__C)
                  0081dcf4    00000020     Sys_BIOs_config_pe66.oe66 (.const:ti_sysbios_knl_Clock_Object__DESC__C)
                  0081dd14    00000020     Sys_BIOs_config_pe66.oe66 (.const:ti_sysbios_knl_Queue_Object__DESC__C)
                  0081dd34    00000020     Sys_BIOs_config_pe66.oe66 (.const:ti_sysbios_knl_Semaphore_Object__DESC__C)
                  0081dd54    00000020     Sys_BIOs_config_pe66.oe66 (.const:ti_uia_runtime_LoggerProbePoint_Object__DESC__C)
                  0081dd74    00000020     Sys_BIOs_config_pe66.oe66 (.const:ti_uia_runtime_LoggerStopMode_Object__DESC__C)
                  0081dd94    00000020     Sys_BIOs_config_pe66.oe66 (.const:xdc_runtime_LoggerBuf_Object__DESC__C)
                  0081ddb4    00000018     Sys_BIOs_config_pe66.oe66 (.const:ti_sysbios_gates_GateHwi_Object__PARAMS__C)
                  0081ddcc    00000018     Sys_BIOs_config_pe66.oe66 (.const:ti_sysbios_gates_GateMutex_Object__PARAMS__C)
                  0081dde4    00000018     Sys_BIOs_config_pe66.oe66 (.const:ti_sysbios_knl_Queue_Object__PARAMS__C)
                  0081ddfc    00000004     Sys_BIOs_config_pe66.oe66 (.const:ti_sysbios_BIOS_Module__diagsIncluded__C)
                  0081de00    00000011     ti.targets.rts6000.ae66 : System.oe66 (.const:digtohex)
                  0081de11    00000001     --HOLE-- [fill = 0]
                  0081de12    00000002     Sys_BIOs_config_pe66.oe66 (.const:ti_sysbios_family_c64p_Exception_enablePrint__C)
                  0081de14    00000004     Sys_BIOs_config_pe66.oe66 (.const:ti_sysbios_BIOS_Module__diagsMask__C)
                  0081de18    00000010     util.obj (.const:$P$T0$1)
                  0081de28    0000000c     Sys_BIOs_config_pe66.oe66 (.const:ti_sysbios_family_c66_Cache_initSize__C)
                  0081de34    00000008     ti.targets.rts6000.ae66 : System.oe66 (.const:.string)
                  0081de3c    00000004     Sys_BIOs_config_pe66.oe66 (.const:ti_sysbios_BIOS_installedErrorHook__C)
                  0081de40    00000008     Sys_BIOs_config_pe66.oe66 (.const:ti_sysbios_knl_Idle_coreList__A)
                  0081de48    00000008     Sys_BIOs_config_pe66.oe66 (.const:ti_sysbios_knl_Idle_coreList__C)
                  0081de50    00000008     Sys_BIOs_config_pe66.oe66 (.const:ti_sysbios_knl_Idle_funcList__A)
                  0081de58    00000008     Sys_BIOs_config_pe66.oe66 (.const:ti_sysbios_knl_Idle_funcList__C)
                  0081de60    00000008     Sys_BIOs_config_pe66.oe66 (.const:ti_sysbios_knl_Task_hooks__C)
                  0081de68    00000008     Sys_BIOs_config_pe66.oe66 (.const:xdc_runtime_Startup_firstFxns__A)
                  0081de70    00000008     Sys_BIOs_config_pe66.oe66 (.const:xdc_runtime_Startup_firstFxns__C)
                  0081de78    00000008     Sys_BIOs_config_pe66.oe66 (.const:xdc_runtime_Startup_lastFxns__C)
                  0081de80    00000004     Sys_BIOs_config_pe66.oe66 (.const:ti_sysbios_family_c64p_Exception_E_exceptionMax__C)
                  0081de84    00000004     Sys_BIOs_config_pe66.oe66 (.const:ti_sysbios_family_c64p_Exception_E_exceptionMin__C)
                  0081de88    00000004     Sys_BIOs_config_pe66.oe66 (.const:ti_sysbios_family_c64p_Exception_exceptionHook__C)
                  0081de8c    00000004     Sys_BIOs_config_pe66.oe66 (.const:ti_sysbios_family_c64p_Exception_externalHook__C)
                  0081de90    00000004     Sys_BIOs_config_pe66.oe66 (.const:ti_sysbios_family_c64p_Exception_internalHook__C)
                  0081de94    00000004     Sys_BIOs_config_pe66.oe66 (.const:ti_sysbios_family_c64p_Exception_nmiHook__C)
                  0081de98    00000004     Sys_BIOs_config_pe66.oe66 (.const:ti_sysbios_family_c64p_Hwi_LD_end__C)
                  0081de9c    00000004     Sys_BIOs_config_pe66.oe66 (.const:ti_sysbios_family_c64p_Hwi_LM_begin__C)
                  0081dea0    00000004     Sys_BIOs_config_pe66.oe66 (.const:ti_sysbios_family_c64p_Hwi_Module__diagsEnabled__C)
                  0081dea4    00000004     Sys_BIOs_config_pe66.oe66 (.const:ti_sysbios_family_c64p_Hwi_Module__diagsIncluded__C)
                  0081dea8    00000004     Sys_BIOs_config_pe66.oe66 (.const:ti_sysbios_family_c64p_Hwi_Module__diagsMask__C)
                  0081deac    00000004     Sys_BIOs_config_pe66.oe66 (.const:ti_sysbios_family_c64p_Hwi_Module__loggerFxn1__C)
                  0081deb0    00000004     Sys_BIOs_config_pe66.oe66 (.const:ti_sysbios_family_c64p_Hwi_Module__loggerFxn8__C)
                  0081deb4    00000004     Sys_BIOs_config_pe66.oe66 (.const:ti_sysbios_family_c64p_Hwi_Module__loggerObj__C)
                  0081deb8    00000004     Sys_BIOs_config_pe66.oe66 (.const:ti_sysbios_gates_GateMutex_A_badContext__C)
                  0081debc    00000004     Sys_BIOs_config_pe66.oe66 (.const:ti_sysbios_gates_GateMutex_Instance_State_sem__O)
                  0081dec0    00000004     Sys_BIOs_config_pe66.oe66 (.const:ti_sysbios_gates_GateMutex_Module__diagsEnabled__C)
                  0081dec4    00000004     Sys_BIOs_config_pe66.oe66 (.const:ti_sysbios_gates_GateMutex_Module__diagsIncluded__C)
                  0081dec8    00000004     Sys_BIOs_config_pe66.oe66 (.const:ti_sysbios_gates_GateMutex_Module__diagsMask__C)
                  0081decc    00000004     Sys_BIOs_config_pe66.oe66 (.const:ti_sysbios_hal_Hwi_E_stackOverflow__C)
                  0081ded0    00000004     Sys_BIOs_config_pe66.oe66 (.const:ti_sysbios_heaps_HeapMem_A_align__C)
                  0081ded4    00000004     Sys_BIOs_config_pe66.oe66 (.const:ti_sysbios_heaps_HeapMem_A_heapSize__C)
                  0081ded8    00000004     Sys_BIOs_config_pe66.oe66 (.const:ti_sysbios_heaps_HeapMem_A_invalidFree__C)
                  0081dedc    00000004     Sys_BIOs_config_pe66.oe66 (.const:ti_sysbios_heaps_HeapMem_A_zeroBlock__C)
                  0081dee0    00000004     Sys_BIOs_config_pe66.oe66 (.const:ti_sysbios_heaps_HeapMem_E_memory__C)
                  0081dee4    00000004     Sys_BIOs_config_pe66.oe66 (.const:ti_sysbios_heaps_HeapMem_Module__diagsEnabled__C)
                  0081dee8    00000004     Sys_BIOs_config_pe66.oe66 (.const:ti_sysbios_heaps_HeapMem_Module__diagsIncluded__C)
                  0081deec    00000004     Sys_BIOs_config_pe66.oe66 (.const:ti_sysbios_heaps_HeapMem_Module__diagsMask__C)
                  0081def0    00000004     Sys_BIOs_config_pe66.oe66 (.const:ti_sysbios_heaps_HeapMem_Module__gateObj__C)
                  0081def4    00000004     Sys_BIOs_config_pe66.oe66 (.const:ti_sysbios_heaps_HeapMem_Object__count__C)
                  0081def8    00000004     Sys_BIOs_config_pe66.oe66 (.const:ti_sysbios_heaps_HeapMem_reqAlign__C)
                  0081defc    00000004     Sys_BIOs_config_pe66.oe66 (.const:ti_sysbios_knl_Clock_A_badThreadType__C)
                  0081df00    00000004     Sys_BIOs_config_pe66.oe66 (.const:ti_sysbios_knl_Clock_LM_begin__C)
                  0081df04    00000004     Sys_BIOs_config_pe66.oe66 (.const:ti_sysbios_knl_Clock_LM_tick__C)
                  0081df08    00000004     Sys_BIOs_config_pe66.oe66 (.const:ti_sysbios_knl_Clock_LW_delayed__C)
                  0081df0c    00000004     Sys_BIOs_config_pe66.oe66 (.const:ti_sysbios_knl_Clock_Module_State_clockQ__O)
                  0081df10    00000004     Sys_BIOs_config_pe66.oe66 (.const:ti_sysbios_knl_Clock_Module__diagsEnabled__C)
                  0081df14    00000004     Sys_BIOs_config_pe66.oe66 (.const:ti_sysbios_knl_Clock_Module__diagsIncluded__C)
                  0081df18    00000004     Sys_BIOs_config_pe66.oe66 (.const:ti_sysbios_knl_Clock_Module__diagsMask__C)
                  0081df1c    00000004     Sys_BIOs_config_pe66.oe66 (.const:ti_sysbios_knl_Clock_Module__loggerFxn1__C)
                  0081df20    00000004     Sys_BIOs_config_pe66.oe66 (.const:ti_sysbios_knl_Clock_Module__loggerFxn2__C)
                  0081df24    00000004     Sys_BIOs_config_pe66.oe66 (.const:ti_sysbios_knl_Clock_Module__loggerObj__C)
                  0081df28    00000004     Sys_BIOs_config_pe66.oe66 (.const:ti_sysbios_knl_Clock_tickMode__C)
                  0081df2c    00000004     Sys_BIOs_config_pe66.oe66 (.const:ti_sysbios_knl_Clock_tickSource__C)
                  0081df30    00000004     Sys_BIOs_config_pe66.oe66 (.const:ti_sysbios_knl_Semaphore_A_badContext__C)
                  0081df34    00000004     Sys_BIOs_config_pe66.oe66 (.const:ti_sysbios_knl_Semaphore_A_noEvents__C)
                  0081df38    00000004     Sys_BIOs_config_pe66.oe66 (.const:ti_sysbios_knl_Semaphore_A_overflow__C)
                  0081df3c    00000004     Sys_BIOs_config_pe66.oe66 (.const:ti_sysbios_knl_Semaphore_A_pendTaskDisabled__C)
                  0081df40    00000004     Sys_BIOs_config_pe66.oe66 (.const:ti_sysbios_knl_Semaphore_Instance_State_pendQ__O)
                  0081df44    00000004     Sys_BIOs_config_pe66.oe66 (.const:ti_sysbios_knl_Semaphore_LM_pend__C)
                  0081df48    00000004     Sys_BIOs_config_pe66.oe66 (.const:ti_sysbios_knl_Semaphore_LM_post__C)
                  0081df4c    00000004     Sys_BIOs_config_pe66.oe66 (.const:ti_sysbios_knl_Semaphore_Module__diagsEnabled__C)
                  0081df50    00000004     Sys_BIOs_config_pe66.oe66 (.const:ti_sysbios_knl_Semaphore_Module__diagsIncluded__C)
                  0081df54    00000004     Sys_BIOs_config_pe66.oe66 (.const:ti_sysbios_knl_Semaphore_Module__diagsMask__C)
                  0081df58    00000004     Sys_BIOs_config_pe66.oe66 (.const:ti_sysbios_knl_Semaphore_Module__loggerFxn2__C)
                  0081df5c    00000004     Sys_BIOs_config_pe66.oe66 (.const:ti_sysbios_knl_Semaphore_Module__loggerFxn4__C)
                  0081df60    00000004     Sys_BIOs_config_pe66.oe66 (.const:ti_sysbios_knl_Semaphore_Module__loggerObj__C)
                  0081df64    00000004     Sys_BIOs_config_pe66.oe66 (.const:ti_sysbios_knl_Swi_LD_end__C)
                  0081df68    00000004     Sys_BIOs_config_pe66.oe66 (.const:ti_sysbios_knl_Swi_LM_begin__C)
                  0081df6c    00000004     Sys_BIOs_config_pe66.oe66 (.const:ti_sysbios_knl_Swi_LM_post__C)
                  0081df70    00000004     Sys_BIOs_config_pe66.oe66 (.const:ti_sysbios_knl_Swi_Module__diagsEnabled__C)
                  0081df74    00000004     Sys_BIOs_config_pe66.oe66 (.const:ti_sysbios_knl_Swi_Module__diagsIncluded__C)
                  0081df78    00000004     Sys_BIOs_config_pe66.oe66 (.const:ti_sysbios_knl_Swi_Module__diagsMask__C)
                  0081df7c    00000004     Sys_BIOs_config_pe66.oe66 (.const:ti_sysbios_knl_Swi_Module__loggerFxn1__C)
                  0081df80    00000004     Sys_BIOs_config_pe66.oe66 (.const:ti_sysbios_knl_Swi_Module__loggerFxn4__C)
                  0081df84    00000004     Sys_BIOs_config_pe66.oe66 (.const:ti_sysbios_knl_Swi_Module__loggerObj__C)
                  0081df88    00000004     Sys_BIOs_config_pe66.oe66 (.const:ti_sysbios_knl_Swi_Object__count__C)
                  0081df8c    00000004     Sys_BIOs_config_pe66.oe66 (.const:ti_sysbios_knl_Task_A_badTimeout__C)
                  0081df90    00000004     Sys_BIOs_config_pe66.oe66 (.const:ti_sysbios_knl_Task_A_sleepTaskDisabled__C)
                  0081df94    00000004     Sys_BIOs_config_pe66.oe66 (.const:ti_sysbios_knl_Task_E_spOutOfBounds__C)
                  0081df98    00000004     Sys_BIOs_config_pe66.oe66 (.const:ti_sysbios_knl_Task_E_stackOverflow__C)
                  0081df9c    00000004     Sys_BIOs_config_pe66.oe66 (.const:ti_sysbios_knl_Task_LD_block__C)
                  0081dfa0    00000004     Sys_BIOs_config_pe66.oe66 (.const:ti_sysbios_knl_Task_LD_exit__C)
                  0081dfa4    00000004     Sys_BIOs_config_pe66.oe66 (.const:ti_sysbios_knl_Task_LD_ready__C)
                  0081dfa8    00000004     Sys_BIOs_config_pe66.oe66 (.const:ti_sysbios_knl_Task_LM_sleep__C)
                  0081dfac    00000004     Sys_BIOs_config_pe66.oe66 (.const:ti_sysbios_knl_Task_LM_switch__C)
                  0081dfb0    00000004     Sys_BIOs_config_pe66.oe66 (.const:ti_sysbios_knl_Task_Module_State_inactiveQ__O)
                  0081dfb4    00000004     Sys_BIOs_config_pe66.oe66 (.const:ti_sysbios_knl_Task_Module_State_terminatedQ__O)
                  0081dfb8    00000004     Sys_BIOs_config_pe66.oe66 (.const:ti_sysbios_knl_Task_Module__diagsEnabled__C)
                  0081dfbc    00000004     Sys_BIOs_config_pe66.oe66 (.const:ti_sysbios_knl_Task_Module__diagsIncluded__C)
                  0081dfc0    00000004     Sys_BIOs_config_pe66.oe66 (.const:ti_sysbios_knl_Task_Module__diagsMask__C)
                  0081dfc4    00000004     Sys_BIOs_config_pe66.oe66 (.const:ti_sysbios_knl_Task_Module__loggerFxn2__C)
                  0081dfc8    00000004     Sys_BIOs_config_pe66.oe66 (.const:ti_sysbios_knl_Task_Module__loggerFxn4__C)
                  0081dfcc    00000004     Sys_BIOs_config_pe66.oe66 (.const:ti_sysbios_knl_Task_Module__loggerObj__C)
                  0081dfd0    00000004     Sys_BIOs_config_pe66.oe66 (.const:ti_sysbios_knl_Task_Object__count__C)
                  0081dfd4    00000004     Sys_BIOs_config_pe66.oe66 (.const:ti_sysbios_knl_Task_Object__heap__C)
                  0081dfd8    00000004     Sys_BIOs_config_pe66.oe66 (.const:ti_sysbios_knl_Task_allBlockedFunc__C)
                  0081dfdc    00000004     Sys_BIOs_config_pe66.oe66 (.const:ti_sysbios_knl_Task_numConstructedTasks__C)
                  0081dfe0    00000004     Sys_BIOs_config_pe66.oe66 (.const:ti_sysbios_timers_timer64_Timer_A_notAvailable__C)
                  0081dfe4    00000004     Sys_BIOs_config_pe66.oe66 (.const:ti_sysbios_timers_timer64_Timer_E_cannotSupport__C)
                  0081dfe8    00000004     Sys_BIOs_config_pe66.oe66 (.const:ti_sysbios_timers_timer64_Timer_Module__diagsEnabled__C)
                  0081dfec    00000004     Sys_BIOs_config_pe66.oe66 (.const:ti_sysbios_timers_timer64_Timer_Module__diagsIncluded__C)
                  0081dff0    00000004     Sys_BIOs_config_pe66.oe66 (.const:ti_sysbios_timers_timer64_Timer_Module__diagsMask__C)
                  0081dff4    00000004     Sys_BIOs_config_pe66.oe66 (.const:ti_sysbios_timers_timer64_Timer_anyMask__C)
                  0081dff8    00000004     Sys_BIOs_config_pe66.oe66 (.const:ti_sysbios_timers_timer64_Timer_freqDivisor__C)
                  0081dffc    00000004     Sys_BIOs_config_pe66.oe66 (.const:ti_sysbios_timers_timer64_Timer_numLocalTimers__C)
                  0081e000    00000004     Sys_BIOs_config_pe66.oe66 (.const:ti_sysbios_timers_timer64_Timer_numTimerDevices__C)
                  0081e004    00000004     Sys_BIOs_config_pe66.oe66 (.const:ti_sysbios_utils_Load_LS_cpuLoad__C)
                  0081e008    00000004     Sys_BIOs_config_pe66.oe66 (.const:ti_sysbios_utils_Load_LS_hwiLoad__C)
                  0081e00c    00000004     Sys_BIOs_config_pe66.oe66 (.const:ti_sysbios_utils_Load_LS_swiLoad__C)
                  0081e010    00000004     Sys_BIOs_config_pe66.oe66 (.const:ti_sysbios_utils_Load_LS_taskLoad__C)
                  0081e014    00000004     Sys_BIOs_config_pe66.oe66 (.const:ti_sysbios_utils_Load_Module_State_taskList__O)
                  0081e018    00000004     Sys_BIOs_config_pe66.oe66 (.const:ti_sysbios_utils_Load_Module__diagsEnabled__C)
                  0081e01c    00000004     Sys_BIOs_config_pe66.oe66 (.const:ti_sysbios_utils_Load_Module__diagsIncluded__C)
                  0081e020    00000004     Sys_BIOs_config_pe66.oe66 (.const:ti_sysbios_utils_Load_Module__diagsMask__C)
                  0081e024    00000004     Sys_BIOs_config_pe66.oe66 (.const:ti_sysbios_utils_Load_Module__loggerFxn1__C)
                  0081e028    00000004     Sys_BIOs_config_pe66.oe66 (.const:ti_sysbios_utils_Load_Module__loggerFxn2__C)
                  0081e02c    00000004     Sys_BIOs_config_pe66.oe66 (.const:ti_sysbios_utils_Load_Module__loggerFxn4__C)
                  0081e030    00000004     Sys_BIOs_config_pe66.oe66 (.const:ti_sysbios_utils_Load_Module__loggerObj__C)
                  0081e034    00000004     Sys_BIOs_config_pe66.oe66 (.const:ti_sysbios_utils_Load_postUpdate__C)
                  0081e038    00000004     Sys_BIOs_config_pe66.oe66 (.const:ti_sysbios_utils_Load_windowInMs__C)
                  0081e03c    00000004     Sys_BIOs_config_pe66.oe66 (.const:ti_uia_family_c66_TimestampC66XGlobal_timerBaseAdrs__C)
                  0081e040    00000004     Sys_BIOs_config_pe66.oe66 (.const:ti_uia_runtime_ILoggerSnapshot_Interface__BASE__C)
                  0081e044    00000004     Sys_BIOs_config_pe66.oe66 (.const:ti_uia_runtime_IUIATransfer_Interface__BASE__C)
                  0081e048    00000004     Sys_BIOs_config_pe66.oe66 (.const:ti_uia_runtime_LoggerProbePoint_E_badLevel__C)
                  0081e04c    00000004     Sys_BIOs_config_pe66.oe66 (.const:ti_uia_runtime_LoggerProbePoint_Object__count__C)
                  0081e050    00000004     Sys_BIOs_config_pe66.oe66 (.const:ti_uia_runtime_LoggerProbePoint_overflowLogger__C)
                  0081e054    00000004     Sys_BIOs_config_pe66.oe66 (.const:ti_uia_runtime_LoggerProbePoint_statusLogger__C)
                  0081e058    00000004     Sys_BIOs_config_pe66.oe66 (.const:ti_uia_runtime_LoggerStopMode_E_badLevel__C)
                  0081e05c    00000004     Sys_BIOs_config_pe66.oe66 (.const:ti_uia_runtime_LoggerStopMode_Object__count__C)
                  0081e060    00000004     Sys_BIOs_config_pe66.oe66 (.const:ti_uia_runtime_LoggerStopMode_overflowLogger__C)
                  0081e064    00000004     Sys_BIOs_config_pe66.oe66 (.const:ti_uia_runtime_LoggerStopMode_statusLogger__C)
                  0081e068    00000004     Sys_BIOs_config_pe66.oe66 (.const:xdc_runtime_Assert_E_assertFailed__C)
                  0081e06c    00000004     Sys_BIOs_config_pe66.oe66 (.const:xdc_runtime_Core_A_initializedParams__C)
                  0081e070    00000004     Sys_BIOs_config_pe66.oe66 (.const:xdc_runtime_Core_Module__diagsEnabled__C)
                  0081e074    00000004     Sys_BIOs_config_pe66.oe66 (.const:xdc_runtime_Core_Module__diagsIncluded__C)
                  0081e078    00000004     Sys_BIOs_config_pe66.oe66 (.const:xdc_runtime_Core_Module__diagsMask__C)
                  0081e07c    00000004     Sys_BIOs_config_pe66.oe66 (.const:xdc_runtime_Error_E_memory__C)
                  0081e080    00000004     Sys_BIOs_config_pe66.oe66 (.const:xdc_runtime_Error_Module__diagsEnabled__C)
                  0081e084    00000004     Sys_BIOs_config_pe66.oe66 (.const:xdc_runtime_Error_Module__diagsIncluded__C)
                  0081e088    00000004     Sys_BIOs_config_pe66.oe66 (.const:xdc_runtime_Error_Module__diagsMask__C)
                  0081e08c    00000004     Sys_BIOs_config_pe66.oe66 (.const:xdc_runtime_Error_Module__loggerFxn8__C)
                  0081e090    00000004     Sys_BIOs_config_pe66.oe66 (.const:xdc_runtime_Error_Module__loggerObj__C)
                  0081e094    00000004     Sys_BIOs_config_pe66.oe66 (.const:xdc_runtime_Error_policy__C)
                  0081e098    00000004     Sys_BIOs_config_pe66.oe66 (.const:xdc_runtime_Error_raiseHook__C)
                  0081e09c    00000004     Sys_BIOs_config_pe66.oe66 (.const:xdc_runtime_IFilterLogger_Interface__BASE__C)
                  0081e0a0    00000004     Sys_BIOs_config_pe66.oe66 (.const:xdc_runtime_IGateProvider_Interface__BASE__C)
                  0081e0a4    00000004     Sys_BIOs_config_pe66.oe66 (.const:xdc_runtime_IHeap_Interface__BASE__C)
                  0081e0a8    00000004     Sys_BIOs_config_pe66.oe66 (.const:xdc_runtime_ILogger_Interface__BASE__C)
                  0081e0ac    00000004     Sys_BIOs_config_pe66.oe66 (.const:xdc_runtime_IModule_Interface__BASE__C)
                  0081e0b0    00000004     Sys_BIOs_config_pe66.oe66 (.const:xdc_runtime_Log_L_error__C)
                  0081e0b4    00000004     Sys_BIOs_config_pe66.oe66 (.const:xdc_runtime_LoggerBuf_E_badLevel__C)
                  0081e0b8    00000004     Sys_BIOs_config_pe66.oe66 (.const:xdc_runtime_LoggerBuf_Module__gateObj__C)
                  0081e0bc    00000004     Sys_BIOs_config_pe66.oe66 (.const:xdc_runtime_LoggerBuf_Object__count__C)
                  0081e0c0    00000004     Sys_BIOs_config_pe66.oe66 (.const:xdc_runtime_LoggerBuf_statusLogger__C)
                  0081e0c4    00000004     Sys_BIOs_config_pe66.oe66 (.const:xdc_runtime_Memory_defaultHeapInstance__C)
                  0081e0c8    00000004     Sys_BIOs_config_pe66.oe66 (.const:xdc_runtime_Startup_execImpl__C)
                  0081e0cc    00000004     Sys_BIOs_config_pe66.oe66 (.const:xdc_runtime_Startup_maxPasses__C)
                  0081e0d0    00000004     Sys_BIOs_config_pe66.oe66 (.const:xdc_runtime_Startup_lastFxns__A)
                  0081e0d4    00000004     Sys_BIOs_config_pe66.oe66 (.const:xdc_runtime_Startup_sfxnRts__C)
                  0081e0d8    00000004     Sys_BIOs_config_pe66.oe66 (.const:xdc_runtime_Startup_sfxnTab__C)
                  0081e0dc    00000004     Sys_BIOs_config_pe66.oe66 (.const:xdc_runtime_SysMin_bufSize__C)
                  0081e0e0    00000004     Sys_BIOs_config_pe66.oe66 (.const:xdc_runtime_SysMin_outputFunc__C)
                  0081e0e4    00000004     Sys_BIOs_config_pe66.oe66 (.const:xdc_runtime_System_Module__gateObj__C)
                  0081e0e8    00000004     Sys_BIOs_config_pe66.oe66 (.const:xdc_runtime_System_extendFxn__C)
                  0081e0ec    00000004     Sys_BIOs_config_pe66.oe66 (.const:xdc_runtime_System_maxAtexitHandlers__C)
                  0081e0f0    00000004     Sys_BIOs_config_pe66.oe66 (.const:xdc_runtime_Text_charTab__C)
                  0081e0f4    00000004     Sys_BIOs_config_pe66.oe66 (.const:xdc_runtime_Text_nameEmpty__C)
                  0081e0f8    00000004     Sys_BIOs_config_pe66.oe66 (.const:xdc_runtime_Text_nameStatic__C)
                  0081e0fc    00000004     Sys_BIOs_config_pe66.oe66 (.const:xdc_runtime_Text_nameUnknown__C)
                  0081e100    00000004     Sys_BIOs_config_pe66.oe66 (.const:xdc_runtime_Text_nodeTab__C)
                  0081e104    00000004     Sys_BIOs_config_pe66.oe66 (.const:xdc_runtime_Text_visitRopeFxn__C)
                  0081e108    00000002     Sys_BIOs_config_pe66.oe66 (.const:ti_sysbios_family_c64p_Exception_useInternalBuffer__C)
                  0081e10a    00000002     Sys_BIOs_config_pe66.oe66 (.const:ti_sysbios_family_c64p_Hwi_Module__id__C)
                  0081e10c    00000002     Sys_BIOs_config_pe66.oe66 (.const:ti_sysbios_family_c64p_Hwi_Module__loggerDefined__C)
                  0081e10e    00000002     Sys_BIOs_config_pe66.oe66 (.const:ti_sysbios_gates_GateMutex_Module__id__C)
                  0081e110    00000002     Sys_BIOs_config_pe66.oe66 (.const:ti_sysbios_hal_Hwi_Module__id__C)
                  0081e112    00000002     Sys_BIOs_config_pe66.oe66 (.const:ti_sysbios_heaps_HeapMem_Module__id__C)
                  0081e114    00000002     Sys_BIOs_config_pe66.oe66 (.const:ti_sysbios_knl_Clock_Module__id__C)
                  0081e116    00000002     Sys_BIOs_config_pe66.oe66 (.const:ti_sysbios_knl_Clock_Module__loggerDefined__C)
                  0081e118    00000002     Sys_BIOs_config_pe66.oe66 (.const:ti_sysbios_knl_Semaphore_Module__id__C)
                  0081e11a    00000002     Sys_BIOs_config_pe66.oe66 (.const:ti_sysbios_knl_Semaphore_Module__loggerDefined__C)
                  0081e11c    00000002     Sys_BIOs_config_pe66.oe66 (.const:ti_sysbios_knl_Swi_Module__id__C)
                  0081e11e    00000002     Sys_BIOs_config_pe66.oe66 (.const:ti_sysbios_knl_Swi_Module__loggerDefined__C)
                  0081e120    00000002     Sys_BIOs_config_pe66.oe66 (.const:ti_sysbios_knl_Task_Module__id__C)
                  0081e122    00000002     Sys_BIOs_config_pe66.oe66 (.const:ti_sysbios_knl_Task_Module__loggerDefined__C)
                  0081e124    00000002     Sys_BIOs_config_pe66.oe66 (.const:ti_sysbios_knl_Task_deleteTerminatedTasks__C)
                  0081e126    00000002     Sys_BIOs_config_pe66.oe66 (.const:ti_sysbios_knl_Task_initStackFlag__C)
                  0081e128    00000002     Sys_BIOs_config_pe66.oe66 (.const:ti_sysbios_timers_timer64_Timer_Module__id__C)
                  0081e12a    00000002     Sys_BIOs_config_pe66.oe66 (.const:ti_sysbios_timers_timer64_Timer_startupNeeded__C)
                  0081e12c    00000002     Sys_BIOs_config_pe66.oe66 (.const:ti_sysbios_utils_Load_Module__id__C)
                  0081e12e    00000002     Sys_BIOs_config_pe66.oe66 (.const:ti_sysbios_utils_Load_Module__loggerDefined__C)
                  0081e130    00000002     Sys_BIOs_config_pe66.oe66 (.const:ti_sysbios_utils_Load_autoAddTasks__C)
                  0081e132    00000002     Sys_BIOs_config_pe66.oe66 (.const:ti_sysbios_utils_Load_hwiEnabled__C)
                  0081e134    00000002     Sys_BIOs_config_pe66.oe66 (.const:ti_sysbios_utils_Load_swiEnabled__C)
                  0081e136    00000002     Sys_BIOs_config_pe66.oe66 (.const:ti_sysbios_utils_Load_taskEnabled__C)
                  0081e138    00000002     Sys_BIOs_config_pe66.oe66 (.const:ti_sysbios_utils_Load_updateInIdle__C)
                  0081e13a    00000002     Sys_BIOs_config_pe66.oe66 (.const:ti_uia_runtime_LoggerProbePoint_Module__id__C)
                  0081e13c    00000002     Sys_BIOs_config_pe66.oe66 (.const:ti_uia_runtime_LoggerProbePoint_filterByLevel__C)
                  0081e13e    00000002     Sys_BIOs_config_pe66.oe66 (.const:ti_uia_runtime_LoggerProbePoint_isTimestampEnabled__C)
                  0081e140    00000002     Sys_BIOs_config_pe66.oe66 (.const:ti_uia_runtime_LoggerStopMode_Module__id__C)
                  0081e142    00000002     Sys_BIOs_config_pe66.oe66 (.const:ti_uia_runtime_LoggerStopMode_filterByLevel__C)
                  0081e144    00000002     Sys_BIOs_config_pe66.oe66 (.const:ti_uia_runtime_LoggerStopMode_isTimestampEnabled__C)
                  0081e146    00000002     Sys_BIOs_config_pe66.oe66 (.const:xdc_runtime_Core_Module__id__C)
                  0081e148    00000002     Sys_BIOs_config_pe66.oe66 (.const:xdc_runtime_Error_Module__loggerDefined__C)
                  0081e14a    00000002     Sys_BIOs_config_pe66.oe66 (.const:xdc_runtime_Error_maxDepth__C)
                  0081e14c    00000002     Sys_BIOs_config_pe66.oe66 (.const:xdc_runtime_LoggerBuf_Module__id__C)
                  0081e14e    00000002     Sys_BIOs_config_pe66.oe66 (.const:xdc_runtime_LoggerBuf_filterByLevel__C)
                  0081e150    00000002     Sys_BIOs_config_pe66.oe66 (.const:xdc_runtime_Memory_Module__id__C)
                  0081e152    00000002     Sys_BIOs_config_pe66.oe66 (.const:xdc_runtime_SysMin_flushAtExit__C)
                  0081e154    00000002     Sys_BIOs_config_pe66.oe66 (.const:xdc_runtime_Text_charCnt__C)
                  0081e156    00000002     Sys_BIOs_config_pe66.oe66 (.const:xdc_runtime_Text_isLoaded__C)
                  0081e158    00000002     Sys_BIOs_config_pe66.oe66 (.const:xdc_runtime_Text_registryModsLastId__C)
                  0081e15a    00000002     Sys_BIOs_config_pe66.oe66 (.const:xdc_runtime_Text_unnamedModsLastId__C)

.stack     0    0081e160    00001000     UNINITIALIZED
                  0081e160    00000008     boot.ae66 : boot.oe66 (.stack)
                  0081e168    00000ff8     --HOLE--

.fardata.2 
*          0    0081f160    00000d64     
                  0081f160    000002e0     Sys_BIOs_config_pe66.oe66 (.fardata)
                  0081f440    000001e0     rts6600_elf.lib : defs.obj (.fardata:_ftable)
                  0081f620    00000180     Sys_BIOs_config_pe66.oe66 (.fardata:ti_sysbios_timers_timer64_Timer_Module_State_0_device__A)
[...]
008163e0   xdc_runtime_System_exit__E
008163e0   xdc_runtime_System_exit__F
00816400   xdc_runtime_System_lastFxn__I
00816420   xdc_runtime_System_snprintf_va__E
00816420   xdc_runtime_System_snprintf_va__F
00816420   xdc_runtime_System_vsnprintf__E
00816420   xdc_runtime_System_vsnprintf__F
00816440   xdc_runtime_Text_visitRope__I
00816460   xdc_runtime_Timestamp_Module__startupDone__S
00816480   ti_sysbios_heaps_HeapMem_Instance_State_0_buf__A
00817480   ti_sysbios_knl_Task_Instance_State_0_hookEnv__A
00817488   ti_sysbios_knl_Task_Instance_State_1_hookEnv__A
00817490   ti_uia_runtime_LoggerProbePoint_Instance_State_0_bufferArray__A
00817710   ti_uia_runtime_LoggerProbePoint_Instance_State_1_bufferArray__A
00817b90   ti_uia_runtime_LoggerProbePoint_Instance_State_2_bufferArray__A
00818010   ti_uia_runtime_LoggerStopMode_Instance_State_0_bufferArray__A
00818290   xdc_runtime_LoggerBuf_Instance_State_0_entryArr__A
00818690   xdc_runtime_SysMin_Module_State_0_outbuf__A
00818a90   ti_sysbios_knl_Task_Instance_State_0_stack__A
00819290   ti_sysbios_knl_Task_Instance_State_1_stack__A
00819a90   data
0081a770   _tmpnams
0081a8b0   gtz_out
0081a8d8   _lock
0081a8dc   _unlock
0081a8e0   xdc_runtime_Text_charTab__A
0081d10e   ti_sysbios_BIOS_Module__id__C
0081d110   ti_sysbios_family_c66_Cache_marvalues__C
0081d510   xdc_runtime_Text_nodeTab__A
0081d638   _ctypes_
0081d73a   ti_sysbios_family_c64p_Exception_Module__id__C
0081d820   ti_uia_runtime_LoggerProbePoint_Module__FXNS__C
0081d880   ti_uia_runtime_LoggerStopMode_Module__FXNS__C
0081d980   xdc_runtime_Startup_sfxnTab__A
0081da40   xdc_runtime_LoggerBuf_Module__FXNS__C
0081da7c   ti_uia_runtime_LoggerProbePoint_Object__PARAMS__C
0081dab0   ti_uia_runtime_LoggerStopMode_Object__PARAMS__C
0081dae8   ti_sysbios_knl_Task_hooks__A
0081db44   ti_sysbios_heaps_HeapMem_Module__FXNS__C
0081db6c   xdc_runtime_LoggerBuf_Object__PARAMS__C
0081db94   ti_sysbios_gates_GateHwi_Module__FXNS__C
0081dbb8   ti_sysbios_gates_GateMutex_Module__FXNS__C
0081dbdc   ti_sysbios_heaps_HeapMem_Object__PARAMS__C
0081dc00   ti_sysbios_knl_Clock_Object__PARAMS__C
0081dc24   ti_sysbios_knl_Semaphore_Object__PARAMS__C
0081dc6c   ti_sysbios_BIOS_Module__diagsEnabled__C
0081dc70   xdc_runtime_Startup_sfxnRts__A
0081dc92   ti_sysbios_family_c64p_Exception_enableExternalMPC__C
0081dc94   ti_sysbios_gates_GateHwi_Object__DESC__C
0081dcb4   ti_sysbios_gates_GateMutex_Object__DESC__C
0081dcd4   ti_sysbios_heaps_HeapMem_Object__DESC__C
0081dcf4   ti_sysbios_knl_Clock_Object__DESC__C
0081dd14   ti_sysbios_knl_Queue_Object__DESC__C
0081dd34   ti_sysbios_knl_Semaphore_Object__DESC__C
0081dd54   ti_uia_runtime_LoggerProbePoint_Object__DESC__C
0081dd74   ti_uia_runtime_LoggerStopMode_Object__DESC__C
0081dd94   xdc_runtime_LoggerBuf_Object__DESC__C
0081ddb4   ti_sysbios_gates_GateHwi_Object__PARAMS__C
0081ddcc   ti_sysbios_gates_GateMutex_Object__PARAMS__C
0081dde4   ti_sysbios_knl_Queue_Object__PARAMS__C
0081ddfc   ti_sysbios_BIOS_Module__diagsIncluded__C
0081de12   ti_sysbios_family_c64p_Exception_enablePrint__C
0081de14   ti_sysbios_BIOS_Module__diagsMask__C
0081de28   ti_sysbios_family_c66_Cache_initSize__C
0081de3c   ti_sysbios_BIOS_installedErrorHook__C
0081de40   ti_sysbios_knl_Idle_coreList__A
0081de48   ti_sysbios_knl_Idle_coreList__C
0081de50   ti_sysbios_knl_Idle_funcList__A
0081de58   ti_sysbios_knl_Idle_funcList__C
0081de60   ti_sysbios_knl_Task_hooks__C
0081de68   xdc_runtime_Startup_firstFxns__A
0081de70   xdc_runtime_Startup_firstFxns__C
0081de78   xdc_runtime_Startup_lastFxns__C
0081de80   ti_sysbios_family_c64p_Exception_E_exceptionMax__C
0081de84   ti_sysbios_family_c64p_Exception_E_exceptionMin__C
0081de88   ti_sysbios_family_c64p_Exception_exceptionHook__C
0081de8c   ti_sysbios_family_c64p_Exception_externalHook__C
0081de90   ti_sysbios_family_c64p_Exception_internalHook__C
0081de94   ti_sysbios_family_c64p_Exception_nmiHook__C
0081de98   ti_sysbios_family_c64p_Hwi_LD_end__C
0081de9c   ti_sysbios_family_c64p_Hwi_LM_begin__C
0081dea0   ti_sysbios_family_c64p_Hwi_Module__diagsEnabled__C
0081dea4   ti_sysbios_family_c64p_Hwi_Module__diagsIncluded__C
0081dea8   ti_sysbios_family_c64p_Hwi_Module__diagsMask__C
0081deac   ti_sysbios_family_c64p_Hwi_Module__loggerFxn1__C
0081deb0   ti_sysbios_family_c64p_Hwi_Module__loggerFxn8__C
0081deb4   ti_sysbios_family_c64p_Hwi_Module__loggerObj__C
0081deb8   ti_sysbios_gates_GateMutex_A_badContext__C
0081debc   ti_sysbios_gates_GateMutex_Instance_State_sem__O
0081dec0   ti_sysbios_gates_GateMutex_Module__diagsEnabled__C
0081dec4   ti_sysbios_gates_GateMutex_Module__diagsIncluded__C
0081dec8   ti_sysbios_gates_GateMutex_Module__diagsMask__C
0081decc   ti_sysbios_hal_Hwi_E_stackOverflow__C
0081ded0   ti_sysbios_heaps_HeapMem_A_align__C
0081ded4   ti_sysbios_heaps_HeapMem_A_heapSize__C
0081ded8   ti_sysbios_heaps_HeapMem_A_invalidFree__C
0081dedc   ti_sysbios_heaps_HeapMem_A_zeroBlock__C
0081dee0   ti_sysbios_heaps_HeapMem_E_memory__C
0081dee4   ti_sysbios_heaps_HeapMem_Module__diagsEnabled__C
0081dee8   ti_sysbios_heaps_HeapMem_Module__diagsIncluded__C
0081deec   ti_sysbios_heaps_HeapMem_Module__diagsMask__C
0081def0   ti_sysbios_heaps_HeapMem_Module__gateObj__C
0081def4   ti_sysbios_heaps_HeapMem_Object__count__C
0081def8   ti_sysbios_heaps_HeapMem_reqAlign__C
0081defc   ti_sysbios_knl_Clock_A_badThreadType__C
0081df00   ti_sysbios_knl_Clock_LM_begin__C
0081df04   ti_sysbios_knl_Clock_LM_tick__C
0081df08   ti_sysbios_knl_Clock_LW_delayed__C
0081df0c   ti_sysbios_knl_Clock_Module_State_clockQ__O
0081df10   ti_sysbios_knl_Clock_Module__diagsEnabled__C
0081df14   ti_sysbios_knl_Clock_Module__diagsIncluded__C
0081df18   ti_sysbios_knl_Clock_Module__diagsMask__C
0081df1c   ti_sysbios_knl_Clock_Module__loggerFxn1__C
0081df20   ti_sysbios_knl_Clock_Module__loggerFxn2__C
0081df24   ti_sysbios_knl_Clock_Module__loggerObj__C
0081df28   ti_sysbios_knl_Clock_tickMode__C
0081df2c   ti_sysbios_knl_Clock_tickSource__C
0081df30   ti_sysbios_knl_Semaphore_A_badContext__C
0081df34   ti_sysbios_knl_Semaphore_A_noEvents__C
0081df38   ti_sysbios_knl_Semaphore_A_overflow__C
0081df3c   ti_sysbios_knl_Semaphore_A_pendTaskDisabled__C
0081df40   ti_sysbios_knl_Semaphore_Instance_State_pendQ__O
0081df44   ti_sysbios_knl_Semaphore_LM_pend__C
0081df48   ti_sysbios_knl_Semaphore_LM_post__C
0081df4c   ti_sysbios_knl_Semaphore_Module__diagsEnabled__C
0081df50   ti_sysbios_knl_Semaphore_Module__diagsIncluded__C
0081df54   ti_sysbios_knl_Semaphore_Module__diagsMask__C
0081df58   ti_sysbios_knl_Semaphore_Module__loggerFxn2__C
0081df5c   ti_sysbios_knl_Semaphore_Module__loggerFxn4__C
0081df60   ti_sysbios_knl_Semaphore_Module__loggerObj__C
0081df64   ti_sysbios_knl_Swi_LD_end__C
0081df68   ti_sysbios_knl_Swi_LM_begin__C
0081df6c   ti_sysbios_knl_Swi_LM_post__C
0081df70   ti_sysbios_knl_Swi_Module__diagsEnabled__C
0081df74   ti_sysbios_knl_Swi_Module__diagsIncluded__C
0081df78   ti_sysbios_knl_Swi_Module__diagsMask__C
0081df7c   ti_sysbios_knl_Swi_Module__loggerFxn1__C
0081df80   ti_sysbios_knl_Swi_Module__loggerFxn4__C
0081df84   ti_sysbios_knl_Swi_Module__loggerObj__C
0081df88   ti_sysbios_knl_Swi_Object__count__C
0081df8c   ti_sysbios_knl_Task_A_badTimeout__C
0081df90   ti_sysbios_knl_Task_A_sleepTaskDisabled__C
0081df94   ti_sysbios_knl_Task_E_spOutOfBounds__C
0081df98   ti_sysbios_knl_Task_E_stackOverflow__C
0081df9c   ti_sysbios_knl_Task_LD_block__C
0081dfa0   ti_sysbios_knl_Task_LD_exit__C
0081dfa4   ti_sysbios_knl_Task_LD_ready__C
0081dfa8   ti_sysbios_knl_Task_LM_sleep__C
0081dfac   ti_sysbios_knl_Task_LM_switch__C
0081dfb0   ti_sysbios_knl_Task_Module_State_inactiveQ__O
0081dfb4   ti_sysbios_knl_Task_Module_State_terminatedQ__O
0081dfb8   ti_sysbios_knl_Task_Module__diagsEnabled__C
0081dfbc   ti_sysbios_knl_Task_Module__diagsIncluded__C
0081dfc0   ti_sysbios_knl_Task_Module__diagsMask__C
0081dfc4   ti_sysbios_knl_Task_Module__loggerFxn2__C
0081dfc8   ti_sysbios_knl_Task_Module__loggerFxn4__C
0081dfcc   ti_sysbios_knl_Task_Module__loggerObj__C
0081dfd0   ti_sysbios_knl_Task_Object__count__C
0081dfd4   ti_sysbios_knl_Task_Object__heap__C
0081dfd8   ti_sysbios_knl_Task_allBlockedFunc__C
0081dfdc   ti_sysbios_knl_Task_numConstructedTasks__C
0081dfe0   ti_sysbios_timers_timer64_Timer_A_notAvailable__C
0081dfe4   ti_sysbios_timers_timer64_Timer_E_cannotSupport__C
0081dfe8   ti_sysbios_timers_timer64_Timer_Module__diagsEnabled__C
0081dfec   ti_sysbios_timers_timer64_Timer_Module__diagsIncluded__C
0081dff0   ti_sysbios_timers_timer64_Timer_Module__diagsMask__C
0081dff4   ti_sysbios_timers_timer64_Timer_anyMask__C
0081dff8   ti_sysbios_timers_timer64_Timer_freqDivisor__C
0081dffc   ti_sysbios_timers_timer64_Timer_numLocalTimers__C
0081e000   ti_sysbios_timers_timer64_Timer_numTimerDevices__C
0081e004   ti_sysbios_utils_Load_LS_cpuLoad__C
0081e008   ti_sysbios_utils_Load_LS_hwiLoad__C
0081e00c   ti_sysbios_utils_Load_LS_swiLoad__C
0081e010   ti_sysbios_utils_Load_LS_taskLoad__C
0081e014   ti_sysbios_utils_Load_Module_State_taskList__O
0081e018   ti_sysbios_utils_Load_Module__diagsEnabled__C
0081e01c   ti_sysbios_utils_Load_Module__diagsIncluded__C
0081e020   ti_sysbios_utils_Load_Module__diagsMask__C
0081e024   ti_sysbios_utils_Load_Module__loggerFxn1__C
0081e028   ti_sysbios_utils_Load_Module__loggerFxn2__C
0081e02c   ti_sysbios_utils_Load_Module__loggerFxn4__C
0081e030   ti_sysbios_utils_Load_Module__loggerObj__C
0081e034   ti_sysbios_utils_Load_postUpdate__C
0081e038   ti_sysbios_utils_Load_windowInMs__C
0081e03c   ti_uia_family_c66_TimestampC66XGlobal_timerBaseAdrs__C
0081e040   ti_uia_runtime_ILoggerSnapshot_Interface__BASE__C
0081e044   ti_uia_runtime_IUIATransfer_Interface__BASE__C
0081e048   ti_uia_runtime_LoggerProbePoint_E_badLevel__C
0081e04c   ti_uia_runtime_LoggerProbePoint_Object__count__C
0081e050   ti_uia_runtime_LoggerProbePoint_overflowLogger__C
0081e054   ti_uia_runtime_LoggerProbePoint_statusLogger__C
0081e058   ti_uia_runtime_LoggerStopMode_E_badLevel__C
0081e05c   ti_uia_runtime_LoggerStopMode_Object__count__C
0081e060   ti_uia_runtime_LoggerStopMode_overflowLogger__C
0081e064   ti_uia_runtime_LoggerStopMode_statusLogger__C
0081e068   xdc_runtime_Assert_E_assertFailed__C
0081e06c   xdc_runtime_Core_A_initializedParams__C
0081e070   xdc_runtime_Core_Module__diagsEnabled__C
0081e074   xdc_runtime_Core_Module__diagsIncluded__C
0081e078   xdc_runtime_Core_Module__diagsMask__C
0081e07c   xdc_runtime_Error_E_memory__C
0081e080   xdc_runtime_Error_Module__diagsEnabled__C
0081e084   xdc_runtime_Error_Module__diagsIncluded__C
0081e088   xdc_runtime_Error_Module__diagsMask__C
0081e08c   xdc_runtime_Error_Module__loggerFxn8__C
0081e090   xdc_runtime_Error_Module__loggerObj__C
0081e094   xdc_runtime_Error_policy__C
0081e098   xdc_runtime_Error_raiseHook__C
0081e09c   xdc_runtime_IFilterLogger_Interface__BASE__C
0081e0a0   xdc_runtime_IGateProvider_Interface__BASE__C
0081e0a4   xdc_runtime_IHeap_Interface__BASE__C
0081e0a8   xdc_runtime_ILogger_Interface__BASE__C
0081e0ac   xdc_runtime_IModule_Interface__BASE__C
0081e0b0   xdc_runtime_Log_L_error__C
0081e0b4   xdc_runtime_LoggerBuf_E_badLevel__C
0081e0b8   xdc_runtime_LoggerBuf_Module__gateObj__C
0081e0bc   xdc_runtime_LoggerBuf_Object__count__C
0081e0c0   xdc_runtime_LoggerBuf_statusLogger__C
0081e0c4   xdc_runtime_Memory_defaultHeapInstance__C
0081e0c8   xdc_runtime_Startup_execImpl__C
0081e0cc   xdc_runtime_Startup_maxPasses__C
0081e0d0   xdc_runtime_Startup_lastFxns__A
0081e0d4   xdc_runtime_Startup_sfxnRts__C
0081e0d8   xdc_runtime_Startup_sfxnTab__C
0081e0dc   xdc_runtime_SysMin_bufSize__C
0081e0e0   xdc_runtime_SysMin_outputFunc__C
0081e0e4   xdc_runtime_System_Module__gateObj__C
0081e0e8   xdc_runtime_System_extendFxn__C
0081e0ec   xdc_runtime_System_maxAtexitHandlers__C
0081e0f0   xdc_runtime_Text_charTab__C
0081e0f4   xdc_runtime_Text_nameEmpty__C
0081e0f8   xdc_runtime_Text_nameStatic__C
0081e0fc   xdc_runtime_Text_nameUnknown__C
0081e100   xdc_runtime_Text_nodeTab__C
0081e104   xdc_runtime_Text_visitRopeFxn__C
0081e108   ti_sysbios_family_c64p_Exception_useInternalBuffer__C
0081e10a   ti_sysbios_family_c64p_Hwi_Module__id__C
0081e10c   ti_sysbios_family_c64p_Hwi_Module__loggerDefined__C
0081e10e   ti_sysbios_gates_GateMutex_Module__id__C
0081e110   ti_sysbios_hal_Hwi_Module__id__C
0081e112   ti_sysbios_heaps_HeapMem_Module__id__C
0081e114   ti_sysbios_knl_Clock_Module__id__C
0081e116   ti_sysbios_knl_Clock_Module__loggerDefined__C
0081e118   ti_sysbios_knl_Semaphore_Module__id__C
0081e11a   ti_sysbios_knl_Semaphore_Module__loggerDefined__C
0081e11c   ti_sysbios_knl_Swi_Module__id__C
0081e11e   ti_sysbios_knl_Swi_Module__loggerDefined__C
0081e120   ti_sysbios_knl_Task_Module__id__C
0081e122   ti_sysbios_knl_Task_Module__loggerDefined__C
0081e124   ti_sysbios_knl_Task_deleteTerminatedTasks__C
0081e126   ti_sysbios_knl_Task_initStackFlag__C
0081e128   ti_sysbios_timers_timer64_Timer_Module__id__C
0081e12a   ti_sysbios_timers_timer64_Timer_startupNeeded__C
0081e12c   ti_sysbios_utils_Load_Module__id__C
0081e12e   ti_sysbios_utils_Load_Module__loggerDefined__C
0081e130   ti_sysbios_utils_Load_autoAddTasks__C
0081e132   ti_sysbios_utils_Load_hwiEnabled__C
0081e134   ti_sysbios_utils_Load_swiEnabled__C
0081e136   ti_sysbios_utils_Load_taskEnabled__C
0081e138   ti_sysbios_utils_Load_updateInIdle__C
0081e13a   ti_uia_runtime_LoggerProbePoint_Module__id__C
0081e13c   ti_uia_runtime_LoggerProbePoint_filterByLevel__C
0081e13e   ti_uia_runtime_LoggerProbePoint_isTimestampEnabled__C
0081e140   ti_uia_runtime_LoggerStopMode_Module__id__C
0081e142   ti_uia_runtime_LoggerStopMode_filterByLevel__C
0081e144   ti_uia_runtime_LoggerStopMode_isTimestampEnabled__C
0081e146   xdc_runtime_Core_Module__id__C
0081e148   xdc_runtime_Error_Module__loggerDefined__C
0081e14a   xdc_runtime_Error_maxDepth__C
0081e14c   xdc_runtime_LoggerBuf_Module__id__C
0081e14e   xdc_runtime_LoggerBuf_filterByLevel__C
0081e150   xdc_runtime_Memory_Module__id__C
0081e152   xdc_runtime_SysMin_flushAtExit__C
0081e154   xdc_runtime_Text_charCnt__C
0081e156   xdc_runtime_Text_isLoaded__C
0081e158   xdc_runtime_Text_registryModsLastId__C
0081e15a   xdc_runtime_Text_unnamedModsLastId__C
0081e160   _stack
0081f160   __TI_STACK_END
0081f160   ti_sysbios_BIOS_Module__state__V
0081f180   ti_sysbios_family_c64p_Exception_Module__state__V
0081f1b0   ti_sysbios_family_c64p_Hwi_Module__root__V
0081f1b8   ti_sysbios_family_c64p_Hwi_Module__state__V
0081f220   ti_sysbios_gates_GateHwi_Module__root__V
0081f228   ti_sysbios_gates_GateMutex_Module__root__V
0081f230   ti_sysbios_hal_Hwi_Module__root__V
0081f238   ti_sysbios_hal_Timer_Module__root__V
0081f240   ti_sysbios_heaps_HeapMem_Module__root__V
0081f248   ti_sysbios_knl_Clock_Module__root__V
0081f250   ti_sysbios_knl_Clock_Module__state__V
0081f278   ti_sysbios_knl_Event_Module__root__V
0081f284   ti_sysbios_knl_Queue_Module__root__V
0081f28c   ti_sysbios_knl_Semaphore_Module__root__V
0081f298   ti_sysbios_knl_Swi_Module__root__V
0081f2a4   ti_sysbios_knl_Swi_Module__state__V
0081f2c0   ti_sysbios_knl_Task_Module__root__V
0081f2cc   ti_sysbios_knl_Task_Module__state__V
0081f310   ti_sysbios_timers_timer64_Timer_Module__root__V
0081f318   ti_sysbios_timers_timer64_Timer_Module__state__V
0081f32c   ti_sysbios_utils_Load_Module__root__V
0081f330   ti_sysbios_utils_Load_Module__state__V
0081f3ac   ti_uia_family_c66_TimestampC66XGlobal_Module__root__V
0081f3b4   ti_uia_runtime_LogSync_Module__root__V
0081f3bc   ti_uia_runtime_LogSync_Module__state__V
0081f3c8   ti_uia_runtime_LoggerProbePoint_Module__root__V
0081f3d0   ti_uia_runtime_LoggerProbePoint_Module__state__V
0081f3d8   ti_uia_runtime_LoggerStopMode_Module__root__V
0081f3e0   ti_uia_runtime_LoggerStopMode_Module__state__V
0081f3e8   ti_uia_runtime_QueueDescriptor_Module__state__V
0081f3f4   xdc_runtime_Error_Module__state__V
0081f3f8   xdc_runtime_LoggerBuf_Module__root__V
0081f400   xdc_runtime_LoggerBuf_Module__state__V
0081f406   xdc_runtime_Main_Module__root__V
0081f408   xdc_runtime_Memory_Module__state__V
0081f40c   xdc_runtime_Registry_Module__state__V
0081f414   xdc_runtime_Startup_Module__state__V
0081f41c   xdc_runtime_SysMin_Module__state__V
0081f428   xdc_runtime_System_Module__state__V
0081f434   xdc_runtime_Text_Module__state__V
0081f43c   __xdc__init__addr
0081f440   _ftable
0081f620   ti_sysbios_timers_timer64_Timer_Module_State_0_device__A
0081f7a0   ti_uia_runtime_LoggerProbePoint_Object__table__V
0081f8b4   _ft_end
0081f958   ti_sysbios_knl_Task_Object__table__V
0081f9a8   TSK_idle
0081f9f8   ti_sysbios_knl_Swi_Module_State_0_readyQ__A
0081fa78   ti_sysbios_knl_Task_Module_State_0_readyQ__A
0081faf8   ti_sysbios_timers_timer64_Timer_Module_State_0_gctrl__A
0081fb78   ti_sysbios_timers_timer64_Timer_Module_State_0_handles__A
0081fbf8   ti_sysbios_timers_timer64_Timer_Module_State_0_intFreqs__A
0081fcf0   ti_uia_runtime_LoggerStopMode_Object__table__V
0081fd50   ti_sysbios_timers_timer64_Timer_Object__table__V
0081fda0   ti_sysbios_gates_GateMutex_Object__table__V
0081fde0   ti_sysbios_knl_Swi_Object__table__V
0081fe10   xdc_runtime_LoggerBuf_Object__table__V
0081fe38   ti_sysbios_family_c64p_Hwi_Object__table__V
0081fe50   ti_sysbios_heaps_HeapMem_Object__table__V
0081fe68   coef
0081fe78   xdc_runtime_System_Module_State_0_atexitHandlers__A
0081fe88   _cleanup_ptr
0081fe8c   _dtors_ptr
0081fe90   __TI_enable_exit_profile_output
0081fe98   ti_sysbios_hal_Hwi_Object__table__V
0081fea0   ti_sysbios_hal_Timer_Object__table__V
0081fea8   ti_sysbios_gates_GateHwi_Object__table__V
0081feb0   ti_sysbios_knl_Task_Module_State_0_idleTask__A
0081feb8   ti_sysbios_utils_Load_Module_State_0_runningTask__A
0081fec0   ti_sysbios_utils_Load_Module_State_0_taskStartTime__A
0081fec8   __CIOBUF_
00820000   ti_sysbios_family_c64p_Hwi0
00820000   ti_sysbios_family_c64p_Hwi_int0
00820020   ti_sysbios_family_c64p_Hwi_int1
00820040   ti_sysbios_family_c64p_Hwi_int2
00820060   ti_sysbios_family_c64p_Hwi_int3
00820080   ti_sysbios_family_c64p_Hwi_int4
008200a0   ti_sysbios_family_c64p_Hwi_int5
008200c0   ti_sysbios_family_c64p_Hwi_int6
008200e0   ti_sysbios_family_c64p_Hwi_int7
00820100   ti_sysbios_family_c64p_Hwi_int8
00820120   ti_sysbios_family_c64p_Hwi_int9
00820140   ti_sysbios_family_c64p_Hwi_int10
00820160   ti_sysbios_family_c64p_Hwi_int11
00820180   ti_sysbios_family_c64p_Hwi_int12
008201a0   ti_sysbios_family_c64p_Hwi_int13
008201c0   ti_sysbios_family_c64p_Hwi_int14
008201e0   ti_sysbios_family_c64p_Hwi_int15
00820200   __TI_STATIC_BASE
00820200   start_2
00820204   stop_2
00820208   diff
0082020c   freq1
00820210   freq2
00820214   mag1
00820218   mag2
0082021c   tdiff
00820220   tdiff_final
00820224   tdiff2
00820228   tdiff_final2
00820230   prod1_0697_0777
00820238   prod1_0697
0082023c   prod1_0777
00820240   sample
00820244   prod1f1
00820248   prod1f2
0082024c   prod2f1
00820250   prod2f2
00820254   prod3f1
00820258   prod3f2
0082025c   prod1660Hz
00820260   prod2660Hz
00820264   prod3660Hz
00820268   coeffpair
00820270   sample64
00820278   buffer
008202dc   ti_uia_runtime_QueueDescriptor_gPtrToFirstDescriptor
008202e0   ti_uia_runtime_QueueDescriptor_gUpdateCount
008202e4   flag
00820aa0   __TI_Handler_Table_Base
00820aac   __TI_Handler_Table_Limit
00820ac8   __TI_CINIT_Base
00820af0   __TI_CINIT_Limit
ffffffff   __TI_pprof_out_hndl
ffffffff   __TI_prof_data_size
ffffffff   __TI_prof_data_start
ffffffff   __binit__
ffffffff   __c_args__
ffffffff   binit
UNDEFED    __TI_INITARRAY_Base
UNDEFED    __TI_INITARRAY_Limit

[900 symbols]
