******************************************************************************
               TMS320C6x Linker PC v7.4.4                      
******************************************************************************
>> Linked Thu Mar 07 14:32:45 2024

OUTPUT FILE NAME:   <GTZ_all_freq.out>
ENTRY POINT SYMBOL: "_c_int00"  address: 00813ec0


MEMORY CONFIGURATION

         name            origin    length      used     unused   attr    fill
----------------------  --------  ---------  --------  --------  ----  --------
  L2SRAM                00800000   00080000  0002291c  0005d6e4  RW X
  MSMCSRAM              0c000000   00400000  00000000  00400000  RW X
  DDR2                  80000000   10000000  00000000  10000000  RWIX


SEGMENT ALLOCATION MAP

run origin  load origin   length   init length attrs members
----------  ----------- ---------- ----------- ----- -------
00800000    00800000    0001bd5c   0001bd5c    r-x
  00800000    00800000    00018040   00018040    r-x .text
  00818040    00818040    00003d1c   00003d1c    r-- .const
0081bd60    0081bd60    00004fa0   00000000    rw-
  0081bd60    0081bd60    00003fa0   00000000    rw- .far
  0081fd00    0081fd00    00001000   00000000    rw- .stack
00820d00    00820d00    00000e4c   00000e4c    rw-
  00820d00    00820d00    00000e4c   00000e4c    rw- .fardata
00821b4c    00821b4c    000000b0   000000b0    r--
  00821b4c    00821b4c    000000b0   000000b0    r-- .switch
00821c00    00821c00    00000200   00000200    r-x
  00821c00    00821c00    00000200   00000200    r-x .vecs
00821e00    00821e00    00000064   00000000    rw-
  00821e00    00821e00    00000064   00000000    rw- .bss
00821e64    00821e64    000000e8   000000e8    rw-
  00821e64    00821e64    000000e8   000000e8    rw- .neardata
00821f50    00821f50    00000120   00000000    rw-
  00821f50    00821f50    00000120   00000000    rw- .cio
00822070    00822070    000008b8   000008b8    r--
  00822070    00822070    000008b8   000008b8    r-- .cinit


SECTION ALLOCATION MAP

 output                                  attributes/
section   page    origin      length       input sections
--------  ----  ----------  ----------   ----------------
.init_array 
*          0    00800000    00000000     UNINITIALIZED

xdc.meta   0    00800000    00000138     COPY SECTION
                  00800000    00000138     Sys_BIOs_config_pe66.oe66 (xdc.meta)

.text      0    00800000    00018040     
                  00800000    000016c0     main_gtz.obj (.text)
                  008016c0    00000a20     util.obj (.text)
                  008020e0    00000940     rts6600_elf.lib : _scanfi.obj (.text:_scanfi)
                  00802a20    000008a0     sysbios.ae66 : BIOS.obj (.text:ti_sysbios_family_c64p_Exception_handler__I)
                  008032c0    000008a0     ti.targets.rts6000.ae66 : System.oe66 (.text:xdc_runtime_System_doPrint__I)
                  00803b60    000006a0     rts6600_elf.lib : _scanfi.obj (.text:_sset_arg)
                  00804200    00000600     sysbios.ae66 : BIOS.obj (.text:ti_sysbios_heaps_HeapMem_alloc__E)
                  00804800    00000600                  : BIOS.obj (.text:ti_sysbios_knl_Semaphore_pend__E)
                  00804e00    000005e0                  : BIOS.obj (.text:ti_sysbios_heaps_HeapMem_free__E)
                  008053e0    000005c0     rts6600_elf.lib : divd.obj (.text:__c6xabi_divd)
                  008059a0    000005a0     sysbios.ae66 : BIOS.obj (.text:ti_sysbios_timers_timer64_Timer_Module_startup__F)
                  00805f40    00000520     rts6600_elf.lib : strtod.obj (.text:strtod)
                  00806460    00000520                     : strtold.obj (.text:strtold)
                  00806980    00000500     sysbios.ae66 : BIOS.obj (.text:ti_sysbios_utils_Load_update__E)
                  00806e80    000004c0     rts6600_elf.lib : _scanfi.obj (.text:_sproc_int)
                  00807340    00000480                     : strtoll.obj (.text:strtoll)
                  008077c0    00000420     sysbios.ae66 : BIOS.obj (.text:ti_sysbios_knl_Task_sleep__E)
                  00807be0    00000420                  : BIOS.obj (.text:ti_sysbios_utils_Load_logLoads__I)
                  00808000    00000400     rts6600_elf.lib : strtoull.obj (.text:strtoull)
                  00808400    000003c0                     : strtol.obj (.text:strtol)
                  008087c0    00000340                     : _scanfi.obj (.text:_sget_conv)
                  00808b00    00000320                     : strtoul.obj (.text:strtoul)
                  00808e20    00000300     sysbios.ae66 : BIOS.obj (.text:ti_sysbios_family_c64p_Hwi_dispatchC__I)
                  00809120    000002e0     rts6600_elf.lib : _scanfi.obj (.text:_sproc_float)
                  00809400    000002e0     sysbios.ae66 : BIOS.obj (.text:ti_sysbios_heaps_HeapMem_Instance_init__F)
                  008096e0    000002c0     ti.uia.runtime.ae66 : LoggerProbePoint.oe66 (.text:ti_uia_runtime_LoggerProbePoint_write8__E)
                  008099a0    000002c0                         : LoggerStopMode.oe66 (.text:ti_uia_runtime_LoggerStopMode_write8__E)
                  00809c60    000002a0     sysbios.ae66 : BIOS.obj (.text:ti_sysbios_knl_Clock_Instance_init__F)
                  00809f00    000002a0                  : BIOS.obj (.text:ti_sysbios_knl_Clock_workFunc__E)
                  0080a1a0    000002a0                  : BIOS.obj (.text:ti_sysbios_timers_timer64_Timer_deviceConfig__I)
                  0080a440    00000280     rts6600_elf.lib : divf.obj (.text:__c6xabi_divf)
                  0080a6c0    00000280                     : sin.obj (.text:sin)
                  0080a940    00000280     ti.uia.runtime.ae66 : LoggerStopMode.oe66 (.text:ti_uia_runtime_LoggerStopMode_writeMemoryRange__E)
                  0080abc0    00000280     ti.targets.rts6000.ae66 : Error.oe66 (.text:xdc_runtime_Error_raiseX__F)
                  0080ae40    00000260     sysbios.ae66 : BIOS.obj (.text:ti_sysbios_family_c64p_Exception_internalHandler__I)
                  0080b0a0    00000260                  : BIOS.obj (.text:ti_sysbios_knl_Semaphore_post__E)
                  0080b300    00000260     ti.uia.runtime.ae66 : LoggerProbePoint.oe66 (.text:ti_uia_runtime_LoggerProbePoint_write4__E)
                  0080b560    00000260                         : LoggerProbePoint.oe66 (.text:ti_uia_runtime_LoggerProbePoint_writeMemoryRange__E)
                  0080b7c0    00000260     ti.targets.rts6000.ae66 : Startup.oe66 (.text:xdc_runtime_Startup_startMods__I)
                  0080ba20    00000240     rts6600_elf.lib : imath64.obj (.text:__c6xabi_divull)
                  0080bc60    00000240     sysbios.ae66 : BIOS.obj (.text:ti_sysbios_knl_Task_exit__E)
                  0080bea0    00000240     ti.uia.runtime.ae66 : LoggerProbePoint.oe66 (.text:ti_uia_runtime_LoggerProbePoint_write0__E)
                  0080c0e0    00000240                         : LoggerProbePoint.oe66 (.text:ti_uia_runtime_LoggerProbePoint_write1__E)
                  0080c320    00000240                         : LoggerProbePoint.oe66 (.text:ti_uia_runtime_LoggerProbePoint_write2__E)
                  0080c560    00000240                         : LoggerStopMode.oe66 (.text:ti_uia_runtime_LoggerStopMode_write4__E)
                  0080c7a0    00000240     ti.targets.rts6000.ae66 : LoggerBuf.oe66 (.text:xdc_runtime_LoggerBuf_write8__F)
                  0080c9e0    00000220     sysbios.ae66 : BIOS.obj (.text:ti_sysbios_knl_Swi_run__I)
                  0080cc00    00000220                  : BIOS.obj (.text:ti_sysbios_knl_Task_schedule__I)
                  0080ce20    00000220                  : BIOS.obj (.text:ti_sysbios_knl_Task_startCore__E)
                  0080d040    00000220     ti.targets.rts6000.ae66 : Core-mem.oe66 (.text:xdc_runtime_Core_createObject__I)
                  0080d260    00000200     sysbios.ae66 : c64p_Hwi_disp_always.obj (.text:_ti_sysbios_family_c64p_Hwi_dispatchAlways)
                  0080d460    00000200     rts6600_elf.lib : setvbuf.obj (.text:setvbuf)
                  0080d660    00000200     sysbios.ae66 : BIOS.obj (.text:ti_sysbios_utils_Load_taskDeleteHook__E)
                  0080d860    000001e0                  : BIOS.obj (.text:ti_sysbios_family_c64p_Exception_externalHandler__I)
                  0080da40    000001e0                  : BIOS.obj (.text:ti_sysbios_knl_Task_checkStacks__E)
                  0080dc20    000001e0                  : BIOS.obj (.text:ti_sysbios_knl_Task_postInit__I)
                  0080de00    000001e0                  : BIOS.obj (.text:ti_sysbios_timers_timer64_Timer_getFreq__E)
                  0080dfe0    000001e0                  : BIOS.obj (.text:ti_sysbios_utils_Load_idleFxn__E)
                  0080e1c0    000001c0                  : BIOS.obj (.text:ti_sysbios_family_c64p_Exception_decodeMpfsr__I)
                  0080e380    000001c0                  : BIOS.obj (.text:ti_sysbios_gates_GateMutex_enter__E)
                  0080e540    000001c0                  : BIOS.obj (.text:ti_sysbios_timers_timer64_Timer_setPeriodMicroSecs__E)
                  0080e700    000001c0     ti.targets.rts6000.ae66 : Text.oe66 (.text:xdc_runtime_Text_putSite__F)
                  0080e8c0    000001a0     rts6600_elf.lib : trgdrv.obj (.text:HOSTrename)
                  0080ea60    000001a0                     : _scanfi.obj (.text:_sproc_str)
                  0080ec00    000001a0     sysbios.ae66 : BIOS.obj (.text:ti_sysbios_timers_timer64_Timer_start__E)
                  0080eda0    000001a0     ti.targets.rts6000.ae66 : LoggerBuf.oe66 (.text:xdc_runtime_LoggerBuf_write4__F)
                  0080ef40    000001a0     Sys_BIOs_config_pe66.oe66 (.text:xdc_runtime_System_printfExtend__I)
                  0080f0e0    00000180     rts6600_elf.lib : copy_decompress_rle.obj (.text:__TI_decompress_rle_core)
                  0080f260    00000180                     : fscanf.obj (.text:_chkmbc)
                  0080f3e0    00000180     sysbios.ae66 : c64p_Exception_asm.obj (.text)
                  0080f560    00000180                  : BIOS.obj (.text:ti_sysbios_knl_Swi_schedule__I)
                  0080f6e0    00000180                  : BIOS.obj (.text:ti_sysbios_knl_Task_unblockI__E)
                  0080f860    00000160     rts6600_elf.lib : _scanfi.obj (.text:_sproc_lb)
                  0080f9c0    00000160     sysbios.ae66 : BIOS.obj (.text:ti_sysbios_utils_Load_taskCreateHook__E)
                  0080fb20    00000140     boot.ae66 : autoinit.oe66 (.text:_auto_init_elf)
                  0080fc60    00000140     rts6600_elf.lib : fgetc.obj (.text:fgetc)
                  0080fda0    00000140                     : lowlev.obj (.text:getdevice)
                  0080fee0    00000140     sysbios.ae66 : BIOS.obj (.text:ti_sysbios_family_c64p_Exception_Module_startup__F)
                  00810020    00000140                  : BIOS.obj (.text:ti_sysbios_family_c64p_Hwi_Module_startup__F)
                  00810160    00000140                  : BIOS.obj (.text:ti_sysbios_family_c66_Cache_Module_startup__F)
                  008102a0    00000140                  : BIOS.obj (.text:ti_sysbios_knl_Semaphore_Instance_init__F)
                  008103e0    00000140                  : BIOS.obj (.text:ti_sysbios_knl_Swi_post__E)
                  00810520    00000140                  : BIOS.obj (.text:ti_sysbios_knl_Task_Module_startup__F)
                  00810660    00000140                  : BIOS.obj (.text:ti_sysbios_knl_Task_blockI__E)
                  008107a0    00000140     rts6600_elf.lib : ungetc.obj (.text:ungetc)
                  008108e0    00000120                     : _bufread.obj (.text:_buff_read)
                  00810a00    00000120                     : fclose.obj (.text:_closefile)
                  00810b20    00000120                     : _scanfi.obj (.text:_sget_scanset)
                  00810c40    00000120     sysbios.ae66 : BIOS.obj (.text:ti_sysbios_BIOS_rtsUnlock__I)
                  00810d60    00000120                  : BIOS.obj (.text:ti_sysbios_knl_Clock_startI__E)
                  00810e80    00000120     ti.uia.runtime.ae66 : LoggerProbePoint.oe66 (.text:ti_uia_runtime_LoggerProbePoint_setFilterLevel__E)
                  00810fa0    00000120                         : LoggerStopMode.oe66 (.text:ti_uia_runtime_LoggerStopMode_setFilterLevel__E)
                  008110c0    00000120                         : QueueDescriptor.oe66 (.text:ti_uia_runtime_QueueDescriptor_addToList__E)
                  008111e0    00000120     ti.targets.rts6000.ae66 : LoggerBuf.oe66 (.text:xdc_runtime_LoggerBuf_setFilterLevel__F)
                  00811300    00000120                             : Text.oe66 (.text:xdc_runtime_Text_putMod__F)
                  00811420    00000100     rts6600_elf.lib : trgdrv.obj (.text:HOSTlseek)
                  00811520    00000100     sysbios.ae66 : BIOS.obj (.text:ti_sysbios_knl_Swi_restoreHwi__E)
                  00811620    00000100                  : BIOS.obj (.text:ti_sysbios_timers_timer64_Timer_initDevice__I)
                  00811720    00000100                  : BIOS.obj (.text:ti_sysbios_utils_Load_addTask__E)
                  00811820    00000100     ti.uia.runtime.ae66 : LoggerProbePoint.oe66 (.text:ti_uia_runtime_LoggerProbePoint_getFilterLevel__E)
                  00811920    00000100                         : LoggerStopMode.oe66 (.text:ti_uia_runtime_LoggerStopMode_getContents__E)
                  00811a20    00000100                         : LoggerStopMode.oe66 (.text:ti_uia_runtime_LoggerStopMode_getFilterLevel__E)
                  00811b20    00000100     ti.targets.rts6000.ae66 : Core-mem.oe66 (.text:xdc_runtime_Core_deleteObject__I)
                  00811c20    00000100                             : LoggerBuf.oe66 (.text:xdc_runtime_LoggerBuf_getFilterLevel__F)
                  00811d20    00000100                             : Startup.oe66 (.text:xdc_runtime_Startup_exec__F)
                  00811e20    00000100                             : Text.oe66 (.text:xdc_runtime_Text_visitRope2__I)
                  00811f20    000000e0     rts6600_elf.lib : trgdrv.obj (.text:HOSTopen)
                  00812000    000000e0                     : atoi.obj (.text:atoi)
                  008120e0    000000e0                     : lowlev.obj (.text:close)
                  008121c0    000000e0                     : copy_zero_init.obj (.text:decompress:ZI:__TI_zero_init)
                  008122a0    000000e0                     : memset.obj (.text:memset)
                  00812380    000000e0                     : fscanf.obj (.text:scanf)
                  00812460    000000e0     sysbios.ae66 : BIOS.obj (.text:ti_sysbios_knl_Clock_start__E)
                  00812540    000000e0     Sys_BIOs_config_pe66.oe66 (.text:ti_uia_runtime_LoggerProbePoint_Object__create__S)
                  00812620    000000e0     ti.uia.runtime.ae66 : LoggerProbePoint.oe66 (.text:ti_uia_runtime_LoggerProbePoint_getContents__E)
                  00812700    000000e0                         : LoggerProbePoint.oe66 (.text:ti_uia_runtime_LoggerProbePoint_writeBlockOfMemory__I)
                  008127e0    000000e0     Sys_BIOs_config_pe66.oe66 (.text:ti_uia_runtime_LoggerStopMode_Object__create__S)
                  008128c0    000000e0     ti.uia.runtime.ae66 : LoggerStopMode.oe66 (.text:ti_uia_runtime_LoggerStopMode_writeBlockOfMemory__I)
                  008129a0    000000e0                         : QueueDescriptor.oe66 (.text:ti_uia_runtime_QueueDescriptor_removeFromList__E)
                  00812a80    000000e0     ti.targets.rts6000.ae66 : Error.oe66 (.text:xdc_runtime_Error_print__F)
                  00812b60    000000e0     Sys_BIOs_config_pe66.oe66 (.text:xdc_runtime_LoggerBuf_Object__create__S)
                  00812c40    000000e0     ti.targets.rts6000.ae66 : Memory.oe66 (.text:xdc_runtime_Memory_alloc__F)
                  00812d20    000000c0     rts6600_elf.lib : trgdrv.obj (.text:HOSTread)
                  00812de0    000000c0                     : trgdrv.obj (.text:HOSTunlink)
                  00812ea0    000000c0                     : trgdrv.obj (.text:HOSTwrite)
                  00812f60    000000c0                     : dtor_list.obj (.text:_Z11__TI_atexitPFYvPvES_S_)
                  00813020    000000c0                     : dtor_list.obj (.text:__cxa_finalize)
                  008130e0    000000c0                     : divu.obj (.text:__divu)
                  008131a0    000000c0                     : fflush.obj (.text:_doflush)
                  00813260    000000c0                     : _io_perm.obj (.text:_rd_ok)
                  00813320    000000c0                     : exit.obj (.text:exit)
                  008133e0    000000c0     sysbios.ae66 : BIOS.obj (.text:ti_sysbios_BIOS_errorRaiseHook__I)
                  008134a0    000000c0                  : BIOS.obj (.text:ti_sysbios_heaps_HeapMem_getStats__E)
                  00813560    000000c0                  : BIOS.obj (.text:ti_sysbios_knl_Clock_logTick__E)
                  00813620    000000c0                  : BIOS.obj (.text:ti_sysbios_knl_Task_allBlockedFunction__I)
                  008136e0    000000c0                  : BIOS.obj (.text:ti_sysbios_timers_timer64_Timer_startup__E)
                  008137a0    000000c0                  : BIOS.obj (.text:ti_sysbios_utils_Load_taskSwitchHook__E)
                  00813860    000000c0     ti.uia.runtime.ae66 : LoggerProbePoint.oe66 (.text:ti_uia_runtime_LoggerProbePoint_Instance_init__F)
                  00813920    000000c0                         : LoggerProbePoint.oe66 (.text:ti_uia_runtime_LoggerProbePoint_Module_startup__F)
                  008139e0    000000c0                         : LoggerStopMode.oe66 (.text:ti_uia_runtime_LoggerStopMode_Instance_init__F)
                  00813aa0    000000c0                         : LoggerStopMode.oe66 (.text:ti_uia_runtime_LoggerStopMode_Module_startup__F)
                  00813b60    000000c0     ti.targets.rts6000.ae66 : LoggerBuf.oe66 (.text:xdc_runtime_LoggerBuf_Instance_init__F)
                  00813c20    000000c0                             : System.oe66 (.text:xdc_runtime_System_formatNum__I)
                  00813ce0    000000a0     rts6600_elf.lib : trgdrv.obj (.text:HOSTclose)
                  00813d80    000000a0                     : round.obj (.text:__c6xabi_nround)
                  00813e20    000000a0                     : remu.obj (.text:__remu)
                  00813ec0    000000a0     boot.ae66 : boot.oe66 (.text:_c_int00)
                  00813f60    000000a0     rts6600_elf.lib : fopen.obj (.text:_cleanup)
                  00814000    000000a0                     : lowlev.obj (.text:finddevice)
                  008140a0    000000a0                     : memcpy64.obj (.text:memcpy)
                  00814140    000000a0                     : modf.obj (.text:modf)
                  008141e0    000000a0                     : lowlev.obj (.text:read)
                  00814280    000000a0     sysbios.ae66 : BIOS.obj (.text:ti_sysbios_family_c64p_Hwi_getStackInfo__E)
                  00814320    000000a0                  : BIOS.obj (.text:ti_sysbios_heaps_HeapMem_init__I)
                  008143c0    000000a0     Sys_BIOs_config_pe66.oe66 (.text:ti_sysbios_knl_Clock_Object__create__S)
                  00814460    000000a0     sysbios.ae66 : BIOS.obj (.text:ti_sysbios_knl_Idle_run__E)
                  00814500    000000a0                  : BIOS.obj (.text:ti_sysbios_knl_Semaphore_pendTimeout__I)
                  008145a0    000000a0                  : BIOS.obj (.text:ti_sysbios_knl_Task_processVitalTaskFlag__I)
                  00814640    000000a0                  : BIOS.obj (.text:ti_sysbios_timers_timer64_Timer_stop__E)
                  008146e0    000000a0     ti.uia.runtime.ae66 : LoggerProbePoint.oe66 (.text:ti_uia_runtime_LoggerProbePoint_readBlockOfMemory__I)
                  00814780    000000a0                         : LoggerStopMode.oe66 (.text:ti_uia_runtime_LoggerStopMode_readBlockOfMemory__I)
                  00814820    000000a0     rts6600_elf.lib : lowlev.obj (.text:write)
                  008148c0    000000a0     ti.targets.rts6000.ae66 : Assert.oe66 (.text:xdc_runtime_Assert_raise__I)
                  00814960    000000a0                             : LoggerBuf.oe66 (.text:xdc_runtime_LoggerBuf_Module_startup__F)
                  00814a00    000000a0                             : SysMin.oe66 (.text:xdc_runtime_SysMin_abort__F)
                  00814aa0    000000a0                             : SysMin.oe66 (.text:xdc_runtime_SysMin_flush__F)
                  00814b40    000000a0                             : SysMin.oe66 (.text:xdc_runtime_SysMin_putch__F)
                  00814be0    000000a0                             : Text.oe66 (.text:xdc_runtime_Text_xprintf__I)
                  00814c80    00000080     rts6600_elf.lib : fixdu.obj (.text:__c6xabi_fixdu)
                  00814d00    00000080                     : llshift.obj (.text:__c6xabi_llshl)
                  00814d80    00000080     sysbios.ae66 : c62_TaskSupport_asm.obj (.text:_ti_sysbios_family_c62_TaskSupport_swap__E)
                  00814e00    00000080     Sys_BIOs_config_pe66.oe66 (.text:malloc)
                  00814e80    00000080     rts6600_elf.lib : trgmsg.obj (.text:readmsg)
                  00814f00    00000080     Sys_BIOs_config_pe66.oe66 (.text:ti_sysbios_BIOS_exitFunc__I)
                  00814f80    00000080     sysbios.ae66 : BIOS.obj (.text:ti_sysbios_BIOS_registerRTSLock__I)
                  00815000    00000080     Sys_BIOs_config_pe66.oe66 (.text:ti_sysbios_gates_GateHwi_Object__create__S)
                  00815080    00000080     Sys_BIOs_config_pe66.oe66 (.text:ti_sysbios_gates_GateMutex_Object__create__S)
                  00815100    00000080     sysbios.ae66 : BIOS.obj (.text:ti_sysbios_hal_Hwi_checkStack:ti_sysbios_hal_Hwi_checkStack)
                  00815180    00000080                  : BIOS.obj (.text:ti_sysbios_hal_Hwi_initStack:ti_sysbios_hal_Hwi_initStack)
                  00815200    00000080     Sys_BIOs_config_pe66.oe66 (.text:ti_sysbios_heaps_HeapMem_Object__create__S)
                  00815280    00000080     sysbios.ae66 : BIOS.obj (.text:ti_sysbios_knl_Clock_Module_startup__F)
                  00815300    00000080     Sys_BIOs_config_pe66.oe66 (.text:ti_sysbios_knl_Clock_doTick__I)
                  00815380    00000080     sysbios.ae66 : BIOS.obj (.text:ti_sysbios_knl_Clock_getTicks__E)
                  00815400    00000080     Sys_BIOs_config_pe66.oe66 (.text:ti_sysbios_knl_Queue_Object__create__S)
                  00815480    00000080     Sys_BIOs_config_pe66.oe66 (.text:ti_sysbios_knl_Semaphore_Object__create__S)
                  00815500    00000080     sysbios.ae66 : BIOS.obj (.text:ti_sysbios_knl_Swi_startup__E)
                  00815580    00000080                  : BIOS.obj (.text:ti_sysbios_knl_Task_restore__E)
                  00815600    00000080                  : BIOS.obj (.text:ti_sysbios_timers_timer64_Timer_getCount__E)
                  00815680    00000080                  : BIOS.obj (.text:ti_sysbios_timers_timer64_Timer_getPeriod__E)
                  00815700    00000080     ti.uia.runtime.ae66 : LoggerProbePoint.oe66 (.text:ti_uia_runtime_LoggerProbePoint_disable__E)
                  00815780    00000080                         : LoggerProbePoint.oe66 (.text:ti_uia_runtime_LoggerProbePoint_enable__E)
                  00815800    00000080                         : LoggerProbePoint.oe66 (.text:ti_uia_runtime_LoggerProbePoint_filterOutEvent__I)
                  00815880    00000080                         : LoggerProbePoint.oe66 (.text:ti_uia_runtime_LoggerProbePoint_reset__F)
                  00815900    00000080                         : LoggerStopMode.oe66 (.text:ti_uia_runtime_LoggerStopMode_disable__E)
                  00815980    00000080                         : LoggerStopMode.oe66 (.text:ti_uia_runtime_LoggerStopMode_enable__E)
                  00815a00    00000080                         : LoggerStopMode.oe66 (.text:ti_uia_runtime_LoggerStopMode_filterOutEvent__I)
                  00815a80    00000080                         : LoggerStopMode.oe66 (.text:ti_uia_runtime_LoggerStopMode_reset__F)
                  00815b00    00000080     rts6600_elf.lib : lowlev.obj (.text:unlink)
                  00815b80    00000080     ti.targets.rts6000.ae66 : Core-label.oe66 (.text:xdc_runtime_Core_assignLabel__I)
                  00815c00    00000080                             : Core-params.oe66 (.text:xdc_runtime_Core_assignParams__I)
                  00815c80    00000080                             : LoggerBuf.oe66 (.text:xdc_runtime_LoggerBuf_filterOutEvent__I)
                  00815d00    00000080     Sys_BIOs_config_pe66.oe66 (.text:xdc_runtime_SysMin_output__I)
                  00815d80    00000080     ti.targets.rts6000.ae66 : System.oe66 (.text:xdc_runtime_System_atexit__F)
                  00815e00    00000080                             : System.oe66 (.text:xdc_runtime_System_putchar__I)
                  00815e80    00000080                             : System.oe66 (.text:xdc_runtime_System_rtsExit__I)
                  00815f00    00000080                             : Text.oe66 (.text:xdc_runtime_Text_printVisFxn__I)
                  00815f80    00000060     rts6600_elf.lib : frcmpyd_div.obj (.text:__c6xabi_frcmpyd_div)
                  00815fe0    00000060                     : llshift.obj (.text:__c6xabi_llshru)
                  00816040    00000060                     : imath64.obj (.text:__c6xabi_remull)
                  008160a0    00000060                     : imath64.obj (.text:_subcull)
                  00816100    00000060     sysbios.ae66 : BIOS.obj (.text:ti_sysbios_BIOS_rtsLock__I)
                  00816160    00000060                  : BIOS.obj (.text:ti_sysbios_family_c62_TaskSupport_start__E)
                  008161c0    00000060                  : BIOS.obj (.text:ti_sysbios_gates_GateMutex_Instance_init__F)
                  00816220    00000060     Sys_BIOs_config_pe66.oe66 (.text:ti_sysbios_gates_GateMutex_Object__delete__S)
                  00816280    00000060     sysbios.ae66 : BIOS.obj (.text:ti_sysbios_knl_Swi_Module_startup__F)
                  008162e0    00000060                  : BIOS.obj (.text:ti_sysbios_knl_Task_enter__I)
                  00816340    00000060                  : BIOS.obj (.text:ti_sysbios_knl_Task_sleepTimeout__I)
                  008163a0    00000060     ti.uia.runtime.ae66 : LogSync.oe66 (.text:ti_uia_runtime_LogSync_Module_startup__F)
                  00816400    00000060                         : LoggerProbePoint.oe66 (.text:ti_uia_runtime_LoggerProbePoint_Instance_finalize__F)
                  00816460    00000060     Sys_BIOs_config_pe66.oe66 (.text:ti_uia_runtime_LoggerProbePoint_Object__delete__S)
                  008164c0    00000060     ti.uia.runtime.ae66 : LoggerStopMode.oe66 (.text:ti_uia_runtime_LoggerStopMode_Instance_finalize__F)
                  00816520    00000060     Sys_BIOs_config_pe66.oe66 (.text:ti_uia_runtime_LoggerStopMode_Object__delete__S)
                  00816580    00000060     rts6600_elf.lib : trgmsg.obj (.text:writemsg)
                  008165e0    00000060     Sys_BIOs_config_pe66.oe66 (.text:xdc_runtime_LoggerBuf_Object__delete__S)
                  00816640    00000060     ti.targets.rts6000.ae66 : Memory.oe66 (.text:xdc_runtime_Memory_calloc__F)
                  008166a0    00000060                             : SysMin.oe66 (.text:xdc_runtime_SysMin_Module_startup__F)
                  00816700    00000060                             : SysMin.oe66 (.text:xdc_runtime_SysMin_exit__F)
                  00816760    00000060                             : System.oe66 (.text:xdc_runtime_System_avprintf__F)
                  008167c0    00000060                             : System.oe66 (.text:xdc_runtime_System_vprintf__F)
                  00816820    00000060                             : Text.oe66 (.text:xdc_runtime_Text_cordText__F)
                  00816880    00000040     rts6600_elf.lib : args_main.obj (.text:_args_main)
                  008168c0    00000040     sysbios.ae66 : c62_TaskSupport_asm.obj (.text:_ti_sysbios_family_c62_TaskSupport_buildTaskStack)
                  00816900    00000040                  : c64p_Hwi_asm_switch.obj (.text:_ti_sysbios_family_xxx_Hwi_switchToIsrStack)
                  00816940    00000040     Sys_BIOs_config_pe66.oe66 (.text:free)
                  00816980    00000040     Sys_BIOs_config_pe66.oe66 (.text:ti_sysbios_BIOS_startFunc__I)
                  008169c0    00000040     Sys_BIOs_config_pe66.oe66 (.text:ti_sysbios_family_c64p_Hwi_Module__startupDone__F)
                  00816a00    00000040     sysbios.ae66 : BIOS.obj (.text:ti_sysbios_family_c64p_Hwi_disableInterrupt__E)
                  00816a40    00000040                  : BIOS.obj (.text:ti_sysbios_family_c64p_Hwi_enableInterrupt__E)
                  00816a80    00000040     Sys_BIOs_config_pe66.oe66 (.text:ti_sysbios_gates_GateHwi_Handle__label__S)
                  00816ac0    00000040     Sys_BIOs_config_pe66.oe66 (.text:ti_sysbios_gates_GateHwi_Object__delete__S)
                  00816b00    00000040     Sys_BIOs_config_pe66.oe66 (.text:ti_sysbios_gates_GateMutex_Handle__label__S)
                  00816b40    00000040     sysbios.ae66 : BIOS.obj (.text:ti_sysbios_gates_GateMutex_leave__E)
                  00816b80    00000040     Sys_BIOs_config_pe66.oe66 (.text:ti_sysbios_hal_Timer_Module__startupDone__F)
                  00816bc0    00000040     Sys_BIOs_config_pe66.oe66 (.text:ti_sysbios_heaps_HeapMem_Handle__label__S)
                  00816c00    00000040     Sys_BIOs_config_pe66.oe66 (.text:ti_sysbios_heaps_HeapMem_Object__delete__S)
                  00816c40    00000040     Sys_BIOs_config_pe66.oe66 (.text:ti_sysbios_heaps_HeapMem_Object__get__S)
                  00816c80    00000040     Sys_BIOs_config_pe66.oe66 (.text:ti_sysbios_knl_Semaphore_Object__destruct__S)
                  00816cc0    00000040     Sys_BIOs_config_pe66.oe66 (.text:ti_sysbios_knl_Swi_Object__get__S)
                  00816d00    00000040     Sys_BIOs_config_pe66.oe66 (.text:ti_sysbios_knl_Task_Object__get__S)
                  00816d40    00000040     Sys_BIOs_config_pe66.oe66 (.text:ti_sysbios_timers_timer64_Timer_Module__startupDone__F)
                  00816d80    00000040     Sys_BIOs_config_pe66.oe66 (.text:ti_uia_family_c66_TimestampC66XGlobal_Module__startupDone__F)
                  00816dc0    00000040     Sys_BIOs_config_pe66.oe66 (.text:ti_uia_runtime_LoggerProbePoint_Handle__label__S)
                  00816e00    00000040     Sys_BIOs_config_pe66.oe66 (.text:ti_uia_runtime_LoggerProbePoint_Object__get__S)
                  00816e40    00000040     Sys_BIOs_config_pe66.oe66 (.text:ti_uia_runtime_LoggerStopMode_Handle__label__S)
                  00816e80    00000040     Sys_BIOs_config_pe66.oe66 (.text:ti_uia_runtime_LoggerStopMode_Object__get__S)
                  00816ec0    00000040     ti.uia.runtime.ae66 : LoggerStopMode.oe66 (.text:ti_uia_runtime_LoggerStopMode_write0__E)
                  00816f00    00000040                         : LoggerStopMode.oe66 (.text:ti_uia_runtime_LoggerStopMode_write1__E)
                  00816f40    00000040                         : LoggerStopMode.oe66 (.text:ti_uia_runtime_LoggerStopMode_write2__E)
                  00816f80    00000040                         : QueueDescriptor.oe66 (.text:ti_uia_runtime_QueueDescriptor_initHeader__E)
                  00816fc0    00000040     ti.targets.rts6000.ae66 : Error.oe66 (.text:xdc_runtime_Error_check__F)
                  00817000    00000040                             : Error.oe66 (.text:xdc_runtime_Error_init__F)
                  00817040    00000040                             : Gate.oe66 (.text:xdc_runtime_Gate_leaveSystem__F)
                  00817080    00000040     Sys_BIOs_config_pe66.oe66 (.text:xdc_runtime_LoggerBuf_Handle__label__S)
                  008170c0    00000040     ti.targets.rts6000.ae66 : LoggerBuf.oe66 (.text:xdc_runtime_LoggerBuf_Instance_finalize__F)
                  00817100    00000040     Sys_BIOs_config_pe66.oe66 (.text:xdc_runtime_LoggerBuf_Object__get__S)
                  00817140    00000040     ti.targets.rts6000.ae66 : LoggerBuf.oe66 (.text:xdc_runtime_LoggerBuf_write0__F)
                  00817180    00000040                             : LoggerBuf.oe66 (.text:xdc_runtime_LoggerBuf_write1__F)
                  008171c0    00000040                             : LoggerBuf.oe66 (.text:xdc_runtime_LoggerBuf_write2__F)
                  00817200    00000040                             : Memory.oe66 (.text:xdc_runtime_Memory_free__F)
                  00817240    00000040                             : Registry.oe66 (.text:xdc_runtime_Registry_findById__F)
                  00817280    00000040                             : System.oe66 (.text:xdc_runtime_System_abort__F)
                  008172c0    00000040     Sys_BIOs_config_pe66.oe66 (.text:xdc_runtime_System_aprintf__E)
                  00817300    00000040     Sys_BIOs_config_pe66.oe66 (.text:xdc_runtime_System_printf__E)
                  00817340    00000040     ti.targets.rts6000.ae66 : Text.oe66 (.text:xdc_runtime_Text_ropeText__F)
                  00817380    00000020     rts6600_elf.lib : errno.obj (.text:__c6xabi_errno_addr)
                  008173a0    00000020                     : negll.obj (.text:__c6xabi_negll)
                  008173c0    00000020                     : trunc.obj (.text:__c6xabi_trunc)
                  008173e0    00000020                     : dtor_list.obj (.text:__cxa_atexit)
                  00817400    00000020                     : dtor_list.obj (.text:__cxa_ia64_exit)
                  00817420    00000020     ti.targets.rts6000.ae66 : xdc_noinit.oe66 (.text:__xdc__init)
                  00817440    00000020     rts6600_elf.lib : fscanf.obj (.text:_inpchar)
                  00817460    00000020                     : _lock.obj (.text:_nop)
                  00817480    00000020                     : _lock.obj (.text:_register_lock)
                  008174a0    00000020                     : _lock.obj (.text:_register_unlock)
                  008174c0    00000020     sysbios.ae66 : c62_TaskSupport_asm.obj (.text:_ti_sysbios_family_c62_TaskSupport_glue)
                  008174e0    00000020                  : c64p_Hwi_asm_switch.obj (.text:_ti_sysbios_family_xxx_Hwi_switchToTaskStack)
                  00817500    00000020     rts6600_elf.lib : fscanf.obj (.text:_uninpchar)
                  00817520    00000020                     : exit.obj (.text:abort)
                  00817540    00000020                     : dtor_list.obj (.text:atexit)
                  00817560    00000020                     : copy_decompress_none.obj (.text:decompress:none:__TI_decompress_none)
                  00817580    00000020                     : copy_decompress_rle.obj (.text:decompress:rle24:__TI_decompress_rle24)
                  008175a0    00000020     Sys_BIOs_config_pe66.oe66 (.text:ti_sysbios_BIOS_RtsGateProxy_enter__E)
                  008175c0    00000020     Sys_BIOs_config_pe66.oe66 (.text:ti_sysbios_BIOS_RtsGateProxy_leave__E)
                  008175e0    00000020     sysbios.ae66 : BIOS.obj (.text:ti_sysbios_BIOS_getCpuFreq__E)
                  00817600    00000020                  : BIOS.obj (.text:ti_sysbios_BIOS_nullFunc__I)
                  00817620    00000020                  : BIOS.obj (.text:ti_sysbios_BIOS_setThreadType__E)
                  00817640    00000020                  : BIOS.obj (.text:ti_sysbios_BIOS_start__E)
                  00817660    00000020     Sys_BIOs_config_pe66.oe66 (.text:ti_sysbios_family_c62_TaskSupport_Module__startupDone__S)
                  00817680    00000020     sysbios.ae66 : BIOS.obj (.text:ti_sysbios_family_c62_TaskSupport_checkStack__E)
                  008176a0    00000020                  : BIOS.obj (.text:ti_sysbios_family_c64p_Hwi_clearInterrupt__E)
                  008176c0    00000020                  : BIOS.obj (.text:ti_sysbios_family_c64p_Hwi_startup__E)
                  008176e0    00000020                  : BIOS.obj (.text:ti_sysbios_family_c64p_Hwi_switchFromBootStack__E)
                  00817700    00000020                  : BIOS.obj (.text:ti_sysbios_family_c64p_TimestampProvider_Module_startup__F)
                  00817720    00000020                  : BIOS.obj (.text:ti_sysbios_family_c64p_TimestampProvider_get32__E)
                  00817740    00000020                  : BIOS.obj (.text:ti_sysbios_family_c64p_TimestampProvider_get64__E)
                  00817760    00000020                  : BIOS.obj (.text:ti_sysbios_family_c64p_tci6488_TimerSupport_enable__E)
                  00817780    00000020                  : BIOS.obj (.text:ti_sysbios_gates_GateHwi_Instance_init__F)
                  008177a0    00000020                  : BIOS.obj (.text:ti_sysbios_gates_GateHwi_enter__E)
                  008177c0    00000020                  : BIOS.obj (.text:ti_sysbios_gates_GateHwi_leave__E)
                  008177e0    00000020                  : BIOS.obj (.text:ti_sysbios_gates_GateHwi_query__F)
                  00817800    00000020                  : BIOS.obj (.text:ti_sysbios_gates_GateMutex_Instance_finalize__F)
                  00817820    00000020                  : BIOS.obj (.text:ti_sysbios_gates_GateMutex_query__F)
                  00817840    00000020     Sys_BIOs_config_pe66.oe66 (.text:ti_sysbios_hal_Hwi_HwiProxy_Module__startupDone__S)
                  00817860    00000020     sysbios.ae66 : BIOS.obj (.text:ti_sysbios_hal_Hwi_Module_startup__F)
                  00817880    00000020                  : BIOS.obj (.text:ti_sysbios_hal_Timer_Module_startup__F)
                  008178a0    00000020     Sys_BIOs_config_pe66.oe66 (.text:ti_sysbios_hal_Timer_TimerProxy_Module__startupDone__S)
                  008178c0    00000020     Sys_BIOs_config_pe66.oe66 (.text:ti_sysbios_hal_Timer_TimerProxy_getExpiredCounts__E)
                  008178e0    00000020     Sys_BIOs_config_pe66.oe66 (.text:ti_sysbios_hal_Timer_TimerProxy_getPeriod__E)
                  00817900    00000020     Sys_BIOs_config_pe66.oe66 (.text:ti_sysbios_hal_Timer_TimerProxy_setNextTick__E)
                  00817920    00000020     Sys_BIOs_config_pe66.oe66 (.text:ti_sysbios_heaps_HeapMem_Module_GateProxy_enter__E)
                  00817940    00000020     Sys_BIOs_config_pe66.oe66 (.text:ti_sysbios_heaps_HeapMem_Module_GateProxy_leave__E)
                  00817960    00000020     sysbios.ae66 : BIOS.obj (.text:ti_sysbios_heaps_HeapMem_isBlocking__E)
                  00817980    00000020     Sys_BIOs_config_pe66.oe66 (.text:ti_sysbios_knl_Clock_Params__init__S)
                  008179a0    00000020     sysbios.ae66 : BIOS.obj (.text:ti_sysbios_knl_Idle_loop__E)
                  008179c0    00000020                  : BIOS.obj (.text:ti_sysbios_knl_Queue_Instance_init__F)
                  008179e0    00000020     Sys_BIOs_config_pe66.oe66 (.text:ti_sysbios_knl_Queue_Object__destruct__S)
                  00817a00    00000020     Sys_BIOs_config_pe66.oe66 (.text:ti_sysbios_knl_Queue_Object__get__S)
                  00817a20    00000020     sysbios.ae66 : BIOS.obj (.text:ti_sysbios_knl_Queue_empty__E)
                  00817a40    00000020                  : BIOS.obj (.text:ti_sysbios_knl_Semaphore_Instance_finalize__F)
                  00817a60    00000020                  : BIOS.obj (.text:ti_sysbios_knl_Swi_disable__E)
                  00817a80    00000020     Sys_BIOs_config_pe66.oe66 (.text:ti_sysbios_knl_Task_Object__first__S)
                  00817aa0    00000020     Sys_BIOs_config_pe66.oe66 (.text:ti_sysbios_knl_Task_Object__next__S)
                  00817ac0    00000020     Sys_BIOs_config_pe66.oe66 (.text:ti_sysbios_knl_Task_SupportProxy_Module__startupDone__S)
                  00817ae0    00000020     sysbios.ae66 : BIOS.obj (.text:ti_sysbios_knl_Task_disable__E)
                  00817b00    00000020                  : BIOS.obj (.text:ti_sysbios_knl_Task_startup__E)
                  00817b20    00000020                  : BIOS.obj (.text:ti_sysbios_timers_timer64_Timer_setNextTick__E)
                  00817b40    00000020                  : BIOS.obj (.text:ti_sysbios_utils_Load_taskRegHook__E)
                  00817b60    00000020     ti.uia.family.c66.ae66 : TimestampC66XGlobal.oe66 (.text:ti_uia_family_c66_TimestampC66XGlobal_Module_startup__F)
                  00817b80    00000020     Sys_BIOs_config_pe66.oe66 (.text:ti_uia_runtime_LogSync_CpuTimestampProxy_Module__startupDone__S)
                  00817ba0    00000020     Sys_BIOs_config_pe66.oe66 (.text:ti_uia_runtime_LogSync_GlobalTimestampProxy_Module__startupDone__S)
                  00817bc0    00000020     ti.uia.runtime.ae66 : LoggerProbePoint.oe66 (.text:ti_uia_runtime_LoggerProbePoint_getFreeSize__E)
                  00817be0    00000020                         : LoggerProbePoint.oe66 (.text:ti_uia_runtime_LoggerProbePoint_getInstanceId__E)
                  00817c00    00000020                         : LoggerProbePoint.oe66 (.text:ti_uia_runtime_LoggerProbePoint_getMaxLength__E)
                  00817c20    00000020                         : LoggerProbePoint.oe66 (.text:ti_uia_runtime_LoggerProbePoint_getPriority__E)
                  00817c40    00000020                         : LoggerProbePoint.oe66 (.text:ti_uia_runtime_LoggerProbePoint_getTransferType__F)
                  00817c60    00000020                         : LoggerProbePoint.oe66 (.text:ti_uia_runtime_LoggerProbePoint_getUnreadSize__E)
                  00817c80    00000020                         : LoggerProbePoint.oe66 (.text:ti_uia_runtime_LoggerProbePoint_isEmpty__E)
                  00817ca0    00000020                         : LoggerProbePoint.oe66 (.text:ti_uia_runtime_LoggerProbePoint_setPriority__E)
                  00817cc0    00000020                         : LoggerStopMode.oe66 (.text:ti_uia_runtime_LoggerStopMode_getFreeSize__E)
                  00817ce0    00000020                         : LoggerStopMode.oe66 (.text:ti_uia_runtime_LoggerStopMode_getInstanceId__E)
                  00817d00    00000020                         : LoggerStopMode.oe66 (.text:ti_uia_runtime_LoggerStopMode_getMaxLength__E)
                  00817d20    00000020                         : LoggerStopMode.oe66 (.text:ti_uia_runtime_LoggerStopMode_getPriority__E)
                  00817d40    00000020                         : LoggerStopMode.oe66 (.text:ti_uia_runtime_LoggerStopMode_getTransferType__F)
                  00817d60    00000020                         : LoggerStopMode.oe66 (.text:ti_uia_runtime_LoggerStopMode_getUnreadSize__E)
                  00817d80    00000020                         : LoggerStopMode.oe66 (.text:ti_uia_runtime_LoggerStopMode_isEmpty__E)
                  00817da0    00000020                         : LoggerStopMode.oe66 (.text:ti_uia_runtime_LoggerStopMode_setPriority__E)
                  00817dc0    00000020     ti.targets.rts6000.ae66 : Gate.oe66 (.text:xdc_runtime_Gate_enterSystem__F)
                  00817de0    00000020     Sys_BIOs_config_pe66.oe66 (.text:xdc_runtime_IHeap_alloc)
                  00817e00    00000020     Sys_BIOs_config_pe66.oe66 (.text:xdc_runtime_IHeap_free)
                  00817e20    00000020     Sys_BIOs_config_pe66.oe66 (.text:xdc_runtime_LoggerBuf_Module_GateProxy_enter__E)
                  00817e40    00000020     Sys_BIOs_config_pe66.oe66 (.text:xdc_runtime_LoggerBuf_Module_GateProxy_leave__E)
                  00817e60    00000020     ti.targets.rts6000.ae66 : LoggerBuf.oe66 (.text:xdc_runtime_LoggerBuf_disable__F)
                  00817e80    00000020                             : LoggerBuf.oe66 (.text:xdc_runtime_LoggerBuf_enable__F)
                  00817ea0    00000020     Sys_BIOs_config_pe66.oe66 (.text:xdc_runtime_Memory_HeapProxy_alloc__E)
                  00817ec0    00000020     Sys_BIOs_config_pe66.oe66 (.text:xdc_runtime_Memory_HeapProxy_free__E)
                  00817ee0    00000020     Sys_BIOs_config_pe66.oe66 (.text:xdc_runtime_Startup_exec__I)
                  00817f00    00000020     Sys_BIOs_config_pe66.oe66 (.text:xdc_runtime_Startup_reset__I)
                  00817f20    00000020     ti.targets.rts6000.ae66 : SysMin.oe66 (.text:xdc_runtime_SysMin_ready__F)
                  00817f40    00000020     Sys_BIOs_config_pe66.oe66 (.text:xdc_runtime_System_Module_GateProxy_enter__E)
                  00817f60    00000020     Sys_BIOs_config_pe66.oe66 (.text:xdc_runtime_System_Module_GateProxy_leave__E)
                  00817f80    00000020     ti.targets.rts6000.ae66 : System.oe66 (.text:xdc_runtime_System_Module_startup__F)
                  00817fa0    00000020                             : System.oe66 (.text:xdc_runtime_System_exit__F)
                  00817fc0    00000020                             : System.oe66 (.text:xdc_runtime_System_lastFxn__I)
                  00817fe0    00000020                             : System.oe66 (.text:xdc_runtime_System_vsnprintf__F)
                  00818000    00000020     Sys_BIOs_config_pe66.oe66 (.text:xdc_runtime_Text_visitRope__I)
                  00818020    00000020     Sys_BIOs_config_pe66.oe66 (.text:xdc_runtime_Timestamp_Module__startupDone__S)

.const     0    00818040    00003d1c     
                  00818040    000021b1     Sys_BIOs_config_pe66.oe66 (.const:xdc_runtime_Text_charTab__A)
                  0081a1f1    00000683     sysbios.ae66 : BIOS.obj (.const:.string)
                  0081a874    00000494     util.obj (.const:.string)
                  0081ad08    00000400     Sys_BIOs_config_pe66.oe66 (.const:ti_sysbios_family_c66_Cache_marvalues__C)
                  0081b108    00000128     Sys_BIOs_config_pe66.oe66 (.const:xdc_runtime_Text_nodeTab__A)
                  0081b230    00000101     rts6600_elf.lib : ctype.obj (.const:.string:_ctypes_)
                  0081b331    00000001     --HOLE-- [fill = 0]
                  0081b332    00000002     Sys_BIOs_config_pe66.oe66 (.const:ti_sysbios_BIOS_Module__id__C)
                  0081b334    00000060     Sys_BIOs_config_pe66.oe66 (.const:ti_uia_runtime_LoggerProbePoint_Module__FXNS__C)
                  0081b394    00000060     Sys_BIOs_config_pe66.oe66 (.const:ti_uia_runtime_LoggerStopMode_Module__FXNS__C)
                  0081b3f4    00000058     ti.targets.rts6000.ae66 : Error.oe66 (.const:.string)
                  0081b44c    00000004                             : Assert.oe66 (.const:.string)
                  0081b450    00000050     rts6600_elf.lib : strtod.obj (.const:digits)
                  0081b4a0    00000050                     : strtold.obj (.const:digits)
                  0081b4f0    0000004f     Sys_BIOs_config_pe66.oe66 (.const:.string)
                  0081b53f    00000001     --HOLE-- [fill = 0]
                  0081b540    00000048     rts6600_elf.lib : strtod.obj (.const:powerof10)
                  0081b588    00000048                     : strtold.obj (.const:powerof10)
                  0081b5d0    00000044     Sys_BIOs_config_pe66.oe66 (.const:xdc_runtime_Startup_sfxnTab__A)
                  0081b614    00000040     ti.targets.rts6000.ae66 : Text.oe66 (.const:.string)
                  0081b654    0000003c     Sys_BIOs_config_pe66.oe66 (.const:xdc_runtime_LoggerBuf_Module__FXNS__C)
                  0081b690    00000034     Sys_BIOs_config_pe66.oe66 (.const:ti_uia_runtime_LoggerProbePoint_Object__PARAMS__C)
                  0081b6c4    00000034     Sys_BIOs_config_pe66.oe66 (.const:ti_uia_runtime_LoggerStopMode_Object__PARAMS__C)
                  0081b6f8    00000030     Sys_BIOs_config_pe66.oe66 (.const:ti_sysbios_knl_Task_hooks__A)
                  0081b728    0000002c     ti.targets.rts6000.ae66 : Startup.oe66 (.const:.string)
                  0081b754    00000028     Sys_BIOs_config_pe66.oe66 (.const:ti_sysbios_heaps_HeapMem_Module__FXNS__C)
                  0081b77c    00000028     Sys_BIOs_config_pe66.oe66 (.const:xdc_runtime_LoggerBuf_Object__PARAMS__C)
                  0081b7a4    00000024     Sys_BIOs_config_pe66.oe66 (.const:ti_sysbios_gates_GateHwi_Module__FXNS__C)
                  0081b7c8    00000024     Sys_BIOs_config_pe66.oe66 (.const:ti_sysbios_gates_GateMutex_Module__FXNS__C)
                  0081b7ec    00000024     Sys_BIOs_config_pe66.oe66 (.const:ti_sysbios_heaps_HeapMem_Object__PARAMS__C)
                  0081b810    00000024     Sys_BIOs_config_pe66.oe66 (.const:ti_sysbios_knl_Clock_Object__PARAMS__C)
                  0081b834    00000024     Sys_BIOs_config_pe66.oe66 (.const:ti_sysbios_knl_Semaphore_Object__PARAMS__C)
                  0081b858    00000022     Sys_BIOs_config_pe66.oe66 (.const:xdc_runtime_Startup_sfxnRts__A)
                  0081b87a    00000002     Sys_BIOs_config_pe66.oe66 (.const:ti_sysbios_family_c64p_Exception_Module__id__C)
                  0081b87c    00000020     Sys_BIOs_config_pe66.oe66 (.const:ti_sysbios_gates_GateHwi_Object__DESC__C)
                  0081b89c    00000020     Sys_BIOs_config_pe66.oe66 (.const:ti_sysbios_gates_GateMutex_Object__DESC__C)
                  0081b8bc    00000020     Sys_BIOs_config_pe66.oe66 (.const:ti_sysbios_heaps_HeapMem_Object__DESC__C)
                  0081b8dc    00000020     Sys_BIOs_config_pe66.oe66 (.const:ti_sysbios_knl_Clock_Object__DESC__C)
                  0081b8fc    00000020     Sys_BIOs_config_pe66.oe66 (.const:ti_sysbios_knl_Queue_Object__DESC__C)
                  0081b91c    00000020     Sys_BIOs_config_pe66.oe66 (.const:ti_sysbios_knl_Semaphore_Object__DESC__C)
                  0081b93c    00000020     Sys_BIOs_config_pe66.oe66 (.const:ti_uia_runtime_LoggerProbePoint_Object__DESC__C)
                  0081b95c    00000020     Sys_BIOs_config_pe66.oe66 (.const:ti_uia_runtime_LoggerStopMode_Object__DESC__C)
                  0081b97c    00000020     Sys_BIOs_config_pe66.oe66 (.const:xdc_runtime_LoggerBuf_Object__DESC__C)
                  0081b99c    00000018     Sys_BIOs_config_pe66.oe66 (.const:ti_sysbios_gates_GateHwi_Object__PARAMS__C)
                  0081b9b4    00000018     Sys_BIOs_config_pe66.oe66 (.const:ti_sysbios_gates_GateMutex_Object__PARAMS__C)
                  0081b9cc    00000018     Sys_BIOs_config_pe66.oe66 (.const:ti_sysbios_knl_Queue_Object__PARAMS__C)
                  0081b9e4    00000014     main_gtz.obj (.const:.string)
                  0081b9f8    00000008     ti.targets.rts6000.ae66 : System.oe66 (.const:.string)
                  0081ba00    00000011                             : System.oe66 (.const:digtohex)
                  0081ba11    00000001     --HOLE-- [fill = 0]
                  0081ba12    00000002     Sys_BIOs_config_pe66.oe66 (.const:ti_sysbios_family_c64p_Exception_enableExternalMPC__C)
                  0081ba14    0000000c     Sys_BIOs_config_pe66.oe66 (.const:ti_sysbios_family_c66_Cache_initSize__C)
                  0081ba20    00000008     Sys_BIOs_config_pe66.oe66 (.const:ti_sysbios_knl_Idle_coreList__A)
                  0081ba28    00000008     Sys_BIOs_config_pe66.oe66 (.const:ti_sysbios_knl_Idle_coreList__C)
                  0081ba30    00000008     Sys_BIOs_config_pe66.oe66 (.const:ti_sysbios_knl_Idle_funcList__A)
                  0081ba38    00000008     Sys_BIOs_config_pe66.oe66 (.const:ti_sysbios_knl_Idle_funcList__C)
                  0081ba40    00000008     Sys_BIOs_config_pe66.oe66 (.const:ti_sysbios_knl_Task_hooks__C)
                  0081ba48    00000008     Sys_BIOs_config_pe66.oe66 (.const:xdc_runtime_Startup_firstFxns__A)
                  0081ba50    00000008     Sys_BIOs_config_pe66.oe66 (.const:xdc_runtime_Startup_firstFxns__C)
                  0081ba58    00000008     Sys_BIOs_config_pe66.oe66 (.const:xdc_runtime_Startup_lastFxns__C)
                  0081ba60    00000007     rts6600_elf.lib : _scanfi.obj (.const:.string:flit$1)
                  0081ba67    00000001     --HOLE-- [fill = 0]
                  0081ba68    00000006                     : _scanfi.obj (.const:.string:barr$2)
                  0081ba6e    00000002     Sys_BIOs_config_pe66.oe66 (.const:ti_sysbios_family_c64p_Exception_enablePrint__C)
                  0081ba70    00000004     Sys_BIOs_config_pe66.oe66 (.const:ti_sysbios_BIOS_Module__diagsEnabled__C)
                  0081ba74    00000004     Sys_BIOs_config_pe66.oe66 (.const:ti_sysbios_BIOS_Module__diagsIncluded__C)
                  0081ba78    00000004     Sys_BIOs_config_pe66.oe66 (.const:ti_sysbios_BIOS_Module__diagsMask__C)
                  0081ba7c    00000004     Sys_BIOs_config_pe66.oe66 (.const:ti_sysbios_BIOS_installedErrorHook__C)
                  0081ba80    00000004     Sys_BIOs_config_pe66.oe66 (.const:ti_sysbios_family_c64p_Exception_E_exceptionMax__C)
                  0081ba84    00000004     Sys_BIOs_config_pe66.oe66 (.const:ti_sysbios_family_c64p_Exception_E_exceptionMin__C)
                  0081ba88    00000004     Sys_BIOs_config_pe66.oe66 (.const:ti_sysbios_family_c64p_Exception_exceptionHook__C)
                  0081ba8c    00000004     Sys_BIOs_config_pe66.oe66 (.const:ti_sysbios_family_c64p_Exception_externalHook__C)
                  0081ba90    00000004     Sys_BIOs_config_pe66.oe66 (.const:ti_sysbios_family_c64p_Exception_internalHook__C)
                  0081ba94    00000004     Sys_BIOs_config_pe66.oe66 (.const:ti_sysbios_family_c64p_Exception_nmiHook__C)
                  0081ba98    00000004     Sys_BIOs_config_pe66.oe66 (.const:ti_sysbios_family_c64p_Hwi_LD_end__C)
                  0081ba9c    00000004     Sys_BIOs_config_pe66.oe66 (.const:ti_sysbios_family_c64p_Hwi_LM_begin__C)
                  0081baa0    00000004     Sys_BIOs_config_pe66.oe66 (.const:ti_sysbios_family_c64p_Hwi_Module__diagsEnabled__C)
                  0081baa4    00000004     Sys_BIOs_config_pe66.oe66 (.const:ti_sysbios_family_c64p_Hwi_Module__diagsIncluded__C)
                  0081baa8    00000004     Sys_BIOs_config_pe66.oe66 (.const:ti_sysbios_family_c64p_Hwi_Module__diagsMask__C)
                  0081baac    00000004     Sys_BIOs_config_pe66.oe66 (.const:ti_sysbios_family_c64p_Hwi_Module__loggerFxn1__C)
                  0081bab0    00000004     Sys_BIOs_config_pe66.oe66 (.const:ti_sysbios_family_c64p_Hwi_Module__loggerFxn8__C)
                  0081bab4    00000004     Sys_BIOs_config_pe66.oe66 (.const:ti_sysbios_family_c64p_Hwi_Module__loggerObj__C)
                  0081bab8    00000004     Sys_BIOs_config_pe66.oe66 (.const:ti_sysbios_gates_GateMutex_A_badContext__C)
                  0081babc    00000004     Sys_BIOs_config_pe66.oe66 (.const:ti_sysbios_gates_GateMutex_Instance_State_sem__O)
                  0081bac0    00000004     Sys_BIOs_config_pe66.oe66 (.const:ti_sysbios_gates_GateMutex_Module__diagsEnabled__C)
                  0081bac4    00000004     Sys_BIOs_config_pe66.oe66 (.const:ti_sysbios_gates_GateMutex_Module__diagsIncluded__C)
                  0081bac8    00000004     Sys_BIOs_config_pe66.oe66 (.const:ti_sysbios_gates_GateMutex_Module__diagsMask__C)
                  0081bacc    00000004     Sys_BIOs_config_pe66.oe66 (.const:ti_sysbios_hal_Hwi_E_stackOverflow__C)
                  0081bad0    00000004     Sys_BIOs_config_pe66.oe66 (.const:ti_sysbios_heaps_HeapMem_A_align__C)
                  0081bad4    00000004     Sys_BIOs_config_pe66.oe66 (.const:ti_sysbios_heaps_HeapMem_A_heapSize__C)
                  0081bad8    00000004     Sys_BIOs_config_pe66.oe66 (.const:ti_sysbios_heaps_HeapMem_A_invalidFree__C)
                  0081badc    00000004     Sys_BIOs_config_pe66.oe66 (.const:ti_sysbios_heaps_HeapMem_A_zeroBlock__C)
                  0081bae0    00000004     Sys_BIOs_config_pe66.oe66 (.const:ti_sysbios_heaps_HeapMem_E_memory__C)
                  0081bae4    00000004     Sys_BIOs_config_pe66.oe66 (.const:ti_sysbios_heaps_HeapMem_Module__diagsEnabled__C)
                  0081bae8    00000004     Sys_BIOs_config_pe66.oe66 (.const:ti_sysbios_heaps_HeapMem_Module__diagsIncluded__C)
                  0081baec    00000004     Sys_BIOs_config_pe66.oe66 (.const:ti_sysbios_heaps_HeapMem_Module__diagsMask__C)
                  0081baf0    00000004     Sys_BIOs_config_pe66.oe66 (.const:ti_sysbios_heaps_HeapMem_Module__gateObj__C)
                  0081baf4    00000004     Sys_BIOs_config_pe66.oe66 (.const:ti_sysbios_heaps_HeapMem_Object__count__C)
                  0081baf8    00000004     Sys_BIOs_config_pe66.oe66 (.const:ti_sysbios_heaps_HeapMem_reqAlign__C)
                  0081bafc    00000004     Sys_BIOs_config_pe66.oe66 (.const:ti_sysbios_knl_Clock_A_badThreadType__C)
                  0081bb00    00000004     Sys_BIOs_config_pe66.oe66 (.const:ti_sysbios_knl_Clock_LM_begin__C)
                  0081bb04    00000004     Sys_BIOs_config_pe66.oe66 (.const:ti_sysbios_knl_Clock_LM_tick__C)
                  0081bb08    00000004     Sys_BIOs_config_pe66.oe66 (.const:ti_sysbios_knl_Clock_LW_delayed__C)
                  0081bb0c    00000004     Sys_BIOs_config_pe66.oe66 (.const:ti_sysbios_knl_Clock_Module_State_clockQ__O)
                  0081bb10    00000004     Sys_BIOs_config_pe66.oe66 (.const:ti_sysbios_knl_Clock_Module__diagsEnabled__C)
                  0081bb14    00000004     Sys_BIOs_config_pe66.oe66 (.const:ti_sysbios_knl_Clock_Module__diagsIncluded__C)
                  0081bb18    00000004     Sys_BIOs_config_pe66.oe66 (.const:ti_sysbios_knl_Clock_Module__diagsMask__C)
                  0081bb1c    00000004     Sys_BIOs_config_pe66.oe66 (.const:ti_sysbios_knl_Clock_Module__loggerFxn1__C)
                  0081bb20    00000004     Sys_BIOs_config_pe66.oe66 (.const:ti_sysbios_knl_Clock_Module__loggerFxn2__C)
                  0081bb24    00000004     Sys_BIOs_config_pe66.oe66 (.const:ti_sysbios_knl_Clock_Module__loggerObj__C)
                  0081bb28    00000004     Sys_BIOs_config_pe66.oe66 (.const:ti_sysbios_knl_Clock_tickMode__C)
                  0081bb2c    00000004     Sys_BIOs_config_pe66.oe66 (.const:ti_sysbios_knl_Clock_tickSource__C)
                  0081bb30    00000004     Sys_BIOs_config_pe66.oe66 (.const:ti_sysbios_knl_Semaphore_A_badContext__C)
                  0081bb34    00000004     Sys_BIOs_config_pe66.oe66 (.const:ti_sysbios_knl_Semaphore_A_noEvents__C)
                  0081bb38    00000004     Sys_BIOs_config_pe66.oe66 (.const:ti_sysbios_knl_Semaphore_A_overflow__C)
                  0081bb3c    00000004     Sys_BIOs_config_pe66.oe66 (.const:ti_sysbios_knl_Semaphore_A_pendTaskDisabled__C)
                  0081bb40    00000004     Sys_BIOs_config_pe66.oe66 (.const:ti_sysbios_knl_Semaphore_Instance_State_pendQ__O)
                  0081bb44    00000004     Sys_BIOs_config_pe66.oe66 (.const:ti_sysbios_knl_Semaphore_LM_pend__C)
                  0081bb48    00000004     Sys_BIOs_config_pe66.oe66 (.const:ti_sysbios_knl_Semaphore_LM_post__C)
                  0081bb4c    00000004     Sys_BIOs_config_pe66.oe66 (.const:ti_sysbios_knl_Semaphore_Module__diagsEnabled__C)
                  0081bb50    00000004     Sys_BIOs_config_pe66.oe66 (.const:ti_sysbios_knl_Semaphore_Module__diagsIncluded__C)
                  0081bb54    00000004     Sys_BIOs_config_pe66.oe66 (.const:ti_sysbios_knl_Semaphore_Module__diagsMask__C)
                  0081bb58    00000004     Sys_BIOs_config_pe66.oe66 (.const:ti_sysbios_knl_Semaphore_Module__loggerFxn2__C)
                  0081bb5c    00000004     Sys_BIOs_config_pe66.oe66 (.const:ti_sysbios_knl_Semaphore_Module__loggerFxn4__C)
                  0081bb60    00000004     Sys_BIOs_config_pe66.oe66 (.const:ti_sysbios_knl_Semaphore_Module__loggerObj__C)
                  0081bb64    00000004     Sys_BIOs_config_pe66.oe66 (.const:ti_sysbios_knl_Swi_LD_end__C)
                  0081bb68    00000004     Sys_BIOs_config_pe66.oe66 (.const:ti_sysbios_knl_Swi_LM_begin__C)
                  0081bb6c    00000004     Sys_BIOs_config_pe66.oe66 (.const:ti_sysbios_knl_Swi_LM_post__C)
                  0081bb70    00000004     Sys_BIOs_config_pe66.oe66 (.const:ti_sysbios_knl_Swi_Module__diagsEnabled__C)
                  0081bb74    00000004     Sys_BIOs_config_pe66.oe66 (.const:ti_sysbios_knl_Swi_Module__diagsIncluded__C)
                  0081bb78    00000004     Sys_BIOs_config_pe66.oe66 (.const:ti_sysbios_knl_Swi_Module__diagsMask__C)
                  0081bb7c    00000004     Sys_BIOs_config_pe66.oe66 (.const:ti_sysbios_knl_Swi_Module__loggerFxn1__C)
                  0081bb80    00000004     Sys_BIOs_config_pe66.oe66 (.const:ti_sysbios_knl_Swi_Module__loggerFxn4__C)
                  0081bb84    00000004     Sys_BIOs_config_pe66.oe66 (.const:ti_sysbios_knl_Swi_Module__loggerObj__C)
                  0081bb88    00000004     Sys_BIOs_config_pe66.oe66 (.const:ti_sysbios_knl_Swi_Object__count__C)
                  0081bb8c    00000004     Sys_BIOs_config_pe66.oe66 (.const:ti_sysbios_knl_Task_A_badTimeout__C)
                  0081bb90    00000004     Sys_BIOs_config_pe66.oe66 (.const:ti_sysbios_knl_Task_A_sleepTaskDisabled__C)
                  0081bb94    00000004     Sys_BIOs_config_pe66.oe66 (.const:ti_sysbios_knl_Task_E_spOutOfBounds__C)
                  0081bb98    00000004     Sys_BIOs_config_pe66.oe66 (.const:ti_sysbios_knl_Task_E_stackOverflow__C)
                  0081bb9c    00000004     Sys_BIOs_config_pe66.oe66 (.const:ti_sysbios_knl_Task_LD_block__C)
                  0081bba0    00000004     Sys_BIOs_config_pe66.oe66 (.const:ti_sysbios_knl_Task_LD_exit__C)
                  0081bba4    00000004     Sys_BIOs_config_pe66.oe66 (.const:ti_sysbios_knl_Task_LD_ready__C)
                  0081bba8    00000004     Sys_BIOs_config_pe66.oe66 (.const:ti_sysbios_knl_Task_LM_sleep__C)
                  0081bbac    00000004     Sys_BIOs_config_pe66.oe66 (.const:ti_sysbios_knl_Task_LM_switch__C)
                  0081bbb0    00000004     Sys_BIOs_config_pe66.oe66 (.const:ti_sysbios_knl_Task_Module_State_inactiveQ__O)
                  0081bbb4    00000004     Sys_BIOs_config_pe66.oe66 (.const:ti_sysbios_knl_Task_Module_State_terminatedQ__O)
                  0081bbb8    00000004     Sys_BIOs_config_pe66.oe66 (.const:ti_sysbios_knl_Task_Module__diagsEnabled__C)
                  0081bbbc    00000004     Sys_BIOs_config_pe66.oe66 (.const:ti_sysbios_knl_Task_Module__diagsIncluded__C)
                  0081bbc0    00000004     Sys_BIOs_config_pe66.oe66 (.const:ti_sysbios_knl_Task_Module__diagsMask__C)
                  0081bbc4    00000004     Sys_BIOs_config_pe66.oe66 (.const:ti_sysbios_knl_Task_Module__loggerFxn2__C)
                  0081bbc8    00000004     Sys_BIOs_config_pe66.oe66 (.const:ti_sysbios_knl_Task_Module__loggerFxn4__C)
                  0081bbcc    00000004     Sys_BIOs_config_pe66.oe66 (.const:ti_sysbios_knl_Task_Module__loggerObj__C)
                  0081bbd0    00000004     Sys_BIOs_config_pe66.oe66 (.const:ti_sysbios_knl_Task_Object__count__C)
                  0081bbd4    00000004     Sys_BIOs_config_pe66.oe66 (.const:ti_sysbios_knl_Task_Object__heap__C)
                  0081bbd8    00000004     Sys_BIOs_config_pe66.oe66 (.const:ti_sysbios_knl_Task_allBlockedFunc__C)
                  0081bbdc    00000004     Sys_BIOs_config_pe66.oe66 (.const:ti_sysbios_knl_Task_numConstructedTasks__C)
                  0081bbe0    00000004     Sys_BIOs_config_pe66.oe66 (.const:ti_sysbios_timers_timer64_Timer_A_notAvailable__C)
                  0081bbe4    00000004     Sys_BIOs_config_pe66.oe66 (.const:ti_sysbios_timers_timer64_Timer_E_cannotSupport__C)
                  0081bbe8    00000004     Sys_BIOs_config_pe66.oe66 (.const:ti_sysbios_timers_timer64_Timer_Module__diagsEnabled__C)
                  0081bbec    00000004     Sys_BIOs_config_pe66.oe66 (.const:ti_sysbios_timers_timer64_Timer_Module__diagsIncluded__C)
                  0081bbf0    00000004     Sys_BIOs_config_pe66.oe66 (.const:ti_sysbios_timers_timer64_Timer_Module__diagsMask__C)
                  0081bbf4    00000004     Sys_BIOs_config_pe66.oe66 (.const:ti_sysbios_timers_timer64_Timer_anyMask__C)
                  0081bbf8    00000004     Sys_BIOs_config_pe66.oe66 (.const:ti_sysbios_timers_timer64_Timer_freqDivisor__C)
                  0081bbfc    00000004     Sys_BIOs_config_pe66.oe66 (.const:ti_sysbios_timers_timer64_Timer_numLocalTimers__C)
                  0081bc00    00000004     Sys_BIOs_config_pe66.oe66 (.const:ti_sysbios_timers_timer64_Timer_numTimerDevices__C)
                  0081bc04    00000004     Sys_BIOs_config_pe66.oe66 (.const:ti_sysbios_utils_Load_LS_cpuLoad__C)
                  0081bc08    00000004     Sys_BIOs_config_pe66.oe66 (.const:ti_sysbios_utils_Load_LS_hwiLoad__C)
                  0081bc0c    00000004     Sys_BIOs_config_pe66.oe66 (.const:ti_sysbios_utils_Load_LS_swiLoad__C)
                  0081bc10    00000004     Sys_BIOs_config_pe66.oe66 (.const:ti_sysbios_utils_Load_LS_taskLoad__C)
                  0081bc14    00000004     Sys_BIOs_config_pe66.oe66 (.const:ti_sysbios_utils_Load_Module_State_taskList__O)
                  0081bc18    00000004     Sys_BIOs_config_pe66.oe66 (.const:ti_sysbios_utils_Load_Module__diagsEnabled__C)
                  0081bc1c    00000004     Sys_BIOs_config_pe66.oe66 (.const:ti_sysbios_utils_Load_Module__diagsIncluded__C)
                  0081bc20    00000004     Sys_BIOs_config_pe66.oe66 (.const:ti_sysbios_utils_Load_Module__diagsMask__C)
                  0081bc24    00000004     Sys_BIOs_config_pe66.oe66 (.const:ti_sysbios_utils_Load_Module__loggerFxn1__C)
                  0081bc28    00000004     Sys_BIOs_config_pe66.oe66 (.const:ti_sysbios_utils_Load_Module__loggerFxn2__C)
                  0081bc2c    00000004     Sys_BIOs_config_pe66.oe66 (.const:ti_sysbios_utils_Load_Module__loggerFxn4__C)
                  0081bc30    00000004     Sys_BIOs_config_pe66.oe66 (.const:ti_sysbios_utils_Load_Module__loggerObj__C)
                  0081bc34    00000004     Sys_BIOs_config_pe66.oe66 (.const:ti_sysbios_utils_Load_postUpdate__C)
                  0081bc38    00000004     Sys_BIOs_config_pe66.oe66 (.const:ti_sysbios_utils_Load_windowInMs__C)
                  0081bc3c    00000004     Sys_BIOs_config_pe66.oe66 (.const:ti_uia_family_c66_TimestampC66XGlobal_timerBaseAdrs__C)
                  0081bc40    00000004     Sys_BIOs_config_pe66.oe66 (.const:ti_uia_runtime_ILoggerSnapshot_Interface__BASE__C)
                  0081bc44    00000004     Sys_BIOs_config_pe66.oe66 (.const:ti_uia_runtime_IUIATransfer_Interface__BASE__C)
                  0081bc48    00000004     Sys_BIOs_config_pe66.oe66 (.const:ti_uia_runtime_LoggerProbePoint_E_badLevel__C)
                  0081bc4c    00000004     Sys_BIOs_config_pe66.oe66 (.const:ti_uia_runtime_LoggerProbePoint_Object__count__C)
                  0081bc50    00000004     Sys_BIOs_config_pe66.oe66 (.const:ti_uia_runtime_LoggerProbePoint_overflowLogger__C)
                  0081bc54    00000004     Sys_BIOs_config_pe66.oe66 (.const:ti_uia_runtime_LoggerProbePoint_statusLogger__C)
                  0081bc58    00000004     Sys_BIOs_config_pe66.oe66 (.const:ti_uia_runtime_LoggerStopMode_E_badLevel__C)
                  0081bc5c    00000004     Sys_BIOs_config_pe66.oe66 (.const:ti_uia_runtime_LoggerStopMode_Object__count__C)
                  0081bc60    00000004     Sys_BIOs_config_pe66.oe66 (.const:ti_uia_runtime_LoggerStopMode_overflowLogger__C)
                  0081bc64    00000004     Sys_BIOs_config_pe66.oe66 (.const:ti_uia_runtime_LoggerStopMode_statusLogger__C)
                  0081bc68    00000004     Sys_BIOs_config_pe66.oe66 (.const:xdc_runtime_Assert_E_assertFailed__C)
                  0081bc6c    00000004     Sys_BIOs_config_pe66.oe66 (.const:xdc_runtime_Core_A_initializedParams__C)
                  0081bc70    00000004     Sys_BIOs_config_pe66.oe66 (.const:xdc_runtime_Core_Module__diagsEnabled__C)
                  0081bc74    00000004     Sys_BIOs_config_pe66.oe66 (.const:xdc_runtime_Core_Module__diagsIncluded__C)
                  0081bc78    00000004     Sys_BIOs_config_pe66.oe66 (.const:xdc_runtime_Core_Module__diagsMask__C)
                  0081bc7c    00000004     Sys_BIOs_config_pe66.oe66 (.const:xdc_runtime_Error_E_memory__C)
                  0081bc80    00000004     Sys_BIOs_config_pe66.oe66 (.const:xdc_runtime_Error_Module__diagsEnabled__C)
                  0081bc84    00000004     Sys_BIOs_config_pe66.oe66 (.const:xdc_runtime_Error_Module__diagsIncluded__C)
                  0081bc88    00000004     Sys_BIOs_config_pe66.oe66 (.const:xdc_runtime_Error_Module__diagsMask__C)
                  0081bc8c    00000004     Sys_BIOs_config_pe66.oe66 (.const:xdc_runtime_Error_Module__loggerFxn8__C)
                  0081bc90    00000004     Sys_BIOs_config_pe66.oe66 (.const:xdc_runtime_Error_Module__loggerObj__C)
                  0081bc94    00000004     Sys_BIOs_config_pe66.oe66 (.const:xdc_runtime_Error_policy__C)
                  0081bc98    00000004     Sys_BIOs_config_pe66.oe66 (.const:xdc_runtime_Error_raiseHook__C)
                  0081bc9c    00000004     Sys_BIOs_config_pe66.oe66 (.const:xdc_runtime_IFilterLogger_Interface__BASE__C)
                  0081bca0    00000004     Sys_BIOs_config_pe66.oe66 (.const:xdc_runtime_IGateProvider_Interface__BASE__C)
                  0081bca4    00000004     Sys_BIOs_config_pe66.oe66 (.const:xdc_runtime_IHeap_Interface__BASE__C)
                  0081bca8    00000004     Sys_BIOs_config_pe66.oe66 (.const:xdc_runtime_ILogger_Interface__BASE__C)
                  0081bcac    00000004     Sys_BIOs_config_pe66.oe66 (.const:xdc_runtime_IModule_Interface__BASE__C)
                  0081bcb0    00000004     Sys_BIOs_config_pe66.oe66 (.const:xdc_runtime_Log_L_error__C)
                  0081bcb4    00000004     Sys_BIOs_config_pe66.oe66 (.const:xdc_runtime_LoggerBuf_E_badLevel__C)
                  0081bcb8    00000004     Sys_BIOs_config_pe66.oe66 (.const:xdc_runtime_LoggerBuf_Module__gateObj__C)
                  0081bcbc    00000004     Sys_BIOs_config_pe66.oe66 (.const:xdc_runtime_LoggerBuf_Object__count__C)
                  0081bcc0    00000004     Sys_BIOs_config_pe66.oe66 (.const:xdc_runtime_LoggerBuf_statusLogger__C)
                  0081bcc4    00000004     Sys_BIOs_config_pe66.oe66 (.const:xdc_runtime_Memory_defaultHeapInstance__C)
                  0081bcc8    00000004     Sys_BIOs_config_pe66.oe66 (.const:xdc_runtime_Startup_execImpl__C)
                  0081bccc    00000004     Sys_BIOs_config_pe66.oe66 (.const:xdc_runtime_Startup_maxPasses__C)
                  0081bcd0    00000004     Sys_BIOs_config_pe66.oe66 (.const:xdc_runtime_Startup_lastFxns__A)
                  0081bcd4    00000004     Sys_BIOs_config_pe66.oe66 (.const:xdc_runtime_Startup_sfxnRts__C)
                  0081bcd8    00000004     Sys_BIOs_config_pe66.oe66 (.const:xdc_runtime_Startup_sfxnTab__C)
                  0081bcdc    00000004     Sys_BIOs_config_pe66.oe66 (.const:xdc_runtime_SysMin_bufSize__C)
                  0081bce0    00000004     Sys_BIOs_config_pe66.oe66 (.const:xdc_runtime_SysMin_outputFunc__C)
                  0081bce4    00000004     Sys_BIOs_config_pe66.oe66 (.const:xdc_runtime_System_Module__gateObj__C)
                  0081bce8    00000004     Sys_BIOs_config_pe66.oe66 (.const:xdc_runtime_System_extendFxn__C)
                  0081bcec    00000004     Sys_BIOs_config_pe66.oe66 (.const:xdc_runtime_System_maxAtexitHandlers__C)
                  0081bcf0    00000004     Sys_BIOs_config_pe66.oe66 (.const:xdc_runtime_Text_charTab__C)
                  0081bcf4    00000004     Sys_BIOs_config_pe66.oe66 (.const:xdc_runtime_Text_nameEmpty__C)
                  0081bcf8    00000004     Sys_BIOs_config_pe66.oe66 (.const:xdc_runtime_Text_nameStatic__C)
                  0081bcfc    00000004     Sys_BIOs_config_pe66.oe66 (.const:xdc_runtime_Text_nameUnknown__C)
                  0081bd00    00000004     Sys_BIOs_config_pe66.oe66 (.const:xdc_runtime_Text_nodeTab__C)
                  0081bd04    00000004     Sys_BIOs_config_pe66.oe66 (.const:xdc_runtime_Text_visitRopeFxn__C)
                  0081bd08    00000002     Sys_BIOs_config_pe66.oe66 (.const:ti_sysbios_family_c64p_Exception_useInternalBuffer__C)
                  0081bd0a    00000002     Sys_BIOs_config_pe66.oe66 (.const:ti_sysbios_family_c64p_Hwi_Module__id__C)
                  0081bd0c    00000002     Sys_BIOs_config_pe66.oe66 (.const:ti_sysbios_family_c64p_Hwi_Module__loggerDefined__C)
                  0081bd0e    00000002     Sys_BIOs_config_pe66.oe66 (.const:ti_sysbios_gates_GateMutex_Module__id__C)
                  0081bd10    00000002     Sys_BIOs_config_pe66.oe66 (.const:ti_sysbios_hal_Hwi_Module__id__C)
                  0081bd12    00000002     Sys_BIOs_config_pe66.oe66 (.const:ti_sysbios_heaps_HeapMem_Module__id__C)
                  0081bd14    00000002     Sys_BIOs_config_pe66.oe66 (.const:ti_sysbios_knl_Clock_Module__id__C)
                  0081bd16    00000002     Sys_BIOs_config_pe66.oe66 (.const:ti_sysbios_knl_Clock_Module__loggerDefined__C)
                  0081bd18    00000002     Sys_BIOs_config_pe66.oe66 (.const:ti_sysbios_knl_Semaphore_Module__id__C)
                  0081bd1a    00000002     Sys_BIOs_config_pe66.oe66 (.const:ti_sysbios_knl_Semaphore_Module__loggerDefined__C)
                  0081bd1c    00000002     Sys_BIOs_config_pe66.oe66 (.const:ti_sysbios_knl_Swi_Module__id__C)
                  0081bd1e    00000002     Sys_BIOs_config_pe66.oe66 (.const:ti_sysbios_knl_Swi_Module__loggerDefined__C)
                  0081bd20    00000002     Sys_BIOs_config_pe66.oe66 (.const:ti_sysbios_knl_Task_Module__id__C)
                  0081bd22    00000002     Sys_BIOs_config_pe66.oe66 (.const:ti_sysbios_knl_Task_Module__loggerDefined__C)
                  0081bd24    00000002     Sys_BIOs_config_pe66.oe66 (.const:ti_sysbios_knl_Task_deleteTerminatedTasks__C)
                  0081bd26    00000002     Sys_BIOs_config_pe66.oe66 (.const:ti_sysbios_knl_Task_initStackFlag__C)
                  0081bd28    00000002     Sys_BIOs_config_pe66.oe66 (.const:ti_sysbios_timers_timer64_Timer_Module__id__C)
                  0081bd2a    00000002     Sys_BIOs_config_pe66.oe66 (.const:ti_sysbios_timers_timer64_Timer_startupNeeded__C)
                  0081bd2c    00000002     Sys_BIOs_config_pe66.oe66 (.const:ti_sysbios_utils_Load_Module__id__C)
                  0081bd2e    00000002     Sys_BIOs_config_pe66.oe66 (.const:ti_sysbios_utils_Load_Module__loggerDefined__C)
                  0081bd30    00000002     Sys_BIOs_config_pe66.oe66 (.const:ti_sysbios_utils_Load_autoAddTasks__C)
                  0081bd32    00000002     Sys_BIOs_config_pe66.oe66 (.const:ti_sysbios_utils_Load_hwiEnabled__C)
                  0081bd34    00000002     Sys_BIOs_config_pe66.oe66 (.const:ti_sysbios_utils_Load_swiEnabled__C)
                  0081bd36    00000002     Sys_BIOs_config_pe66.oe66 (.const:ti_sysbios_utils_Load_taskEnabled__C)
                  0081bd38    00000002     Sys_BIOs_config_pe66.oe66 (.const:ti_sysbios_utils_Load_updateInIdle__C)
                  0081bd3a    00000002     Sys_BIOs_config_pe66.oe66 (.const:ti_uia_runtime_LoggerProbePoint_Module__id__C)
                  0081bd3c    00000002     Sys_BIOs_config_pe66.oe66 (.const:ti_uia_runtime_LoggerProbePoint_filterByLevel__C)
                  0081bd3e    00000002     Sys_BIOs_config_pe66.oe66 (.const:ti_uia_runtime_LoggerProbePoint_isTimestampEnabled__C)
                  0081bd40    00000002     Sys_BIOs_config_pe66.oe66 (.const:ti_uia_runtime_LoggerStopMode_Module__id__C)
                  0081bd42    00000002     Sys_BIOs_config_pe66.oe66 (.const:ti_uia_runtime_LoggerStopMode_filterByLevel__C)
                  0081bd44    00000002     Sys_BIOs_config_pe66.oe66 (.const:ti_uia_runtime_LoggerStopMode_isTimestampEnabled__C)
                  0081bd46    00000002     Sys_BIOs_config_pe66.oe66 (.const:xdc_runtime_Core_Module__id__C)
                  0081bd48    00000002     Sys_BIOs_config_pe66.oe66 (.const:xdc_runtime_Error_Module__loggerDefined__C)
                  0081bd4a    00000002     Sys_BIOs_config_pe66.oe66 (.const:xdc_runtime_Error_maxDepth__C)
                  0081bd4c    00000002     Sys_BIOs_config_pe66.oe66 (.const:xdc_runtime_LoggerBuf_Module__id__C)
                  0081bd4e    00000002     Sys_BIOs_config_pe66.oe66 (.const:xdc_runtime_LoggerBuf_filterByLevel__C)
                  0081bd50    00000002     Sys_BIOs_config_pe66.oe66 (.const:xdc_runtime_Memory_Module__id__C)
                  0081bd52    00000002     Sys_BIOs_config_pe66.oe66 (.const:xdc_runtime_SysMin_flushAtExit__C)
                  0081bd54    00000002     Sys_BIOs_config_pe66.oe66 (.const:xdc_runtime_Text_charCnt__C)
                  0081bd56    00000002     Sys_BIOs_config_pe66.oe66 (.const:xdc_runtime_Text_isLoaded__C)
                  0081bd58    00000002     Sys_BIOs_config_pe66.oe66 (.const:xdc_runtime_Text_registryModsLastId__C)
                  0081bd5a    00000002     Sys_BIOs_config_pe66.oe66 (.const:xdc_runtime_Text_unnamedModsLastId__C)

.far       0    0081bd60    00003fa0     UNINITIALIZED
                  0081bd60    00002618     Sys_BIOs_config_pe66.oe66 (.far)
                  0081e378    00001800     Sys_BIOs_config_pe66.oe66 (.far:taskStackSection)
                  0081fb78    00000140     rts6600_elf.lib : defs.obj (.far)
                  0081fcb8    00000040     util.obj (.far)
                  0081fcf8    00000008     rts6600_elf.lib : trgdrv.obj (.far)

.stack     0    0081fd00    00001000     UNINITIALIZED
                  0081fd00    00000008     boot.ae66 : boot.oe66 (.stack)
                  0081fd08    00000ff8     --HOLE--

.fardata   0    00820d00    00000e4c     
                  00820d00    000002e0     Sys_BIOs_config_pe66.oe66 (.fardata)
                  00820fe0    000001e0     rts6600_elf.lib : defs.obj (.fardata:_ftable)
                  008211c0    00000180     Sys_BIOs_config_pe66.oe66 (.fardata:ti_sysbios_timers_timer64_Timer_Module_State_0_device__A)
                  00821340    00000114     Sys_BIOs_config_pe66.oe66 (.fardata:ti_uia_runtime_LoggerProbePoint_Object__table__V)
                  00821454    00000004     rts6600_elf.lib : defs.obj (.fardata)
                  00821458    000000f0     Sys_BIOs_config_pe66.oe66 (.fardata:ti_sysbios_knl_Task_Object__table__V)
                  00821548    000000a0     rts6600_elf.lib : lowlev.obj (.fardata:_stream)
                  008215e8    00000080     Sys_BIOs_config_pe66.oe66 (.fardata:ti_sysbios_knl_Swi_Module_State_0_readyQ__A)
                  00821668    00000080     Sys_BIOs_config_pe66.oe66 (.fardata:ti_sysbios_knl_Task_Module_State_0_readyQ__A)
                  008216e8    00000080     Sys_BIOs_config_pe66.oe66 (.fardata:ti_sysbios_timers_timer64_Timer_Module_State_0_gctrl__A)
[...]
00817f80   xdc_runtime_System_Module_startup__E
00817f80   xdc_runtime_System_Module_startup__F
00817fa0   xdc_runtime_System_exit__E
00817fa0   xdc_runtime_System_exit__F
00817fc0   xdc_runtime_System_lastFxn__I
00817fe0   xdc_runtime_System_snprintf_va__E
00817fe0   xdc_runtime_System_snprintf_va__F
00817fe0   xdc_runtime_System_vsnprintf__E
00817fe0   xdc_runtime_System_vsnprintf__F
00818000   xdc_runtime_Text_visitRope__I
00818020   xdc_runtime_Timestamp_Module__startupDone__S
00818040   xdc_runtime_Text_charTab__A
0081ad08   ti_sysbios_family_c66_Cache_marvalues__C
0081b108   xdc_runtime_Text_nodeTab__A
0081b230   _ctypes_
0081b332   ti_sysbios_BIOS_Module__id__C
0081b334   ti_uia_runtime_LoggerProbePoint_Module__FXNS__C
0081b394   ti_uia_runtime_LoggerStopMode_Module__FXNS__C
0081b5d0   xdc_runtime_Startup_sfxnTab__A
0081b654   xdc_runtime_LoggerBuf_Module__FXNS__C
0081b690   ti_uia_runtime_LoggerProbePoint_Object__PARAMS__C
0081b6c4   ti_uia_runtime_LoggerStopMode_Object__PARAMS__C
0081b6f8   ti_sysbios_knl_Task_hooks__A
0081b754   ti_sysbios_heaps_HeapMem_Module__FXNS__C
0081b77c   xdc_runtime_LoggerBuf_Object__PARAMS__C
0081b7a4   ti_sysbios_gates_GateHwi_Module__FXNS__C
0081b7c8   ti_sysbios_gates_GateMutex_Module__FXNS__C
0081b7ec   ti_sysbios_heaps_HeapMem_Object__PARAMS__C
0081b810   ti_sysbios_knl_Clock_Object__PARAMS__C
0081b834   ti_sysbios_knl_Semaphore_Object__PARAMS__C
0081b858   xdc_runtime_Startup_sfxnRts__A
0081b87a   ti_sysbios_family_c64p_Exception_Module__id__C
0081b87c   ti_sysbios_gates_GateHwi_Object__DESC__C
0081b89c   ti_sysbios_gates_GateMutex_Object__DESC__C
0081b8bc   ti_sysbios_heaps_HeapMem_Object__DESC__C
0081b8dc   ti_sysbios_knl_Clock_Object__DESC__C
0081b8fc   ti_sysbios_knl_Queue_Object__DESC__C
0081b91c   ti_sysbios_knl_Semaphore_Object__DESC__C
0081b93c   ti_uia_runtime_LoggerProbePoint_Object__DESC__C
0081b95c   ti_uia_runtime_LoggerStopMode_Object__DESC__C
0081b97c   xdc_runtime_LoggerBuf_Object__DESC__C
0081b99c   ti_sysbios_gates_GateHwi_Object__PARAMS__C
0081b9b4   ti_sysbios_gates_GateMutex_Object__PARAMS__C
0081b9cc   ti_sysbios_knl_Queue_Object__PARAMS__C
0081ba12   ti_sysbios_family_c64p_Exception_enableExternalMPC__C
0081ba14   ti_sysbios_family_c66_Cache_initSize__C
0081ba20   ti_sysbios_knl_Idle_coreList__A
0081ba28   ti_sysbios_knl_Idle_coreList__C
0081ba30   ti_sysbios_knl_Idle_funcList__A
0081ba38   ti_sysbios_knl_Idle_funcList__C
0081ba40   ti_sysbios_knl_Task_hooks__C
0081ba48   xdc_runtime_Startup_firstFxns__A
0081ba50   xdc_runtime_Startup_firstFxns__C
0081ba58   xdc_runtime_Startup_lastFxns__C
0081ba6e   ti_sysbios_family_c64p_Exception_enablePrint__C
0081ba70   ti_sysbios_BIOS_Module__diagsEnabled__C
0081ba74   ti_sysbios_BIOS_Module__diagsIncluded__C
0081ba78   ti_sysbios_BIOS_Module__diagsMask__C
0081ba7c   ti_sysbios_BIOS_installedErrorHook__C
0081ba80   ti_sysbios_family_c64p_Exception_E_exceptionMax__C
0081ba84   ti_sysbios_family_c64p_Exception_E_exceptionMin__C
0081ba88   ti_sysbios_family_c64p_Exception_exceptionHook__C
0081ba8c   ti_sysbios_family_c64p_Exception_externalHook__C
0081ba90   ti_sysbios_family_c64p_Exception_internalHook__C
0081ba94   ti_sysbios_family_c64p_Exception_nmiHook__C
0081ba98   ti_sysbios_family_c64p_Hwi_LD_end__C
0081ba9c   ti_sysbios_family_c64p_Hwi_LM_begin__C
0081baa0   ti_sysbios_family_c64p_Hwi_Module__diagsEnabled__C
0081baa4   ti_sysbios_family_c64p_Hwi_Module__diagsIncluded__C
0081baa8   ti_sysbios_family_c64p_Hwi_Module__diagsMask__C
0081baac   ti_sysbios_family_c64p_Hwi_Module__loggerFxn1__C
0081bab0   ti_sysbios_family_c64p_Hwi_Module__loggerFxn8__C
0081bab4   ti_sysbios_family_c64p_Hwi_Module__loggerObj__C
0081bab8   ti_sysbios_gates_GateMutex_A_badContext__C
0081babc   ti_sysbios_gates_GateMutex_Instance_State_sem__O
0081bac0   ti_sysbios_gates_GateMutex_Module__diagsEnabled__C
0081bac4   ti_sysbios_gates_GateMutex_Module__diagsIncluded__C
0081bac8   ti_sysbios_gates_GateMutex_Module__diagsMask__C
0081bacc   ti_sysbios_hal_Hwi_E_stackOverflow__C
0081bad0   ti_sysbios_heaps_HeapMem_A_align__C
0081bad4   ti_sysbios_heaps_HeapMem_A_heapSize__C
0081bad8   ti_sysbios_heaps_HeapMem_A_invalidFree__C
0081badc   ti_sysbios_heaps_HeapMem_A_zeroBlock__C
0081bae0   ti_sysbios_heaps_HeapMem_E_memory__C
0081bae4   ti_sysbios_heaps_HeapMem_Module__diagsEnabled__C
0081bae8   ti_sysbios_heaps_HeapMem_Module__diagsIncluded__C
0081baec   ti_sysbios_heaps_HeapMem_Module__diagsMask__C
0081baf0   ti_sysbios_heaps_HeapMem_Module__gateObj__C
0081baf4   ti_sysbios_heaps_HeapMem_Object__count__C
0081baf8   ti_sysbios_heaps_HeapMem_reqAlign__C
0081bafc   ti_sysbios_knl_Clock_A_badThreadType__C
0081bb00   ti_sysbios_knl_Clock_LM_begin__C
0081bb04   ti_sysbios_knl_Clock_LM_tick__C
0081bb08   ti_sysbios_knl_Clock_LW_delayed__C
0081bb0c   ti_sysbios_knl_Clock_Module_State_clockQ__O
0081bb10   ti_sysbios_knl_Clock_Module__diagsEnabled__C
0081bb14   ti_sysbios_knl_Clock_Module__diagsIncluded__C
0081bb18   ti_sysbios_knl_Clock_Module__diagsMask__C
0081bb1c   ti_sysbios_knl_Clock_Module__loggerFxn1__C
0081bb20   ti_sysbios_knl_Clock_Module__loggerFxn2__C
0081bb24   ti_sysbios_knl_Clock_Module__loggerObj__C
0081bb28   ti_sysbios_knl_Clock_tickMode__C
0081bb2c   ti_sysbios_knl_Clock_tickSource__C
0081bb30   ti_sysbios_knl_Semaphore_A_badContext__C
0081bb34   ti_sysbios_knl_Semaphore_A_noEvents__C
0081bb38   ti_sysbios_knl_Semaphore_A_overflow__C
0081bb3c   ti_sysbios_knl_Semaphore_A_pendTaskDisabled__C
0081bb40   ti_sysbios_knl_Semaphore_Instance_State_pendQ__O
0081bb44   ti_sysbios_knl_Semaphore_LM_pend__C
0081bb48   ti_sysbios_knl_Semaphore_LM_post__C
0081bb4c   ti_sysbios_knl_Semaphore_Module__diagsEnabled__C
0081bb50   ti_sysbios_knl_Semaphore_Module__diagsIncluded__C
0081bb54   ti_sysbios_knl_Semaphore_Module__diagsMask__C
0081bb58   ti_sysbios_knl_Semaphore_Module__loggerFxn2__C
0081bb5c   ti_sysbios_knl_Semaphore_Module__loggerFxn4__C
0081bb60   ti_sysbios_knl_Semaphore_Module__loggerObj__C
0081bb64   ti_sysbios_knl_Swi_LD_end__C
0081bb68   ti_sysbios_knl_Swi_LM_begin__C
0081bb6c   ti_sysbios_knl_Swi_LM_post__C
0081bb70   ti_sysbios_knl_Swi_Module__diagsEnabled__C
0081bb74   ti_sysbios_knl_Swi_Module__diagsIncluded__C
0081bb78   ti_sysbios_knl_Swi_Module__diagsMask__C
0081bb7c   ti_sysbios_knl_Swi_Module__loggerFxn1__C
0081bb80   ti_sysbios_knl_Swi_Module__loggerFxn4__C
0081bb84   ti_sysbios_knl_Swi_Module__loggerObj__C
0081bb88   ti_sysbios_knl_Swi_Object__count__C
0081bb8c   ti_sysbios_knl_Task_A_badTimeout__C
0081bb90   ti_sysbios_knl_Task_A_sleepTaskDisabled__C
0081bb94   ti_sysbios_knl_Task_E_spOutOfBounds__C
0081bb98   ti_sysbios_knl_Task_E_stackOverflow__C
0081bb9c   ti_sysbios_knl_Task_LD_block__C
0081bba0   ti_sysbios_knl_Task_LD_exit__C
0081bba4   ti_sysbios_knl_Task_LD_ready__C
0081bba8   ti_sysbios_knl_Task_LM_sleep__C
0081bbac   ti_sysbios_knl_Task_LM_switch__C
0081bbb0   ti_sysbios_knl_Task_Module_State_inactiveQ__O
0081bbb4   ti_sysbios_knl_Task_Module_State_terminatedQ__O
0081bbb8   ti_sysbios_knl_Task_Module__diagsEnabled__C
0081bbbc   ti_sysbios_knl_Task_Module__diagsIncluded__C
0081bbc0   ti_sysbios_knl_Task_Module__diagsMask__C
0081bbc4   ti_sysbios_knl_Task_Module__loggerFxn2__C
0081bbc8   ti_sysbios_knl_Task_Module__loggerFxn4__C
0081bbcc   ti_sysbios_knl_Task_Module__loggerObj__C
0081bbd0   ti_sysbios_knl_Task_Object__count__C
0081bbd4   ti_sysbios_knl_Task_Object__heap__C
0081bbd8   ti_sysbios_knl_Task_allBlockedFunc__C
0081bbdc   ti_sysbios_knl_Task_numConstructedTasks__C
0081bbe0   ti_sysbios_timers_timer64_Timer_A_notAvailable__C
0081bbe4   ti_sysbios_timers_timer64_Timer_E_cannotSupport__C
0081bbe8   ti_sysbios_timers_timer64_Timer_Module__diagsEnabled__C
0081bbec   ti_sysbios_timers_timer64_Timer_Module__diagsIncluded__C
0081bbf0   ti_sysbios_timers_timer64_Timer_Module__diagsMask__C
0081bbf4   ti_sysbios_timers_timer64_Timer_anyMask__C
0081bbf8   ti_sysbios_timers_timer64_Timer_freqDivisor__C
0081bbfc   ti_sysbios_timers_timer64_Timer_numLocalTimers__C
0081bc00   ti_sysbios_timers_timer64_Timer_numTimerDevices__C
0081bc04   ti_sysbios_utils_Load_LS_cpuLoad__C
0081bc08   ti_sysbios_utils_Load_LS_hwiLoad__C
0081bc0c   ti_sysbios_utils_Load_LS_swiLoad__C
0081bc10   ti_sysbios_utils_Load_LS_taskLoad__C
0081bc14   ti_sysbios_utils_Load_Module_State_taskList__O
0081bc18   ti_sysbios_utils_Load_Module__diagsEnabled__C
0081bc1c   ti_sysbios_utils_Load_Module__diagsIncluded__C
0081bc20   ti_sysbios_utils_Load_Module__diagsMask__C
0081bc24   ti_sysbios_utils_Load_Module__loggerFxn1__C
0081bc28   ti_sysbios_utils_Load_Module__loggerFxn2__C
0081bc2c   ti_sysbios_utils_Load_Module__loggerFxn4__C
0081bc30   ti_sysbios_utils_Load_Module__loggerObj__C
0081bc34   ti_sysbios_utils_Load_postUpdate__C
0081bc38   ti_sysbios_utils_Load_windowInMs__C
0081bc3c   ti_uia_family_c66_TimestampC66XGlobal_timerBaseAdrs__C
0081bc40   ti_uia_runtime_ILoggerSnapshot_Interface__BASE__C
0081bc44   ti_uia_runtime_IUIATransfer_Interface__BASE__C
0081bc48   ti_uia_runtime_LoggerProbePoint_E_badLevel__C
0081bc4c   ti_uia_runtime_LoggerProbePoint_Object__count__C
0081bc50   ti_uia_runtime_LoggerProbePoint_overflowLogger__C
0081bc54   ti_uia_runtime_LoggerProbePoint_statusLogger__C
0081bc58   ti_uia_runtime_LoggerStopMode_E_badLevel__C
0081bc5c   ti_uia_runtime_LoggerStopMode_Object__count__C
0081bc60   ti_uia_runtime_LoggerStopMode_overflowLogger__C
0081bc64   ti_uia_runtime_LoggerStopMode_statusLogger__C
0081bc68   xdc_runtime_Assert_E_assertFailed__C
0081bc6c   xdc_runtime_Core_A_initializedParams__C
0081bc70   xdc_runtime_Core_Module__diagsEnabled__C
0081bc74   xdc_runtime_Core_Module__diagsIncluded__C
0081bc78   xdc_runtime_Core_Module__diagsMask__C
0081bc7c   xdc_runtime_Error_E_memory__C
0081bc80   xdc_runtime_Error_Module__diagsEnabled__C
0081bc84   xdc_runtime_Error_Module__diagsIncluded__C
0081bc88   xdc_runtime_Error_Module__diagsMask__C
0081bc8c   xdc_runtime_Error_Module__loggerFxn8__C
0081bc90   xdc_runtime_Error_Module__loggerObj__C
0081bc94   xdc_runtime_Error_policy__C
0081bc98   xdc_runtime_Error_raiseHook__C
0081bc9c   xdc_runtime_IFilterLogger_Interface__BASE__C
0081bca0   xdc_runtime_IGateProvider_Interface__BASE__C
0081bca4   xdc_runtime_IHeap_Interface__BASE__C
0081bca8   xdc_runtime_ILogger_Interface__BASE__C
0081bcac   xdc_runtime_IModule_Interface__BASE__C
0081bcb0   xdc_runtime_Log_L_error__C
0081bcb4   xdc_runtime_LoggerBuf_E_badLevel__C
0081bcb8   xdc_runtime_LoggerBuf_Module__gateObj__C
0081bcbc   xdc_runtime_LoggerBuf_Object__count__C
0081bcc0   xdc_runtime_LoggerBuf_statusLogger__C
0081bcc4   xdc_runtime_Memory_defaultHeapInstance__C
0081bcc8   xdc_runtime_Startup_execImpl__C
0081bccc   xdc_runtime_Startup_maxPasses__C
0081bcd0   xdc_runtime_Startup_lastFxns__A
0081bcd4   xdc_runtime_Startup_sfxnRts__C
0081bcd8   xdc_runtime_Startup_sfxnTab__C
0081bcdc   xdc_runtime_SysMin_bufSize__C
0081bce0   xdc_runtime_SysMin_outputFunc__C
0081bce4   xdc_runtime_System_Module__gateObj__C
0081bce8   xdc_runtime_System_extendFxn__C
0081bcec   xdc_runtime_System_maxAtexitHandlers__C
0081bcf0   xdc_runtime_Text_charTab__C
0081bcf4   xdc_runtime_Text_nameEmpty__C
0081bcf8   xdc_runtime_Text_nameStatic__C
0081bcfc   xdc_runtime_Text_nameUnknown__C
0081bd00   xdc_runtime_Text_nodeTab__C
0081bd04   xdc_runtime_Text_visitRopeFxn__C
0081bd08   ti_sysbios_family_c64p_Exception_useInternalBuffer__C
0081bd0a   ti_sysbios_family_c64p_Hwi_Module__id__C
0081bd0c   ti_sysbios_family_c64p_Hwi_Module__loggerDefined__C
0081bd0e   ti_sysbios_gates_GateMutex_Module__id__C
0081bd10   ti_sysbios_hal_Hwi_Module__id__C
0081bd12   ti_sysbios_heaps_HeapMem_Module__id__C
0081bd14   ti_sysbios_knl_Clock_Module__id__C
0081bd16   ti_sysbios_knl_Clock_Module__loggerDefined__C
0081bd18   ti_sysbios_knl_Semaphore_Module__id__C
0081bd1a   ti_sysbios_knl_Semaphore_Module__loggerDefined__C
0081bd1c   ti_sysbios_knl_Swi_Module__id__C
0081bd1e   ti_sysbios_knl_Swi_Module__loggerDefined__C
0081bd20   ti_sysbios_knl_Task_Module__id__C
0081bd22   ti_sysbios_knl_Task_Module__loggerDefined__C
0081bd24   ti_sysbios_knl_Task_deleteTerminatedTasks__C
0081bd26   ti_sysbios_knl_Task_initStackFlag__C
0081bd28   ti_sysbios_timers_timer64_Timer_Module__id__C
0081bd2a   ti_sysbios_timers_timer64_Timer_startupNeeded__C
0081bd2c   ti_sysbios_utils_Load_Module__id__C
0081bd2e   ti_sysbios_utils_Load_Module__loggerDefined__C
0081bd30   ti_sysbios_utils_Load_autoAddTasks__C
0081bd32   ti_sysbios_utils_Load_hwiEnabled__C
0081bd34   ti_sysbios_utils_Load_swiEnabled__C
0081bd36   ti_sysbios_utils_Load_taskEnabled__C
0081bd38   ti_sysbios_utils_Load_updateInIdle__C
0081bd3a   ti_uia_runtime_LoggerProbePoint_Module__id__C
0081bd3c   ti_uia_runtime_LoggerProbePoint_filterByLevel__C
0081bd3e   ti_uia_runtime_LoggerProbePoint_isTimestampEnabled__C
0081bd40   ti_uia_runtime_LoggerStopMode_Module__id__C
0081bd42   ti_uia_runtime_LoggerStopMode_filterByLevel__C
0081bd44   ti_uia_runtime_LoggerStopMode_isTimestampEnabled__C
0081bd46   xdc_runtime_Core_Module__id__C
0081bd48   xdc_runtime_Error_Module__loggerDefined__C
0081bd4a   xdc_runtime_Error_maxDepth__C
0081bd4c   xdc_runtime_LoggerBuf_Module__id__C
0081bd4e   xdc_runtime_LoggerBuf_filterByLevel__C
0081bd50   xdc_runtime_Memory_Module__id__C
0081bd52   xdc_runtime_SysMin_flushAtExit__C
0081bd54   xdc_runtime_Text_charCnt__C
0081bd56   xdc_runtime_Text_isLoaded__C
0081bd58   xdc_runtime_Text_registryModsLastId__C
0081bd5a   xdc_runtime_Text_unnamedModsLastId__C
0081bd60   ti_sysbios_heaps_HeapMem_Instance_State_0_buf__A
0081cd60   ti_sysbios_knl_Task_Instance_State_0_hookEnv__A
0081cd68   ti_sysbios_knl_Task_Instance_State_1_hookEnv__A
0081cd70   ti_sysbios_knl_Task_Instance_State_2_hookEnv__A
0081cd78   ti_uia_runtime_LoggerProbePoint_Instance_State_0_bufferArray__A
0081cff8   ti_uia_runtime_LoggerProbePoint_Instance_State_1_bufferArray__A
0081d478   ti_uia_runtime_LoggerProbePoint_Instance_State_2_bufferArray__A
0081d8f8   ti_uia_runtime_LoggerStopMode_Instance_State_0_bufferArray__A
0081db78   xdc_runtime_LoggerBuf_Instance_State_0_entryArr__A
0081df78   xdc_runtime_SysMin_Module_State_0_outbuf__A
0081e378   ti_sysbios_knl_Task_Instance_State_0_stack__A
0081eb78   ti_sysbios_knl_Task_Instance_State_1_stack__A
0081f378   ti_sysbios_knl_Task_Instance_State_2_stack__A
0081fb78   _tmpnams
0081fcb8   gtz_out
0081fcd8   gtz_out_float
0081fd00   _stack
00820d00   __TI_STACK_END
00820d00   ti_sysbios_BIOS_Module__state__V
00820d20   ti_sysbios_family_c64p_Exception_Module__state__V
00820d50   ti_sysbios_family_c64p_Hwi_Module__root__V
00820d58   ti_sysbios_family_c64p_Hwi_Module__state__V
00820dc0   ti_sysbios_gates_GateHwi_Module__root__V
00820dc8   ti_sysbios_gates_GateMutex_Module__root__V
00820dd0   ti_sysbios_hal_Hwi_Module__root__V
00820dd8   ti_sysbios_hal_Timer_Module__root__V
00820de0   ti_sysbios_heaps_HeapMem_Module__root__V
00820de8   ti_sysbios_knl_Clock_Module__root__V
00820df0   ti_sysbios_knl_Clock_Module__state__V
00820e18   ti_sysbios_knl_Event_Module__root__V
00820e24   ti_sysbios_knl_Queue_Module__root__V
00820e2c   ti_sysbios_knl_Semaphore_Module__root__V
00820e38   ti_sysbios_knl_Swi_Module__root__V
00820e44   ti_sysbios_knl_Swi_Module__state__V
00820e60   ti_sysbios_knl_Task_Module__root__V
00820e6c   ti_sysbios_knl_Task_Module__state__V
00820eb0   ti_sysbios_timers_timer64_Timer_Module__root__V
00820eb8   ti_sysbios_timers_timer64_Timer_Module__state__V
00820ecc   ti_sysbios_utils_Load_Module__root__V
00820ed0   ti_sysbios_utils_Load_Module__state__V
00820f4c   ti_uia_family_c66_TimestampC66XGlobal_Module__root__V
00820f54   ti_uia_runtime_LogSync_Module__root__V
00820f5c   ti_uia_runtime_LogSync_Module__state__V
00820f68   ti_uia_runtime_LoggerProbePoint_Module__root__V
00820f70   ti_uia_runtime_LoggerProbePoint_Module__state__V
00820f78   ti_uia_runtime_LoggerStopMode_Module__root__V
00820f80   ti_uia_runtime_LoggerStopMode_Module__state__V
00820f88   ti_uia_runtime_QueueDescriptor_Module__state__V
00820f94   xdc_runtime_Error_Module__state__V
00820f98   xdc_runtime_LoggerBuf_Module__root__V
00820fa0   xdc_runtime_LoggerBuf_Module__state__V
00820fa6   xdc_runtime_Main_Module__root__V
00820fa8   xdc_runtime_Memory_Module__state__V
00820fac   xdc_runtime_Registry_Module__state__V
00820fb4   xdc_runtime_Startup_Module__state__V
00820fbc   xdc_runtime_SysMin_Module__state__V
00820fc8   xdc_runtime_System_Module__state__V
00820fd4   xdc_runtime_Text_Module__state__V
00820fdc   __xdc__init__addr
00820fe0   _ftable
008211c0   ti_sysbios_timers_timer64_Timer_Module_State_0_device__A
00821340   ti_uia_runtime_LoggerProbePoint_Object__table__V
00821454   _ft_end
00821458   ti_sysbios_knl_Task_Object__table__V
008214f8   TSK_idle
008215e8   ti_sysbios_knl_Swi_Module_State_0_readyQ__A
00821668   ti_sysbios_knl_Task_Module_State_0_readyQ__A
008216e8   ti_sysbios_timers_timer64_Timer_Module_State_0_gctrl__A
00821768   ti_sysbios_timers_timer64_Timer_Module_State_0_handles__A
008217e8   ti_sysbios_timers_timer64_Timer_Module_State_0_intFreqs__A
008218e0   ti_uia_runtime_LoggerStopMode_Object__table__V
00821940   ti_sysbios_timers_timer64_Timer_Object__table__V
0082198c   __errno
0082198c   errno
008219d0   ti_sysbios_gates_GateMutex_Object__table__V
00821a10   ti_sysbios_knl_Swi_Object__table__V
00821a40   xdc_runtime_LoggerBuf_Object__table__V
00821a68   coef_float
00821a88   freq_mat
00821aa8   ti_sysbios_family_c64p_Hwi_Object__table__V
00821ac0   ti_sysbios_heaps_HeapMem_Object__table__V
00821ad8   coef
00821ae8   symbol_mat
00821af8   xdc_runtime_System_Module_State_0_atexitHandlers__A
00821b08   _cleanup_ptr
00821b0c   _dtors_ptr
00821b10   __TI_enable_exit_profile_output
00821b14   _lock
00821b18   _unlock
00821b20   ti_sysbios_hal_Hwi_Object__table__V
00821b28   ti_sysbios_hal_Timer_Object__table__V
00821b30   ti_sysbios_gates_GateHwi_Object__table__V
00821b38   ti_sysbios_knl_Task_Module_State_0_idleTask__A
00821b40   ti_sysbios_utils_Load_Module_State_0_runningTask__A
00821b48   ti_sysbios_utils_Load_Module_State_0_taskStartTime__A
00821c00   ti_sysbios_family_c64p_Hwi0
00821c00   ti_sysbios_family_c64p_Hwi_int0
00821c20   ti_sysbios_family_c64p_Hwi_int1
00821c40   ti_sysbios_family_c64p_Hwi_int2
00821c60   ti_sysbios_family_c64p_Hwi_int3
00821c80   ti_sysbios_family_c64p_Hwi_int4
00821ca0   ti_sysbios_family_c64p_Hwi_int5
00821cc0   ti_sysbios_family_c64p_Hwi_int6
00821ce0   ti_sysbios_family_c64p_Hwi_int7
00821d00   ti_sysbios_family_c64p_Hwi_int8
00821d20   ti_sysbios_family_c64p_Hwi_int9
00821d40   ti_sysbios_family_c64p_Hwi_int10
00821d60   ti_sysbios_family_c64p_Hwi_int11
00821d80   ti_sysbios_family_c64p_Hwi_int12
00821da0   ti_sysbios_family_c64p_Hwi_int13
00821dc0   ti_sysbios_family_c64p_Hwi_int14
00821de0   ti_sysbios_family_c64p_Hwi_int15
00821e00   __TI_STATIC_BASE
00821e34   time1
00821e38   time2
00821e3c   digit
00821e40   freq1
00821e44   freq2
00821e48   mag1
00821e4c   mag2
00821e50   sample
00821e54   start
00821e58   tdiff_fixed
00821e5c   tdiff_float
00821e60   sample_float
00821f44   ti_uia_runtime_QueueDescriptor_gPtrToFirstDescriptor
00821f48   ti_uia_runtime_QueueDescriptor_gUpdateCount
00821f50   __CIOBUF_
008228e0   __TI_Handler_Table_Base
008228ec   __TI_Handler_Table_Limit
00822908   __TI_CINIT_Base
00822928   __TI_CINIT_Limit
ffffffff   __TI_pprof_out_hndl
ffffffff   __TI_prof_data_size
ffffffff   __TI_prof_data_start
ffffffff   __binit__
ffffffff   __c_args__
ffffffff   binit
UNDEFED    __TI_INITARRAY_Base
UNDEFED    __TI_INITARRAY_Limit

[906 symbols]
