<?xml version="1.0" encoding="ISO-8859-1" ?>
<link_info>
   <banner>TMS320C6x Linker PC v8.3.12</banner>
   <copyright>Copyright (c) 1996-2018 Texas Instruments Incorporated</copyright>
   <link_time>0x65fc671d</link_time>
   <link_errors>0x0</link_errors>
   <output_file>Floating_GTZ_Without_sysbios.out</output_file>
   <entry_point>
      <name>_c_int00</name>
      <address>0xc00baa0</address>
   </entry_point>
   <input_file_list>
      <input_file id="fl-2">
         <path>.\</path>
         <kind>object</kind>
         <file>main.obj</file>
         <name>main.obj</name>
      </input_file>
      <input_file id="fl-6">
         <kind>object</kind>
         <file>&lt;internal&gt;</file>
         <name>&lt;internal&gt;</name>
      </input_file>
      <input_file id="fl-20">
         <path>C:\Users\sitogor\Downloads\ti-cgt-c6000_8.3.12\lib\</path>
         <kind>archive</kind>
         <file>rts6600_elf.lib</file>
         <name>printf.c.obj</name>
      </input_file>
      <input_file id="fl-21">
         <path>C:\Users\sitogor\Downloads\ti-cgt-c6000_8.3.12\lib\</path>
         <kind>archive</kind>
         <file>rts6600_elf.lib</file>
         <name>_printfi.c.obj</name>
      </input_file>
      <input_file id="fl-22">
         <path>C:\Users\sitogor\Downloads\ti-cgt-c6000_8.3.12\lib\</path>
         <kind>archive</kind>
         <file>rts6600_elf.lib</file>
         <name>fscanf.c.obj</name>
      </input_file>
      <input_file id="fl-23">
         <path>C:\Users\sitogor\Downloads\ti-cgt-c6000_8.3.12\lib\</path>
         <kind>archive</kind>
         <file>rts6600_elf.lib</file>
         <name>fgetc.c.obj</name>
      </input_file>
      <input_file id="fl-24">
         <path>C:\Users\sitogor\Downloads\ti-cgt-c6000_8.3.12\lib\</path>
         <kind>archive</kind>
         <file>rts6600_elf.lib</file>
         <name>fputc.c.obj</name>
      </input_file>
      <input_file id="fl-25">
         <path>C:\Users\sitogor\Downloads\ti-cgt-c6000_8.3.12\lib\</path>
         <kind>archive</kind>
         <file>rts6600_elf.lib</file>
         <name>fputs.c.obj</name>
      </input_file>
      <input_file id="fl-26">
         <path>C:\Users\sitogor\Downloads\ti-cgt-c6000_8.3.12\lib\</path>
         <kind>archive</kind>
         <file>rts6600_elf.lib</file>
         <name>_bufread.c.obj</name>
      </input_file>
      <input_file id="fl-27">
         <path>C:\Users\sitogor\Downloads\ti-cgt-c6000_8.3.12\lib\</path>
         <kind>archive</kind>
         <file>rts6600_elf.lib</file>
         <name>_io_perm.c.obj</name>
      </input_file>
      <input_file id="fl-28">
         <path>C:\Users\sitogor\Downloads\ti-cgt-c6000_8.3.12\lib\</path>
         <kind>archive</kind>
         <file>rts6600_elf.lib</file>
         <name>setvbuf.c.obj</name>
      </input_file>
      <input_file id="fl-29">
         <path>C:\Users\sitogor\Downloads\ti-cgt-c6000_8.3.12\lib\</path>
         <kind>archive</kind>
         <file>rts6600_elf.lib</file>
         <name>ungetc.c.obj</name>
      </input_file>
      <input_file id="fl-2a">
         <path>C:\Users\sitogor\Downloads\ti-cgt-c6000_8.3.12\lib\</path>
         <kind>archive</kind>
         <file>rts6600_elf.lib</file>
         <name>push.asm.obj</name>
      </input_file>
      <input_file id="fl-2b">
         <path>C:\Users\sitogor\Downloads\ti-cgt-c6000_8.3.12\lib\</path>
         <kind>archive</kind>
         <file>rts6600_elf.lib</file>
         <name>divu.asm.obj</name>
      </input_file>
      <input_file id="fl-2c">
         <path>C:\Users\sitogor\Downloads\ti-cgt-c6000_8.3.12\lib\</path>
         <kind>archive</kind>
         <file>rts6600_elf.lib</file>
         <name>memcpy64.asm.obj</name>
      </input_file>
      <input_file id="fl-2d">
         <path>C:\Users\sitogor\Downloads\ti-cgt-c6000_8.3.12\lib\</path>
         <kind>archive</kind>
         <file>rts6600_elf.lib</file>
         <name>boot.c.obj</name>
      </input_file>
      <input_file id="fl-2e">
         <path>C:\Users\sitogor\Downloads\ti-cgt-c6000_8.3.12\lib\</path>
         <kind>archive</kind>
         <file>rts6600_elf.lib</file>
         <name>imath40.c.obj</name>
      </input_file>
      <input_file id="fl-2f">
         <path>C:\Users\sitogor\Downloads\ti-cgt-c6000_8.3.12\lib\</path>
         <kind>archive</kind>
         <file>rts6600_elf.lib</file>
         <name>imath64.c.obj</name>
      </input_file>
      <input_file id="fl-30">
         <path>C:\Users\sitogor\Downloads\ti-cgt-c6000_8.3.12\lib\</path>
         <kind>archive</kind>
         <file>rts6600_elf.lib</file>
         <name>llshift.c.obj</name>
      </input_file>
      <input_file id="fl-31">
         <path>C:\Users\sitogor\Downloads\ti-cgt-c6000_8.3.12\lib\</path>
         <kind>archive</kind>
         <file>rts6600_elf.lib</file>
         <name>memset.c.obj</name>
      </input_file>
      <input_file id="fl-32">
         <path>C:\Users\sitogor\Downloads\ti-cgt-c6000_8.3.12\lib\</path>
         <kind>archive</kind>
         <file>rts6600_elf.lib</file>
         <name>autoinit.c.obj</name>
      </input_file>
      <input_file id="fl-33">
         <path>C:\Users\sitogor\Downloads\ti-cgt-c6000_8.3.12\lib\</path>
         <kind>archive</kind>
         <file>rts6600_elf.lib</file>
         <name>pre_init.c.obj</name>
      </input_file>
      <input_file id="fl-34">
         <path>C:\Users\sitogor\Downloads\ti-cgt-c6000_8.3.12\lib\</path>
         <kind>archive</kind>
         <file>rts6600_elf.lib</file>
         <name>startup.c.obj</name>
      </input_file>
      <input_file id="fl-35">
         <path>C:\Users\sitogor\Downloads\ti-cgt-c6000_8.3.12\lib\</path>
         <kind>archive</kind>
         <file>rts6600_elf.lib</file>
         <name>cpy_tbl.c.obj</name>
      </input_file>
      <input_file id="fl-36">
         <path>C:\Users\sitogor\Downloads\ti-cgt-c6000_8.3.12\lib\</path>
         <kind>archive</kind>
         <file>rts6600_elf.lib</file>
         <name>copy_zero_init.c.obj</name>
      </input_file>
      <input_file id="fl-37">
         <path>C:\Users\sitogor\Downloads\ti-cgt-c6000_8.3.12\lib\</path>
         <kind>archive</kind>
         <file>rts6600_elf.lib</file>
         <name>copy_decompress_none.c.obj</name>
      </input_file>
      <input_file id="fl-38">
         <path>C:\Users\sitogor\Downloads\ti-cgt-c6000_8.3.12\lib\</path>
         <kind>archive</kind>
         <file>rts6600_elf.lib</file>
         <name>copy_decompress_rle.c.obj</name>
      </input_file>
      <input_file id="fl-39">
         <path>C:\Users\sitogor\Downloads\ti-cgt-c6000_8.3.12\lib\</path>
         <kind>archive</kind>
         <file>rts6600_elf.lib</file>
         <name>frexp.c.obj</name>
      </input_file>
      <input_file id="fl-3a">
         <path>C:\Users\sitogor\Downloads\ti-cgt-c6000_8.3.12\lib\</path>
         <kind>archive</kind>
         <file>rts6600_elf.lib</file>
         <name>isinf.c.obj</name>
      </input_file>
      <input_file id="fl-3b">
         <path>C:\Users\sitogor\Downloads\ti-cgt-c6000_8.3.12\lib\</path>
         <kind>archive</kind>
         <file>rts6600_elf.lib</file>
         <name>ldexp.c.obj</name>
      </input_file>
      <input_file id="fl-3c">
         <path>C:\Users\sitogor\Downloads\ti-cgt-c6000_8.3.12\lib\</path>
         <kind>archive</kind>
         <file>rts6600_elf.lib</file>
         <name>sin.c.obj</name>
      </input_file>
      <input_file id="fl-3d">
         <path>C:\Users\sitogor\Downloads\ti-cgt-c6000_8.3.12\lib\</path>
         <kind>archive</kind>
         <file>rts6600_elf.lib</file>
         <name>trunc.c.obj</name>
      </input_file>
      <input_file id="fl-3e">
         <path>C:\Users\sitogor\Downloads\ti-cgt-c6000_8.3.12\lib\</path>
         <kind>archive</kind>
         <file>rts6600_elf.lib</file>
         <name>signbit.c.obj</name>
      </input_file>
      <input_file id="fl-3f">
         <path>C:\Users\sitogor\Downloads\ti-cgt-c6000_8.3.12\lib\</path>
         <kind>archive</kind>
         <file>rts6600_elf.lib</file>
         <name>divf.c.obj</name>
      </input_file>
      <input_file id="fl-40">
         <path>C:\Users\sitogor\Downloads\ti-cgt-c6000_8.3.12\lib\</path>
         <kind>archive</kind>
         <file>rts6600_elf.lib</file>
         <name>divd.c.obj</name>
      </input_file>
      <input_file id="fl-41">
         <path>C:\Users\sitogor\Downloads\ti-cgt-c6000_8.3.12\lib\</path>
         <kind>archive</kind>
         <file>rts6600_elf.lib</file>
         <name>frcmpyd_div.c.obj</name>
      </input_file>
      <input_file id="fl-42">
         <path>C:\Users\sitogor\Downloads\ti-cgt-c6000_8.3.12\lib\</path>
         <kind>archive</kind>
         <file>rts6600_elf.lib</file>
         <name>exit.c.obj</name>
      </input_file>
      <input_file id="fl-43">
         <path>C:\Users\sitogor\Downloads\ti-cgt-c6000_8.3.12\lib\</path>
         <kind>archive</kind>
         <file>rts6600_elf.lib</file>
         <name>memory.c.obj</name>
      </input_file>
      <input_file id="fl-44">
         <path>C:\Users\sitogor\Downloads\ti-cgt-c6000_8.3.12\lib\</path>
         <kind>archive</kind>
         <file>rts6600_elf.lib</file>
         <name>_lock.c.obj</name>
      </input_file>
      <input_file id="fl-45">
         <path>C:\Users\sitogor\Downloads\ti-cgt-c6000_8.3.12\lib\</path>
         <kind>archive</kind>
         <file>rts6600_elf.lib</file>
         <name>_ltoa.c.obj</name>
      </input_file>
      <input_file id="fl-46">
         <path>C:\Users\sitogor\Downloads\ti-cgt-c6000_8.3.12\lib\</path>
         <kind>archive</kind>
         <file>rts6600_elf.lib</file>
         <name>args_main.c.obj</name>
      </input_file>
      <input_file id="fl-47">
         <path>C:\Users\sitogor\Downloads\ti-cgt-c6000_8.3.12\lib\</path>
         <kind>archive</kind>
         <file>rts6600_elf.lib</file>
         <name>atoi.c.obj</name>
      </input_file>
      <input_file id="fl-48">
         <path>C:\Users\sitogor\Downloads\ti-cgt-c6000_8.3.12\lib\</path>
         <kind>archive</kind>
         <file>rts6600_elf.lib</file>
         <name>ctype.c.obj</name>
      </input_file>
      <input_file id="fl-49">
         <path>C:\Users\sitogor\Downloads\ti-cgt-c6000_8.3.12\lib\</path>
         <kind>archive</kind>
         <file>rts6600_elf.lib</file>
         <name>defs.c.obj</name>
      </input_file>
      <input_file id="fl-4a">
         <path>C:\Users\sitogor\Downloads\ti-cgt-c6000_8.3.12\lib\</path>
         <kind>archive</kind>
         <file>rts6600_elf.lib</file>
         <name>memccpy.c.obj</name>
      </input_file>
      <input_file id="fl-4b">
         <path>C:\Users\sitogor\Downloads\ti-cgt-c6000_8.3.12\lib\</path>
         <kind>archive</kind>
         <file>rts6600_elf.lib</file>
         <name>read.c.obj</name>
      </input_file>
      <input_file id="fl-4c">
         <path>C:\Users\sitogor\Downloads\ti-cgt-c6000_8.3.12\lib\</path>
         <kind>archive</kind>
         <file>rts6600_elf.lib</file>
         <name>write.c.obj</name>
      </input_file>
      <input_file id="fl-4d">
         <path>C:\Users\sitogor\Downloads\ti-cgt-c6000_8.3.12\lib\</path>
         <kind>archive</kind>
         <file>rts6600_elf.lib</file>
         <name>tls.c.obj</name>
      </input_file>
      <input_file id="fl-4e">
         <path>C:\Users\sitogor\Downloads\ti-cgt-c6000_8.3.12\lib\</path>
         <kind>archive</kind>
         <file>rts6600_elf.lib</file>
         <name>llabs.c.obj</name>
      </input_file>
      <input_file id="fl-4f">
         <path>C:\Users\sitogor\Downloads\ti-cgt-c6000_8.3.12\lib\</path>
         <kind>archive</kind>
         <file>rts6600_elf.lib</file>
         <name>errno.c.obj</name>
      </input_file>
      <input_file id="fl-50">
         <path>C:\Users\sitogor\Downloads\ti-cgt-c6000_8.3.12\lib\</path>
         <kind>archive</kind>
         <file>rts6600_elf.lib</file>
         <name>wcslen.c.obj</name>
      </input_file>
      <input_file id="fl-51">
         <path>C:\Users\sitogor\Downloads\ti-cgt-c6000_8.3.12\lib\</path>
         <kind>archive</kind>
         <file>rts6600_elf.lib</file>
         <name>_scanfi.c.obj</name>
      </input_file>
      <input_file id="fl-52">
         <path>C:\Users\sitogor\Downloads\ti-cgt-c6000_8.3.12\lib\</path>
         <kind>archive</kind>
         <file>rts6600_elf.lib</file>
         <name>fflush.c.obj</name>
      </input_file>
      <input_file id="fl-53">
         <path>C:\Users\sitogor\Downloads\ti-cgt-c6000_8.3.12\lib\</path>
         <kind>archive</kind>
         <file>rts6600_elf.lib</file>
         <name>fopen.c.obj</name>
      </input_file>
      <input_file id="fl-54">
         <path>C:\Users\sitogor\Downloads\ti-cgt-c6000_8.3.12\lib\</path>
         <kind>archive</kind>
         <file>rts6600_elf.lib</file>
         <name>fseek.c.obj</name>
      </input_file>
      <input_file id="fl-55">
         <path>C:\Users\sitogor\Downloads\ti-cgt-c6000_8.3.12\lib\</path>
         <kind>archive</kind>
         <file>rts6600_elf.lib</file>
         <name>tls_get_tp.asm.obj</name>
      </input_file>
      <input_file id="fl-56">
         <path>C:\Users\sitogor\Downloads\ti-cgt-c6000_8.3.12\lib\</path>
         <kind>archive</kind>
         <file>rts6600_elf.lib</file>
         <name>modf.c.obj</name>
      </input_file>
      <input_file id="fl-57">
         <path>C:\Users\sitogor\Downloads\ti-cgt-c6000_8.3.12\lib\</path>
         <kind>archive</kind>
         <file>rts6600_elf.lib</file>
         <name>round.c.obj</name>
      </input_file>
      <input_file id="fl-58">
         <path>C:\Users\sitogor\Downloads\ti-cgt-c6000_8.3.12\lib\</path>
         <kind>archive</kind>
         <file>rts6600_elf.lib</file>
         <name>lseek.c.obj</name>
      </input_file>
      <input_file id="fl-59">
         <path>C:\Users\sitogor\Downloads\ti-cgt-c6000_8.3.12\lib\</path>
         <kind>archive</kind>
         <file>rts6600_elf.lib</file>
         <name>open.c.obj</name>
      </input_file>
      <input_file id="fl-5a">
         <path>C:\Users\sitogor\Downloads\ti-cgt-c6000_8.3.12\lib\</path>
         <kind>archive</kind>
         <file>rts6600_elf.lib</file>
         <name>strtod.c.obj</name>
      </input_file>
      <input_file id="fl-5b">
         <path>C:\Users\sitogor\Downloads\ti-cgt-c6000_8.3.12\lib\</path>
         <kind>archive</kind>
         <file>rts6600_elf.lib</file>
         <name>strtol.c.obj</name>
      </input_file>
      <input_file id="fl-5c">
         <path>C:\Users\sitogor\Downloads\ti-cgt-c6000_8.3.12\lib\</path>
         <kind>archive</kind>
         <file>rts6600_elf.lib</file>
         <name>strtoll.c.obj</name>
      </input_file>
      <input_file id="fl-5d">
         <path>C:\Users\sitogor\Downloads\ti-cgt-c6000_8.3.12\lib\</path>
         <kind>archive</kind>
         <file>rts6600_elf.lib</file>
         <name>strtoul.c.obj</name>
      </input_file>
      <input_file id="fl-5e">
         <path>C:\Users\sitogor\Downloads\ti-cgt-c6000_8.3.12\lib\</path>
         <kind>archive</kind>
         <file>rts6600_elf.lib</file>
         <name>strtoull.c.obj</name>
      </input_file>
      <input_file id="fl-5f">
         <path>C:\Users\sitogor\Downloads\ti-cgt-c6000_8.3.12\lib\</path>
         <kind>archive</kind>
         <file>rts6600_elf.lib</file>
         <name>hostclose.c.obj</name>
      </input_file>
      <input_file id="fl-60">
         <path>C:\Users\sitogor\Downloads\ti-cgt-c6000_8.3.12\lib\</path>
         <kind>archive</kind>
         <file>rts6600_elf.lib</file>
         <name>hostlseek.c.obj</name>
      </input_file>
      <input_file id="fl-61">
         <path>C:\Users\sitogor\Downloads\ti-cgt-c6000_8.3.12\lib\</path>
         <kind>archive</kind>
         <file>rts6600_elf.lib</file>
         <name>hostopen.c.obj</name>
      </input_file>
      <input_file id="fl-62">
         <path>C:\Users\sitogor\Downloads\ti-cgt-c6000_8.3.12\lib\</path>
         <kind>archive</kind>
         <file>rts6600_elf.lib</file>
         <name>hostread.c.obj</name>
      </input_file>
      <input_file id="fl-63">
         <path>C:\Users\sitogor\Downloads\ti-cgt-c6000_8.3.12\lib\</path>
         <kind>archive</kind>
         <file>rts6600_elf.lib</file>
         <name>hostrename.c.obj</name>
      </input_file>
      <input_file id="fl-64">
         <path>C:\Users\sitogor\Downloads\ti-cgt-c6000_8.3.12\lib\</path>
         <kind>archive</kind>
         <file>rts6600_elf.lib</file>
         <name>hostunlink.c.obj</name>
      </input_file>
      <input_file id="fl-65">
         <path>C:\Users\sitogor\Downloads\ti-cgt-c6000_8.3.12\lib\</path>
         <kind>archive</kind>
         <file>rts6600_elf.lib</file>
         <name>hostwrite.c.obj</name>
      </input_file>
      <input_file id="fl-66">
         <path>C:\Users\sitogor\Downloads\ti-cgt-c6000_8.3.12\lib\</path>
         <kind>archive</kind>
         <file>rts6600_elf.lib</file>
         <name>trgmsg.c.obj</name>
      </input_file>
      <input_file id="fl-67">
         <path>C:\Users\sitogor\Downloads\ti-cgt-c6000_8.3.12\lib\</path>
         <kind>archive</kind>
         <file>rts6600_elf.lib</file>
         <name>fclose.c.obj</name>
      </input_file>
      <input_file id="fl-68">
         <path>C:\Users\sitogor\Downloads\ti-cgt-c6000_8.3.12\lib\</path>
         <kind>archive</kind>
         <file>rts6600_elf.lib</file>
         <name>getdevice.c.obj</name>
      </input_file>
      <input_file id="fl-69">
         <path>C:\Users\sitogor\Downloads\ti-cgt-c6000_8.3.12\lib\</path>
         <kind>archive</kind>
         <file>rts6600_elf.lib</file>
         <name>remu.asm.obj</name>
      </input_file>
      <input_file id="fl-6a">
         <path>C:\Users\sitogor\Downloads\ti-cgt-c6000_8.3.12\lib\</path>
         <kind>archive</kind>
         <file>rts6600_elf.lib</file>
         <name>close.c.obj</name>
      </input_file>
      <input_file id="fl-6b">
         <path>C:\Users\sitogor\Downloads\ti-cgt-c6000_8.3.12\lib\</path>
         <kind>archive</kind>
         <file>rts6600_elf.lib</file>
         <name>remove.c.obj</name>
      </input_file>
      <input_file id="fl-6c">
         <path>C:\Users\sitogor\Downloads\ti-cgt-c6000_8.3.12\lib\</path>
         <kind>archive</kind>
         <file>rts6600_elf.lib</file>
         <name>unlink.c.obj</name>
      </input_file>
   </input_file_list>
   <object_component_list>
      <object_component id="oc-1b3">
         <name>.text:__TI_scanfi</name>
         <load_address>0xc000000</load_address>
         <run_address>0xc000000</run_address>
         <size>0x2100</size>
         <input_file_ref idref="fl-51"/>
      </object_component>
      <object_component id="oc-184">
         <name>.text:__TI_printfi</name>
         <load_address>0xc002100</load_address>
         <run_address>0xc002100</run_address>
         <size>0x2000</size>
         <input_file_ref idref="fl-21"/>
      </object_component>
      <object_component id="oc-90">
         <name>.text</name>
         <load_address>0xc004100</load_address>
         <run_address>0xc004100</run_address>
         <size>0xb00</size>
         <input_file_ref idref="fl-2"/>
      </object_component>
      <object_component id="oc-29c">
         <name>.text:strtod</name>
         <load_address>0xc004c00</load_address>
         <run_address>0xc004c00</run_address>
         <size>0x920</size>
         <input_file_ref idref="fl-5a"/>
      </object_component>
      <object_component id="oc-22a">
         <name>.text:_pconv_a</name>
         <load_address>0xc005520</load_address>
         <run_address>0xc005520</run_address>
         <size>0x640</size>
         <input_file_ref idref="fl-21"/>
      </object_component>
      <object_component id="oc-301">
         <name>.text:__c6xabi_divd</name>
         <load_address>0xc005b60</load_address>
         <run_address>0xc005b60</run_address>
         <size>0x600</size>
         <input_file_ref idref="fl-40"/>
      </object_component>
      <object_component id="oc-2a8">
         <name>.text:strtoll</name>
         <load_address>0xc006160</load_address>
         <run_address>0xc006160</run_address>
         <size>0x4c0</size>
         <input_file_ref idref="fl-5c"/>
      </object_component>
      <object_component id="oc-218">
         <name>.text:_pconv_g</name>
         <load_address>0xc006620</load_address>
         <run_address>0xc006620</run_address>
         <size>0x440</size>
         <input_file_ref idref="fl-21"/>
      </object_component>
      <object_component id="oc-296">
         <name>.text:strtoull</name>
         <load_address>0xc006a60</load_address>
         <run_address>0xc006a60</run_address>
         <size>0x420</size>
         <input_file_ref idref="fl-5e"/>
      </object_component>
      <object_component id="oc-3ef">
         <name>.text:free</name>
         <load_address>0xc006e80</load_address>
         <run_address>0xc006e80</run_address>
         <size>0x3c0</size>
         <input_file_ref idref="fl-43"/>
      </object_component>
      <object_component id="oc-2a2">
         <name>.text:strtol</name>
         <load_address>0xc007240</load_address>
         <run_address>0xc007240</run_address>
         <size>0x3a0</size>
         <input_file_ref idref="fl-5b"/>
      </object_component>
      <object_component id="oc-290">
         <name>.text:strtoul</name>
         <load_address>0xc0075e0</load_address>
         <run_address>0xc0075e0</run_address>
         <size>0x300</size>
         <input_file_ref idref="fl-5d"/>
      </object_component>
      <object_component id="oc-1ee">
         <name>.text:fputs</name>
         <load_address>0xc0078e0</load_address>
         <run_address>0xc0078e0</run_address>
         <size>0x2e0</size>
         <input_file_ref idref="fl-25"/>
      </object_component>
      <object_component id="oc-224">
         <name>.text:_pconv_e</name>
         <load_address>0xc007bc0</load_address>
         <run_address>0xc007bc0</run_address>
         <size>0x2c0</size>
         <input_file_ref idref="fl-21"/>
      </object_component>
      <object_component id="oc-31a">
         <name>.text:fcvt</name>
         <load_address>0xc007e80</load_address>
         <run_address>0xc007e80</run_address>
         <size>0x2c0</size>
         <input_file_ref idref="fl-21"/>
      </object_component>
      <object_component id="oc-110">
         <name>.text:__c6xabi_divf</name>
         <load_address>0xc008140</load_address>
         <run_address>0xc008140</run_address>
         <size>0x2a0</size>
         <input_file_ref idref="fl-3f"/>
      </object_component>
      <object_component id="oc-11c">
         <name>.text:sin</name>
         <load_address>0xc0083e0</load_address>
         <run_address>0xc0083e0</run_address>
         <size>0x2a0</size>
         <input_file_ref idref="fl-3c"/>
      </object_component>
      <object_component id="oc-2ec">
         <name>.text:__c6xabi_divull</name>
         <load_address>0xc008680</load_address>
         <run_address>0xc008680</run_address>
         <size>0x240</size>
         <input_file_ref idref="fl-2f"/>
      </object_component>
      <object_component id="oc-2f2">
         <name>.text:__c6xabi_divul</name>
         <load_address>0xc0088c0</load_address>
         <run_address>0xc0088c0</run_address>
         <size>0x1c0</size>
         <input_file_ref idref="fl-2e"/>
      </object_component>
      <object_component id="oc-200">
         <name>.text:_ltostr</name>
         <load_address>0xc008a80</load_address>
         <run_address>0xc008a80</run_address>
         <size>0x1c0</size>
         <input_file_ref idref="fl-21"/>
      </object_component>
      <object_component id="oc-1e7">
         <name>.text:fputc</name>
         <load_address>0xc008c40</load_address>
         <run_address>0xc008c40</run_address>
         <size>0x1c0</size>
         <input_file_ref idref="fl-24"/>
      </object_component>
      <object_component id="oc-328">
         <name>.text:ldexp</name>
         <load_address>0xc008e00</load_address>
         <run_address>0xc008e00</run_address>
         <size>0x1c0</size>
         <input_file_ref idref="fl-3b"/>
      </object_component>
      <object_component id="oc-3f5">
         <name>.text:malloc</name>
         <load_address>0xc008fc0</load_address>
         <run_address>0xc008fc0</run_address>
         <size>0x1c0</size>
         <input_file_ref idref="fl-43"/>
      </object_component>
      <object_component id="oc-363">
         <name>.text:setvbuf</name>
         <load_address>0xc009180</load_address>
         <run_address>0xc009180</run_address>
         <size>0x1c0</size>
         <input_file_ref idref="fl-28"/>
      </object_component>
      <object_component id="oc-4a7">
         <name>.text:HOSTrename</name>
         <load_address>0xc009340</load_address>
         <run_address>0xc009340</run_address>
         <size>0x1a0</size>
         <input_file_ref idref="fl-63"/>
      </object_component>
      <object_component id="oc-322">
         <name>.text:frexp</name>
         <load_address>0xc0094e0</load_address>
         <run_address>0xc0094e0</run_address>
         <size>0x1a0</size>
         <input_file_ref idref="fl-39"/>
      </object_component>
      <object_component id="oc-1a1">
         <name>.text:_chkmbc</name>
         <load_address>0xc009680</load_address>
         <run_address>0xc009680</run_address>
         <size>0x180</size>
         <input_file_ref idref="fl-22"/>
      </object_component>
      <object_component id="oc-355">
         <name>.text:__TI_buff_read</name>
         <load_address>0xc009800</load_address>
         <run_address>0xc009800</run_address>
         <size>0x160</size>
         <input_file_ref idref="fl-26"/>
      </object_component>
      <object_component id="oc-27e">
         <name>.text:_sproc_str</name>
         <load_address>0xc009960</load_address>
         <run_address>0xc009960</run_address>
         <size>0x140</size>
         <input_file_ref idref="fl-51"/>
      </object_component>
      <object_component id="oc-284">
         <name>.text:_sproc_wstr</name>
         <load_address>0xc009aa0</load_address>
         <run_address>0xc009aa0</run_address>
         <size>0x140</size>
         <input_file_ref idref="fl-51"/>
      </object_component>
      <object_component id="oc-26f">
         <name>.text:fgetc</name>
         <load_address>0xc009be0</load_address>
         <run_address>0xc009be0</run_address>
         <size>0x140</size>
         <input_file_ref idref="fl-23"/>
      </object_component>
      <object_component id="oc-21e">
         <name>.text:_pconv_f</name>
         <load_address>0xc009d20</load_address>
         <run_address>0xc009d20</run_address>
         <size>0x120</size>
         <input_file_ref idref="fl-21"/>
      </object_component>
      <object_component id="oc-4f3">
         <name>.text:getdevice</name>
         <load_address>0xc009e40</load_address>
         <run_address>0xc009e40</run_address>
         <size>0x120</size>
         <input_file_ref idref="fl-68"/>
      </object_component>
      <object_component id="oc-476">
         <name>.text:__TI_closefile</name>
         <load_address>0xc009f60</load_address>
         <run_address>0xc009f60</run_address>
         <size>0x100</size>
         <input_file_ref idref="fl-67"/>
      </object_component>
      <object_component id="oc-3d">
         <name>.text:__TI_decompress_rle_core</name>
         <load_address>0xc00a060</load_address>
         <run_address>0xc00a060</run_address>
         <size>0x100</size>
         <input_file_ref idref="fl-38"/>
      </object_component>
      <object_component id="oc-313">
         <name>.text:_mcpy</name>
         <load_address>0xc00a160</load_address>
         <run_address>0xc00a160</run_address>
         <size>0x100</size>
         <input_file_ref idref="fl-21"/>
      </object_component>
      <object_component id="oc-1fa">
         <name>.text:atoi</name>
         <load_address>0xc00a260</load_address>
         <run_address>0xc00a260</run_address>
         <size>0x100</size>
         <input_file_ref idref="fl-47"/>
      </object_component>
      <object_component id="oc-38b">
         <name>.text:fseek</name>
         <load_address>0xc00a360</load_address>
         <run_address>0xc00a360</run_address>
         <size>0x100</size>
         <input_file_ref idref="fl-54"/>
      </object_component>
      <object_component id="oc-275">
         <name>.text:ungetc</name>
         <load_address>0xc00a460</load_address>
         <run_address>0xc00a460</run_address>
         <size>0x100</size>
         <input_file_ref idref="fl-29"/>
      </object_component>
      <object_component id="oc-49b">
         <name>.text:HOSTlseek</name>
         <load_address>0xc00a560</load_address>
         <run_address>0xc00a560</run_address>
         <size>0xe0</size>
         <input_file_ref idref="fl-60"/>
      </object_component>
      <object_component id="oc-483">
         <name>.text:HOSTopen</name>
         <load_address>0xc00a640</load_address>
         <run_address>0xc00a640</run_address>
         <size>0xe0</size>
         <input_file_ref idref="fl-61"/>
      </object_component>
      <object_component id="oc-495">
         <name>.text:HOSTwrite</name>
         <load_address>0xc00a720</load_address>
         <run_address>0xc00a720</run_address>
         <size>0xe0</size>
         <input_file_ref idref="fl-65"/>
      </object_component>
      <object_component id="oc-307">
         <name>.text:__TI_ltoa</name>
         <load_address>0xc00a800</load_address>
         <run_address>0xc00a800</run_address>
         <size>0xe0</size>
         <input_file_ref idref="fl-45"/>
      </object_component>
      <object_component id="oc-2d3">
         <name>.text:__TI_wrt_ok</name>
         <load_address>0xc00a8e0</load_address>
         <run_address>0xc00a8e0</run_address>
         <size>0xe0</size>
         <input_file_ref idref="fl-27"/>
      </object_component>
      <object_component id="oc-4c4">
         <name>.text:close</name>
         <load_address>0xc00a9c0</load_address>
         <run_address>0xc00a9c0</run_address>
         <size>0xe0</size>
         <input_file_ref idref="fl-6a"/>
      </object_component>
      <object_component id="oc-5b">
         <name>.text:exit</name>
         <load_address>0xc00aaa0</load_address>
         <run_address>0xc00aaa0</run_address>
         <size>0xe0</size>
         <input_file_ref idref="fl-42"/>
      </object_component>
      <object_component id="oc-7c">
         <name>.text:memset</name>
         <load_address>0xc00ab80</load_address>
         <run_address>0xc00ab80</run_address>
         <size>0xe0</size>
         <input_file_ref idref="fl-31"/>
      </object_component>
      <object_component id="oc-116">
         <name>.text:printf</name>
         <load_address>0xc00ac60</load_address>
         <run_address>0xc00ac60</run_address>
         <size>0xe0</size>
         <input_file_ref idref="fl-20"/>
      </object_component>
      <object_component id="oc-122">
         <name>.text:scanf</name>
         <load_address>0xc00ad40</load_address>
         <run_address>0xc00ad40</run_address>
         <size>0xe0</size>
         <input_file_ref idref="fl-22"/>
      </object_component>
      <object_component id="oc-48f">
         <name>.text:HOSTread</name>
         <load_address>0xc00ae20</load_address>
         <run_address>0xc00ae20</run_address>
         <size>0xc0</size>
         <input_file_ref idref="fl-62"/>
      </object_component>
      <object_component id="oc-4a1">
         <name>.text:HOSTunlink</name>
         <load_address>0xc00aee0</load_address>
         <run_address>0xc00aee0</run_address>
         <size>0xc0</size>
         <input_file_ref idref="fl-64"/>
      </object_component>
      <object_component id="oc-a4">
         <name>.text:__TI_auto_init_nobinit_nopinit:__TI_auto_init_nobinit_nopinit</name>
         <load_address>0xc00afa0</load_address>
         <run_address>0xc00afa0</run_address>
         <size>0xc0</size>
         <input_file_ref idref="fl-32"/>
      </object_component>
      <object_component id="oc-2f8">
         <name>.text:__divu</name>
         <load_address>0xc00b060</load_address>
         <run_address>0xc00b060</run_address>
         <size>0xc0</size>
         <input_file_ref idref="fl-2b"/>
      </object_component>
      <object_component id="oc-468">
         <name>.text:minsert</name>
         <load_address>0xc00b120</load_address>
         <run_address>0xc00b120</run_address>
         <size>0xc0</size>
         <input_file_ref idref="fl-43"/>
      </object_component>
      <object_component id="oc-46e">
         <name>.text:mremove</name>
         <load_address>0xc00b1e0</load_address>
         <run_address>0xc00b1e0</run_address>
         <size>0xc0</size>
         <input_file_ref idref="fl-43"/>
      </object_component>
      <object_component id="oc-13b">
         <name>.text:tls:init:__TI_tls_init</name>
         <load_address>0xc00b2a0</load_address>
         <run_address>0xc00b2a0</run_address>
         <size>0xc0</size>
         <input_file_ref idref="fl-4d"/>
      </object_component>
      <object_component id="oc-489">
         <name>.text:HOSTclose</name>
         <load_address>0xc00b360</load_address>
         <run_address>0xc00b360</run_address>
         <size>0xa0</size>
         <input_file_ref idref="fl-5f"/>
      </object_component>
      <object_component id="oc-3fb">
         <name>.text:__TI_cleanup</name>
         <load_address>0xc00b400</load_address>
         <run_address>0xc00b400</run_address>
         <size>0xa0</size>
         <input_file_ref idref="fl-53"/>
      </object_component>
      <object_component id="oc-2d9">
         <name>.text:__TI_doflush</name>
         <load_address>0xc00b4a0</load_address>
         <run_address>0xc00b4a0</run_address>
         <size>0xa0</size>
         <input_file_ref idref="fl-52"/>
      </object_component>
      <object_component id="oc-34f">
         <name>.text:__TI_rd_ok</name>
         <load_address>0xc00b540</load_address>
         <run_address>0xc00b540</run_address>
         <size>0xa0</size>
         <input_file_ref idref="fl-27"/>
      </object_component>
      <object_component id="oc-193">
         <name>.text:__c6xabi_nround</name>
         <load_address>0xc00b5e0</load_address>
         <run_address>0xc00b5e0</run_address>
         <size>0xa0</size>
         <input_file_ref idref="fl-57"/>
      </object_component>
      <object_component id="oc-37a">
         <name>.text:__remu</name>
         <load_address>0xc00b680</load_address>
         <run_address>0xc00b680</run_address>
         <size>0xa0</size>
         <input_file_ref idref="fl-69"/>
      </object_component>
      <object_component id="oc-30d">
         <name>.text:_ecpy</name>
         <load_address>0xc00b720</load_address>
         <run_address>0xc00b720</run_address>
         <size>0xa0</size>
         <input_file_ref idref="fl-21"/>
      </object_component>
      <object_component id="oc-513">
         <name>.text:finddevice</name>
         <load_address>0xc00b7c0</load_address>
         <run_address>0xc00b7c0</run_address>
         <size>0xa0</size>
         <input_file_ref idref="fl-68"/>
      </object_component>
      <object_component id="oc-31">
         <name>.text:memcpy</name>
         <load_address>0xc00b860</load_address>
         <run_address>0xc00b860</run_address>
         <size>0xa0</size>
         <input_file_ref idref="fl-2c"/>
      </object_component>
      <object_component id="oc-199">
         <name>.text:modf</name>
         <load_address>0xc00b900</load_address>
         <run_address>0xc00b900</run_address>
         <size>0xa0</size>
         <input_file_ref idref="fl-56"/>
      </object_component>
      <object_component id="oc-4de">
         <name>.text:__TI_readmsg</name>
         <load_address>0xc00b9a0</load_address>
         <run_address>0xc00b9a0</run_address>
         <size>0x80</size>
         <input_file_ref idref="fl-66"/>
      </object_component>
      <object_component id="oc-3a0">
         <name>.text:__c6xabi_llshl</name>
         <load_address>0xc00ba20</load_address>
         <run_address>0xc00ba20</run_address>
         <size>0x80</size>
         <input_file_ref idref="fl-30"/>
      </object_component>
      <object_component id="oc-25">
         <name>.text:_c_int00</name>
         <load_address>0xc00baa0</load_address>
         <run_address>0xc00baa0</run_address>
         <size>0x80</size>
         <input_file_ref idref="fl-2d"/>
      </object_component>
      <object_component id="oc-4ca">
         <name>.text:unlink</name>
         <load_address>0xc00bb20</load_address>
         <run_address>0xc00bb20</run_address>
         <size>0x80</size>
         <input_file_ref idref="fl-6c"/>
      </object_component>
      <object_component id="oc-3b7">
         <name>.text:__TI_frcmpyd_div</name>
         <load_address>0xc00bba0</load_address>
         <run_address>0xc00bba0</run_address>
         <size>0x60</size>
         <input_file_ref idref="fl-41"/>
      </object_component>
      <object_component id="oc-4d8">
         <name>.text:__TI_writemsg</name>
         <load_address>0xc00bc00</load_address>
         <run_address>0xc00bc00</run_address>
         <size>0x60</size>
         <input_file_ref idref="fl-66"/>
      </object_component>
      <object_component id="oc-3ac">
         <name>.text:__c6xabi_llshru</name>
         <load_address>0xc00bc60</load_address>
         <run_address>0xc00bc60</run_address>
         <size>0x60</size>
         <input_file_ref idref="fl-30"/>
      </object_component>
      <object_component id="oc-381">
         <name>.text:__c6xabi_remull</name>
         <load_address>0xc00bcc0</load_address>
         <run_address>0xc00bcc0</run_address>
         <size>0x60</size>
         <input_file_ref idref="fl-2f"/>
      </object_component>
      <object_component id="oc-3a6">
         <name>.text:_subcull</name>
         <load_address>0xc00bd20</load_address>
         <run_address>0xc00bd20</run_address>
         <size>0x60</size>
         <input_file_ref idref="fl-2f"/>
      </object_component>
      <object_component id="oc-41a">
         <name>.text:lseek</name>
         <load_address>0xc00bd80</load_address>
         <run_address>0xc00bd80</run_address>
         <size>0x60</size>
         <input_file_ref idref="fl-58"/>
      </object_component>
      <object_component id="oc-230">
         <name>.text:memccpy</name>
         <load_address>0xc00bde0</load_address>
         <run_address>0xc00bde0</run_address>
         <size>0x60</size>
         <input_file_ref idref="fl-4a"/>
      </object_component>
      <object_component id="oc-35b">
         <name>.text:read</name>
         <load_address>0xc00be40</load_address>
         <run_address>0xc00be40</run_address>
         <size>0x60</size>
         <input_file_ref idref="fl-4b"/>
      </object_component>
      <object_component id="oc-28a">
         <name>.text:strrchr</name>
         <load_address>0xc00bea0</load_address>
         <run_address>0xc00bea0</run_address>
         <size>0x60</size>
         <input_file_ref idref="fl-51"/>
      </object_component>
      <object_component id="oc-2df">
         <name>.text:write</name>
         <load_address>0xc00bf00</load_address>
         <run_address>0xc00bf00</run_address>
         <size>0x60</size>
         <input_file_ref idref="fl-4c"/>
      </object_component>
      <object_component id="oc-20c">
         <name>.text:__c6xabi_isinf</name>
         <load_address>0xc00bf60</load_address>
         <run_address>0xc00bf60</run_address>
         <size>0x40</size>
         <input_file_ref idref="fl-3a"/>
      </object_component>
      <object_component id="oc-206">
         <name>.text:__c6xabi_isnan</name>
         <load_address>0xc00bfa0</load_address>
         <run_address>0xc00bfa0</run_address>
         <size>0x40</size>
         <input_file_ref idref="fl-21"/>
      </object_component>
      <object_component id="oc-55">
         <name>.text:_args_main</name>
         <load_address>0xc00bfe0</load_address>
         <run_address>0xc00bfe0</run_address>
         <size>0x40</size>
         <input_file_ref idref="fl-46"/>
      </object_component>
      <object_component id="oc-236">
         <name>.text:wcslen</name>
         <load_address>0xc00c020</load_address>
         <run_address>0xc00c020</run_address>
         <size>0x40</size>
         <input_file_ref idref="fl-50"/>
      </object_component>
      <object_component id="oc-23c">
         <name>.text:__c6xabi_errno_addr</name>
         <load_address>0xc00c060</load_address>
         <run_address>0xc00c060</run_address>
         <size>0x20</size>
         <input_file_ref idref="fl-4f"/>
      </object_component>
      <object_component id="oc-18d">
         <name>.text:__c6xabi_trunc</name>
         <load_address>0xc00c080</load_address>
         <run_address>0xc00c080</run_address>
         <size>0x20</size>
         <input_file_ref idref="fl-3d"/>
      </object_component>
      <object_component id="oc-242">
         <name>.text:__pop_rts</name>
         <load_address>0xc00c0a0</load_address>
         <run_address>0xc00c0a0</run_address>
         <size>0x20</size>
         <input_file_ref idref="fl-2a"/>
      </object_component>
      <object_component id="oc-1f5">
         <name>.text:__push_rts</name>
         <load_address>0xc00c0c0</load_address>
         <run_address>0xc00c0c0</run_address>
         <size>0x20</size>
         <input_file_ref idref="fl-2a"/>
      </object_component>
      <object_component id="oc-1a7">
         <name>.text:_inpchar</name>
         <load_address>0xc00c0e0</load_address>
         <run_address>0xc00c0e0</run_address>
         <size>0x20</size>
         <input_file_ref idref="fl-22"/>
      </object_component>
      <object_component id="oc-1d8">
         <name>.text:_nop</name>
         <load_address>0xc00c100</load_address>
         <run_address>0xc00c100</run_address>
         <size>0x20</size>
         <input_file_ref idref="fl-44"/>
      </object_component>
      <object_component id="oc-178">
         <name>.text:_outc</name>
         <load_address>0xc00c120</load_address>
         <run_address>0xc00c120</run_address>
         <size>0x20</size>
         <input_file_ref idref="fl-20"/>
      </object_component>
      <object_component id="oc-17e">
         <name>.text:_outs</name>
         <load_address>0xc00c140</load_address>
         <run_address>0xc00c140</run_address>
         <size>0x20</size>
         <input_file_ref idref="fl-20"/>
      </object_component>
      <object_component id="oc-212">
         <name>.text:_signbit</name>
         <load_address>0xc00c160</load_address>
         <run_address>0xc00c160</run_address>
         <size>0x20</size>
         <input_file_ref idref="fl-3e"/>
      </object_component>
      <object_component id="oc-135">
         <name>.text:_system_post_cinit</name>
         <load_address>0xc00c180</load_address>
         <run_address>0xc00c180</run_address>
         <size>0x20</size>
         <input_file_ref idref="fl-34"/>
      </object_component>
      <object_component id="oc-61">
         <name>.text:_system_pre_init</name>
         <load_address>0xc00c1a0</load_address>
         <run_address>0xc00c1a0</run_address>
         <size>0x20</size>
         <input_file_ref idref="fl-33"/>
      </object_component>
      <object_component id="oc-1ad">
         <name>.text:_uninpchar</name>
         <load_address>0xc00c1c0</load_address>
         <run_address>0xc00c1c0</run_address>
         <size>0x20</size>
         <input_file_ref idref="fl-22"/>
      </object_component>
      <object_component id="oc-9b">
         <name>.text:abort</name>
         <load_address>0xc00c1e0</load_address>
         <run_address>0xc00c1e0</run_address>
         <size>0x20</size>
         <input_file_ref idref="fl-42"/>
      </object_component>
      <object_component id="oc-18">
         <name>.text:decompress:none:__TI_decompress_none</name>
         <load_address>0xc00c200</load_address>
         <run_address>0xc00c200</run_address>
         <size>0x20</size>
         <input_file_ref idref="fl-37"/>
      </object_component>
      <object_component id="oc-1e">
         <name>.text:decompress:rle24:__TI_decompress_rle24</name>
         <load_address>0xc00c220</load_address>
         <run_address>0xc00c220</run_address>
         <size>0x20</size>
         <input_file_ref idref="fl-38"/>
      </object_component>
      <object_component id="oc-2b">
         <name>.stack</name>
         <uninitialized>true</uninitialized>
         <run_address>0xc00c240</run_address>
         <size>0x8</size>
         <input_file_ref idref="fl-2d"/>
      </object_component>
      <object_component id="oc-558">
         <name>.stack</name>
         <uninitialized>true</uninitialized>
         <run_address>0xc00c240</run_address>
         <size>0x0</size>
      </object_component>
      <object_component id="oc-10f">
         <name>.common:digit</name>
         <uninitialized>true</uninitialized>
         <run_address>0xc00e0b4</run_address>
         <size>0x1</size>
      </object_component>
      <object_component id="oc-ff">
         <name>.common:key</name>
         <uninitialized>true</uninitialized>
         <run_address>0xc00e0b5</run_address>
         <size>0x1</size>
      </object_component>
      <object_component id="oc-f1">
         <name>.common:i</name>
         <uninitialized>true</uninitialized>
         <run_address>0xc00e098</run_address>
         <size>0x4</size>
      </object_component>
      <object_component id="oc-f4">
         <name>.common:n</name>
         <uninitialized>true</uninitialized>
         <run_address>0xc00e0ac</run_address>
         <size>0x4</size>
      </object_component>
      <object_component id="oc-10c">
         <name>.common:N</name>
         <uninitialized>true</uninitialized>
         <run_address>0xc00e08c</run_address>
         <size>0x4</size>
      </object_component>
      <object_component id="oc-10d">
         <name>.common:tick</name>
         <uninitialized>true</uninitialized>
         <run_address>0xc00e0b0</run_address>
         <size>0x4</size>
      </object_component>
      <object_component id="oc-104">
         <name>.common:freq1</name>
         <uninitialized>true</uninitialized>
         <run_address>0xc00e090</run_address>
         <size>0x4</size>
      </object_component>
      <object_component id="oc-105">
         <name>.common:freq2</name>
         <uninitialized>true</uninitialized>
         <run_address>0xc00e094</run_address>
         <size>0x4</size>
      </object_component>
      <object_component id="oc-106">
         <name>.common:mag1</name>
         <uninitialized>true</uninitialized>
         <run_address>0xc00e09c</run_address>
         <size>0x4</size>
      </object_component>
      <object_component id="oc-107">
         <name>.common:mag2</name>
         <uninitialized>true</uninitialized>
         <run_address>0xc00e0a0</run_address>
         <size>0x4</size>
      </object_component>
      <object_component id="oc-f9">
         <name>.common:max_float0</name>
         <uninitialized>true</uninitialized>
         <run_address>0xc00e0a4</run_address>
         <size>0x4</size>
      </object_component>
      <object_component id="oc-fa">
         <name>.common:max_float1</name>
         <uninitialized>true</uninitialized>
         <run_address>0xc00e0a8</run_address>
         <size>0x4</size>
      </object_component>
      <object_component id="oc-4ff">
         <name>.cio</name>
         <uninitialized>true</uninitialized>
         <run_address>0xc00de50</run_address>
         <size>0x120</size>
         <input_file_ref idref="fl-66"/>
      </object_component>
      <object_component id="oc-100">
         <name>.const:.string</name>
         <load_address>0xc00da98</load_address>
         <run_address>0xc00da98</run_address>
         <size>0x1a0</size>
         <input_file_ref idref="fl-2"/>
      </object_component>
      <object_component id="oc-26c">
         <name>.const:.string:_ctypes_</name>
         <load_address>0xc00dc38</load_address>
         <run_address>0xc00dc38</run_address>
         <size>0x101</size>
         <input_file_ref idref="fl-48"/>
      </object_component>
      <object_component id="oc-372">
         <name>.const:digits</name>
         <load_address>0xc00dd40</load_address>
         <run_address>0xc00dd40</run_address>
         <size>0x80</size>
         <input_file_ref idref="fl-5a"/>
      </object_component>
      <object_component id="oc-375">
         <name>.const:powerof10</name>
         <load_address>0xc00ddc0</load_address>
         <run_address>0xc00ddc0</run_address>
         <size>0x48</size>
         <input_file_ref idref="fl-5a"/>
      </object_component>
      <object_component id="oc-247">
         <name>.const:.string</name>
         <load_address>0xc00de08</load_address>
         <run_address>0xc00de08</run_address>
         <size>0x24</size>
         <input_file_ref idref="fl-21"/>
      </object_component>
      <object_component id="oc-2af">
         <name>.const:.string</name>
         <load_address>0xc00de2c</load_address>
         <run_address>0xc00de2c</run_address>
         <size>0x10</size>
         <input_file_ref idref="fl-51"/>
      </object_component>
      <object_component id="oc-2b0">
         <name>.const:.string:flit$1</name>
         <load_address>0xc00de40</load_address>
         <run_address>0xc00de40</run_address>
         <size>0x7</size>
         <input_file_ref idref="fl-51"/>
      </object_component>
      <object_component id="oc-2b1">
         <name>.const:.string:barr$2</name>
         <load_address>0xc00de48</load_address>
         <run_address>0xc00de48</run_address>
         <size>0x6</size>
         <input_file_ref idref="fl-51"/>
      </object_component>
      <object_component id="oc-10b">
         <name>.switch:Generate_tones</name>
         <load_address>0xc00df70</load_address>
         <run_address>0xc00df70</run_address>
         <size>0x88</size>
         <input_file_ref idref="fl-2"/>
      </object_component>
      <object_component id="oc-2ae">
         <name>.switch:__TI_scanfi</name>
         <load_address>0xc00dff8</load_address>
         <run_address>0xc00dff8</run_address>
         <size>0x5c</size>
         <input_file_ref idref="fl-51"/>
      </object_component>
      <object_component id="oc-248">
         <name>.switch:__TI_printfi</name>
         <load_address>0xc00e054</load_address>
         <run_address>0xc00e054</run_address>
         <size>0x38</size>
         <input_file_ref idref="fl-21"/>
      </object_component>
      <object_component id="oc-2e">
         <name>.sysmem</name>
         <uninitialized>true</uninitialized>
         <run_address>0xc00ca40</run_address>
         <size>0x8</size>
         <input_file_ref idref="fl-43"/>
      </object_component>
      <object_component id="oc-559">
         <name>.sysmem</name>
         <uninitialized>true</uninitialized>
         <run_address>0xc00ca40</run_address>
         <size>0x0</size>
      </object_component>
      <object_component id="oc-f8">
         <name>.common:magnitudes</name>
         <uninitialized>true</uninitialized>
         <run_address>0xc00d6b8</run_address>
         <size>0x20</size>
      </object_component>
      <object_component id="oc-10e">
         <name>.common:samples</name>
         <uninitialized>true</uninitialized>
         <run_address>0xc00d240</run_address>
         <size>0x334</size>
      </object_component>
      <object_component id="oc-fb">
         <name>.common:max_float_index</name>
         <uninitialized>true</uninitialized>
         <run_address>0xc00d6d8</run_address>
         <size>0x8</size>
      </object_component>
      <object_component id="oc-4d0">
         <name>.common:__TI_tmpnams</name>
         <uninitialized>true</uninitialized>
         <run_address>0xc00d578</run_address>
         <size>0x140</size>
      </object_component>
      <object_component id="oc-4d5">
         <name>.common:parmbuf</name>
         <uninitialized>true</uninitialized>
         <run_address>0xc00d6e0</run_address>
         <size>0x8</size>
      </object_component>
      <object_component id="oc-557">
         <name>.cinit..fardata.load</name>
         <load_address>0xc00e0c0</load_address>
         <run_address>0xc00e0c0</run_address>
         <size>0xfe</size>
      </object_component>
      <object_component id="oc-555">
         <name>.cinit..far.load</name>
         <load_address>0xc00e1be</load_address>
         <run_address>0xc00e1be</run_address>
         <size>0xb</size>
      </object_component>
      <object_component id="oc-556">
         <name>.cinit..neardata.load</name>
         <load_address>0xc00e1c9</load_address>
         <run_address>0xc00e1c9</run_address>
         <size>0xa</size>
      </object_component>
      <object_component id="oc-554">
         <name>.cinit..bss.load</name>
         <load_address>0xc00e1d3</load_address>
         <run_address>0xc00e1d3</run_address>
         <size>0x9</size>
      </object_component>
      <object_component id="oc-552">
         <name>__TI_handler_table</name>
         <load_address>0xc00e1dc</load_address>
         <run_address>0xc00e1dc</run_address>
         <size>0x8</size>
      </object_component>
      <object_component id="oc-553">
         <name>__TI_cinit_table</name>
         <load_address>0xc00e1e8</load_address>
         <run_address>0xc00e1e8</run_address>
         <size>0x20</size>
      </object_component>
      <object_component id="oc-108">
         <name>.neardata</name>
         <load_address>0xc00e0b8</load_address>
         <run_address>0xc00e0b8</run_address>
         <size>0x8</size>
         <input_file_ref idref="fl-2"/>
      </object_component>
      <object_component id="oc-f5">
         <name>.fardata:coef_float</name>
         <load_address>0xc00da20</load_address>
         <run_address>0xc00da20</run_address>
         <size>0x20</size>
         <input_file_ref idref="fl-2"/>
      </object_component>
      <object_component id="oc-fc">
         <name>.fardata:pad</name>
         <load_address>0xc00da60</load_address>
         <run_address>0xc00da60</run_address>
         <size>0x10</size>
         <input_file_ref idref="fl-2"/>
      </object_component>
      <object_component id="oc-101">
         <name>.fardata:targetFrequencies</name>
         <load_address>0xc00da40</load_address>
         <run_address>0xc00da40</run_address>
         <size>0x20</size>
         <input_file_ref idref="fl-2"/>
      </object_component>
      <object_component id="oc-18c">
         <name>.fardata:R$1</name>
         <load_address>0xc00d9e0</load_address>
         <run_address>0xc00d9e0</run_address>
         <size>0x40</size>
         <input_file_ref idref="fl-3c"/>
      </object_component>
      <object_component id="oc-98">
         <name>.fardata</name>
         <load_address>0xc00da70</load_address>
         <run_address>0xc00da70</run_address>
         <size>0xc</size>
         <input_file_ref idref="fl-42"/>
      </object_component>
      <object_component id="oc-465">
         <name>.fardata</name>
         <load_address>0xc00da7c</load_address>
         <run_address>0xc00da7c</run_address>
         <size>0x8</size>
         <input_file_ref idref="fl-43"/>
      </object_component>
      <object_component id="oc-16f">
         <name>.fardata:_lock</name>
         <load_address>0xc00da84</load_address>
         <run_address>0xc00da84</run_address>
         <size>0x4</size>
         <input_file_ref idref="fl-44"/>
      </object_component>
      <object_component id="oc-175">
         <name>.fardata:_unlock</name>
         <load_address>0xc00da88</load_address>
         <run_address>0xc00da88</run_address>
         <size>0x4</size>
         <input_file_ref idref="fl-44"/>
      </object_component>
      <object_component id="oc-172">
         <name>.fardata:_ftable</name>
         <load_address>0xc00d6e8</load_address>
         <run_address>0xc00d6e8</run_address>
         <size>0x1e0</size>
         <input_file_ref idref="fl-49"/>
      </object_component>
      <object_component id="oc-3e6">
         <name>.fardata</name>
         <load_address>0xc00da8c</load_address>
         <run_address>0xc00da8c</run_address>
         <size>0x4</size>
         <input_file_ref idref="fl-49"/>
      </object_component>
      <object_component id="oc-426">
         <name>.fardata:_device</name>
         <load_address>0xc00d968</load_address>
         <run_address>0xc00d968</run_address>
         <size>0x78</size>
         <input_file_ref idref="fl-4c"/>
      </object_component>
      <object_component id="oc-395">
         <name>.fardata:_stream</name>
         <load_address>0xc00d8c8</load_address>
         <run_address>0xc00d8c8</run_address>
         <size>0xa0</size>
         <input_file_ref idref="fl-4c"/>
      </object_component>
      <object_component id="oc-338">
         <name>.fardata</name>
         <load_address>0xc00da90</load_address>
         <run_address>0xc00da90</run_address>
         <size>0x4</size>
         <input_file_ref idref="fl-4f"/>
      </object_component>
      <object_component id="oc-f2">
         <name>.debug_info</name>
         <load_address>0x0</load_address>
         <run_address>0x0</run_address>
         <size>0x7eb</size>
         <input_file_ref idref="fl-2"/>
      </object_component>
      <object_component id="oc-109">
         <name>.debug_info</name>
         <load_address>0x7eb</load_address>
         <run_address>0x7eb</run_address>
         <size>0x126</size>
         <input_file_ref idref="fl-2"/>
      </object_component>
      <object_component id="oc-f6">
         <name>.debug_info</name>
         <load_address>0x911</load_address>
         <run_address>0x911</run_address>
         <size>0x111</size>
         <input_file_ref idref="fl-2"/>
      </object_component>
      <object_component id="oc-fd">
         <name>.debug_info</name>
         <load_address>0xa22</load_address>
         <run_address>0xa22</run_address>
         <size>0x103</size>
         <input_file_ref idref="fl-2"/>
      </object_component>
      <object_component id="oc-102">
         <name>.debug_info</name>
         <load_address>0xb25</load_address>
         <run_address>0xb25</run_address>
         <size>0x11f</size>
         <input_file_ref idref="fl-2"/>
      </object_component>
      <object_component id="oc-92">
         <name>.debug_info</name>
         <load_address>0xc44</load_address>
         <run_address>0xc44</run_address>
         <size>0x543</size>
         <input_file_ref idref="fl-2"/>
      </object_component>
      <object_component id="oc-15b">
         <name>.debug_info</name>
         <load_address>0x1187</load_address>
         <run_address>0x1187</run_address>
         <size>0x26b</size>
         <input_file_ref idref="fl-2"/>
      </object_component>
      <object_component id="oc-77">
         <name>.debug_info</name>
         <load_address>0x13f2</load_address>
         <run_address>0x13f2</run_address>
         <size>0xc0</size>
         <input_file_ref idref="fl-2"/>
      </object_component>
      <object_component id="oc-1d1">
         <name>.debug_info</name>
         <load_address>0x14b2</load_address>
         <run_address>0x14b2</run_address>
         <size>0x275</size>
         <input_file_ref idref="fl-2"/>
      </object_component>
      <object_component id="oc-24b">
         <name>.debug_info</name>
         <load_address>0x1727</load_address>
         <run_address>0x1727</run_address>
         <size>0x2c</size>
         <input_file_ref idref="fl-2"/>
      </object_component>
      <object_component id="oc-160">
         <name>.debug_info</name>
         <load_address>0x1753</load_address>
         <run_address>0x1753</run_address>
         <size>0x35</size>
         <input_file_ref idref="fl-2"/>
      </object_component>
      <object_component id="oc-18b">
         <name>.debug_info</name>
         <load_address>0x1788</load_address>
         <run_address>0x1788</run_address>
         <size>0x6b0</size>
         <input_file_ref idref="fl-20"/>
      </object_component>
      <object_component id="oc-179">
         <name>.debug_info</name>
         <load_address>0x1e38</load_address>
         <run_address>0x1e38</run_address>
         <size>0x152</size>
         <input_file_ref idref="fl-20"/>
      </object_component>
      <object_component id="oc-17f">
         <name>.debug_info</name>
         <load_address>0x1f8a</load_address>
         <run_address>0x1f8a</run_address>
         <size>0x161</size>
         <input_file_ref idref="fl-20"/>
      </object_component>
      <object_component id="oc-117">
         <name>.debug_info</name>
         <load_address>0x20eb</load_address>
         <run_address>0x20eb</run_address>
         <size>0x199</size>
         <input_file_ref idref="fl-20"/>
      </object_component>
      <object_component id="oc-261">
         <name>.debug_info</name>
         <load_address>0x2284</load_address>
         <run_address>0x2284</run_address>
         <size>0xb2</size>
         <input_file_ref idref="fl-20"/>
      </object_component>
      <object_component id="oc-24a">
         <name>.debug_info</name>
         <load_address>0x2336</load_address>
         <run_address>0x2336</run_address>
         <size>0x80e</size>
         <input_file_ref idref="fl-21"/>
      </object_component>
      <object_component id="oc-202">
         <name>.debug_info</name>
         <load_address>0x2b44</load_address>
         <run_address>0x2b44</run_address>
         <size>0x25c</size>
         <input_file_ref idref="fl-21"/>
      </object_component>
      <object_component id="oc-208">
         <name>.debug_info</name>
         <load_address>0x2da0</load_address>
         <run_address>0x2da0</run_address>
         <size>0x222</size>
         <input_file_ref idref="fl-21"/>
      </object_component>
      <object_component id="oc-30f">
         <name>.debug_info</name>
         <load_address>0x2fc2</load_address>
         <run_address>0x2fc2</run_address>
         <size>0x1a9</size>
         <input_file_ref idref="fl-21"/>
      </object_component>
      <object_component id="oc-314">
         <name>.debug_info</name>
         <load_address>0x316b</load_address>
         <run_address>0x316b</run_address>
         <size>0x21a</size>
         <input_file_ref idref="fl-21"/>
      </object_component>
      <object_component id="oc-219">
         <name>.debug_info</name>
         <load_address>0x3385</load_address>
         <run_address>0x3385</run_address>
         <size>0x2fe</size>
         <input_file_ref idref="fl-21"/>
      </object_component>
      <object_component id="oc-31b">
         <name>.debug_info</name>
         <load_address>0x3683</load_address>
         <run_address>0x3683</run_address>
         <size>0x25b</size>
         <input_file_ref idref="fl-21"/>
      </object_component>
      <object_component id="oc-21f">
         <name>.debug_info</name>
         <load_address>0x38de</load_address>
         <run_address>0x38de</run_address>
         <size>0x281</size>
         <input_file_ref idref="fl-21"/>
      </object_component>
      <object_component id="oc-225">
         <name>.debug_info</name>
         <load_address>0x3b5f</load_address>
         <run_address>0x3b5f</run_address>
         <size>0x2ec</size>
         <input_file_ref idref="fl-21"/>
      </object_component>
      <object_component id="oc-22b">
         <name>.debug_info</name>
         <load_address>0x3e4b</load_address>
         <run_address>0x3e4b</run_address>
         <size>0x4c1</size>
         <input_file_ref idref="fl-21"/>
      </object_component>
      <object_component id="oc-185">
         <name>.debug_info</name>
         <load_address>0x430c</load_address>
         <run_address>0x430c</run_address>
         <size>0x6ae</size>
         <input_file_ref idref="fl-21"/>
      </object_component>
      <object_component id="oc-250">
         <name>.debug_info</name>
         <load_address>0x49ba</load_address>
         <run_address>0x49ba</run_address>
         <size>0x86</size>
         <input_file_ref idref="fl-21"/>
      </object_component>
      <object_component id="oc-340">
         <name>.debug_info</name>
         <load_address>0x4a40</load_address>
         <run_address>0x4a40</run_address>
         <size>0x39</size>
         <input_file_ref idref="fl-21"/>
      </object_component>
      <object_component id="oc-3de">
         <name>.debug_info</name>
         <load_address>0x4a79</load_address>
         <run_address>0x4a79</run_address>
         <size>0x94</size>
         <input_file_ref idref="fl-21"/>
      </object_component>
      <object_component id="oc-345">
         <name>.debug_info</name>
         <load_address>0x4b0d</load_address>
         <run_address>0x4b0d</run_address>
         <size>0x46</size>
         <input_file_ref idref="fl-21"/>
      </object_component>
      <object_component id="oc-25a">
         <name>.debug_info</name>
         <load_address>0x4b53</load_address>
         <run_address>0x4b53</run_address>
         <size>0x46</size>
         <input_file_ref idref="fl-21"/>
      </object_component>
      <object_component id="oc-255">
         <name>.debug_info</name>
         <load_address>0x4b99</load_address>
         <run_address>0x4b99</run_address>
         <size>0x2c</size>
         <input_file_ref idref="fl-21"/>
      </object_component>
      <object_component id="oc-1ba">
         <name>.debug_info</name>
         <load_address>0x4bc5</load_address>
         <run_address>0x4bc5</run_address>
         <size>0x718</size>
         <input_file_ref idref="fl-22"/>
      </object_component>
      <object_component id="oc-1a3">
         <name>.debug_info</name>
         <load_address>0x52dd</load_address>
         <run_address>0x52dd</run_address>
         <size>0x218</size>
         <input_file_ref idref="fl-22"/>
      </object_component>
      <object_component id="oc-1aa">
         <name>.debug_info</name>
         <load_address>0x54f5</load_address>
         <run_address>0x54f5</run_address>
         <size>0x15c</size>
         <input_file_ref idref="fl-22"/>
      </object_component>
      <object_component id="oc-1b0">
         <name>.debug_info</name>
         <load_address>0x5651</load_address>
         <run_address>0x5651</run_address>
         <size>0x18b</size>
         <input_file_ref idref="fl-22"/>
      </object_component>
      <object_component id="oc-124">
         <name>.debug_info</name>
         <load_address>0x57dc</load_address>
         <run_address>0x57dc</run_address>
         <size>0x182</size>
         <input_file_ref idref="fl-22"/>
      </object_component>
      <object_component id="oc-362">
         <name>.debug_info</name>
         <load_address>0x595e</load_address>
         <run_address>0x595e</run_address>
         <size>0x640</size>
         <input_file_ref idref="fl-23"/>
      </object_component>
      <object_component id="oc-270">
         <name>.debug_info</name>
         <load_address>0x5f9e</load_address>
         <run_address>0x5f9e</run_address>
         <size>0x1c7</size>
         <input_file_ref idref="fl-23"/>
      </object_component>
      <object_component id="oc-2e6">
         <name>.debug_info</name>
         <load_address>0x6165</load_address>
         <run_address>0x6165</run_address>
         <size>0x64e</size>
         <input_file_ref idref="fl-24"/>
      </object_component>
      <object_component id="oc-1e8">
         <name>.debug_info</name>
         <load_address>0x67b3</load_address>
         <run_address>0x67b3</run_address>
         <size>0x213</size>
         <input_file_ref idref="fl-24"/>
      </object_component>
      <object_component id="oc-2e8">
         <name>.debug_info</name>
         <load_address>0x69c6</load_address>
         <run_address>0x69c6</run_address>
         <size>0x65f</size>
         <input_file_ref idref="fl-25"/>
      </object_component>
      <object_component id="oc-1ef">
         <name>.debug_info</name>
         <load_address>0x7025</load_address>
         <run_address>0x7025</run_address>
         <size>0x326</size>
         <input_file_ref idref="fl-25"/>
      </object_component>
      <object_component id="oc-e4">
         <name>.debug_info</name>
         <load_address>0x734b</load_address>
         <run_address>0x734b</run_address>
         <size>0x2c</size>
         <input_file_ref idref="fl-25"/>
      </object_component>
      <object_component id="oc-3ea">
         <name>.debug_info</name>
         <load_address>0x7377</load_address>
         <run_address>0x7377</run_address>
         <size>0x63b</size>
         <input_file_ref idref="fl-26"/>
      </object_component>
      <object_component id="oc-356">
         <name>.debug_info</name>
         <load_address>0x79b2</load_address>
         <run_address>0x79b2</run_address>
         <size>0x202</size>
         <input_file_ref idref="fl-26"/>
      </object_component>
      <object_component id="oc-392">
         <name>.debug_info</name>
         <load_address>0x7bb4</load_address>
         <run_address>0x7bb4</run_address>
         <size>0x5ca</size>
         <input_file_ref idref="fl-27"/>
      </object_component>
      <object_component id="oc-2d4">
         <name>.debug_info</name>
         <load_address>0x817e</load_address>
         <run_address>0x817e</run_address>
         <size>0x18c</size>
         <input_file_ref idref="fl-27"/>
      </object_component>
      <object_component id="oc-350">
         <name>.debug_info</name>
         <load_address>0x830a</load_address>
         <run_address>0x830a</run_address>
         <size>0x17e</size>
         <input_file_ref idref="fl-27"/>
      </object_component>
      <object_component id="oc-403">
         <name>.debug_info</name>
         <load_address>0x8488</load_address>
         <run_address>0x8488</run_address>
         <size>0xbf</size>
         <input_file_ref idref="fl-27"/>
      </object_component>
      <object_component id="oc-402">
         <name>.debug_info</name>
         <load_address>0x8547</load_address>
         <run_address>0x8547</run_address>
         <size>0x634</size>
         <input_file_ref idref="fl-28"/>
      </object_component>
      <object_component id="oc-364">
         <name>.debug_info</name>
         <load_address>0x8b7b</load_address>
         <run_address>0x8b7b</run_address>
         <size>0x22c</size>
         <input_file_ref idref="fl-28"/>
      </object_component>
      <object_component id="oc-36a">
         <name>.debug_info</name>
         <load_address>0x8da7</load_address>
         <run_address>0x8da7</run_address>
         <size>0x5da</size>
         <input_file_ref idref="fl-29"/>
      </object_component>
      <object_component id="oc-277">
         <name>.debug_info</name>
         <load_address>0x9381</load_address>
         <run_address>0x9381</run_address>
         <size>0x198</size>
         <input_file_ref idref="fl-29"/>
      </object_component>
      <object_component id="oc-1f7">
         <name>.debug_info</name>
         <load_address>0x9519</load_address>
         <run_address>0x9519</run_address>
         <size>0x10f</size>
         <input_file_ref idref="fl-2a"/>
      </object_component>
      <object_component id="oc-244">
         <name>.debug_info</name>
         <load_address>0x9628</load_address>
         <run_address>0x9628</run_address>
         <size>0x10d</size>
         <input_file_ref idref="fl-2a"/>
      </object_component>
      <object_component id="oc-2fa">
         <name>.debug_info</name>
         <load_address>0x9735</load_address>
         <run_address>0x9735</run_address>
         <size>0x115</size>
         <input_file_ref idref="fl-2b"/>
      </object_component>
      <object_component id="oc-32">
         <name>.debug_info</name>
         <load_address>0x984a</load_address>
         <run_address>0x984a</run_address>
         <size>0x122</size>
         <input_file_ref idref="fl-2c"/>
      </object_component>
      <object_component id="oc-6b">
         <name>.debug_info</name>
         <load_address>0x996c</load_address>
         <run_address>0x996c</run_address>
         <size>0x5df</size>
         <input_file_ref idref="fl-2d"/>
      </object_component>
      <object_component id="oc-2c">
         <name>.debug_info</name>
         <load_address>0x9f4b</load_address>
         <run_address>0x9f4b</run_address>
         <size>0xf6</size>
         <input_file_ref idref="fl-2d"/>
      </object_component>
      <object_component id="oc-26">
         <name>.debug_info</name>
         <load_address>0xa041</load_address>
         <run_address>0xa041</run_address>
         <size>0x183</size>
         <input_file_ref idref="fl-2d"/>
      </object_component>
      <object_component id="oc-3b5">
         <name>.debug_info</name>
         <load_address>0xa1c4</load_address>
         <run_address>0xa1c4</run_address>
         <size>0x554</size>
         <input_file_ref idref="fl-2e"/>
      </object_component>
      <object_component id="oc-2f4">
         <name>.debug_info</name>
         <load_address>0xa718</load_address>
         <run_address>0xa718</run_address>
         <size>0x1d5</size>
         <input_file_ref idref="fl-2e"/>
      </object_component>
      <object_component id="oc-3b3">
         <name>.debug_info</name>
         <load_address>0xa8ed</load_address>
         <run_address>0xa8ed</run_address>
         <size>0x574</size>
         <input_file_ref idref="fl-2f"/>
      </object_component>
      <object_component id="oc-3aa">
         <name>.debug_info</name>
         <load_address>0xae61</load_address>
         <run_address>0xae61</run_address>
         <size>0x17a</size>
         <input_file_ref idref="fl-2f"/>
      </object_component>
      <object_component id="oc-2f0">
         <name>.debug_info</name>
         <load_address>0xafdb</load_address>
         <run_address>0xafdb</run_address>
         <size>0x252</size>
         <input_file_ref idref="fl-2f"/>
      </object_component>
      <object_component id="oc-382">
         <name>.debug_info</name>
         <load_address>0xb22d</load_address>
         <run_address>0xb22d</run_address>
         <size>0x170</size>
         <input_file_ref idref="fl-2f"/>
      </object_component>
      <object_component id="oc-43d">
         <name>.debug_info</name>
         <load_address>0xb39d</load_address>
         <run_address>0xb39d</run_address>
         <size>0x554</size>
         <input_file_ref idref="fl-30"/>
      </object_component>
      <object_component id="oc-3ad">
         <name>.debug_info</name>
         <load_address>0xb8f1</load_address>
         <run_address>0xb8f1</run_address>
         <size>0x19f</size>
         <input_file_ref idref="fl-30"/>
      </object_component>
      <object_component id="oc-3a4">
         <name>.debug_info</name>
         <load_address>0xba90</load_address>
         <run_address>0xba90</run_address>
         <size>0x18c</size>
         <input_file_ref idref="fl-30"/>
      </object_component>
      <object_component id="oc-438">
         <name>.debug_info</name>
         <load_address>0xbc1c</load_address>
         <run_address>0xbc1c</run_address>
         <size>0x39</size>
         <input_file_ref idref="fl-30"/>
      </object_component>
      <object_component id="oc-4af">
         <name>.debug_info</name>
         <load_address>0xbc55</load_address>
         <run_address>0xbc55</run_address>
         <size>0x2c</size>
         <input_file_ref idref="fl-30"/>
      </object_component>
      <object_component id="oc-e3">
         <name>.debug_info</name>
         <load_address>0xbc81</load_address>
         <run_address>0xbc81</run_address>
         <size>0x564</size>
         <input_file_ref idref="fl-31"/>
      </object_component>
      <object_component id="oc-7d">
         <name>.debug_info</name>
         <load_address>0xc1e5</load_address>
         <run_address>0xc1e5</run_address>
         <size>0x227</size>
         <input_file_ref idref="fl-31"/>
      </object_component>
      <object_component id="oc-142">
         <name>.debug_info</name>
         <load_address>0xc40c</load_address>
         <run_address>0xc40c</run_address>
         <size>0x7c4</size>
         <input_file_ref idref="fl-32"/>
      </object_component>
      <object_component id="oc-a5">
         <name>.debug_info</name>
         <load_address>0xcbd0</load_address>
         <run_address>0xcbd0</run_address>
         <size>0x1b0</size>
         <input_file_ref idref="fl-32"/>
      </object_component>
      <object_component id="oc-1c0">
         <name>.debug_info</name>
         <load_address>0xcd80</load_address>
         <run_address>0xcd80</run_address>
         <size>0x39</size>
         <input_file_ref idref="fl-32"/>
      </object_component>
      <object_component id="oc-1cc">
         <name>.debug_info</name>
         <load_address>0xcdb9</load_address>
         <run_address>0xcdb9</run_address>
         <size>0x39</size>
         <input_file_ref idref="fl-32"/>
      </object_component>
      <object_component id="oc-14d">
         <name>.debug_info</name>
         <load_address>0xcdf2</load_address>
         <run_address>0xcdf2</run_address>
         <size>0x39</size>
         <input_file_ref idref="fl-32"/>
      </object_component>
      <object_component id="oc-1c5">
         <name>.debug_info</name>
         <load_address>0xce2b</load_address>
         <run_address>0xce2b</run_address>
         <size>0xcd</size>
         <input_file_ref idref="fl-32"/>
      </object_component>
      <object_component id="oc-62">
         <name>.debug_info</name>
[...]
         <object_component_ref idref="oc-101"/>
      </symbol>
      <symbol id="sm-b7">
         <name>pad</name>
         <value>0xc00da60</value>
         <object_component_ref idref="oc-fc"/>
      </symbol>
      <symbol id="sm-b8">
         <name>goertzel_multi</name>
         <value>0xc004100</value>
         <object_component_ref idref="oc-90"/>
      </symbol>
      <symbol id="sm-b9">
         <name>main</name>
         <value>0xc004b78</value>
         <object_component_ref idref="oc-90"/>
      </symbol>
      <symbol id="sm-ba">
         <name>Flag</name>
         <value>0xc00e0b8</value>
         <object_component_ref idref="oc-108"/>
      </symbol>
      <symbol id="sm-bb">
         <name>Frequency_detection</name>
         <value>0xc00426c</value>
         <object_component_ref idref="oc-90"/>
      </symbol>
      <symbol id="sm-bc">
         <name>Generate_tones</name>
         <value>0xc0044ec</value>
         <object_component_ref idref="oc-90"/>
      </symbol>
      <symbol id="sm-bd">
         <name>coef_float</name>
         <value>0xc00da20</value>
         <object_component_ref idref="oc-f5"/>
      </symbol>
      <symbol id="sm-be">
         <name>mismatch</name>
         <value>0xc00e0bc</value>
         <object_component_ref idref="oc-108"/>
      </symbol>
      <symbol id="sm-e6">
         <name>printf</name>
         <value>0xc00ac60</value>
         <object_component_ref idref="oc-116"/>
      </symbol>
      <symbol id="sm-2fe">
         <name>__TI_printfi</name>
         <value>0xc002100</value>
         <object_component_ref idref="oc-184"/>
      </symbol>
      <symbol id="sm-335">
         <name>scanf</name>
         <value>0xc00ad40</value>
         <object_component_ref idref="oc-122"/>
      </symbol>
      <symbol id="sm-34a">
         <name>getc</name>
         <value>0xc009be0</value>
         <object_component_ref idref="oc-26f"/>
      </symbol>
      <symbol id="sm-34b">
         <name>fgetc</name>
         <value>0xc009be0</value>
         <object_component_ref idref="oc-26f"/>
      </symbol>
      <symbol id="sm-36a">
         <name>putc</name>
         <value>0xc008c40</value>
         <object_component_ref idref="oc-1e7"/>
      </symbol>
      <symbol id="sm-36b">
         <name>fputc</name>
         <value>0xc008c40</value>
         <object_component_ref idref="oc-1e7"/>
      </symbol>
      <symbol id="sm-39f">
         <name>fputs</name>
         <value>0xc0078e0</value>
         <object_component_ref idref="oc-1ee"/>
      </symbol>
      <symbol id="sm-3b7">
         <name>__TI_buff_read</name>
         <value>0xc009800</value>
         <object_component_ref idref="oc-355"/>
      </symbol>
      <symbol id="sm-3d7">
         <name>__TI_wrt_ok</name>
         <value>0xc00a8e0</value>
         <object_component_ref idref="oc-2d3"/>
      </symbol>
      <symbol id="sm-3d8">
         <name>__TI_rd_ok</name>
         <value>0xc00b540</value>
         <object_component_ref idref="oc-34f"/>
      </symbol>
      <symbol id="sm-3f4">
         <name>setvbuf</name>
         <value>0xc009180</value>
         <object_component_ref idref="oc-363"/>
      </symbol>
      <symbol id="sm-406">
         <name>ungetc</name>
         <value>0xc00a460</value>
         <object_component_ref idref="oc-275"/>
      </symbol>
      <symbol id="sm-414">
         <name>__c6xabi_push_rts</name>
         <value>0xc00c0c0</value>
         <object_component_ref idref="oc-1f5"/>
      </symbol>
      <symbol id="sm-415">
         <name>__pop_rts</name>
         <value>0xc00c0a0</value>
         <object_component_ref idref="oc-242"/>
      </symbol>
      <symbol id="sm-416">
         <name>__c6xabi_pop_rts</name>
         <value>0xc00c0a0</value>
         <object_component_ref idref="oc-242"/>
      </symbol>
      <symbol id="sm-417">
         <name>__push_rts</name>
         <value>0xc00c0c0</value>
         <object_component_ref idref="oc-1f5"/>
      </symbol>
      <symbol id="sm-420">
         <name>__c6xabi_divu</name>
         <value>0xc00b060</value>
         <object_component_ref idref="oc-2f8"/>
      </symbol>
      <symbol id="sm-421">
         <name>__divu</name>
         <value>0xc00b060</value>
         <object_component_ref idref="oc-2f8"/>
      </symbol>
      <symbol id="sm-42a">
         <name>memcpy</name>
         <value>0xc00b860</value>
         <object_component_ref idref="oc-31"/>
      </symbol>
      <symbol id="sm-440">
         <name>_c_int00</name>
         <value>0xc00baa0</value>
         <object_component_ref idref="oc-25"/>
      </symbol>
      <symbol id="sm-441">
         <name>_stack</name>
         <value>0xc00c240</value>
         <object_component_ref idref="oc-2b"/>
      </symbol>
      <symbol id="sm-452">
         <name>__c6xabi_divul</name>
         <value>0xc0088c0</value>
         <object_component_ref idref="oc-2f2"/>
      </symbol>
      <symbol id="sm-477">
         <name>__c6xabi_remull</name>
         <value>0xc00bcc0</value>
         <object_component_ref idref="oc-381"/>
      </symbol>
      <symbol id="sm-478">
         <name>_subcull</name>
         <value>0xc00bd20</value>
         <object_component_ref idref="oc-3a6"/>
      </symbol>
      <symbol id="sm-479">
         <name>__c6xabi_divull</name>
         <value>0xc008680</value>
         <object_component_ref idref="oc-2ec"/>
      </symbol>
      <symbol id="sm-498">
         <name>__c6xabi_llshru</name>
         <value>0xc00bc60</value>
         <object_component_ref idref="oc-3ac"/>
      </symbol>
      <symbol id="sm-499">
         <name>__c6xabi_llshl</name>
         <value>0xc00ba20</value>
         <object_component_ref idref="oc-3a0"/>
      </symbol>
      <symbol id="sm-4a9">
         <name>memset</name>
         <value>0xc00ab80</value>
         <object_component_ref idref="oc-7c"/>
      </symbol>
      <symbol id="sm-4ce">
         <name>__TI_auto_init_nobinit_nopinit</name>
         <value>0xc00afa0</value>
         <object_component_ref idref="oc-a4"/>
      </symbol>
      <symbol id="sm-4d7">
         <name>_system_pre_init</name>
         <value>0xc00c1a0</value>
         <object_component_ref idref="oc-61"/>
      </symbol>
      <symbol id="sm-4e0">
         <name>_system_post_cinit</name>
         <value>0xc00c180</value>
         <object_component_ref idref="oc-135"/>
      </symbol>
      <symbol id="sm-4f9">
         <name>__TI_decompress_none</name>
         <value>0xc00c200</value>
         <object_component_ref idref="oc-18"/>
      </symbol>
      <symbol id="sm-524">
         <name>__TI_decompress_rle24</name>
         <value>0xc00c220</value>
         <object_component_ref idref="oc-1e"/>
      </symbol>
      <symbol id="sm-538">
         <name>frexpl</name>
         <value>0xc0094e0</value>
         <object_component_ref idref="oc-322"/>
      </symbol>
      <symbol id="sm-539">
         <name>frexp</name>
         <value>0xc0094e0</value>
         <object_component_ref idref="oc-322"/>
      </symbol>
      <symbol id="sm-556">
         <name>__c6xabi_isinf</name>
         <value>0xc00bf60</value>
         <object_component_ref idref="oc-20c"/>
      </symbol>
      <symbol id="sm-56a">
         <name>scalbn</name>
         <value>0xc008e00</value>
         <object_component_ref idref="oc-328"/>
      </symbol>
      <symbol id="sm-56b">
         <name>scalbnl</name>
         <value>0xc008e00</value>
         <object_component_ref idref="oc-328"/>
      </symbol>
      <symbol id="sm-56c">
         <name>ldexpl</name>
         <value>0xc008e00</value>
         <object_component_ref idref="oc-328"/>
      </symbol>
      <symbol id="sm-56d">
         <name>ldexp</name>
         <value>0xc008e00</value>
         <object_component_ref idref="oc-328"/>
      </symbol>
      <symbol id="sm-585">
         <name>sin</name>
         <value>0xc0083e0</value>
         <object_component_ref idref="oc-11c"/>
      </symbol>
      <symbol id="sm-586">
         <name>sinl</name>
         <value>0xc0083e0</value>
         <object_component_ref idref="oc-11c"/>
      </symbol>
      <symbol id="sm-590">
         <name>__c6xabi_trunc</name>
         <value>0xc00c080</value>
         <object_component_ref idref="oc-18d"/>
      </symbol>
      <symbol id="sm-591">
         <name>__c6xabi_truncl</name>
         <value>0xc00c080</value>
         <object_component_ref idref="oc-18d"/>
      </symbol>
      <symbol id="sm-59a">
         <name>_signbit</name>
         <value>0xc00c160</value>
         <object_component_ref idref="oc-212"/>
      </symbol>
      <symbol id="sm-5ac">
         <name>__c6xabi_divf</name>
         <value>0xc008140</value>
         <object_component_ref idref="oc-110"/>
      </symbol>
      <symbol id="sm-5cb">
         <name>__c6xabi_divd</name>
         <value>0xc005b60</value>
         <object_component_ref idref="oc-301"/>
      </symbol>
      <symbol id="sm-5de">
         <name>__TI_frcmpyd_div</name>
         <value>0xc00bba0</value>
         <object_component_ref idref="oc-3b7"/>
      </symbol>
      <symbol id="sm-5ff">
         <name>C$$EXIT</name>
         <value>0xc00c1e0</value>
         <object_component_ref idref="oc-9b"/>
      </symbol>
      <symbol id="sm-600">
         <name>abort</name>
         <value>0xc00c1e0</value>
         <object_component_ref idref="oc-9b"/>
      </symbol>
      <symbol id="sm-601">
         <name>exit</name>
         <value>0xc00aaa0</value>
         <object_component_ref idref="oc-5b"/>
      </symbol>
      <symbol id="sm-602">
         <name>__TI_dtors_ptr</name>
         <value>0xc00da74</value>
         <object_component_ref idref="oc-98"/>
      </symbol>
      <symbol id="sm-603">
         <name>__TI_cleanup_ptr</name>
         <value>0xc00da70</value>
         <object_component_ref idref="oc-98"/>
      </symbol>
      <symbol id="sm-604">
         <name>__TI_enable_exit_profile_output</name>
         <value>0xc00da78</value>
         <object_component_ref idref="oc-98"/>
      </symbol>
      <symbol id="sm-66f">
         <name>_sys_memory</name>
         <value>0xc00ca40</value>
         <object_component_ref idref="oc-2e"/>
      </symbol>
      <symbol id="sm-670">
         <name>free</name>
         <value>0xc006e80</value>
         <object_component_ref idref="oc-3ef"/>
      </symbol>
      <symbol id="sm-671">
         <name>malloc</name>
         <value>0xc008fc0</value>
         <object_component_ref idref="oc-3f5"/>
      </symbol>
      <symbol id="sm-687">
         <name>_nop</name>
         <value>0xc00c100</value>
         <object_component_ref idref="oc-1d8"/>
      </symbol>
      <symbol id="sm-688">
         <name>_lock</name>
         <value>0xc00da84</value>
         <object_component_ref idref="oc-16f"/>
      </symbol>
      <symbol id="sm-689">
         <name>_unlock</name>
         <value>0xc00da88</value>
         <object_component_ref idref="oc-175"/>
      </symbol>
      <symbol id="sm-699">
         <name>__TI_ltoa</name>
         <value>0xc00a800</value>
         <object_component_ref idref="oc-307"/>
      </symbol>
      <symbol id="sm-6ab">
         <name>_args_main</name>
         <value>0xc00bfe0</value>
         <object_component_ref idref="oc-55"/>
      </symbol>
      <symbol id="sm-6bf">
         <name>atoi</name>
         <value>0xc00a260</value>
         <object_component_ref idref="oc-1fa"/>
      </symbol>
      <symbol id="sm-6c9">
         <name>_ctypes_</name>
         <value>0xc00dc38</value>
         <object_component_ref idref="oc-26c"/>
      </symbol>
      <symbol id="sm-6d9">
         <name>__TI_tmpnams</name>
         <value>0xc00d578</value>
      </symbol>
      <symbol id="sm-6da">
         <name>_ftable</name>
         <value>0xc00d6e8</value>
         <object_component_ref idref="oc-172"/>
      </symbol>
      <symbol id="sm-6db">
         <name>__TI_ft_end</name>
         <value>0xc00da8c</value>
         <object_component_ref idref="oc-3e6"/>
      </symbol>
      <symbol id="sm-6ec">
         <name>memccpy</name>
         <value>0xc00bde0</value>
         <object_component_ref idref="oc-230"/>
      </symbol>
      <symbol id="sm-705">
         <name>read</name>
         <value>0xc00be40</value>
         <object_component_ref idref="oc-35b"/>
      </symbol>
      <symbol id="sm-71e">
         <name>_stream</name>
         <value>0xc00d8c8</value>
         <object_component_ref idref="oc-395"/>
      </symbol>
      <symbol id="sm-71f">
         <name>_device</name>
         <value>0xc00d968</value>
         <object_component_ref idref="oc-426"/>
      </symbol>
      <symbol id="sm-720">
         <name>write</name>
         <value>0xc00bf00</value>
         <object_component_ref idref="oc-2df"/>
      </symbol>
      <symbol id="sm-739">
         <name>__TI_tls_init</name>
         <value>0xc00b2a0</value>
         <object_component_ref idref="oc-13b"/>
      </symbol>
      <symbol id="sm-74b">
         <name>__errno</name>
         <value>0xc00da90</value>
         <object_component_ref idref="oc-338"/>
      </symbol>
      <symbol id="sm-74c">
         <name>errno</name>
         <value>0xc00da90</value>
         <object_component_ref idref="oc-338"/>
      </symbol>
      <symbol id="sm-74d">
         <name>__c6xabi_errno_addr</name>
         <value>0xc00c060</value>
         <object_component_ref idref="oc-23c"/>
      </symbol>
      <symbol id="sm-767">
         <name>wcslen</name>
         <value>0xc00c020</value>
         <object_component_ref idref="oc-236"/>
      </symbol>
      <symbol id="sm-8af">
         <name>__TI_scanfi</name>
         <value>0xc000000</value>
         <object_component_ref idref="oc-1b3"/>
      </symbol>
      <symbol id="sm-8be">
         <name>__TI_doflush</name>
         <value>0xc00b4a0</value>
         <object_component_ref idref="oc-2d9"/>
      </symbol>
      <symbol id="sm-8cc">
         <name>__TI_cleanup</name>
         <value>0xc00b400</value>
         <object_component_ref idref="oc-3fb"/>
      </symbol>
      <symbol id="sm-8e4">
         <name>fseek</name>
         <value>0xc00a360</value>
         <object_component_ref idref="oc-38b"/>
      </symbol>
      <symbol id="sm-8f3">
         <name>modfl</name>
         <value>0xc00b900</value>
         <object_component_ref idref="oc-199"/>
      </symbol>
      <symbol id="sm-8f4">
         <name>modf</name>
         <value>0xc00b900</value>
         <object_component_ref idref="oc-199"/>
      </symbol>
      <symbol id="sm-8fe">
         <name>__c6xabi_roundl</name>
         <value>0xc00b5e0</value>
         <object_component_ref idref="oc-193"/>
      </symbol>
      <symbol id="sm-8ff">
         <name>__c6xabi_nround</name>
         <value>0xc00b5e0</value>
         <object_component_ref idref="oc-193"/>
      </symbol>
      <symbol id="sm-90e">
         <name>lseek</name>
         <value>0xc00bd80</value>
         <object_component_ref idref="oc-41a"/>
      </symbol>
      <symbol id="sm-958">
         <name>strtold</name>
         <value>0xc004c00</value>
         <object_component_ref idref="oc-29c"/>
      </symbol>
      <symbol id="sm-959">
         <name>strtod</name>
         <value>0xc004c00</value>
         <object_component_ref idref="oc-29c"/>
      </symbol>
      <symbol id="sm-977">
         <name>strtol</name>
         <value>0xc007240</value>
         <object_component_ref idref="oc-2a2"/>
      </symbol>
      <symbol id="sm-994">
         <name>strtoll</name>
         <value>0xc006160</value>
         <object_component_ref idref="oc-2a8"/>
      </symbol>
      <symbol id="sm-9b2">
         <name>strtoul</name>
         <value>0xc0075e0</value>
         <object_component_ref idref="oc-290"/>
      </symbol>
      <symbol id="sm-9d1">
         <name>strtoull</name>
         <value>0xc006a60</value>
         <object_component_ref idref="oc-296"/>
      </symbol>
      <symbol id="sm-9e1">
         <name>HOSTclose</name>
         <value>0xc00b360</value>
         <object_component_ref idref="oc-489"/>
      </symbol>
      <symbol id="sm-9f1">
         <name>HOSTlseek</name>
         <value>0xc00a560</value>
         <object_component_ref idref="oc-49b"/>
      </symbol>
      <symbol id="sm-a05">
         <name>parmbuf</name>
         <value>0xc00d6e0</value>
      </symbol>
      <symbol id="sm-a06">
         <name>HOSTopen</name>
         <value>0xc00a640</value>
         <object_component_ref idref="oc-483"/>
      </symbol>
      <symbol id="sm-a16">
         <name>HOSTread</name>
         <value>0xc00ae20</value>
         <object_component_ref idref="oc-48f"/>
      </symbol>
      <symbol id="sm-a34">
         <name>HOSTrename</name>
         <value>0xc009340</value>
         <object_component_ref idref="oc-4a7"/>
      </symbol>
      <symbol id="sm-a47">
         <name>HOSTunlink</name>
         <value>0xc00aee0</value>
         <object_component_ref idref="oc-4a1"/>
      </symbol>
      <symbol id="sm-a57">
         <name>HOSTwrite</name>
         <value>0xc00a720</value>
         <object_component_ref idref="oc-495"/>
      </symbol>
      <symbol id="sm-a7d">
         <name>__TI_readmsg</name>
         <value>0xc00b9a0</value>
         <object_component_ref idref="oc-4de"/>
      </symbol>
      <symbol id="sm-a7e">
         <name>C$$IO$$</name>
         <value>0xc00bc58</value>
         <object_component_ref idref="oc-4d8"/>
      </symbol>
      <symbol id="sm-a7f">
         <name>__CIOBUF_</name>
         <value>0xc00de50</value>
         <object_component_ref idref="oc-4ff"/>
      </symbol>
      <symbol id="sm-a80">
         <name>__TI_writemsg</name>
         <value>0xc00bc00</value>
         <object_component_ref idref="oc-4d8"/>
      </symbol>
      <symbol id="sm-a99">
         <name>__TI_closefile</name>
         <value>0xc009f60</value>
         <object_component_ref idref="oc-476"/>
      </symbol>
      <symbol id="sm-ac3">
         <name>finddevice</name>
         <value>0xc00b7c0</value>
         <object_component_ref idref="oc-513"/>
      </symbol>
      <symbol id="sm-ac4">
         <name>getdevice</name>
         <value>0xc009e40</value>
         <object_component_ref idref="oc-4f3"/>
      </symbol>
      <symbol id="sm-acd">
         <name>__remu</name>
         <value>0xc00b680</value>
         <object_component_ref idref="oc-37a"/>
      </symbol>
      <symbol id="sm-ace">
         <name>__c6xabi_remu</name>
         <value>0xc00b680</value>
         <object_component_ref idref="oc-37a"/>
      </symbol>
      <symbol id="sm-ae0">
         <name>close</name>
         <value>0xc00a9c0</value>
         <object_component_ref idref="oc-4c4"/>
      </symbol>
      <symbol id="sm-af1">
         <name>unlink</name>
         <value>0xc00bb20</value>
         <object_component_ref idref="oc-4ca"/>
      </symbol>
      <symbol id="sm-af2">
         <name>__TI_STATIC_BASE</name>
         <value>0xc00e08c</value>
      </symbol>
      <symbol id="sm-af4">
         <name>__TI_TLS_INIT_Base</name>
         <value>0x0</value>
      </symbol>
      <symbol id="sm-af5">
         <name>__TI_TLS_INIT_Limit</name>
         <value>0x0</value>
      </symbol>
      <symbol id="sm-af6">
         <name>remove</name>
         <value>0xc00bb20</value>
      </symbol>
   </symbol_table>
   <title>Link successful</title>
</link_info>
