<?xml version="1.0" encoding="ISO-8859-1" ?>
<link_info>
   <banner>TMS320C6x Linker PC v8.3.12</banner>
   <copyright>Copyright (c) 1996-2018 Texas Instruments Incorporated</copyright>
   <link_time>0x65fb191b</link_time>
   <link_errors>0x1</link_errors>
   <output_file>Floating_GTZ_Without_sysbios.out</output_file>
   <entry_point>
      <name>_c_int00</name>
      <address>0xc00bb00</address>
   </entry_point>
   <input_file_list>
      <input_file id="fl-2">
         <path>.\</path>
         <kind>object</kind>
         <file>main.obj</file>
         <name>main.obj</name>
      </input_file>
      <input_file id="fl-6">
         <kind>object</kind>
         <file>&lt;internal&gt;</file>
         <name>&lt;internal&gt;</name>
      </input_file>
      <input_file id="fl-20">
         <path>C:\Users\sitogor\Downloads\ti-cgt-c6000_8.3.12\lib\</path>
         <kind>archive</kind>
         <file>rts6600_elf.lib</file>
         <name>printf.c.obj</name>
      </input_file>
      <input_file id="fl-21">
         <path>C:\Users\sitogor\Downloads\ti-cgt-c6000_8.3.12\lib\</path>
         <kind>archive</kind>
         <file>rts6600_elf.lib</file>
         <name>_printfi.c.obj</name>
      </input_file>
      <input_file id="fl-22">
         <path>C:\Users\sitogor\Downloads\ti-cgt-c6000_8.3.12\lib\</path>
         <kind>archive</kind>
         <file>rts6600_elf.lib</file>
         <name>fscanf.c.obj</name>
      </input_file>
      <input_file id="fl-23">
         <path>C:\Users\sitogor\Downloads\ti-cgt-c6000_8.3.12\lib\</path>
         <kind>archive</kind>
         <file>rts6600_elf.lib</file>
         <name>fgetc.c.obj</name>
      </input_file>
      <input_file id="fl-24">
         <path>C:\Users\sitogor\Downloads\ti-cgt-c6000_8.3.12\lib\</path>
         <kind>archive</kind>
         <file>rts6600_elf.lib</file>
         <name>fputc.c.obj</name>
      </input_file>
      <input_file id="fl-25">
         <path>C:\Users\sitogor\Downloads\ti-cgt-c6000_8.3.12\lib\</path>
         <kind>archive</kind>
         <file>rts6600_elf.lib</file>
         <name>fputs.c.obj</name>
      </input_file>
      <input_file id="fl-26">
         <path>C:\Users\sitogor\Downloads\ti-cgt-c6000_8.3.12\lib\</path>
         <kind>archive</kind>
         <file>rts6600_elf.lib</file>
         <name>_bufread.c.obj</name>
      </input_file>
      <input_file id="fl-27">
         <path>C:\Users\sitogor\Downloads\ti-cgt-c6000_8.3.12\lib\</path>
         <kind>archive</kind>
         <file>rts6600_elf.lib</file>
         <name>_io_perm.c.obj</name>
      </input_file>
      <input_file id="fl-28">
         <path>C:\Users\sitogor\Downloads\ti-cgt-c6000_8.3.12\lib\</path>
         <kind>archive</kind>
         <file>rts6600_elf.lib</file>
         <name>setvbuf.c.obj</name>
      </input_file>
      <input_file id="fl-29">
         <path>C:\Users\sitogor\Downloads\ti-cgt-c6000_8.3.12\lib\</path>
         <kind>archive</kind>
         <file>rts6600_elf.lib</file>
         <name>ungetc.c.obj</name>
      </input_file>
      <input_file id="fl-2a">
         <path>C:\Users\sitogor\Downloads\ti-cgt-c6000_8.3.12\lib\</path>
         <kind>archive</kind>
         <file>rts6600_elf.lib</file>
         <name>push.asm.obj</name>
      </input_file>
      <input_file id="fl-2b">
         <path>C:\Users\sitogor\Downloads\ti-cgt-c6000_8.3.12\lib\</path>
         <kind>archive</kind>
         <file>rts6600_elf.lib</file>
         <name>divu.asm.obj</name>
      </input_file>
      <input_file id="fl-2c">
         <path>C:\Users\sitogor\Downloads\ti-cgt-c6000_8.3.12\lib\</path>
         <kind>archive</kind>
         <file>rts6600_elf.lib</file>
         <name>memcpy64.asm.obj</name>
      </input_file>
      <input_file id="fl-2d">
         <path>C:\Users\sitogor\Downloads\ti-cgt-c6000_8.3.12\lib\</path>
         <kind>archive</kind>
         <file>rts6600_elf.lib</file>
         <name>boot.c.obj</name>
      </input_file>
      <input_file id="fl-2e">
         <path>C:\Users\sitogor\Downloads\ti-cgt-c6000_8.3.12\lib\</path>
         <kind>archive</kind>
         <file>rts6600_elf.lib</file>
         <name>imath40.c.obj</name>
      </input_file>
      <input_file id="fl-2f">
         <path>C:\Users\sitogor\Downloads\ti-cgt-c6000_8.3.12\lib\</path>
         <kind>archive</kind>
         <file>rts6600_elf.lib</file>
         <name>imath64.c.obj</name>
      </input_file>
      <input_file id="fl-30">
         <path>C:\Users\sitogor\Downloads\ti-cgt-c6000_8.3.12\lib\</path>
         <kind>archive</kind>
         <file>rts6600_elf.lib</file>
         <name>llshift.c.obj</name>
      </input_file>
      <input_file id="fl-31">
         <path>C:\Users\sitogor\Downloads\ti-cgt-c6000_8.3.12\lib\</path>
         <kind>archive</kind>
         <file>rts6600_elf.lib</file>
         <name>memset.c.obj</name>
      </input_file>
      <input_file id="fl-32">
         <path>C:\Users\sitogor\Downloads\ti-cgt-c6000_8.3.12\lib\</path>
         <kind>archive</kind>
         <file>rts6600_elf.lib</file>
         <name>autoinit.c.obj</name>
      </input_file>
      <input_file id="fl-33">
         <path>C:\Users\sitogor\Downloads\ti-cgt-c6000_8.3.12\lib\</path>
         <kind>archive</kind>
         <file>rts6600_elf.lib</file>
         <name>pre_init.c.obj</name>
      </input_file>
      <input_file id="fl-34">
         <path>C:\Users\sitogor\Downloads\ti-cgt-c6000_8.3.12\lib\</path>
         <kind>archive</kind>
         <file>rts6600_elf.lib</file>
         <name>startup.c.obj</name>
      </input_file>
      <input_file id="fl-35">
         <path>C:\Users\sitogor\Downloads\ti-cgt-c6000_8.3.12\lib\</path>
         <kind>archive</kind>
         <file>rts6600_elf.lib</file>
         <name>cpy_tbl.c.obj</name>
      </input_file>
      <input_file id="fl-36">
         <path>C:\Users\sitogor\Downloads\ti-cgt-c6000_8.3.12\lib\</path>
         <kind>archive</kind>
         <file>rts6600_elf.lib</file>
         <name>copy_zero_init.c.obj</name>
      </input_file>
      <input_file id="fl-37">
         <path>C:\Users\sitogor\Downloads\ti-cgt-c6000_8.3.12\lib\</path>
         <kind>archive</kind>
         <file>rts6600_elf.lib</file>
         <name>copy_decompress_none.c.obj</name>
      </input_file>
      <input_file id="fl-38">
         <path>C:\Users\sitogor\Downloads\ti-cgt-c6000_8.3.12\lib\</path>
         <kind>archive</kind>
         <file>rts6600_elf.lib</file>
         <name>copy_decompress_rle.c.obj</name>
      </input_file>
      <input_file id="fl-39">
         <path>C:\Users\sitogor\Downloads\ti-cgt-c6000_8.3.12\lib\</path>
         <kind>archive</kind>
         <file>rts6600_elf.lib</file>
         <name>frexp.c.obj</name>
      </input_file>
      <input_file id="fl-3a">
         <path>C:\Users\sitogor\Downloads\ti-cgt-c6000_8.3.12\lib\</path>
         <kind>archive</kind>
         <file>rts6600_elf.lib</file>
         <name>isinf.c.obj</name>
      </input_file>
      <input_file id="fl-3b">
         <path>C:\Users\sitogor\Downloads\ti-cgt-c6000_8.3.12\lib\</path>
         <kind>archive</kind>
         <file>rts6600_elf.lib</file>
         <name>ldexp.c.obj</name>
      </input_file>
      <input_file id="fl-3c">
         <path>C:\Users\sitogor\Downloads\ti-cgt-c6000_8.3.12\lib\</path>
         <kind>archive</kind>
         <file>rts6600_elf.lib</file>
         <name>sin.c.obj</name>
      </input_file>
      <input_file id="fl-3d">
         <path>C:\Users\sitogor\Downloads\ti-cgt-c6000_8.3.12\lib\</path>
         <kind>archive</kind>
         <file>rts6600_elf.lib</file>
         <name>trunc.c.obj</name>
      </input_file>
      <input_file id="fl-3e">
         <path>C:\Users\sitogor\Downloads\ti-cgt-c6000_8.3.12\lib\</path>
         <kind>archive</kind>
         <file>rts6600_elf.lib</file>
         <name>signbit.c.obj</name>
      </input_file>
      <input_file id="fl-3f">
         <path>C:\Users\sitogor\Downloads\ti-cgt-c6000_8.3.12\lib\</path>
         <kind>archive</kind>
         <file>rts6600_elf.lib</file>
         <name>divf.c.obj</name>
      </input_file>
      <input_file id="fl-40">
         <path>C:\Users\sitogor\Downloads\ti-cgt-c6000_8.3.12\lib\</path>
         <kind>archive</kind>
         <file>rts6600_elf.lib</file>
         <name>divd.c.obj</name>
      </input_file>
      <input_file id="fl-41">
         <path>C:\Users\sitogor\Downloads\ti-cgt-c6000_8.3.12\lib\</path>
         <kind>archive</kind>
         <file>rts6600_elf.lib</file>
         <name>frcmpyd_div.c.obj</name>
      </input_file>
      <input_file id="fl-42">
         <path>C:\Users\sitogor\Downloads\ti-cgt-c6000_8.3.12\lib\</path>
         <kind>archive</kind>
         <file>rts6600_elf.lib</file>
         <name>exit.c.obj</name>
      </input_file>
      <input_file id="fl-43">
         <path>C:\Users\sitogor\Downloads\ti-cgt-c6000_8.3.12\lib\</path>
         <kind>archive</kind>
         <file>rts6600_elf.lib</file>
         <name>memory.c.obj</name>
      </input_file>
      <input_file id="fl-44">
         <path>C:\Users\sitogor\Downloads\ti-cgt-c6000_8.3.12\lib\</path>
         <kind>archive</kind>
         <file>rts6600_elf.lib</file>
         <name>_lock.c.obj</name>
      </input_file>
      <input_file id="fl-45">
         <path>C:\Users\sitogor\Downloads\ti-cgt-c6000_8.3.12\lib\</path>
         <kind>archive</kind>
         <file>rts6600_elf.lib</file>
         <name>_ltoa.c.obj</name>
      </input_file>
      <input_file id="fl-46">
         <path>C:\Users\sitogor\Downloads\ti-cgt-c6000_8.3.12\lib\</path>
         <kind>archive</kind>
         <file>rts6600_elf.lib</file>
         <name>args_main.c.obj</name>
      </input_file>
      <input_file id="fl-47">
         <path>C:\Users\sitogor\Downloads\ti-cgt-c6000_8.3.12\lib\</path>
         <kind>archive</kind>
         <file>rts6600_elf.lib</file>
         <name>atoi.c.obj</name>
      </input_file>
      <input_file id="fl-48">
         <path>C:\Users\sitogor\Downloads\ti-cgt-c6000_8.3.12\lib\</path>
         <kind>archive</kind>
         <file>rts6600_elf.lib</file>
         <name>ctype.c.obj</name>
      </input_file>
      <input_file id="fl-49">
         <path>C:\Users\sitogor\Downloads\ti-cgt-c6000_8.3.12\lib\</path>
         <kind>archive</kind>
         <file>rts6600_elf.lib</file>
         <name>defs.c.obj</name>
      </input_file>
      <input_file id="fl-4a">
         <path>C:\Users\sitogor\Downloads\ti-cgt-c6000_8.3.12\lib\</path>
         <kind>archive</kind>
         <file>rts6600_elf.lib</file>
         <name>memccpy.c.obj</name>
      </input_file>
      <input_file id="fl-4b">
         <path>C:\Users\sitogor\Downloads\ti-cgt-c6000_8.3.12\lib\</path>
         <kind>archive</kind>
         <file>rts6600_elf.lib</file>
         <name>read.c.obj</name>
      </input_file>
      <input_file id="fl-4c">
         <path>C:\Users\sitogor\Downloads\ti-cgt-c6000_8.3.12\lib\</path>
         <kind>archive</kind>
         <file>rts6600_elf.lib</file>
         <name>write.c.obj</name>
      </input_file>
      <input_file id="fl-4d">
         <path>C:\Users\sitogor\Downloads\ti-cgt-c6000_8.3.12\lib\</path>
         <kind>archive</kind>
         <file>rts6600_elf.lib</file>
         <name>tls.c.obj</name>
      </input_file>
      <input_file id="fl-4e">
         <path>C:\Users\sitogor\Downloads\ti-cgt-c6000_8.3.12\lib\</path>
         <kind>archive</kind>
         <file>rts6600_elf.lib</file>
         <name>llabs.c.obj</name>
      </input_file>
      <input_file id="fl-4f">
         <path>C:\Users\sitogor\Downloads\ti-cgt-c6000_8.3.12\lib\</path>
         <kind>archive</kind>
         <file>rts6600_elf.lib</file>
         <name>errno.c.obj</name>
      </input_file>
      <input_file id="fl-50">
         <path>C:\Users\sitogor\Downloads\ti-cgt-c6000_8.3.12\lib\</path>
         <kind>archive</kind>
         <file>rts6600_elf.lib</file>
         <name>wcslen.c.obj</name>
      </input_file>
      <input_file id="fl-51">
         <path>C:\Users\sitogor\Downloads\ti-cgt-c6000_8.3.12\lib\</path>
         <kind>archive</kind>
         <file>rts6600_elf.lib</file>
         <name>_scanfi.c.obj</name>
      </input_file>
      <input_file id="fl-52">
         <path>C:\Users\sitogor\Downloads\ti-cgt-c6000_8.3.12\lib\</path>
         <kind>archive</kind>
         <file>rts6600_elf.lib</file>
         <name>fflush.c.obj</name>
      </input_file>
      <input_file id="fl-53">
         <path>C:\Users\sitogor\Downloads\ti-cgt-c6000_8.3.12\lib\</path>
         <kind>archive</kind>
         <file>rts6600_elf.lib</file>
         <name>fopen.c.obj</name>
      </input_file>
      <input_file id="fl-54">
         <path>C:\Users\sitogor\Downloads\ti-cgt-c6000_8.3.12\lib\</path>
         <kind>archive</kind>
         <file>rts6600_elf.lib</file>
         <name>fseek.c.obj</name>
      </input_file>
      <input_file id="fl-55">
         <path>C:\Users\sitogor\Downloads\ti-cgt-c6000_8.3.12\lib\</path>
         <kind>archive</kind>
         <file>rts6600_elf.lib</file>
         <name>tls_get_tp.asm.obj</name>
      </input_file>
      <input_file id="fl-56">
         <path>C:\Users\sitogor\Downloads\ti-cgt-c6000_8.3.12\lib\</path>
         <kind>archive</kind>
         <file>rts6600_elf.lib</file>
         <name>modf.c.obj</name>
      </input_file>
      <input_file id="fl-57">
         <path>C:\Users\sitogor\Downloads\ti-cgt-c6000_8.3.12\lib\</path>
         <kind>archive</kind>
         <file>rts6600_elf.lib</file>
         <name>round.c.obj</name>
      </input_file>
      <input_file id="fl-58">
         <path>C:\Users\sitogor\Downloads\ti-cgt-c6000_8.3.12\lib\</path>
         <kind>archive</kind>
         <file>rts6600_elf.lib</file>
         <name>lseek.c.obj</name>
      </input_file>
      <input_file id="fl-59">
         <path>C:\Users\sitogor\Downloads\ti-cgt-c6000_8.3.12\lib\</path>
         <kind>archive</kind>
         <file>rts6600_elf.lib</file>
         <name>open.c.obj</name>
      </input_file>
      <input_file id="fl-5a">
         <path>C:\Users\sitogor\Downloads\ti-cgt-c6000_8.3.12\lib\</path>
         <kind>archive</kind>
         <file>rts6600_elf.lib</file>
         <name>strtod.c.obj</name>
      </input_file>
      <input_file id="fl-5b">
         <path>C:\Users\sitogor\Downloads\ti-cgt-c6000_8.3.12\lib\</path>
         <kind>archive</kind>
         <file>rts6600_elf.lib</file>
         <name>strtol.c.obj</name>
      </input_file>
      <input_file id="fl-5c">
         <path>C:\Users\sitogor\Downloads\ti-cgt-c6000_8.3.12\lib\</path>
         <kind>archive</kind>
         <file>rts6600_elf.lib</file>
         <name>strtoll.c.obj</name>
      </input_file>
      <input_file id="fl-5d">
         <path>C:\Users\sitogor\Downloads\ti-cgt-c6000_8.3.12\lib\</path>
         <kind>archive</kind>
         <file>rts6600_elf.lib</file>
         <name>strtoul.c.obj</name>
      </input_file>
      <input_file id="fl-5e">
         <path>C:\Users\sitogor\Downloads\ti-cgt-c6000_8.3.12\lib\</path>
         <kind>archive</kind>
         <file>rts6600_elf.lib</file>
         <name>strtoull.c.obj</name>
      </input_file>
      <input_file id="fl-5f">
         <path>C:\Users\sitogor\Downloads\ti-cgt-c6000_8.3.12\lib\</path>
         <kind>archive</kind>
         <file>rts6600_elf.lib</file>
         <name>hostclose.c.obj</name>
      </input_file>
      <input_file id="fl-60">
         <path>C:\Users\sitogor\Downloads\ti-cgt-c6000_8.3.12\lib\</path>
         <kind>archive</kind>
         <file>rts6600_elf.lib</file>
         <name>hostlseek.c.obj</name>
      </input_file>
      <input_file id="fl-61">
         <path>C:\Users\sitogor\Downloads\ti-cgt-c6000_8.3.12\lib\</path>
         <kind>archive</kind>
         <file>rts6600_elf.lib</file>
         <name>hostopen.c.obj</name>
      </input_file>
      <input_file id="fl-62">
         <path>C:\Users\sitogor\Downloads\ti-cgt-c6000_8.3.12\lib\</path>
         <kind>archive</kind>
         <file>rts6600_elf.lib</file>
         <name>hostread.c.obj</name>
      </input_file>
      <input_file id="fl-63">
         <path>C:\Users\sitogor\Downloads\ti-cgt-c6000_8.3.12\lib\</path>
         <kind>archive</kind>
         <file>rts6600_elf.lib</file>
         <name>hostrename.c.obj</name>
      </input_file>
      <input_file id="fl-64">
         <path>C:\Users\sitogor\Downloads\ti-cgt-c6000_8.3.12\lib\</path>
         <kind>archive</kind>
         <file>rts6600_elf.lib</file>
         <name>hostunlink.c.obj</name>
      </input_file>
      <input_file id="fl-65">
         <path>C:\Users\sitogor\Downloads\ti-cgt-c6000_8.3.12\lib\</path>
         <kind>archive</kind>
         <file>rts6600_elf.lib</file>
         <name>hostwrite.c.obj</name>
      </input_file>
      <input_file id="fl-66">
         <path>C:\Users\sitogor\Downloads\ti-cgt-c6000_8.3.12\lib\</path>
         <kind>archive</kind>
         <file>rts6600_elf.lib</file>
         <name>trgmsg.c.obj</name>
      </input_file>
      <input_file id="fl-67">
         <path>C:\Users\sitogor\Downloads\ti-cgt-c6000_8.3.12\lib\</path>
         <kind>archive</kind>
         <file>rts6600_elf.lib</file>
         <name>fclose.c.obj</name>
      </input_file>
      <input_file id="fl-68">
         <path>C:\Users\sitogor\Downloads\ti-cgt-c6000_8.3.12\lib\</path>
         <kind>archive</kind>
         <file>rts6600_elf.lib</file>
         <name>getdevice.c.obj</name>
      </input_file>
      <input_file id="fl-69">
         <path>C:\Users\sitogor\Downloads\ti-cgt-c6000_8.3.12\lib\</path>
         <kind>archive</kind>
         <file>rts6600_elf.lib</file>
         <name>remu.asm.obj</name>
      </input_file>
      <input_file id="fl-6a">
         <path>C:\Users\sitogor\Downloads\ti-cgt-c6000_8.3.12\lib\</path>
         <kind>archive</kind>
         <file>rts6600_elf.lib</file>
         <name>close.c.obj</name>
      </input_file>
      <input_file id="fl-6b">
         <path>C:\Users\sitogor\Downloads\ti-cgt-c6000_8.3.12\lib\</path>
         <kind>archive</kind>
         <file>rts6600_elf.lib</file>
         <name>remove.c.obj</name>
      </input_file>
      <input_file id="fl-6c">
         <path>C:\Users\sitogor\Downloads\ti-cgt-c6000_8.3.12\lib\</path>
         <kind>archive</kind>
         <file>rts6600_elf.lib</file>
         <name>unlink.c.obj</name>
      </input_file>
   </input_file_list>
   <object_component_list>
      <object_component id="oc-1a5">
         <name>.text:__TI_scanfi</name>
         <load_address>0xc000000</load_address>
         <run_address>0xc000000</run_address>
         <size>0x2100</size>
         <input_file_ref idref="fl-51"/>
      </object_component>
      <object_component id="oc-176">
         <name>.text:__TI_printfi</name>
         <load_address>0xc002100</load_address>
         <run_address>0xc002100</run_address>
         <size>0x2000</size>
         <input_file_ref idref="fl-21"/>
      </object_component>
      <object_component id="oc-90">
         <name>.text</name>
         <load_address>0xc004100</load_address>
         <run_address>0xc004100</run_address>
         <size>0xb60</size>
         <input_file_ref idref="fl-2"/>
      </object_component>
      <object_component id="oc-2a2">
         <name>.text:strtod</name>
         <load_address>0xc004c60</load_address>
         <run_address>0xc004c60</run_address>
         <size>0x920</size>
         <input_file_ref idref="fl-5a"/>
      </object_component>
      <object_component id="oc-230">
         <name>.text:_pconv_a</name>
         <load_address>0xc005580</load_address>
         <run_address>0xc005580</run_address>
         <size>0x640</size>
         <input_file_ref idref="fl-21"/>
      </object_component>
      <object_component id="oc-307">
         <name>.text:__c6xabi_divd</name>
         <load_address>0xc005bc0</load_address>
         <run_address>0xc005bc0</run_address>
         <size>0x600</size>
         <input_file_ref idref="fl-40"/>
      </object_component>
      <object_component id="oc-2ae">
         <name>.text:strtoll</name>
         <load_address>0xc0061c0</load_address>
         <run_address>0xc0061c0</run_address>
         <size>0x4c0</size>
         <input_file_ref idref="fl-5c"/>
      </object_component>
      <object_component id="oc-21e">
         <name>.text:_pconv_g</name>
         <load_address>0xc006680</load_address>
         <run_address>0xc006680</run_address>
         <size>0x440</size>
         <input_file_ref idref="fl-21"/>
      </object_component>
      <object_component id="oc-29c">
         <name>.text:strtoull</name>
         <load_address>0xc006ac0</load_address>
         <run_address>0xc006ac0</run_address>
         <size>0x420</size>
         <input_file_ref idref="fl-5e"/>
      </object_component>
      <object_component id="oc-3f5">
         <name>.text:free</name>
         <load_address>0xc006ee0</load_address>
         <run_address>0xc006ee0</run_address>
         <size>0x3c0</size>
         <input_file_ref idref="fl-43"/>
      </object_component>
      <object_component id="oc-2a8">
         <name>.text:strtol</name>
         <load_address>0xc0072a0</load_address>
         <run_address>0xc0072a0</run_address>
         <size>0x3a0</size>
         <input_file_ref idref="fl-5b"/>
      </object_component>
      <object_component id="oc-296">
         <name>.text:strtoul</name>
         <load_address>0xc007640</load_address>
         <run_address>0xc007640</run_address>
         <size>0x300</size>
         <input_file_ref idref="fl-5d"/>
      </object_component>
      <object_component id="oc-1f4">
         <name>.text:fputs</name>
         <load_address>0xc007940</load_address>
         <run_address>0xc007940</run_address>
         <size>0x2e0</size>
         <input_file_ref idref="fl-25"/>
      </object_component>
      <object_component id="oc-22a">
         <name>.text:_pconv_e</name>
         <load_address>0xc007c20</load_address>
         <run_address>0xc007c20</run_address>
         <size>0x2c0</size>
         <input_file_ref idref="fl-21"/>
      </object_component>
      <object_component id="oc-320">
         <name>.text:fcvt</name>
         <load_address>0xc007ee0</load_address>
         <run_address>0xc007ee0</run_address>
         <size>0x2c0</size>
         <input_file_ref idref="fl-21"/>
      </object_component>
      <object_component id="oc-f1">
         <name>.text:__c6xabi_divf</name>
         <load_address>0xc0081a0</load_address>
         <run_address>0xc0081a0</run_address>
         <size>0x2a0</size>
         <input_file_ref idref="fl-3f"/>
      </object_component>
      <object_component id="oc-fd">
         <name>.text:sin</name>
         <load_address>0xc008440</load_address>
         <run_address>0xc008440</run_address>
         <size>0x2a0</size>
         <input_file_ref idref="fl-3c"/>
      </object_component>
      <object_component id="oc-2f2">
         <name>.text:__c6xabi_divull</name>
         <load_address>0xc0086e0</load_address>
         <run_address>0xc0086e0</run_address>
         <size>0x240</size>
         <input_file_ref idref="fl-2f"/>
      </object_component>
      <object_component id="oc-2f8">
         <name>.text:__c6xabi_divul</name>
         <load_address>0xc008920</load_address>
         <run_address>0xc008920</run_address>
         <size>0x1c0</size>
         <input_file_ref idref="fl-2e"/>
      </object_component>
      <object_component id="oc-206">
         <name>.text:_ltostr</name>
         <load_address>0xc008ae0</load_address>
         <run_address>0xc008ae0</run_address>
         <size>0x1c0</size>
         <input_file_ref idref="fl-21"/>
      </object_component>
      <object_component id="oc-1ed">
         <name>.text:fputc</name>
         <load_address>0xc008ca0</load_address>
         <run_address>0xc008ca0</run_address>
         <size>0x1c0</size>
         <input_file_ref idref="fl-24"/>
      </object_component>
      <object_component id="oc-32e">
         <name>.text:ldexp</name>
         <load_address>0xc008e60</load_address>
         <run_address>0xc008e60</run_address>
         <size>0x1c0</size>
         <input_file_ref idref="fl-3b"/>
      </object_component>
      <object_component id="oc-3fb">
         <name>.text:malloc</name>
         <load_address>0xc009020</load_address>
         <run_address>0xc009020</run_address>
         <size>0x1c0</size>
         <input_file_ref idref="fl-43"/>
      </object_component>
      <object_component id="oc-369">
         <name>.text:setvbuf</name>
         <load_address>0xc0091e0</load_address>
         <run_address>0xc0091e0</run_address>
         <size>0x1c0</size>
         <input_file_ref idref="fl-28"/>
      </object_component>
      <object_component id="oc-4ad">
         <name>.text:HOSTrename</name>
         <load_address>0xc0093a0</load_address>
         <run_address>0xc0093a0</run_address>
         <size>0x1a0</size>
         <input_file_ref idref="fl-63"/>
      </object_component>
      <object_component id="oc-328">
         <name>.text:frexp</name>
         <load_address>0xc009540</load_address>
         <run_address>0xc009540</run_address>
         <size>0x1a0</size>
         <input_file_ref idref="fl-39"/>
      </object_component>
      <object_component id="oc-193">
         <name>.text:_chkmbc</name>
         <load_address>0xc0096e0</load_address>
         <run_address>0xc0096e0</run_address>
         <size>0x180</size>
         <input_file_ref idref="fl-22"/>
      </object_component>
      <object_component id="oc-35b">
         <name>.text:__TI_buff_read</name>
         <load_address>0xc009860</load_address>
         <run_address>0xc009860</run_address>
         <size>0x160</size>
         <input_file_ref idref="fl-26"/>
      </object_component>
      <object_component id="oc-284">
         <name>.text:_sproc_str</name>
         <load_address>0xc0099c0</load_address>
         <run_address>0xc0099c0</run_address>
         <size>0x140</size>
         <input_file_ref idref="fl-51"/>
      </object_component>
      <object_component id="oc-28a">
         <name>.text:_sproc_wstr</name>
         <load_address>0xc009b00</load_address>
         <run_address>0xc009b00</run_address>
         <size>0x140</size>
         <input_file_ref idref="fl-51"/>
      </object_component>
      <object_component id="oc-275">
         <name>.text:fgetc</name>
         <load_address>0xc009c40</load_address>
         <run_address>0xc009c40</run_address>
         <size>0x140</size>
         <input_file_ref idref="fl-23"/>
      </object_component>
      <object_component id="oc-224">
         <name>.text:_pconv_f</name>
         <load_address>0xc009d80</load_address>
         <run_address>0xc009d80</run_address>
         <size>0x120</size>
         <input_file_ref idref="fl-21"/>
      </object_component>
      <object_component id="oc-4f9">
         <name>.text:getdevice</name>
         <load_address>0xc009ea0</load_address>
         <run_address>0xc009ea0</run_address>
         <size>0x120</size>
         <input_file_ref idref="fl-68"/>
      </object_component>
      <object_component id="oc-47c">
         <name>.text:__TI_closefile</name>
         <load_address>0xc009fc0</load_address>
         <run_address>0xc009fc0</run_address>
         <size>0x100</size>
         <input_file_ref idref="fl-67"/>
      </object_component>
      <object_component id="oc-3d">
         <name>.text:__TI_decompress_rle_core</name>
         <load_address>0xc00a0c0</load_address>
         <run_address>0xc00a0c0</run_address>
         <size>0x100</size>
         <input_file_ref idref="fl-38"/>
      </object_component>
      <object_component id="oc-319">
         <name>.text:_mcpy</name>
         <load_address>0xc00a1c0</load_address>
         <run_address>0xc00a1c0</run_address>
         <size>0x100</size>
         <input_file_ref idref="fl-21"/>
      </object_component>
      <object_component id="oc-200">
         <name>.text:atoi</name>
         <load_address>0xc00a2c0</load_address>
         <run_address>0xc00a2c0</run_address>
         <size>0x100</size>
         <input_file_ref idref="fl-47"/>
      </object_component>
      <object_component id="oc-391">
         <name>.text:fseek</name>
         <load_address>0xc00a3c0</load_address>
         <run_address>0xc00a3c0</run_address>
         <size>0x100</size>
         <input_file_ref idref="fl-54"/>
      </object_component>
      <object_component id="oc-27b">
         <name>.text:ungetc</name>
         <load_address>0xc00a4c0</load_address>
         <run_address>0xc00a4c0</run_address>
         <size>0x100</size>
         <input_file_ref idref="fl-29"/>
      </object_component>
      <object_component id="oc-4a1">
         <name>.text:HOSTlseek</name>
         <load_address>0xc00a5c0</load_address>
         <run_address>0xc00a5c0</run_address>
         <size>0xe0</size>
         <input_file_ref idref="fl-60"/>
      </object_component>
      <object_component id="oc-489">
         <name>.text:HOSTopen</name>
         <load_address>0xc00a6a0</load_address>
         <run_address>0xc00a6a0</run_address>
         <size>0xe0</size>
         <input_file_ref idref="fl-61"/>
      </object_component>
      <object_component id="oc-49b">
         <name>.text:HOSTwrite</name>
         <load_address>0xc00a780</load_address>
         <run_address>0xc00a780</run_address>
         <size>0xe0</size>
         <input_file_ref idref="fl-65"/>
      </object_component>
      <object_component id="oc-30d">
         <name>.text:__TI_ltoa</name>
         <load_address>0xc00a860</load_address>
         <run_address>0xc00a860</run_address>
         <size>0xe0</size>
         <input_file_ref idref="fl-45"/>
      </object_component>
      <object_component id="oc-2d9">
         <name>.text:__TI_wrt_ok</name>
         <load_address>0xc00a940</load_address>
         <run_address>0xc00a940</run_address>
         <size>0xe0</size>
         <input_file_ref idref="fl-27"/>
      </object_component>
      <object_component id="oc-4ca">
         <name>.text:close</name>
         <load_address>0xc00aa20</load_address>
         <run_address>0xc00aa20</run_address>
         <size>0xe0</size>
         <input_file_ref idref="fl-6a"/>
      </object_component>
      <object_component id="oc-5b">
         <name>.text:exit</name>
         <load_address>0xc00ab00</load_address>
         <run_address>0xc00ab00</run_address>
         <size>0xe0</size>
         <input_file_ref idref="fl-42"/>
      </object_component>
      <object_component id="oc-7c">
         <name>.text:memset</name>
         <load_address>0xc00abe0</load_address>
         <run_address>0xc00abe0</run_address>
         <size>0xe0</size>
         <input_file_ref idref="fl-31"/>
      </object_component>
      <object_component id="oc-f7">
         <name>.text:printf</name>
         <load_address>0xc00acc0</load_address>
         <run_address>0xc00acc0</run_address>
         <size>0xe0</size>
         <input_file_ref idref="fl-20"/>
      </object_component>
      <object_component id="oc-103">
         <name>.text:scanf</name>
         <load_address>0xc00ada0</load_address>
         <run_address>0xc00ada0</run_address>
         <size>0xe0</size>
         <input_file_ref idref="fl-22"/>
      </object_component>
      <object_component id="oc-495">
         <name>.text:HOSTread</name>
         <load_address>0xc00ae80</load_address>
         <run_address>0xc00ae80</run_address>
         <size>0xc0</size>
         <input_file_ref idref="fl-62"/>
      </object_component>
      <object_component id="oc-4a7">
         <name>.text:HOSTunlink</name>
         <load_address>0xc00af40</load_address>
         <run_address>0xc00af40</run_address>
         <size>0xc0</size>
         <input_file_ref idref="fl-64"/>
      </object_component>
      <object_component id="oc-a4">
         <name>.text:__TI_auto_init_nobinit_nopinit:__TI_auto_init_nobinit_nopinit</name>
         <load_address>0xc00b000</load_address>
         <run_address>0xc00b000</run_address>
         <size>0xc0</size>
         <input_file_ref idref="fl-32"/>
      </object_component>
      <object_component id="oc-2fe">
         <name>.text:__divu</name>
         <load_address>0xc00b0c0</load_address>
         <run_address>0xc00b0c0</run_address>
         <size>0xc0</size>
         <input_file_ref idref="fl-2b"/>
      </object_component>
      <object_component id="oc-46e">
         <name>.text:minsert</name>
         <load_address>0xc00b180</load_address>
         <run_address>0xc00b180</run_address>
         <size>0xc0</size>
         <input_file_ref idref="fl-43"/>
      </object_component>
      <object_component id="oc-474">
         <name>.text:mremove</name>
         <load_address>0xc00b240</load_address>
         <run_address>0xc00b240</run_address>
         <size>0xc0</size>
         <input_file_ref idref="fl-43"/>
      </object_component>
      <object_component id="oc-141">
         <name>.text:tls:init:__TI_tls_init</name>
         <load_address>0xc00b300</load_address>
         <run_address>0xc00b300</run_address>
         <size>0xc0</size>
         <input_file_ref idref="fl-4d"/>
      </object_component>
      <object_component id="oc-48f">
         <name>.text:HOSTclose</name>
         <load_address>0xc00b3c0</load_address>
         <run_address>0xc00b3c0</run_address>
         <size>0xa0</size>
         <input_file_ref idref="fl-5f"/>
      </object_component>
      <object_component id="oc-401">
         <name>.text:__TI_cleanup</name>
         <load_address>0xc00b460</load_address>
         <run_address>0xc00b460</run_address>
         <size>0xa0</size>
         <input_file_ref idref="fl-53"/>
      </object_component>
      <object_component id="oc-2df">
         <name>.text:__TI_doflush</name>
         <load_address>0xc00b500</load_address>
         <run_address>0xc00b500</run_address>
         <size>0xa0</size>
         <input_file_ref idref="fl-52"/>
      </object_component>
      <object_component id="oc-355">
         <name>.text:__TI_rd_ok</name>
         <load_address>0xc00b5a0</load_address>
         <run_address>0xc00b5a0</run_address>
         <size>0xa0</size>
         <input_file_ref idref="fl-27"/>
      </object_component>
      <object_component id="oc-185">
         <name>.text:__c6xabi_nround</name>
         <load_address>0xc00b640</load_address>
         <run_address>0xc00b640</run_address>
         <size>0xa0</size>
         <input_file_ref idref="fl-57"/>
      </object_component>
      <object_component id="oc-380">
         <name>.text:__remu</name>
         <load_address>0xc00b6e0</load_address>
         <run_address>0xc00b6e0</run_address>
         <size>0xa0</size>
         <input_file_ref idref="fl-69"/>
      </object_component>
      <object_component id="oc-313">
         <name>.text:_ecpy</name>
         <load_address>0xc00b780</load_address>
         <run_address>0xc00b780</run_address>
         <size>0xa0</size>
         <input_file_ref idref="fl-21"/>
      </object_component>
      <object_component id="oc-519">
         <name>.text:finddevice</name>
         <load_address>0xc00b820</load_address>
         <run_address>0xc00b820</run_address>
         <size>0xa0</size>
         <input_file_ref idref="fl-68"/>
      </object_component>
      <object_component id="oc-31">
         <name>.text:memcpy</name>
         <load_address>0xc00b8c0</load_address>
         <run_address>0xc00b8c0</run_address>
         <size>0xa0</size>
         <input_file_ref idref="fl-2c"/>
      </object_component>
      <object_component id="oc-18b">
         <name>.text:modf</name>
         <load_address>0xc00b960</load_address>
         <run_address>0xc00b960</run_address>
         <size>0xa0</size>
         <input_file_ref idref="fl-56"/>
      </object_component>
      <object_component id="oc-4e4">
         <name>.text:__TI_readmsg</name>
         <load_address>0xc00ba00</load_address>
         <run_address>0xc00ba00</run_address>
         <size>0x80</size>
         <input_file_ref idref="fl-66"/>
      </object_component>
      <object_component id="oc-3a6">
         <name>.text:__c6xabi_llshl</name>
         <load_address>0xc00ba80</load_address>
         <run_address>0xc00ba80</run_address>
         <size>0x80</size>
         <input_file_ref idref="fl-30"/>
      </object_component>
      <object_component id="oc-25">
         <name>.text:_c_int00</name>
         <load_address>0xc00bb00</load_address>
         <run_address>0xc00bb00</run_address>
         <size>0x80</size>
         <input_file_ref idref="fl-2d"/>
      </object_component>
      <object_component id="oc-4d0">
         <name>.text:unlink</name>
         <load_address>0xc00bb80</load_address>
         <run_address>0xc00bb80</run_address>
         <size>0x80</size>
         <input_file_ref idref="fl-6c"/>
      </object_component>
      <object_component id="oc-3bd">
         <name>.text:__TI_frcmpyd_div</name>
         <load_address>0xc00bc00</load_address>
         <run_address>0xc00bc00</run_address>
         <size>0x60</size>
         <input_file_ref idref="fl-41"/>
      </object_component>
      <object_component id="oc-4de">
         <name>.text:__TI_writemsg</name>
         <load_address>0xc00bc60</load_address>
         <run_address>0xc00bc60</run_address>
         <size>0x60</size>
         <input_file_ref idref="fl-66"/>
      </object_component>
      <object_component id="oc-3b2">
         <name>.text:__c6xabi_llshru</name>
         <load_address>0xc00bcc0</load_address>
         <run_address>0xc00bcc0</run_address>
         <size>0x60</size>
         <input_file_ref idref="fl-30"/>
      </object_component>
      <object_component id="oc-387">
         <name>.text:__c6xabi_remull</name>
         <load_address>0xc00bd20</load_address>
         <run_address>0xc00bd20</run_address>
         <size>0x60</size>
         <input_file_ref idref="fl-2f"/>
      </object_component>
      <object_component id="oc-3ac">
         <name>.text:_subcull</name>
         <load_address>0xc00bd80</load_address>
         <run_address>0xc00bd80</run_address>
         <size>0x60</size>
         <input_file_ref idref="fl-2f"/>
      </object_component>
      <object_component id="oc-420">
         <name>.text:lseek</name>
         <load_address>0xc00bde0</load_address>
         <run_address>0xc00bde0</run_address>
         <size>0x60</size>
         <input_file_ref idref="fl-58"/>
      </object_component>
      <object_component id="oc-236">
         <name>.text:memccpy</name>
         <load_address>0xc00be40</load_address>
         <run_address>0xc00be40</run_address>
         <size>0x60</size>
         <input_file_ref idref="fl-4a"/>
      </object_component>
      <object_component id="oc-361">
         <name>.text:read</name>
         <load_address>0xc00bea0</load_address>
         <run_address>0xc00bea0</run_address>
         <size>0x60</size>
         <input_file_ref idref="fl-4b"/>
      </object_component>
      <object_component id="oc-290">
         <name>.text:strrchr</name>
         <load_address>0xc00bf00</load_address>
         <run_address>0xc00bf00</run_address>
         <size>0x60</size>
         <input_file_ref idref="fl-51"/>
      </object_component>
      <object_component id="oc-2e5">
         <name>.text:write</name>
         <load_address>0xc00bf60</load_address>
         <run_address>0xc00bf60</run_address>
         <size>0x60</size>
         <input_file_ref idref="fl-4c"/>
      </object_component>
      <object_component id="oc-212">
         <name>.text:__c6xabi_isinf</name>
         <load_address>0xc00bfc0</load_address>
         <run_address>0xc00bfc0</run_address>
         <size>0x40</size>
         <input_file_ref idref="fl-3a"/>
      </object_component>
      <object_component id="oc-20c">
         <name>.text:__c6xabi_isnan</name>
         <load_address>0xc00c000</load_address>
         <run_address>0xc00c000</run_address>
         <size>0x40</size>
         <input_file_ref idref="fl-21"/>
      </object_component>
      <object_component id="oc-55">
         <name>.text:_args_main</name>
         <load_address>0xc00c040</load_address>
         <run_address>0xc00c040</run_address>
         <size>0x40</size>
         <input_file_ref idref="fl-46"/>
      </object_component>
      <object_component id="oc-23c">
         <name>.text:wcslen</name>
         <load_address>0xc00c080</load_address>
         <run_address>0xc00c080</run_address>
         <size>0x40</size>
         <input_file_ref idref="fl-50"/>
      </object_component>
      <object_component id="oc-242">
         <name>.text:__c6xabi_errno_addr</name>
         <load_address>0xc00c0c0</load_address>
         <run_address>0xc00c0c0</run_address>
         <size>0x20</size>
         <input_file_ref idref="fl-4f"/>
      </object_component>
      <object_component id="oc-17f">
         <name>.text:__c6xabi_trunc</name>
         <load_address>0xc00c0e0</load_address>
         <run_address>0xc00c0e0</run_address>
         <size>0x20</size>
         <input_file_ref idref="fl-3d"/>
      </object_component>
      <object_component id="oc-248">
         <name>.text:__pop_rts</name>
         <load_address>0xc00c100</load_address>
         <run_address>0xc00c100</run_address>
         <size>0x20</size>
         <input_file_ref idref="fl-2a"/>
      </object_component>
      <object_component id="oc-1fb">
         <name>.text:__push_rts</name>
         <load_address>0xc00c120</load_address>
         <run_address>0xc00c120</run_address>
         <size>0x20</size>
         <input_file_ref idref="fl-2a"/>
      </object_component>
      <object_component id="oc-199">
         <name>.text:_inpchar</name>
         <load_address>0xc00c140</load_address>
         <run_address>0xc00c140</run_address>
         <size>0x20</size>
         <input_file_ref idref="fl-22"/>
      </object_component>
      <object_component id="oc-1de">
         <name>.text:_nop</name>
         <load_address>0xc00c160</load_address>
         <run_address>0xc00c160</run_address>
         <size>0x20</size>
         <input_file_ref idref="fl-44"/>
      </object_component>
      <object_component id="oc-16a">
         <name>.text:_outc</name>
         <load_address>0xc00c180</load_address>
         <run_address>0xc00c180</run_address>
         <size>0x20</size>
         <input_file_ref idref="fl-20"/>
      </object_component>
      <object_component id="oc-170">
         <name>.text:_outs</name>
         <load_address>0xc00c1a0</load_address>
         <run_address>0xc00c1a0</run_address>
         <size>0x20</size>
         <input_file_ref idref="fl-20"/>
      </object_component>
      <object_component id="oc-218">
         <name>.text:_signbit</name>
         <load_address>0xc00c1c0</load_address>
         <run_address>0xc00c1c0</run_address>
         <size>0x20</size>
         <input_file_ref idref="fl-3e"/>
      </object_component>
      <object_component id="oc-13b">
         <name>.text:_system_post_cinit</name>
         <load_address>0xc00c1e0</load_address>
         <run_address>0xc00c1e0</run_address>
         <size>0x20</size>
         <input_file_ref idref="fl-34"/>
      </object_component>
      <object_component id="oc-61">
         <name>.text:_system_pre_init</name>
         <load_address>0xc00c200</load_address>
         <run_address>0xc00c200</run_address>
         <size>0x20</size>
         <input_file_ref idref="fl-33"/>
      </object_component>
      <object_component id="oc-19f">
         <name>.text:_uninpchar</name>
         <load_address>0xc00c220</load_address>
         <run_address>0xc00c220</run_address>
         <size>0x20</size>
         <input_file_ref idref="fl-22"/>
      </object_component>
      <object_component id="oc-9b">
         <name>.text:abort</name>
         <load_address>0xc00c240</load_address>
         <run_address>0xc00c240</run_address>
         <size>0x20</size>
         <input_file_ref idref="fl-42"/>
      </object_component>
      <object_component id="oc-18">
         <name>.text:decompress:none:__TI_decompress_none</name>
         <load_address>0xc00c260</load_address>
         <run_address>0xc00c260</run_address>
         <size>0x20</size>
         <input_file_ref idref="fl-37"/>
      </object_component>
      <object_component id="oc-1e">
         <name>.text:decompress:rle24:__TI_decompress_rle24</name>
         <load_address>0xc00c280</load_address>
         <run_address>0xc00c280</run_address>
         <size>0x20</size>
         <input_file_ref idref="fl-38"/>
      </object_component>
      <object_component id="oc-2b">
         <name>.stack</name>
         <uninitialized>true</uninitialized>
         <run_address>0xc00c2a0</run_address>
         <size>0x8</size>
         <input_file_ref idref="fl-2d"/>
      </object_component>
      <object_component id="oc-55e">
         <name>.stack</name>
         <uninitialized>true</uninitialized>
         <run_address>0xc00c2a0</run_address>
         <size>0x0</size>
      </object_component>
      <object_component id="oc-128">
         <name>.common:digit</name>
         <uninitialized>true</uninitialized>
         <run_address>0xc00e120</run_address>
         <size>0x1</size>
      </object_component>
      <object_component id="oc-118">
         <name>.common:key</name>
         <uninitialized>true</uninitialized>
         <run_address>0xc00e121</run_address>
         <size>0x1</size>
      </object_component>
      <object_component id="oc-109">
         <name>.common:i</name>
         <uninitialized>true</uninitialized>
         <run_address>0xc00e104</run_address>
         <size>0x4</size>
      </object_component>
      <object_component id="oc-10c">
         <name>.common:n</name>
         <uninitialized>true</uninitialized>
         <run_address>0xc00e118</run_address>
         <size>0x4</size>
      </object_component>
      <object_component id="oc-125">
         <name>.common:N</name>
         <uninitialized>true</uninitialized>
         <run_address>0xc00e0f8</run_address>
         <size>0x4</size>
      </object_component>
      <object_component id="oc-126">
         <name>.common:tick</name>
         <uninitialized>true</uninitialized>
         <run_address>0xc00e11c</run_address>
         <size>0x4</size>
      </object_component>
      <object_component id="oc-11d">
         <name>.common:freq1</name>
         <uninitialized>true</uninitialized>
         <run_address>0xc00e0fc</run_address>
         <size>0x4</size>
      </object_component>
      <object_component id="oc-11e">
         <name>.common:freq2</name>
         <uninitialized>true</uninitialized>
         <run_address>0xc00e100</run_address>
         <size>0x4</size>
      </object_component>
      <object_component id="oc-11f">
         <name>.common:mag1</name>
         <uninitialized>true</uninitialized>
         <run_address>0xc00e108</run_address>
         <size>0x4</size>
      </object_component>
      <object_component id="oc-120">
         <name>.common:mag2</name>
         <uninitialized>true</uninitialized>
         <run_address>0xc00e10c</run_address>
         <size>0x4</size>
      </object_component>
      <object_component id="oc-112">
         <name>.common:max_float0</name>
         <uninitialized>true</uninitialized>
         <run_address>0xc00e110</run_address>
         <size>0x4</size>
      </object_component>
      <object_component id="oc-113">
         <name>.common:max_float1</name>
         <uninitialized>true</uninitialized>
         <run_address>0xc00e114</run_address>
         <size>0x4</size>
      </object_component>
      <object_component id="oc-111">
         <name>.common:tdiff</name>
         <uninitialized>true</uninitialized>
         <run_address>0xc00e0f0</run_address>
         <size>0x8</size>
      </object_component>
      <object_component id="oc-505">
         <name>.cio</name>
         <uninitialized>true</uninitialized>
         <run_address>0xc00deb0</run_address>
         <size>0x120</size>
         <input_file_ref idref="fl-66"/>
      </object_component>
      <object_component id="oc-119">
         <name>.const:.string</name>
         <load_address>0xc00daf8</load_address>
         <run_address>0xc00daf8</run_address>
         <size>0x1a0</size>
         <input_file_ref idref="fl-2"/>
      </object_component>
      <object_component id="oc-272">
         <name>.const:.string:_ctypes_</name>
         <load_address>0xc00dc98</load_address>
         <run_address>0xc00dc98</run_address>
         <size>0x101</size>
         <input_file_ref idref="fl-48"/>
      </object_component>
      <object_component id="oc-378">
         <name>.const:digits</name>
         <load_address>0xc00dda0</load_address>
         <run_address>0xc00dda0</run_address>
         <size>0x80</size>
         <input_file_ref idref="fl-5a"/>
      </object_component>
      <object_component id="oc-37b">
         <name>.const:powerof10</name>
         <load_address>0xc00de20</load_address>
         <run_address>0xc00de20</run_address>
         <size>0x48</size>
         <input_file_ref idref="fl-5a"/>
      </object_component>
      <object_component id="oc-24d">
         <name>.const:.string</name>
         <load_address>0xc00de68</load_address>
         <run_address>0xc00de68</run_address>
         <size>0x24</size>
         <input_file_ref idref="fl-21"/>
      </object_component>
      <object_component id="oc-2b5">
         <name>.const:.string</name>
         <load_address>0xc00de8c</load_address>
         <run_address>0xc00de8c</run_address>
         <size>0x10</size>
         <input_file_ref idref="fl-51"/>
      </object_component>
      <object_component id="oc-2b6">
         <name>.const:.string:flit$1</name>
         <load_address>0xc00dea0</load_address>
         <run_address>0xc00dea0</run_address>
         <size>0x7</size>
         <input_file_ref idref="fl-51"/>
      </object_component>
      <object_component id="oc-2b7">
         <name>.const:.string:barr$2</name>
         <load_address>0xc00dea8</load_address>
         <run_address>0xc00dea8</run_address>
         <size>0x6</size>
         <input_file_ref idref="fl-51"/>
      </object_component>
      <object_component id="oc-124">
         <name>.switch:Generate_tones</name>
         <load_address>0xc00dfd0</load_address>
         <run_address>0xc00dfd0</run_address>
         <size>0x88</size>
         <input_file_ref idref="fl-2"/>
      </object_component>
      <object_component id="oc-2b4">
         <name>.switch:__TI_scanfi</name>
         <load_address>0xc00e058</load_address>
         <run_address>0xc00e058</run_address>
         <size>0x5c</size>
         <input_file_ref idref="fl-51"/>
      </object_component>
      <object_component id="oc-24e">
         <name>.switch:__TI_printfi</name>
         <load_address>0xc00e0b4</load_address>
         <run_address>0xc00e0b4</run_address>
         <size>0x38</size>
         <input_file_ref idref="fl-21"/>
      </object_component>
      <object_component id="oc-2e">
         <name>.sysmem</name>
         <uninitialized>true</uninitialized>
         <run_address>0xc00caa0</run_address>
         <size>0x8</size>
         <input_file_ref idref="fl-43"/>
      </object_component>
      <object_component id="oc-55f">
         <name>.sysmem</name>
         <uninitialized>true</uninitialized>
         <run_address>0xc00caa0</run_address>
         <size>0x0</size>
      </object_component>
      <object_component id="oc-110">
         <name>.common:magnitudes</name>
         <uninitialized>true</uninitialized>
         <run_address>0xc00d718</run_address>
         <size>0x20</size>
      </object_component>
      <object_component id="oc-127">
         <name>.common:samples</name>
         <uninitialized>true</uninitialized>
         <run_address>0xc00d2a0</run_address>
         <size>0x334</size>
      </object_component>
      <object_component id="oc-114">
         <name>.common:max_float_index</name>
         <uninitialized>true</uninitialized>
         <run_address>0xc00d738</run_address>
         <size>0x8</size>
      </object_component>
      <object_component id="oc-4d6">
         <name>.common:__TI_tmpnams</name>
         <uninitialized>true</uninitialized>
         <run_address>0xc00d5d8</run_address>
         <size>0x140</size>
      </object_component>
      <object_component id="oc-4db">
         <name>.common:parmbuf</name>
         <uninitialized>true</uninitialized>
         <run_address>0xc00d740</run_address>
         <size>0x8</size>
      </object_component>
      <object_component id="oc-55d">
         <name>.cinit..fardata.load</name>
         <load_address>0xc00e130</load_address>
         <run_address>0xc00e130</run_address>
         <size>0xfe</size>
      </object_component>
      <object_component id="oc-55b">
         <name>.cinit..far.load</name>
         <load_address>0xc00e22e</load_address>
         <run_address>0xc00e22e</run_address>
         <size>0xb</size>
      </object_component>
      <object_component id="oc-55c">
         <name>.cinit..neardata.load</name>
         <load_address>0xc00e239</load_address>
         <run_address>0xc00e239</run_address>
         <size>0xa</size>
      </object_component>
      <object_component id="oc-55a">
         <name>.cinit..bss.load</name>
         <load_address>0xc00e243</load_address>
         <run_address>0xc00e243</run_address>
         <size>0x9</size>
      </object_component>
      <object_component id="oc-558">
         <name>__TI_handler_table</name>
         <load_address>0xc00e24c</load_address>
         <run_address>0xc00e24c</run_address>
         <size>0x8</size>
      </object_component>
      <object_component id="oc-559">
         <name>__TI_cinit_table</name>
         <load_address>0xc00e258</load_address>
         <run_address>0xc00e258</run_address>
         <size>0x20</size>
      </object_component>
      <object_component id="oc-121">
         <name>.neardata</name>
         <load_address>0xc00e124</load_address>
         <run_address>0xc00e124</run_address>
         <size>0x8</size>
         <input_file_ref idref="fl-2"/>
      </object_component>
      <object_component id="oc-10d">
         <name>.fardata:coef_float</name>
         <load_address>0xc00da80</load_address>
         <run_address>0xc00da80</run_address>
         <size>0x20</size>
         <input_file_ref idref="fl-2"/>
      </object_component>
      <object_component id="oc-115">
         <name>.fardata:pad</name>
         <load_address>0xc00dac0</load_address>
         <run_address>0xc00dac0</run_address>
         <size>0x10</size>
         <input_file_ref idref="fl-2"/>
      </object_component>
      <object_component id="oc-11a">
         <name>.fardata:targetFrequencies</name>
         <load_address>0xc00daa0</load_address>
         <run_address>0xc00daa0</run_address>
         <size>0x20</size>
         <input_file_ref idref="fl-2"/>
      </object_component>
      <object_component id="oc-17e">
         <name>.fardata:R$1</name>
         <load_address>0xc00da40</load_address>
         <run_address>0xc00da40</run_address>
         <size>0x40</size>
         <input_file_ref idref="fl-3c"/>
      </object_component>
      <object_component id="oc-98">
         <name>.fardata</name>
         <load_address>0xc00dad0</load_address>
         <run_address>0xc00dad0</run_address>
         <size>0xc</size>
         <input_file_ref idref="fl-42"/>
      </object_component>
      <object_component id="oc-46b">
         <name>.fardata</name>
         <load_address>0xc00dadc</load_address>
         <run_address>0xc00dadc</run_address>
         <size>0x8</size>
         <input_file_ref idref="fl-43"/>
      </object_component>
      <object_component id="oc-161">
         <name>.fardata:_lock</name>
         <load_address>0xc00dae4</load_address>
         <run_address>0xc00dae4</run_address>
         <size>0x4</size>
         <input_file_ref idref="fl-44"/>
      </object_component>
      <object_component id="oc-167">
         <name>.fardata:_unlock</name>
         <load_address>0xc00dae8</load_address>
         <run_address>0xc00dae8</run_address>
         <size>0x4</size>
         <input_file_ref idref="fl-44"/>
      </object_component>
      <object_component id="oc-164">
         <name>.fardata:_ftable</name>
         <load_address>0xc00d748</load_address>
         <run_address>0xc00d748</run_address>
         <size>0x1e0</size>
         <input_file_ref idref="fl-49"/>
      </object_component>
      <object_component id="oc-3ec">
         <name>.fardata</name>
         <load_address>0xc00daec</load_address>
         <run_address>0xc00daec</run_address>
         <size>0x4</size>
         <input_file_ref idref="fl-49"/>
      </object_component>
      <object_component id="oc-42c">
         <name>.fardata:_device</name>
         <load_address>0xc00d9c8</load_address>
         <run_address>0xc00d9c8</run_address>
         <size>0x78</size>
         <input_file_ref idref="fl-4c"/>
      </object_component>
      <object_component id="oc-39b">
         <name>.fardata:_stream</name>
         <load_address>0xc00d928</load_address>
         <run_address>0xc00d928</run_address>
         <size>0xa0</size>
         <input_file_ref idref="fl-4c"/>
      </object_component>
      <object_component id="oc-33e">
         <name>.fardata</name>
         <load_address>0xc00daf0</load_address>
         <run_address>0xc00daf0</run_address>
         <size>0x4</size>
         <input_file_ref idref="fl-4f"/>
      </object_component>
      <object_component id="oc-10a">
         <name>.debug_info</name>
         <load_address>0x0</load_address>
         <run_address>0x0</run_address>
         <size>0x820</size>
         <input_file_ref idref="fl-2"/>
      </object_component>
      <object_component id="oc-122">
         <name>.debug_info</name>
         <load_address>0x820</load_address>
         <run_address>0x820</run_address>
         <size>0x126</size>
         <input_file_ref idref="fl-2"/>
      </object_component>
      <object_component id="oc-10e">
         <name>.debug_info</name>
         <load_address>0x946</load_address>
         <run_address>0x946</run_address>
         <size>0x111</size>
         <input_file_ref idref="fl-2"/>
      </object_component>
      <object_component id="oc-116">
         <name>.debug_info</name>
         <load_address>0xa57</load_address>
         <run_address>0xa57</run_address>
         <size>0x103</size>
         <input_file_ref idref="fl-2"/>
      </object_component>
      <object_component id="oc-11b">
         <name>.debug_info</name>
         <load_address>0xb5a</load_address>
         <run_address>0xb5a</run_address>
         <size>0x11f</size>
         <input_file_ref idref="fl-2"/>
      </object_component>
      <object_component id="oc-91">
         <name>.debug_info</name>
         <load_address>0xc79</load_address>
         <run_address>0xc79</run_address>
         <size>0x632</size>
         <input_file_ref idref="fl-2"/>
      </object_component>
      <object_component id="oc-1af">
         <name>.debug_info</name>
         <load_address>0x12ab</load_address>
         <run_address>0x12ab</run_address>
         <size>0x26b</size>
         <input_file_ref idref="fl-2"/>
      </object_component>
      <object_component id="oc-77">
         <name>.debug_info</name>
         <load_address>0x1516</load_address>
         <run_address>0x1516</run_address>
         <size>0xc0</size>
         <input_file_ref idref="fl-2"/>
      </object_component>
      <object_component id="oc-1c1">
         <name>.debug_info</name>
         <load_address>0x15d6</load_address>
         <run_address>0x15d6</run_address>
         <size>0x275</size>
         <input_file_ref idref="fl-2"/>
      </object_component>
      <object_component id="oc-12a">
         <name>.debug_info</name>
         <load_address>0x184b</load_address>
         <run_address>0x184b</run_address>
         <size>0xbb</size>
         <input_file_ref idref="fl-2"/>
      </object_component>
      <object_component id="oc-251">
         <name>.debug_info</name>
         <load_address>0x1906</load_address>
         <run_address>0x1906</run_address>
         <size>0x2c</size>
         <input_file_ref idref="fl-2"/>
      </object_component>
      <object_component id="oc-1b4">
         <name>.debug_info</name>
         <load_address>0x1932</load_address>
         <run_address>0x1932</run_address>
         <size>0x35</size>
         <input_file_ref idref="fl-2"/>
      </object_component>
      <object_component id="oc-17d">
         <name>.debug_info</name>
         <load_address>0x1967</load_address>
         <run_address>0x1967</run_address>
         <size>0x6b0</size>
         <input_file_ref idref="fl-20"/>
      </object_component>
      <object_component id="oc-16c">
         <name>.debug_info</name>
         <load_address>0x2017</load_address>
         <run_address>0x2017</run_address>
         <size>0x152</size>
         <input_file_ref idref="fl-20"/>
      </object_component>
      <object_component id="oc-172">
         <name>.debug_info</name>
         <load_address>0x2169</load_address>
         <run_address>0x2169</run_address>
         <size>0x161</size>
         <input_file_ref idref="fl-20"/>
      </object_component>
      <object_component id="oc-f9">
         <name>.debug_info</name>
         <load_address>0x22ca</load_address>
         <run_address>0x22ca</run_address>
         <size>0x199</size>
         <input_file_ref idref="fl-20"/>
      </object_component>
      <object_component id="oc-267">
         <name>.debug_info</name>
         <load_address>0x2463</load_address>
         <run_address>0x2463</run_address>
         <size>0xb2</size>
         <input_file_ref idref="fl-20"/>
      </object_component>
      <object_component id="oc-250">
         <name>.debug_info</name>
         <load_address>0x2515</load_address>
         <run_address>0x2515</run_address>
         <size>0x80e</size>
         <input_file_ref idref="fl-21"/>
      </object_component>
      <object_component id="oc-208">
         <name>.debug_info</name>
         <load_address>0x2d23</load_address>
         <run_address>0x2d23</run_address>
         <size>0x25c</size>
         <input_file_ref idref="fl-21"/>
      </object_component>
      <object_component id="oc-20e">
         <name>.debug_info</name>
         <load_address>0x2f7f</load_address>
         <run_address>0x2f7f</run_address>
         <size>0x222</size>
         <input_file_ref idref="fl-21"/>
      </object_component>
      <object_component id="oc-315">
         <name>.debug_info</name>
         <load_address>0x31a1</load_address>
         <run_address>0x31a1</run_address>
         <size>0x1a9</size>
         <input_file_ref idref="fl-21"/>
      </object_component>
      <object_component id="oc-31b">
         <name>.debug_info</name>
         <load_address>0x334a</load_address>
         <run_address>0x334a</run_address>
         <size>0x21a</size>
         <input_file_ref idref="fl-21"/>
      </object_component>
      <object_component id="oc-220">
         <name>.debug_info</name>
         <load_address>0x3564</load_address>
         <run_address>0x3564</run_address>
         <size>0x2fe</size>
         <input_file_ref idref="fl-21"/>
      </object_component>
      <object_component id="oc-322">
         <name>.debug_info</name>
         <load_address>0x3862</load_address>
         <run_address>0x3862</run_address>
         <size>0x25b</size>
         <input_file_ref idref="fl-21"/>
      </object_component>
      <object_component id="oc-226">
         <name>.debug_info</name>
         <load_address>0x3abd</load_address>
         <run_address>0x3abd</run_address>
         <size>0x281</size>
         <input_file_ref idref="fl-21"/>
      </object_component>
      <object_component id="oc-22c">
         <name>.debug_info</name>
         <load_address>0x3d3e</load_address>
         <run_address>0x3d3e</run_address>
         <size>0x2ec</size>
         <input_file_ref idref="fl-21"/>
      </object_component>
      <object_component id="oc-232">
         <name>.debug_info</name>
         <load_address>0x402a</load_address>
         <run_address>0x402a</run_address>
         <size>0x4c1</size>
         <input_file_ref idref="fl-21"/>
      </object_component>
      <object_component id="oc-178">
         <name>.debug_info</name>
         <load_address>0x44eb</load_address>
         <run_address>0x44eb</run_address>
         <size>0x6ae</size>
         <input_file_ref idref="fl-21"/>
      </object_component>
      <object_component id="oc-256">
         <name>.debug_info</name>
         <load_address>0x4b99</load_address>
         <run_address>0x4b99</run_address>
         <size>0x86</size>
         <input_file_ref idref="fl-21"/>
      </object_component>
      <object_component id="oc-346">
         <name>.debug_info</name>
         <load_address>0x4c1f</load_address>
         <run_address>0x4c1f</run_address>
         <size>0x39</size>
         <input_file_ref idref="fl-21"/>
      </object_component>
      <object_component id="oc-3e4">
         <name>.debug_info</name>
         <load_address>0x4c58</load_address>
         <run_address>0x4c58</run_address>
         <size>0x94</size>
         <input_file_ref idref="fl-21"/>
      </object_component>
      <object_component id="oc-34b">
         <name>.debug_info</name>
         <load_address>0x4cec</load_address>
         <run_address>0x4cec</run_address>
         <size>0x46</size>
         <input_file_ref idref="fl-21"/>
      </object_component>
      <object_component id="oc-260">
         <name>.debug_info</name>
         <load_address>0x4d32</load_address>
         <run_address>0x4d32</run_address>
         <size>0x46</size>
         <input_file_ref idref="fl-21"/>
      </object_component>
      <object_component id="oc-25b">
         <name>.debug_info</name>
         <load_address>0x4d78</load_address>
         <run_address>0x4d78</run_address>
         <size>0x2c</size>
         <input_file_ref idref="fl-21"/>
      </object_component>
      <object_component id="oc-1ac">
         <name>.debug_info</name>
         <load_address>0x4da4</load_address>
         <run_address>0x4da4</run_address>
         <size>0x718</size>
         <input_file_ref idref="fl-22"/>
      </object_component>
      <object_component id="oc-194">
         <name>.debug_info</name>
         <load_address>0x54bc</load_address>
         <run_address>0x54bc</run_address>
         <size>0x218</size>
         <input_file_ref idref="fl-22"/>
      </object_component>
      <object_component id="oc-19a">
         <name>.debug_info</name>
         <load_address>0x56d4</load_address>
         <run_address>0x56d4</run_address>
         <size>0x15c</size>
         <input_file_ref idref="fl-22"/>
      </object_component>
      <object_component id="oc-1a0">
         <name>.debug_info</name>
         <load_address>0x5830</load_address>
         <run_address>0x5830</run_address>
         <size>0x18b</size>
         <input_file_ref idref="fl-22"/>
      </object_component>
      <object_component id="oc-104">
         <name>.debug_info</name>
         <load_address>0x59bb</load_address>
         <run_address>0x59bb</run_address>
         <size>0x182</size>
         <input_file_ref idref="fl-22"/>
      </object_component>
      <object_component id="oc-368">
         <name>.debug_info</name>
         <load_address>0x5b3d</load_address>
         <run_address>0x5b3d</run_address>
         <size>0x640</size>
         <input_file_ref idref="fl-23"/>
      </object_component>
      <object_component id="oc-278">
         <name>.debug_info</name>
         <load_address>0x617d</load_address>
         <run_address>0x617d</run_address>
         <size>0x1c7</size>
         <input_file_ref idref="fl-23"/>
      </object_component>
      <object_component id="oc-2ec">
         <name>.debug_info</name>
         <load_address>0x6344</load_address>
         <run_address>0x6344</run_address>
         <size>0x64e</size>
         <input_file_ref idref="fl-24"/>
      </object_component>
      <object_component id="oc-1f0">
         <name>.debug_info</name>
         <load_address>0x6992</load_address>
         <run_address>0x6992</run_address>
         <size>0x213</size>
         <input_file_ref idref="fl-24"/>
      </object_component>
      <object_component id="oc-2ee">
         <name>.debug_info</name>
         <load_address>0x6ba5</load_address>
         <run_address>0x6ba5</run_address>
         <size>0x65f</size>
         <input_file_ref idref="fl-25"/>
      </object_component>
      <object_component id="oc-1f7">
         <name>.debug_info</name>
         <load_address>0x7204</load_address>
         <run_address>0x7204</run_address>
         <size>0x326</size>
         <input_file_ref idref="fl-25"/>
      </object_component>
      <object_component id="oc-e4">
         <name>.debug_info</name>
         <load_address>0x752a</load_address>
         <run_address>0x752a</run_address>
         <size>0x2c</size>
         <input_file_ref idref="fl-25"/>
      </object_component>
      <object_component id="oc-3f0">
         <name>.debug_info</name>
         <load_address>0x7556</load_address>
         <run_address>0x7556</run_address>
         <size>0x63b</size>
         <input_file_ref idref="fl-26"/>
      </object_component>
      <object_component id="oc-35c">
         <name>.debug_info</name>
         <load_address>0x7b91</load_address>
         <run_address>0x7b91</run_address>
         <size>0x202</size>
         <input_file_ref idref="fl-26"/>
      </object_component>
      <object_component id="oc-398">
         <name>.debug_info</name>
         <load_address>0x7d93</load_address>
         <run_address>0x7d93</run_address>
         <size>0x5ca</size>
         <input_file_ref idref="fl-27"/>
      </object_component>
      <object_component id="oc-2dc">
         <name>.debug_info</name>
         <load_address>0x835d</load_address>
         <run_address>0x835d</run_address>
         <size>0x18c</size>
         <input_file_ref idref="fl-27"/>
      </object_component>
      <object_component id="oc-359">
         <name>.debug_info</name>
         <load_address>0x84e9</load_address>
         <run_address>0x84e9</run_address>
         <size>0x17e</size>
         <input_file_ref idref="fl-27"/>
      </object_component>
      <object_component id="oc-409">
         <name>.debug_info</name>
         <load_address>0x8667</load_address>
         <run_address>0x8667</run_address>
         <size>0xbf</size>
         <input_file_ref idref="fl-27"/>
      </object_component>
      <object_component id="oc-408">
         <name>.debug_info</name>
         <load_address>0x8726</load_address>
         <run_address>0x8726</run_address>
         <size>0x634</size>
         <input_file_ref idref="fl-28"/>
      </object_component>
      <object_component id="oc-36c">
         <name>.debug_info</name>
         <load_address>0x8d5a</load_address>
         <run_address>0x8d5a</run_address>
         <size>0x22c</size>
         <input_file_ref idref="fl-28"/>
      </object_component>
      <object_component id="oc-370">
         <name>.debug_info</name>
         <load_address>0x8f86</load_address>
         <run_address>0x8f86</run_address>
         <size>0x5da</size>
         <input_file_ref idref="fl-29"/>
      </object_component>
      <object_component id="oc-27c">
         <name>.debug_info</name>
         <load_address>0x9560</load_address>
         <run_address>0x9560</run_address>
         <size>0x198</size>
         <input_file_ref idref="fl-29"/>
      </object_component>
      <object_component id="oc-1fd">
         <name>.debug_info</name>
         <load_address>0x96f8</load_address>
         <run_address>0x96f8</run_address>
         <size>0x10f</size>
         <input_file_ref idref="fl-2a"/>
      </object_component>
      <object_component id="oc-24a">
         <name>.debug_info</name>
         <load_address>0x9807</load_address>
         <run_address>0x9807</run_address>
         <size>0x10d</size>
         <input_file_ref idref="fl-2a"/>
      </object_component>
      <object_component id="oc-301">
         <name>.debug_info</name>
         <load_address>0x9914</load_address>
         <run_address>0x9914</run_address>
         <size>0x115</size>
         <input_file_ref idref="fl-2b"/>
      </object_component>
      <object_component id="oc-33">
         <name>.debug_info</name>
         <load_address>0x9a29</load_address>
         <run_address>0x9a29</run_address>
         <size>0x122</size>
         <input_file_ref idref="fl-2c"/>
      </object_component>
      <object_component id="oc-6b">
         <name>.debug_info</name>
         <load_address>0x9b4b</load_address>
         <run_address>0x9b4b</run_address>
         <size>0x5df</size>
         <input_file_ref idref="fl-2d"/>
      </object_component>
      <object_component id="oc-2c">
         <name>.debug_info</name>
         <load_address>0xa12a</load_address>
         <run_address>0xa12a</run_address>
         <size>0xf6</size>
         <input_file_ref idref="fl-2d"/>
      </object_component>
      <object_component id="oc-29">
         <name>.debug_info</name>
         <load_address>0xa220</load_address>
         <run_address>0xa220</run_address>
         <size>0x183</size>
         <input_file_ref idref="fl-2d"/>
      </object_component>
      <object_component id="oc-3bb">
         <name>.debug_info</name>
         <load_address>0xa3a3</load_address>
         <run_address>0xa3a3</run_address>
         <size>0x554</size>
         <input_file_ref idref="fl-2e"/>
      </object_component>
      <object_component id="oc-2fa">
         <name>.debug_info</name>
         <load_address>0xa8f7</load_address>
         <run_address>0xa8f7</run_address>
         <size>0x1d5</size>
         <input_file_ref idref="fl-2e"/>
      </object_component>
      <object_component id="oc-3b9">
         <name>.debug_info</name>
         <load_address>0xaacc</load_address>
         <run_address>0xaacc</run_address>
         <size>0x574</size>
         <input_file_ref idref="fl-2f"/>
      </object_component>
      <object_component id="oc-3ae">
         <name>.debug_info</name>
         <load_address>0xb040</load_address>
         <run_address>0xb040</run_address>
         <size>0x17a</size>
         <input_file_ref idref="fl-2f"/>
      </object_component>
      <object_component id="oc-2f3">
         <name>.debug_info</name>
         <load_address>0xb1ba</load_address>
         <run_address>0xb1ba</run_address>
         <size>0x252</size>
         <input_file_ref idref="fl-2f"/>
      </object_component>
      <object_component id="oc-38a">
         <name>.debug_info</name>
         <load_address>0xb40c</load_address>
         <run_address>0xb40c</run_address>
         <size>0x170</size>
         <input_file_ref idref="fl-2f"/>
      </object_component>
      <object_component id="oc-443">
         <name>.debug_info</name>
         <load_address>0xb57c</load_address>
         <run_address>0xb57c</run_address>
         <size>0x554</size>
         <input_file_ref idref="fl-30"/>
      </object_component>
      <object_component id="oc-3b4">
         <name>.debug_info</name>
         <load_address>0xbad0</load_address>
         <run_address>0xbad0</run_address>
         <size>0x19f</size>
         <input_file_ref idref="fl-30"/>
      </object_component>
      <object_component id="oc-3a8">
         <name>.debug_info</name>
         <load_address>0xbc6f</load_address>
         <run_address>0xbc6f</run_address>
         <size>0x18c</size>
         <input_file_ref idref="fl-30"/>
      </object_component>
      <object_component id="oc-43e">
         <name>.debug_info</name>
         <load_address>0xbdfb</load_address>
         <run_address>0xbdfb</run_address>
         <size>0x39</size>
         <input_file_ref idref="fl-30"/>
      </object_component>
      <object_component id="oc-4b5">
         <name>.debug_info</name>
         <load_address>0xbe34</load_address>
         <run_address>0xbe34</run_address>
         <size>0x2c</size>
         <input_file_ref idref="fl-30"/>
      </object_component>
      <object_component id="oc-e3">
         <name>.debug_info</name>
         <load_address>0xbe60</load_address>
         <run_address>0xbe60</run_address>
         <size>0x564</size>
         <input_file_ref idref="fl-31"/>
      </object_component>
      <object_component id="oc-7e">
         <name>.debug_info</name>
         <load_address>0xc3c4</load_address>
         <run_address>0xc3c4</run_address>
         <size>0x227</size>
         <input_file_ref idref="fl-31"/>
      </object_component>
      <object_component id="oc-148">
         <name>.debug_info</name>
         <load_address>0xc5eb</load_address>
         <run_address>0xc5eb</run_address>
         <size>0x7c4</size>
         <input_file_ref idref="fl-32"/>
      </object_component>
      <object_component id="oc-a5">
         <name>.debug_info</name>
         <load_address>0xcdaf</load_address>
         <run_address>0xcdaf</run_address>
         <size>0x1b0</size>
         <input_file_ref idref="fl-32"/>
      </object_component>
      <object_component id="oc-1cb">
         <name>.debug_info</name>
         <load_address>0xcf5f</load_address>
         <run_address>0xcf5f</run_address>
         <size>0x39</size>
         <input_file_ref idref="fl-32"/>
      </object_component>
      <object_component id="oc-1d7">
         <name>.debug_info</name>
         <load_address>0xcf98</load_address>
         <run_address>0xcf98</run_address>
         <size>0x39</size>
         <input_file_ref idref="fl-32"/>
      </object_component>
      <object_component id="oc-153">
         <name>.debug_info</name>
         <load_address>0xcfd1</load_address>
[...]
         <value>0xc004100</value>
         <object_component_ref idref="oc-90"/>
      </symbol>
      <symbol id="sm-c2">
         <name>goertzel_multi</name>
         <value>0xc004110</value>
         <object_component_ref idref="oc-90"/>
      </symbol>
      <symbol id="sm-c3">
         <name>main</name>
         <value>0xc004bd0</value>
         <object_component_ref idref="oc-90"/>
      </symbol>
      <symbol id="sm-c4">
         <name>Flag</name>
         <value>0xc00e124</value>
         <object_component_ref idref="oc-121"/>
      </symbol>
      <symbol id="sm-c5">
         <name>Frequency_detection</name>
         <value>0xc0042c0</value>
         <object_component_ref idref="oc-90"/>
      </symbol>
      <symbol id="sm-c6">
         <name>Generate_tones</name>
         <value>0xc004540</value>
         <object_component_ref idref="oc-90"/>
      </symbol>
      <symbol id="sm-c7">
         <name>coef_float</name>
         <value>0xc00da80</value>
         <object_component_ref idref="oc-10d"/>
      </symbol>
      <symbol id="sm-c8">
         <name>mismatch</name>
         <value>0xc00e128</value>
         <object_component_ref idref="oc-121"/>
      </symbol>
      <symbol id="sm-f0">
         <name>printf</name>
         <value>0xc00acc0</value>
         <object_component_ref idref="oc-f7"/>
      </symbol>
      <symbol id="sm-308">
         <name>__TI_printfi</name>
         <value>0xc002100</value>
         <object_component_ref idref="oc-176"/>
      </symbol>
      <symbol id="sm-33f">
         <name>scanf</name>
         <value>0xc00ada0</value>
         <object_component_ref idref="oc-103"/>
      </symbol>
      <symbol id="sm-354">
         <name>getc</name>
         <value>0xc009c40</value>
         <object_component_ref idref="oc-275"/>
      </symbol>
      <symbol id="sm-355">
         <name>fgetc</name>
         <value>0xc009c40</value>
         <object_component_ref idref="oc-275"/>
      </symbol>
      <symbol id="sm-374">
         <name>putc</name>
         <value>0xc008ca0</value>
         <object_component_ref idref="oc-1ed"/>
      </symbol>
      <symbol id="sm-375">
         <name>fputc</name>
         <value>0xc008ca0</value>
         <object_component_ref idref="oc-1ed"/>
      </symbol>
      <symbol id="sm-3a9">
         <name>fputs</name>
         <value>0xc007940</value>
         <object_component_ref idref="oc-1f4"/>
      </symbol>
      <symbol id="sm-3c1">
         <name>__TI_buff_read</name>
         <value>0xc009860</value>
         <object_component_ref idref="oc-35b"/>
      </symbol>
      <symbol id="sm-3e1">
         <name>__TI_wrt_ok</name>
         <value>0xc00a940</value>
         <object_component_ref idref="oc-2d9"/>
      </symbol>
      <symbol id="sm-3e2">
         <name>__TI_rd_ok</name>
         <value>0xc00b5a0</value>
         <object_component_ref idref="oc-355"/>
      </symbol>
      <symbol id="sm-3fe">
         <name>setvbuf</name>
         <value>0xc0091e0</value>
         <object_component_ref idref="oc-369"/>
      </symbol>
      <symbol id="sm-410">
         <name>ungetc</name>
         <value>0xc00a4c0</value>
         <object_component_ref idref="oc-27b"/>
      </symbol>
      <symbol id="sm-41e">
         <name>__c6xabi_push_rts</name>
         <value>0xc00c120</value>
         <object_component_ref idref="oc-1fb"/>
      </symbol>
      <symbol id="sm-41f">
         <name>__pop_rts</name>
         <value>0xc00c100</value>
         <object_component_ref idref="oc-248"/>
      </symbol>
      <symbol id="sm-420">
         <name>__c6xabi_pop_rts</name>
         <value>0xc00c100</value>
         <object_component_ref idref="oc-248"/>
      </symbol>
      <symbol id="sm-421">
         <name>__push_rts</name>
         <value>0xc00c120</value>
         <object_component_ref idref="oc-1fb"/>
      </symbol>
      <symbol id="sm-42a">
         <name>__c6xabi_divu</name>
         <value>0xc00b0c0</value>
         <object_component_ref idref="oc-2fe"/>
      </symbol>
      <symbol id="sm-42b">
         <name>__divu</name>
         <value>0xc00b0c0</value>
         <object_component_ref idref="oc-2fe"/>
      </symbol>
      <symbol id="sm-434">
         <name>memcpy</name>
         <value>0xc00b8c0</value>
         <object_component_ref idref="oc-31"/>
      </symbol>
      <symbol id="sm-44a">
         <name>_c_int00</name>
         <value>0xc00bb00</value>
         <object_component_ref idref="oc-25"/>
      </symbol>
      <symbol id="sm-44b">
         <name>_stack</name>
         <value>0xc00c2a0</value>
         <object_component_ref idref="oc-2b"/>
      </symbol>
      <symbol id="sm-45c">
         <name>__c6xabi_divul</name>
         <value>0xc008920</value>
         <object_component_ref idref="oc-2f8"/>
      </symbol>
      <symbol id="sm-481">
         <name>__c6xabi_remull</name>
         <value>0xc00bd20</value>
         <object_component_ref idref="oc-387"/>
      </symbol>
      <symbol id="sm-482">
         <name>_subcull</name>
         <value>0xc00bd80</value>
         <object_component_ref idref="oc-3ac"/>
      </symbol>
      <symbol id="sm-483">
         <name>__c6xabi_divull</name>
         <value>0xc0086e0</value>
         <object_component_ref idref="oc-2f2"/>
      </symbol>
      <symbol id="sm-4a2">
         <name>__c6xabi_llshru</name>
         <value>0xc00bcc0</value>
         <object_component_ref idref="oc-3b2"/>
      </symbol>
      <symbol id="sm-4a3">
         <name>__c6xabi_llshl</name>
         <value>0xc00ba80</value>
         <object_component_ref idref="oc-3a6"/>
      </symbol>
      <symbol id="sm-4b3">
         <name>memset</name>
         <value>0xc00abe0</value>
         <object_component_ref idref="oc-7c"/>
      </symbol>
      <symbol id="sm-4d8">
         <name>__TI_auto_init_nobinit_nopinit</name>
         <value>0xc00b000</value>
         <object_component_ref idref="oc-a4"/>
      </symbol>
      <symbol id="sm-4e1">
         <name>_system_pre_init</name>
         <value>0xc00c200</value>
         <object_component_ref idref="oc-61"/>
      </symbol>
      <symbol id="sm-4ea">
         <name>_system_post_cinit</name>
         <value>0xc00c1e0</value>
         <object_component_ref idref="oc-13b"/>
      </symbol>
      <symbol id="sm-503">
         <name>__TI_decompress_none</name>
         <value>0xc00c260</value>
         <object_component_ref idref="oc-18"/>
      </symbol>
      <symbol id="sm-52e">
         <name>__TI_decompress_rle24</name>
         <value>0xc00c280</value>
         <object_component_ref idref="oc-1e"/>
      </symbol>
      <symbol id="sm-542">
         <name>frexpl</name>
         <value>0xc009540</value>
         <object_component_ref idref="oc-328"/>
      </symbol>
      <symbol id="sm-543">
         <name>frexp</name>
         <value>0xc009540</value>
         <object_component_ref idref="oc-328"/>
      </symbol>
      <symbol id="sm-560">
         <name>__c6xabi_isinf</name>
         <value>0xc00bfc0</value>
         <object_component_ref idref="oc-212"/>
      </symbol>
      <symbol id="sm-574">
         <name>scalbn</name>
         <value>0xc008e60</value>
         <object_component_ref idref="oc-32e"/>
      </symbol>
      <symbol id="sm-575">
         <name>scalbnl</name>
         <value>0xc008e60</value>
         <object_component_ref idref="oc-32e"/>
      </symbol>
      <symbol id="sm-576">
         <name>ldexpl</name>
         <value>0xc008e60</value>
         <object_component_ref idref="oc-32e"/>
      </symbol>
      <symbol id="sm-577">
         <name>ldexp</name>
         <value>0xc008e60</value>
         <object_component_ref idref="oc-32e"/>
      </symbol>
      <symbol id="sm-58f">
         <name>sin</name>
         <value>0xc008440</value>
         <object_component_ref idref="oc-fd"/>
      </symbol>
      <symbol id="sm-590">
         <name>sinl</name>
         <value>0xc008440</value>
         <object_component_ref idref="oc-fd"/>
      </symbol>
      <symbol id="sm-59a">
         <name>__c6xabi_trunc</name>
         <value>0xc00c0e0</value>
         <object_component_ref idref="oc-17f"/>
      </symbol>
      <symbol id="sm-59b">
         <name>__c6xabi_truncl</name>
         <value>0xc00c0e0</value>
         <object_component_ref idref="oc-17f"/>
      </symbol>
      <symbol id="sm-5a4">
         <name>_signbit</name>
         <value>0xc00c1c0</value>
         <object_component_ref idref="oc-218"/>
      </symbol>
      <symbol id="sm-5b6">
         <name>__c6xabi_divf</name>
         <value>0xc0081a0</value>
         <object_component_ref idref="oc-f1"/>
      </symbol>
      <symbol id="sm-5d5">
         <name>__c6xabi_divd</name>
         <value>0xc005bc0</value>
         <object_component_ref idref="oc-307"/>
      </symbol>
      <symbol id="sm-5e8">
         <name>__TI_frcmpyd_div</name>
         <value>0xc00bc00</value>
         <object_component_ref idref="oc-3bd"/>
      </symbol>
      <symbol id="sm-609">
         <name>C$$EXIT</name>
         <value>0xc00c240</value>
         <object_component_ref idref="oc-9b"/>
      </symbol>
      <symbol id="sm-60a">
         <name>abort</name>
         <value>0xc00c240</value>
         <object_component_ref idref="oc-9b"/>
      </symbol>
      <symbol id="sm-60b">
         <name>exit</name>
         <value>0xc00ab00</value>
         <object_component_ref idref="oc-5b"/>
      </symbol>
      <symbol id="sm-60c">
         <name>__TI_dtors_ptr</name>
         <value>0xc00dad4</value>
         <object_component_ref idref="oc-98"/>
      </symbol>
      <symbol id="sm-60d">
         <name>__TI_cleanup_ptr</name>
         <value>0xc00dad0</value>
         <object_component_ref idref="oc-98"/>
      </symbol>
      <symbol id="sm-60e">
         <name>__TI_enable_exit_profile_output</name>
         <value>0xc00dad8</value>
         <object_component_ref idref="oc-98"/>
      </symbol>
      <symbol id="sm-679">
         <name>_sys_memory</name>
         <value>0xc00caa0</value>
         <object_component_ref idref="oc-2e"/>
      </symbol>
      <symbol id="sm-67a">
         <name>free</name>
         <value>0xc006ee0</value>
         <object_component_ref idref="oc-3f5"/>
      </symbol>
      <symbol id="sm-67b">
         <name>malloc</name>
         <value>0xc009020</value>
         <object_component_ref idref="oc-3fb"/>
      </symbol>
      <symbol id="sm-691">
         <name>_nop</name>
         <value>0xc00c160</value>
         <object_component_ref idref="oc-1de"/>
      </symbol>
      <symbol id="sm-692">
         <name>_lock</name>
         <value>0xc00dae4</value>
         <object_component_ref idref="oc-161"/>
      </symbol>
      <symbol id="sm-693">
         <name>_unlock</name>
         <value>0xc00dae8</value>
         <object_component_ref idref="oc-167"/>
      </symbol>
      <symbol id="sm-6a3">
         <name>__TI_ltoa</name>
         <value>0xc00a860</value>
         <object_component_ref idref="oc-30d"/>
      </symbol>
      <symbol id="sm-6b5">
         <name>_args_main</name>
         <value>0xc00c040</value>
         <object_component_ref idref="oc-55"/>
      </symbol>
      <symbol id="sm-6c9">
         <name>atoi</name>
         <value>0xc00a2c0</value>
         <object_component_ref idref="oc-200"/>
      </symbol>
      <symbol id="sm-6d3">
         <name>_ctypes_</name>
         <value>0xc00dc98</value>
         <object_component_ref idref="oc-272"/>
      </symbol>
      <symbol id="sm-6e3">
         <name>__TI_tmpnams</name>
         <value>0xc00d5d8</value>
      </symbol>
      <symbol id="sm-6e4">
         <name>_ftable</name>
         <value>0xc00d748</value>
         <object_component_ref idref="oc-164"/>
      </symbol>
      <symbol id="sm-6e5">
         <name>__TI_ft_end</name>
         <value>0xc00daec</value>
         <object_component_ref idref="oc-3ec"/>
      </symbol>
      <symbol id="sm-6f6">
         <name>memccpy</name>
         <value>0xc00be40</value>
         <object_component_ref idref="oc-236"/>
      </symbol>
      <symbol id="sm-70f">
         <name>read</name>
         <value>0xc00bea0</value>
         <object_component_ref idref="oc-361"/>
      </symbol>
      <symbol id="sm-728">
         <name>_stream</name>
         <value>0xc00d928</value>
         <object_component_ref idref="oc-39b"/>
      </symbol>
      <symbol id="sm-729">
         <name>_device</name>
         <value>0xc00d9c8</value>
         <object_component_ref idref="oc-42c"/>
      </symbol>
      <symbol id="sm-72a">
         <name>write</name>
         <value>0xc00bf60</value>
         <object_component_ref idref="oc-2e5"/>
      </symbol>
      <symbol id="sm-743">
         <name>__TI_tls_init</name>
         <value>0xc00b300</value>
         <object_component_ref idref="oc-141"/>
      </symbol>
      <symbol id="sm-755">
         <name>__errno</name>
         <value>0xc00daf0</value>
         <object_component_ref idref="oc-33e"/>
      </symbol>
      <symbol id="sm-756">
         <name>errno</name>
         <value>0xc00daf0</value>
         <object_component_ref idref="oc-33e"/>
      </symbol>
      <symbol id="sm-757">
         <name>__c6xabi_errno_addr</name>
         <value>0xc00c0c0</value>
         <object_component_ref idref="oc-242"/>
      </symbol>
      <symbol id="sm-771">
         <name>wcslen</name>
         <value>0xc00c080</value>
         <object_component_ref idref="oc-23c"/>
      </symbol>
      <symbol id="sm-8b9">
         <name>__TI_scanfi</name>
         <value>0xc000000</value>
         <object_component_ref idref="oc-1a5"/>
      </symbol>
      <symbol id="sm-8c8">
         <name>__TI_doflush</name>
         <value>0xc00b500</value>
         <object_component_ref idref="oc-2df"/>
      </symbol>
      <symbol id="sm-8d6">
         <name>__TI_cleanup</name>
         <value>0xc00b460</value>
         <object_component_ref idref="oc-401"/>
      </symbol>
      <symbol id="sm-8ee">
         <name>fseek</name>
         <value>0xc00a3c0</value>
         <object_component_ref idref="oc-391"/>
      </symbol>
      <symbol id="sm-8fd">
         <name>modfl</name>
         <value>0xc00b960</value>
         <object_component_ref idref="oc-18b"/>
      </symbol>
      <symbol id="sm-8fe">
         <name>modf</name>
         <value>0xc00b960</value>
         <object_component_ref idref="oc-18b"/>
      </symbol>
      <symbol id="sm-908">
         <name>__c6xabi_roundl</name>
         <value>0xc00b640</value>
         <object_component_ref idref="oc-185"/>
      </symbol>
      <symbol id="sm-909">
         <name>__c6xabi_nround</name>
         <value>0xc00b640</value>
         <object_component_ref idref="oc-185"/>
      </symbol>
      <symbol id="sm-918">
         <name>lseek</name>
         <value>0xc00bde0</value>
         <object_component_ref idref="oc-420"/>
      </symbol>
      <symbol id="sm-962">
         <name>strtold</name>
         <value>0xc004c60</value>
         <object_component_ref idref="oc-2a2"/>
      </symbol>
      <symbol id="sm-963">
         <name>strtod</name>
         <value>0xc004c60</value>
         <object_component_ref idref="oc-2a2"/>
      </symbol>
      <symbol id="sm-981">
         <name>strtol</name>
         <value>0xc0072a0</value>
         <object_component_ref idref="oc-2a8"/>
      </symbol>
      <symbol id="sm-99e">
         <name>strtoll</name>
         <value>0xc0061c0</value>
         <object_component_ref idref="oc-2ae"/>
      </symbol>
      <symbol id="sm-9bc">
         <name>strtoul</name>
         <value>0xc007640</value>
         <object_component_ref idref="oc-296"/>
      </symbol>
      <symbol id="sm-9db">
         <name>strtoull</name>
         <value>0xc006ac0</value>
         <object_component_ref idref="oc-29c"/>
      </symbol>
      <symbol id="sm-9eb">
         <name>HOSTclose</name>
         <value>0xc00b3c0</value>
         <object_component_ref idref="oc-48f"/>
      </symbol>
      <symbol id="sm-9fb">
         <name>HOSTlseek</name>
         <value>0xc00a5c0</value>
         <object_component_ref idref="oc-4a1"/>
      </symbol>
      <symbol id="sm-a0f">
         <name>parmbuf</name>
         <value>0xc00d740</value>
      </symbol>
      <symbol id="sm-a10">
         <name>HOSTopen</name>
         <value>0xc00a6a0</value>
         <object_component_ref idref="oc-489"/>
      </symbol>
      <symbol id="sm-a20">
         <name>HOSTread</name>
         <value>0xc00ae80</value>
         <object_component_ref idref="oc-495"/>
      </symbol>
      <symbol id="sm-a3e">
         <name>HOSTrename</name>
         <value>0xc0093a0</value>
         <object_component_ref idref="oc-4ad"/>
      </symbol>
      <symbol id="sm-a51">
         <name>HOSTunlink</name>
         <value>0xc00af40</value>
         <object_component_ref idref="oc-4a7"/>
      </symbol>
      <symbol id="sm-a61">
         <name>HOSTwrite</name>
         <value>0xc00a780</value>
         <object_component_ref idref="oc-49b"/>
      </symbol>
      <symbol id="sm-a87">
         <name>__TI_readmsg</name>
         <value>0xc00ba00</value>
         <object_component_ref idref="oc-4e4"/>
      </symbol>
      <symbol id="sm-a88">
         <name>C$$IO$$</name>
         <value>0xc00bcb8</value>
         <object_component_ref idref="oc-4de"/>
      </symbol>
      <symbol id="sm-a89">
         <name>__CIOBUF_</name>
         <value>0xc00deb0</value>
         <object_component_ref idref="oc-505"/>
      </symbol>
      <symbol id="sm-a8a">
         <name>__TI_writemsg</name>
         <value>0xc00bc60</value>
         <object_component_ref idref="oc-4de"/>
      </symbol>
      <symbol id="sm-aa3">
         <name>__TI_closefile</name>
         <value>0xc009fc0</value>
         <object_component_ref idref="oc-47c"/>
      </symbol>
      <symbol id="sm-acd">
         <name>finddevice</name>
         <value>0xc00b820</value>
         <object_component_ref idref="oc-519"/>
      </symbol>
      <symbol id="sm-ace">
         <name>getdevice</name>
         <value>0xc009ea0</value>
         <object_component_ref idref="oc-4f9"/>
      </symbol>
      <symbol id="sm-ad7">
         <name>__remu</name>
         <value>0xc00b6e0</value>
         <object_component_ref idref="oc-380"/>
      </symbol>
      <symbol id="sm-ad8">
         <name>__c6xabi_remu</name>
         <value>0xc00b6e0</value>
         <object_component_ref idref="oc-380"/>
      </symbol>
      <symbol id="sm-aea">
         <name>close</name>
         <value>0xc00aa20</value>
         <object_component_ref idref="oc-4ca"/>
      </symbol>
      <symbol id="sm-afb">
         <name>unlink</name>
         <value>0xc00bb80</value>
         <object_component_ref idref="oc-4d0"/>
      </symbol>
      <symbol id="sm-afc">
         <name>__TI_STATIC_BASE</name>
         <value>0xc00e0f0</value>
      </symbol>
      <symbol id="sm-afe">
         <name>__rdtsc</name>
         <value>0x0</value>
      </symbol>
      <symbol id="sm-aff">
         <name>__TI_TLS_INIT_Base</name>
         <value>0x0</value>
      </symbol>
      <symbol id="sm-b00">
         <name>__TI_TLS_INIT_Limit</name>
         <value>0x0</value>
      </symbol>
      <symbol id="sm-b01">
         <name>remove</name>
         <value>0xc00bb80</value>
      </symbol>
   </symbol_table>
   <title>Link errors: red sections failed placement</title>
</link_info>
