******************************************************************************
               TMS320C6x Linker PC v8.3.12                     
******************************************************************************
>> Linked Thu Mar 14 17:21:27 2024

OUTPUT FILE NAME:   <Floating_GTZ_Without_sysbios.out>
ENTRY POINT SYMBOL: "_c_int00"  address: 0c00bae0


MEMORY CONFIGURATION

         name            origin    length      used     unused   attr    fill
----------------------  --------  ---------  --------  --------  ----  --------
  LOCAL_L2_SRAM         00800000   00080000  00000000  00080000  RWIX
  LOCAL_L1P_SRAM        00e00000   00008000  00000000  00008000  RWIX
  LOCAL_L1D_SRAM        00f00000   00008000  00000000  00008000  RWIX
  SHRAM                 0c000000   00400000  0000e258  003f1da8  RWIX
  EMIF16_CS2            70000000   04000000  00000000  04000000  RWIX
  EMIF16_CS3            74000000   04000000  00000000  04000000  RWIX
  EMIF16_CS4            78000000   04000000  00000000  04000000  RWIX
  EMIF16_CS5            7c000000   04000000  00000000  04000000  RWIX
  DDR3                  80000000   80000000  00000000  80000000  RWIX


SEGMENT ALLOCATION MAP

run origin  load origin   length   init length attrs members
----------  ----------- ---------- ----------- ----- -------
0c000000    0c000000    0000c280   0000c280    r-x
  0c000000    0c000000    0000c280   0000c280    r-x .text
0c00c280    0c00c280    000014a8   00000000    rw-
  0c00c280    0c00c280    00000800   00000000    rw- .stack
  0c00ca80    0c00ca80    00000800   00000000    rw- .sysmem
  0c00d280    0c00d280    000004a8   00000000    rw- .far
0c00d728    0c00d728    000003ce   000003ce    r--
  0c00d728    0c00d728    000003ce   000003ce    r-- .const
0c00daf8    0c00daf8    000004d0   00000000    rw-
  0c00daf8    0c00daf8    000003ac   00000000    rw- .fardata
  0c00dea8    0c00dea8    00000120   00000000    rw- .cio
0c00dfc8    0c00dfc8    0000011c   0000011c    r--
  0c00dfc8    0c00dfc8    0000011c   0000011c    r-- .switch
0c00e0e4    0c00e0e4    00000034   00000000    rw-
  0c00e0e4    0c00e0e4    0000002a   00000000    rw- .bss
  0c00e110    0c00e110    00000008   00000000    rw- .neardata
0c00e118    0c00e118    00000148   00000148    r--
  0c00e118    0c00e118    00000148   00000148    r-- .cinit


SECTION ALLOCATION MAP

 output                                  attributes/
section   page    origin      length       input sections
--------  ----  ----------  ----------   ----------------
.text      0    0c000000    0000c280     
                  0c000000    00002100     rts6600_elf.lib : _scanfi.c.obj (.text:__TI_scanfi)
                  0c002100    00002000                     : _printfi.c.obj (.text:__TI_printfi)
                  0c004100    00000b40     main.obj (.text)
                  0c004c40    00000920     rts6600_elf.lib : strtod.c.obj (.text:strtod)
                  0c005560    00000640                     : _printfi.c.obj (.text:_pconv_a)
                  0c005ba0    00000600                     : divd.c.obj (.text:__c6xabi_divd)
                  0c0061a0    000004c0                     : strtoll.c.obj (.text:strtoll)
                  0c006660    00000440                     : _printfi.c.obj (.text:_pconv_g)
                  0c006aa0    00000420                     : strtoull.c.obj (.text:strtoull)
                  0c006ec0    000003c0                     : memory.c.obj (.text:free)
                  0c007280    000003a0                     : strtol.c.obj (.text:strtol)
                  0c007620    00000300                     : strtoul.c.obj (.text:strtoul)
                  0c007920    000002e0                     : fputs.c.obj (.text:fputs)
                  0c007c00    000002c0                     : _printfi.c.obj (.text:_pconv_e)
                  0c007ec0    000002c0                     : _printfi.c.obj (.text:fcvt)
                  0c008180    000002a0                     : divf.c.obj (.text:__c6xabi_divf)
                  0c008420    000002a0                     : sin.c.obj (.text:sin)
                  0c0086c0    00000240                     : imath64.c.obj (.text:__c6xabi_divull)
                  0c008900    000001c0                     : imath40.c.obj (.text:__c6xabi_divul)
                  0c008ac0    000001c0                     : _printfi.c.obj (.text:_ltostr)
                  0c008c80    000001c0                     : fputc.c.obj (.text:fputc)
                  0c008e40    000001c0                     : ldexp.c.obj (.text:ldexp)
                  0c009000    000001c0                     : memory.c.obj (.text:malloc)
                  0c0091c0    000001c0                     : setvbuf.c.obj (.text:setvbuf)
                  0c009380    000001a0                     : hostrename.c.obj (.text:HOSTrename)
                  0c009520    000001a0                     : frexp.c.obj (.text:frexp)
                  0c0096c0    00000180                     : fscanf.c.obj (.text:_chkmbc)
                  0c009840    00000160                     : _bufread.c.obj (.text:__TI_buff_read)
                  0c0099a0    00000140                     : _scanfi.c.obj (.text:_sproc_str)
                  0c009ae0    00000140                     : _scanfi.c.obj (.text:_sproc_wstr)
                  0c009c20    00000140                     : fgetc.c.obj (.text:fgetc)
                  0c009d60    00000120                     : _printfi.c.obj (.text:_pconv_f)
                  0c009e80    00000120                     : getdevice.c.obj (.text:getdevice)
                  0c009fa0    00000100                     : fclose.c.obj (.text:__TI_closefile)
                  0c00a0a0    00000100                     : copy_decompress_rle.c.obj (.text:__TI_decompress_rle_core)
                  0c00a1a0    00000100                     : _printfi.c.obj (.text:_mcpy)
                  0c00a2a0    00000100                     : atoi.c.obj (.text:atoi)
                  0c00a3a0    00000100                     : fseek.c.obj (.text:fseek)
                  0c00a4a0    00000100                     : ungetc.c.obj (.text:ungetc)
                  0c00a5a0    000000e0                     : hostlseek.c.obj (.text:HOSTlseek)
                  0c00a680    000000e0                     : hostopen.c.obj (.text:HOSTopen)
                  0c00a760    000000e0                     : hostwrite.c.obj (.text:HOSTwrite)
                  0c00a840    000000e0                     : _ltoa.c.obj (.text:__TI_ltoa)
                  0c00a920    000000e0                     : _io_perm.c.obj (.text:__TI_wrt_ok)
                  0c00aa00    000000e0                     : close.c.obj (.text:close)
                  0c00aae0    000000e0                     : exit.c.obj (.text:exit)
                  0c00abc0    000000e0                     : memset.c.obj (.text:memset)
                  0c00aca0    000000e0                     : printf.c.obj (.text:printf)
                  0c00ad80    000000e0                     : fscanf.c.obj (.text:scanf)
                  0c00ae60    000000c0                     : hostread.c.obj (.text:HOSTread)
                  0c00af20    000000c0                     : hostunlink.c.obj (.text:HOSTunlink)
                  0c00afe0    000000c0                     : autoinit.c.obj (.text:__TI_auto_init_nobinit_nopinit:__TI_auto_init_nobinit_nopinit)
                  0c00b0a0    000000c0                     : divu.asm.obj (.text:__divu)
                  0c00b160    000000c0                     : memory.c.obj (.text:minsert)
                  0c00b220    000000c0                     : memory.c.obj (.text:mremove)
                  0c00b2e0    000000c0                     : tls.c.obj (.text:tls:init:__TI_tls_init)
                  0c00b3a0    000000a0                     : hostclose.c.obj (.text:HOSTclose)
                  0c00b440    000000a0                     : fopen.c.obj (.text:__TI_cleanup)
                  0c00b4e0    000000a0                     : fflush.c.obj (.text:__TI_doflush)
                  0c00b580    000000a0                     : _io_perm.c.obj (.text:__TI_rd_ok)
                  0c00b620    000000a0                     : round.c.obj (.text:__c6xabi_nround)
                  0c00b6c0    000000a0                     : remu.asm.obj (.text:__remu)
                  0c00b760    000000a0                     : _printfi.c.obj (.text:_ecpy)
                  0c00b800    000000a0                     : getdevice.c.obj (.text:finddevice)
                  0c00b8a0    000000a0                     : memcpy64.asm.obj (.text:memcpy)
                  0c00b940    000000a0                     : modf.c.obj (.text:modf)
                  0c00b9e0    00000080                     : trgmsg.c.obj (.text:__TI_readmsg)
                  0c00ba60    00000080                     : llshift.c.obj (.text:__c6xabi_llshl)
                  0c00bae0    00000080                     : boot.c.obj (.text:_c_int00)
                  0c00bb60    00000080                     : unlink.c.obj (.text:unlink)
                  0c00bbe0    00000060                     : frcmpyd_div.c.obj (.text:__TI_frcmpyd_div)
                  0c00bc40    00000060                     : trgmsg.c.obj (.text:__TI_writemsg)
                  0c00bca0    00000060                     : llshift.c.obj (.text:__c6xabi_llshru)
                  0c00bd00    00000060                     : imath64.c.obj (.text:__c6xabi_remull)
                  0c00bd60    00000060                     : imath64.c.obj (.text:_subcull)
                  0c00bdc0    00000060                     : lseek.c.obj (.text:lseek)
                  0c00be20    00000060                     : memccpy.c.obj (.text:memccpy)
                  0c00be80    00000060                     : read.c.obj (.text:read)
                  0c00bee0    00000060                     : _scanfi.c.obj (.text:strrchr)
                  0c00bf40    00000060                     : write.c.obj (.text:write)
                  0c00bfa0    00000040                     : isinf.c.obj (.text:__c6xabi_isinf)
                  0c00bfe0    00000040                     : _printfi.c.obj (.text:__c6xabi_isnan)
                  0c00c020    00000040                     : args_main.c.obj (.text:_args_main)
                  0c00c060    00000040                     : wcslen.c.obj (.text:wcslen)
                  0c00c0a0    00000020                     : errno.c.obj (.text:__c6xabi_errno_addr)
                  0c00c0c0    00000020                     : trunc.c.obj (.text:__c6xabi_trunc)
                  0c00c0e0    00000020                     : push.asm.obj (.text:__pop_rts)
                  0c00c100    00000020                     : push.asm.obj (.text:__push_rts)
                  0c00c120    00000020                     : fscanf.c.obj (.text:_inpchar)
                  0c00c140    00000020                     : _lock.c.obj (.text:_nop)
                  0c00c160    00000020                     : printf.c.obj (.text:_outc)
                  0c00c180    00000020                     : printf.c.obj (.text:_outs)
                  0c00c1a0    00000020                     : signbit.c.obj (.text:_signbit)
                  0c00c1c0    00000020                     : startup.c.obj (.text:_system_post_cinit)
                  0c00c1e0    00000020                     : pre_init.c.obj (.text:_system_pre_init)
                  0c00c200    00000020                     : fscanf.c.obj (.text:_uninpchar)
                  0c00c220    00000020                     : exit.c.obj (.text:abort)
                  0c00c240    00000020                     : copy_decompress_none.c.obj (.text:decompress:none:__TI_decompress_none)
                  0c00c260    00000020                     : copy_decompress_rle.c.obj (.text:decompress:rle24:__TI_decompress_rle24)

.stack     0    0c00c280    00000800     UNINITIALIZED
                  0c00c280    00000008     rts6600_elf.lib : boot.c.obj (.stack)
                  0c00c288    000007f8     --HOLE--

.sysmem    0    0c00ca80    00000800     UNINITIALIZED
                  0c00ca80    00000008     rts6600_elf.lib : memory.c.obj (.sysmem)
                  0c00ca88    000007f8     --HOLE--

.far       0    0c00d280    000004a8     UNINITIALIZED
                  0c00d280    00000334     (.common:samples)
                  0c00d5b4    00000004     --HOLE--
                  0c00d5b8    00000140     (.common:__TI_tmpnams)
                  0c00d6f8    00000020     (.common:magnitudes)
                  0c00d718    00000008     (.common:max_float_index)
                  0c00d720    00000008     (.common:parmbuf)

.const     0    0c00d728    000003ce     
                  0c00d728    000001b4     main.obj (.const:.string)
                  0c00d8dc    00000004     --HOLE-- [fill = 0]
                  0c00d8e0    00000101     rts6600_elf.lib : ctype.c.obj (.const:.string:_ctypes_)
                  0c00d9e1    00000007     --HOLE-- [fill = 0]
                  0c00d9e8    00000080                     : strtod.c.obj (.const:digits)
                  0c00da68    00000048                     : strtod.c.obj (.const:powerof10)
                  0c00dab0    00000024                     : _printfi.c.obj (.const:.string)
                  0c00dad4    00000010                     : _scanfi.c.obj (.const:.string)
                  0c00dae4    00000004     --HOLE-- [fill = 0]
                  0c00dae8    00000007                     : _scanfi.c.obj (.const:.string:flit$1)
                  0c00daef    00000001     --HOLE-- [fill = 0]
                  0c00daf0    00000006                     : _scanfi.c.obj (.const:.string:barr$2)

.fardata   0    0c00daf8    000003ac     UNINITIALIZED
                  0c00daf8    000001e0     rts6600_elf.lib : defs.c.obj (.fardata:_ftable)
                  0c00dcd8    000000a0                     : write.c.obj (.fardata:_stream)
                  0c00dd78    00000078                     : write.c.obj (.fardata:_device)
                  0c00ddf0    00000040                     : sin.c.obj (.fardata:R$1)
                  0c00de30    00000020     main.obj (.fardata:coef_float)
                  0c00de50    00000020     main.obj (.fardata:targetFrequencies)
                  0c00de70    00000010     main.obj (.fardata:pad)
                  0c00de80    0000000c     rts6600_elf.lib : exit.c.obj (.fardata)
                  0c00de8c    00000008                     : memory.c.obj (.fardata)
                  0c00de94    00000004                     : _lock.c.obj (.fardata:_lock)
                  0c00de98    00000004                     : _lock.c.obj (.fardata:_unlock)
                  0c00de9c    00000004                     : defs.c.obj (.fardata)
                  0c00dea0    00000004                     : errno.c.obj (.fardata)

.cio       0    0c00dea8    00000120     UNINITIALIZED
                  0c00dea8    00000120     rts6600_elf.lib : trgmsg.c.obj (.cio)

.bss       0    0c00e0e4    0000002a     UNINITIALIZED
                  0c00e0e4    00000004     (.common:N)
                  0c00e0e8    00000004     (.common:freq1)
                  0c00e0ec    00000004     (.common:freq2)
                  0c00e0f0    00000004     (.common:i)
                  0c00e0f4    00000004     (.common:mag1)
                  0c00e0f8    00000004     (.common:mag2)
                  0c00e0fc    00000004     (.common:max_float0)
                  0c00e100    00000004     (.common:max_float1)
                  0c00e104    00000004     (.common:n)
                  0c00e108    00000004     (.common:tick)
                  0c00e10c    00000001     (.common:digit)
                  0c00e10d    00000001     (.common:key)

.switch    0    0c00dfc8    0000011c     
                  0c00dfc8    00000088     main.obj (.switch:Generate_tones)
                  0c00e050    0000005c     rts6600_elf.lib : _scanfi.c.obj (.switch:__TI_scanfi)
                  0c00e0ac    00000038                     : _printfi.c.obj (.switch:__TI_printfi)

.cinit     0    0c00e118    00000148     
                  0c00e118    000000fe     (.cinit..fardata.load) [load image, compression = rle]
                  0c00e216    0000000b     (.cinit..far.load) [load image, compression = rle]
                  0c00e221    0000000a     (.cinit..neardata.load) [load image, compression = rle]
                  0c00e22b    00000009     (.cinit..bss.load) [load image, compression = rle]
                  0c00e234    00000008     (__TI_handler_table)
                  0c00e23c    00000004     --HOLE-- [fill = 0]
                  0c00e240    00000020     (__TI_cinit_table)

.init_array 
*          0    0c000000    00000000     UNINITIALIZED

.neardata 
*          0    0c00e110    00000008     UNINITIALIZED
                  0c00e110    00000008     main.obj (.neardata)

MODULE SUMMARY

       Module                       code    ro data   rw data
       ------                       ----    -------   -------
    .\
       main.obj                     2880    572       990    
    +--+----------------------------+-------+---------+---------+
       Total:                       2880    572       990    
                                                             
    C:\Users\sitogor\Downloads\ti-cgt-c6000_8.3.12\lib\rts6600_elf.lib
       _printfi.c.obj               13504   92        0      
       _scanfi.c.obj                9184    121       0      
       strtod.c.obj                 2336    200       0      
       memory.c.obj                 1792    0         8      
       divd.c.obj                   1536    0         0      
       strtoll.c.obj                1216    0         0      
       strtoull.c.obj               1056    0         0      
       strtol.c.obj                 928     0         0      
       defs.c.obj                   0       0         804    
       imath64.c.obj                768     0         0      
       strtoul.c.obj                768     0         0      
       fputs.c.obj                  736     0         0      
       sin.c.obj                    672     0         64     
       divf.c.obj                   672     0         0      
       fscanf.c.obj                 672     0         0      
       trgmsg.c.obj                 224     0         288    
       fputc.c.obj                  448     0         0      
       getdevice.c.obj              448     0         0      
       imath40.c.obj                448     0         0      
       ldexp.c.obj                  448     0         0      
       setvbuf.c.obj                448     0         0      
       frexp.c.obj                  416     0         0      
       hostrename.c.obj             416     0         0      
       _io_perm.c.obj               384     0         0      
       write.c.obj                  96      0         280    
       _bufread.c.obj               352     0         0      
       fgetc.c.obj                  320     0         0      
       copy_decompress_rle.c.obj    288     0         0      
       printf.c.obj                 288     0         0      
       exit.c.obj                   256     0         12     
       ctype.c.obj                  0       257       0      
       atoi.c.obj                   256     0         0      
       fclose.c.obj                 256     0         0      
       fseek.c.obj                  256     0         0      
       ungetc.c.obj                 256     0         0      
       hostopen.c.obj               224     0         8      
       _ltoa.c.obj                  224     0         0      
       close.c.obj                  224     0         0      
       hostlseek.c.obj              224     0         0      
       hostwrite.c.obj              224     0         0      
       llshift.c.obj                224     0         0      
       memset.c.obj                 224     0         0      
       autoinit.c.obj               192     0         0      
       divu.asm.obj                 192     0         0      
       hostread.c.obj               192     0         0      
       hostunlink.c.obj             192     0         0      
       tls.c.obj                    192     0         0      
       fflush.c.obj                 160     0         0      
       fopen.c.obj                  160     0         0      
       hostclose.c.obj              160     0         0      
       memcpy64.asm.obj             160     0         0      
       modf.c.obj                   160     0         0      
       remu.asm.obj                 160     0         0      
       round.c.obj                  160     0         0      
       boot.c.obj                   128     0         0      
       unlink.c.obj                 128     0         0      
       frcmpyd_div.c.obj            96      0         0      
       lseek.c.obj                  96      0         0      
       memccpy.c.obj                96      0         0      
       read.c.obj                   96      0         0      
       args_main.c.obj              64      0         0      
       isinf.c.obj                  64      0         0      
       push.asm.obj                 64      0         0      
       wcslen.c.obj                 64      0         0      
       _lock.c.obj                  32      0         8      
       errno.c.obj                  32      0         4      
       copy_decompress_none.c.obj   32      0         0      
       pre_init.c.obj               32      0         0      
       signbit.c.obj                32      0         0      
       startup.c.obj                32      0         0      
       trunc.c.obj                  32      0         0      
    +--+----------------------------+-------+---------+---------+
       Total:                       46912   670       1476   
                                                             
       Heap:                        0       0         2048   
       Stack:                       0       0         2048   
       Linker Generated:            0       324       0      
    +--+----------------------------+-------+---------+---------+
       Grand Total:                 49792   1566      6562   


LINKER GENERATED COPY TABLES

__TI_cinit_table @ 0c00e240 records: 4, size/record: 8, table size: 32
	.fardata: load addr=0c00e118, load size=000000fe bytes, run addr=0c00daf8, run size=000003ac bytes, compression=rle
	.far: load addr=0c00e216, load size=0000000b bytes, run addr=0c00d280, run size=000004a8 bytes, compression=rle
	.neardata: load addr=0c00e221, load size=0000000a bytes, run addr=0c00e110, run size=00000008 bytes, compression=rle
	.bss: load addr=0c00e22b, load size=00000009 bytes, run addr=0c00e0e4, run size=0000002a bytes, compression=rle


LINKER GENERATED HANDLER TABLE

__TI_handler_table @ 0c00e234 records: 2, size/record: 4, table size: 8
	index: 0, handler: __TI_decompress_rle24
	index: 1, handler: __TI_decompress_none


GLOBAL SYMBOLS: SORTED ALPHABETICALLY BY Name 

address   name                           
-------   ----                           
0c00c220  C$$EXIT                        
0c00bc98  C$$IO$$                        
0c00e110  Flag                           
0c0042a0  Frequency_detection            
0c004520  Generate_tones                 
0c00b3a0  HOSTclose                      
0c00a5a0  HOSTlseek                      
0c00a680  HOSTopen                       
0c00ae60  HOSTread                       
0c009380  HOSTrename                     
0c00af20  HOSTunlink                     
0c00a760  HOSTwrite                      
0c00e0e4  N                              
0c00dea8  __CIOBUF_                      
0c00e240  __TI_CINIT_Base                
0c00e260  __TI_CINIT_Limit               
0c00e234  __TI_Handler_Table_Base        
0c00e23c  __TI_Handler_Table_Limit       
0c00ca80  __TI_STACK_END                 
00000800  __TI_STACK_SIZE                
0c00e0e4  __TI_STATIC_BASE               
00000800  __TI_SYSMEM_SIZE               
UNDEFED   __TI_TLS_INIT_Base             
UNDEFED   __TI_TLS_INIT_Limit            
0c00afe0  __TI_auto_init_nobinit_nopinit 
0c009840  __TI_buff_read                 
0c00b440  __TI_cleanup                   
0c00de80  __TI_cleanup_ptr               
0c009fa0  __TI_closefile                 
0c00c240  __TI_decompress_none           
0c00c260  __TI_decompress_rle24          
0c00b4e0  __TI_doflush                   
0c00de84  __TI_dtors_ptr                 
0c00de88  __TI_enable_exit_profile_output
0c00bbe0  __TI_frcmpyd_div               
0c00de9c  __TI_ft_end                    
0c00a840  __TI_ltoa                      
ffffffff  __TI_pprof_out_hndl            
0c002100  __TI_printfi                   
ffffffff  __TI_prof_data_size            
ffffffff  __TI_prof_data_start           
0c00b580  __TI_rd_ok                     
0c00b9e0  __TI_readmsg                   
0c000000  __TI_scanfi                    
0c00b2e0  __TI_tls_init                  
0c00d5b8  __TI_tmpnams                   
0c00bc40  __TI_writemsg                  
0c00a920  __TI_wrt_ok                    
ffffffff  __binit__                      
0c005ba0  __c6xabi_divd                  
0c008180  __c6xabi_divf                  
0c00b0a0  __c6xabi_divu                  
0c008900  __c6xabi_divul                 
0c0086c0  __c6xabi_divull                
0c00c0a0  __c6xabi_errno_addr            
0c00bfa0  __c6xabi_isinf                 
0c00ba60  __c6xabi_llshl                 
0c00bca0  __c6xabi_llshru                
0c00b620  __c6xabi_nround                
0c00c0e0  __c6xabi_pop_rts               
0c00c100  __c6xabi_push_rts              
0c00b6c0  __c6xabi_remu                  
0c00bd00  __c6xabi_remull                
0c00b620  __c6xabi_roundl                
0c00c0c0  __c6xabi_trunc                 
0c00c0c0  __c6xabi_truncl                
ffffffff  __c_args__                     
0c00b0a0  __divu                         
0c00dea0  __errno                        
0c00c0e0  __pop_rts                      
0c00c100  __push_rts                     
0c00b6c0  __remu                         
0c00c020  _args_main                     
0c00bae0  _c_int00                       
0c00d8e0  _ctypes_                       
0c00dd78  _device                        
0c00daf8  _ftable                        
0c00de94  _lock                          
0c00c140  _nop                           
0c00c1a0  _signbit                       
0c00c280  _stack                         
0c00dcd8  _stream                        
0c00bd60  _subcull                       
0c00ca80  _sys_memory                    
0c00c1c0  _system_post_cinit             
0c00c1e0  _system_pre_init               
0c00de98  _unlock                        
0c00c220  abort                          
0c00a2a0  atoi                           
ffffffff  binit                          
0c00aa00  close                          
0c00de30  coef_float                     
0c00e10c  digit                          
0c00dea0  errno                          
0c00aae0  exit                           
0c009c20  fgetc                          
0c00b800  finddevice                     
0c008c80  fputc                          
0c007920  fputs                          
0c006ec0  free                           
0c00e0e8  freq1                          
0c00e0ec  freq2                          
0c009520  frexp                          
0c009520  frexpl                         
0c00a3a0  fseek                          
0c009c20  getc                           
0c009e80  getdevice                      
0c004100  goertzel_multi                 
0c00e0f0  i                              
0c00e10d  key                            
0c008e40  ldexp                          
0c008e40  ldexpl                         
0c00bdc0  lseek                          
0c00e0f4  mag1                           
0c00e0f8  mag2                           
0c00d6f8  magnitudes                     
0c004bb0  main                           
0c009000  malloc                         
0c00e0fc  max_float0                     
0c00e100  max_float1                     
0c00d718  max_float_index                
0c00be20  memccpy                        
0c00b8a0  memcpy                         
0c00abc0  memset                         
0c00e114  mismatch                       
0c00b940  modf                           
0c00b940  modfl                          
0c00e104  n                              
0c00de70  pad                            
0c00d720  parmbuf                        
0c00aca0  printf                         
0c008c80  putc                           
0c00be80  read                           
0c00bb60  remove                         
0c00d280  samples                        
0c008e40  scalbn                         
0c008e40  scalbnl                        
0c00ad80  scanf                          
0c0091c0  setvbuf                        
0c008420  sin                            
0c008420  sinl                           
0c004c40  strtod                         
0c007280  strtol                         
0c004c40  strtold                        
0c0061a0  strtoll                        
0c007620  strtoul                        
0c006aa0  strtoull                       
0c00de50  targetFrequencies              
0c00e108  tick                           
0c00a4a0  ungetc                         
0c00bb60  unlink                         
0c00c060  wcslen                         
0c00bf40  write                          


GLOBAL SYMBOLS: SORTED BY Symbol Address 

address   name                           
-------   ----                           
00000800  __TI_STACK_SIZE                
00000800  __TI_SYSMEM_SIZE               
0c000000  __TI_scanfi                    
0c002100  __TI_printfi                   
0c004100  goertzel_multi                 
0c0042a0  Frequency_detection            
0c004520  Generate_tones                 
0c004bb0  main                           
0c004c40  strtod                         
0c004c40  strtold                        
0c005ba0  __c6xabi_divd                  
0c0061a0  strtoll                        
0c006aa0  strtoull                       
0c006ec0  free                           
0c007280  strtol                         
0c007620  strtoul                        
0c007920  fputs                          
0c008180  __c6xabi_divf                  
0c008420  sin                            
0c008420  sinl                           
0c0086c0  __c6xabi_divull                
0c008900  __c6xabi_divul                 
0c008c80  fputc                          
0c008c80  putc                           
0c008e40  ldexp                          
0c008e40  ldexpl                         
0c008e40  scalbn                         
0c008e40  scalbnl                        
0c009000  malloc                         
0c0091c0  setvbuf                        
0c009380  HOSTrename                     
0c009520  frexp                          
0c009520  frexpl                         
0c009840  __TI_buff_read                 
0c009c20  fgetc                          
0c009c20  getc                           
0c009e80  getdevice                      
0c009fa0  __TI_closefile                 
0c00a2a0  atoi                           
0c00a3a0  fseek                          
0c00a4a0  ungetc                         
0c00a5a0  HOSTlseek                      
0c00a680  HOSTopen                       
0c00a760  HOSTwrite                      
0c00a840  __TI_ltoa                      
0c00a920  __TI_wrt_ok                    
0c00aa00  close                          
0c00aae0  exit                           
0c00abc0  memset                         
0c00aca0  printf                         
0c00ad80  scanf                          
0c00ae60  HOSTread                       
0c00af20  HOSTunlink                     
0c00afe0  __TI_auto_init_nobinit_nopinit 
0c00b0a0  __c6xabi_divu                  
0c00b0a0  __divu                         
0c00b2e0  __TI_tls_init                  
0c00b3a0  HOSTclose                      
0c00b440  __TI_cleanup                   
0c00b4e0  __TI_doflush                   
0c00b580  __TI_rd_ok                     
0c00b620  __c6xabi_nround                
0c00b620  __c6xabi_roundl                
0c00b6c0  __c6xabi_remu                  
0c00b6c0  __remu                         
0c00b800  finddevice                     
0c00b8a0  memcpy                         
0c00b940  modf                           
0c00b940  modfl                          
0c00b9e0  __TI_readmsg                   
0c00ba60  __c6xabi_llshl                 
0c00bae0  _c_int00                       
0c00bb60  remove                         
0c00bb60  unlink                         
0c00bbe0  __TI_frcmpyd_div               
0c00bc40  __TI_writemsg                  
0c00bc98  C$$IO$$                        
0c00bca0  __c6xabi_llshru                
0c00bd00  __c6xabi_remull                
0c00bd60  _subcull                       
0c00bdc0  lseek                          
0c00be20  memccpy                        
0c00be80  read                           
0c00bf40  write                          
0c00bfa0  __c6xabi_isinf                 
0c00c020  _args_main                     
0c00c060  wcslen                         
0c00c0a0  __c6xabi_errno_addr            
0c00c0c0  __c6xabi_trunc                 
0c00c0c0  __c6xabi_truncl                
0c00c0e0  __c6xabi_pop_rts               
0c00c0e0  __pop_rts                      
0c00c100  __c6xabi_push_rts              
0c00c100  __push_rts                     
0c00c140  _nop                           
0c00c1a0  _signbit                       
0c00c1c0  _system_post_cinit             
0c00c1e0  _system_pre_init               
0c00c220  C$$EXIT                        
0c00c220  abort                          
0c00c240  __TI_decompress_none           
0c00c260  __TI_decompress_rle24          
0c00c280  _stack                         
0c00ca80  __TI_STACK_END                 
0c00ca80  _sys_memory                    
0c00d280  samples                        
0c00d5b8  __TI_tmpnams                   
0c00d6f8  magnitudes                     
0c00d718  max_float_index                
0c00d720  parmbuf                        
0c00d8e0  _ctypes_                       
0c00daf8  _ftable                        
0c00dcd8  _stream                        
0c00dd78  _device                        
0c00de30  coef_float                     
0c00de50  targetFrequencies              
0c00de70  pad                            
0c00de80  __TI_cleanup_ptr               
0c00de84  __TI_dtors_ptr                 
0c00de88  __TI_enable_exit_profile_output
0c00de94  _lock                          
0c00de98  _unlock                        
0c00de9c  __TI_ft_end                    
0c00dea0  __errno                        
0c00dea0  errno                          
0c00dea8  __CIOBUF_                      
0c00e0e4  N                              
0c00e0e4  __TI_STATIC_BASE               
0c00e0e8  freq1                          
0c00e0ec  freq2                          
0c00e0f0  i                              
0c00e0f4  mag1                           
0c00e0f8  mag2                           
0c00e0fc  max_float0                     
0c00e100  max_float1                     
0c00e104  n                              
0c00e108  tick                           
0c00e10c  digit                          
0c00e10d  key                            
0c00e110  Flag                           
0c00e114  mismatch                       
0c00e234  __TI_Handler_Table_Base        
0c00e23c  __TI_Handler_Table_Limit       
0c00e240  __TI_CINIT_Base                
0c00e260  __TI_CINIT_Limit               
ffffffff  __TI_pprof_out_hndl            
ffffffff  __TI_prof_data_size            
ffffffff  __TI_prof_data_start           
ffffffff  __binit__                      
ffffffff  __c_args__                     
ffffffff  binit                          
UNDEFED   __TI_TLS_INIT_Base             
UNDEFED   __TI_TLS_INIT_Limit            

[153 symbols]
