******************************************************************************
               TMS320C6x Linker PC v8.3.12                     
******************************************************************************
>> Linked Thu Mar 21 16:58:05 2024

OUTPUT FILE NAME:   <Floating_GTZ_Without_sysbios.out>
ENTRY POINT SYMBOL: "_c_int00"  address: 0c00baa0


MEMORY CONFIGURATION

         name            origin    length      used     unused   attr    fill
----------------------  --------  ---------  --------  --------  ----  --------
  LOCAL_L2_SRAM         00800000   00080000  00000000  00080000  RWIX
  LOCAL_L1P_SRAM        00e00000   00008000  00000000  00008000  RWIX
  LOCAL_L1D_SRAM        00f00000   00008000  00000000  00008000  RWIX
  SHRAM                 0c000000   00400000  0000e200  003f1e00  RWIX
  EMIF16_CS2            70000000   04000000  00000000  04000000  RWIX
  EMIF16_CS3            74000000   04000000  00000000  04000000  RWIX
  EMIF16_CS4            78000000   04000000  00000000  04000000  RWIX
  EMIF16_CS5            7c000000   04000000  00000000  04000000  RWIX
  DDR3                  80000000   80000000  00000000  80000000  RWIX


SEGMENT ALLOCATION MAP

run origin  load origin   length   init length attrs members
----------  ----------- ---------- ----------- ----- -------
0c000000    0c000000    0000c240   0000c240    r-x
  0c000000    0c000000    0000c240   0000c240    r-x .text
0c00c240    0c00c240    00001854   00000000    rw-
  0c00c240    0c00c240    00000800   00000000    rw- .stack
  0c00ca40    0c00ca40    00000800   00000000    rw- .sysmem
  0c00d240    0c00d240    000004a8   00000000    rw- .far
  0c00d6e8    0c00d6e8    000003ac   00000000    rw- .fardata
0c00da98    0c00da98    000003b6   000003b6    r--
  0c00da98    0c00da98    000003b6   000003b6    r-- .const
0c00de50    0c00de50    00000120   00000000    rw-
  0c00de50    0c00de50    00000120   00000000    rw- .cio
0c00df70    0c00df70    0000011c   0000011c    r--
  0c00df70    0c00df70    0000011c   0000011c    r-- .switch
0c00e08c    0c00e08c    00000034   00000000    rw-
  0c00e08c    0c00e08c    0000002a   00000000    rw- .bss
  0c00e0b8    0c00e0b8    00000008   00000000    rw- .neardata
0c00e0c0    0c00e0c0    00000148   00000148    r--
  0c00e0c0    0c00e0c0    00000148   00000148    r-- .cinit


SECTION ALLOCATION MAP

 output                                  attributes/
section   page    origin      length       input sections
--------  ----  ----------  ----------   ----------------
.text      0    0c000000    0000c240     
                  0c000000    00002100     rts6600_elf.lib : _scanfi.c.obj (.text:__TI_scanfi)
                  0c002100    00002000                     : _printfi.c.obj (.text:__TI_printfi)
                  0c004100    00000b00     main.obj (.text)
                  0c004c00    00000920     rts6600_elf.lib : strtod.c.obj (.text:strtod)
                  0c005520    00000640                     : _printfi.c.obj (.text:_pconv_a)
                  0c005b60    00000600                     : divd.c.obj (.text:__c6xabi_divd)
                  0c006160    000004c0                     : strtoll.c.obj (.text:strtoll)
                  0c006620    00000440                     : _printfi.c.obj (.text:_pconv_g)
                  0c006a60    00000420                     : strtoull.c.obj (.text:strtoull)
                  0c006e80    000003c0                     : memory.c.obj (.text:free)
                  0c007240    000003a0                     : strtol.c.obj (.text:strtol)
                  0c0075e0    00000300                     : strtoul.c.obj (.text:strtoul)
                  0c0078e0    000002e0                     : fputs.c.obj (.text:fputs)
                  0c007bc0    000002c0                     : _printfi.c.obj (.text:_pconv_e)
                  0c007e80    000002c0                     : _printfi.c.obj (.text:fcvt)
                  0c008140    000002a0                     : divf.c.obj (.text:__c6xabi_divf)
                  0c0083e0    000002a0                     : sin.c.obj (.text:sin)
                  0c008680    00000240                     : imath64.c.obj (.text:__c6xabi_divull)
                  0c0088c0    000001c0                     : imath40.c.obj (.text:__c6xabi_divul)
                  0c008a80    000001c0                     : _printfi.c.obj (.text:_ltostr)
                  0c008c40    000001c0                     : fputc.c.obj (.text:fputc)
                  0c008e00    000001c0                     : ldexp.c.obj (.text:ldexp)
                  0c008fc0    000001c0                     : memory.c.obj (.text:malloc)
                  0c009180    000001c0                     : setvbuf.c.obj (.text:setvbuf)
                  0c009340    000001a0                     : hostrename.c.obj (.text:HOSTrename)
                  0c0094e0    000001a0                     : frexp.c.obj (.text:frexp)
                  0c009680    00000180                     : fscanf.c.obj (.text:_chkmbc)
                  0c009800    00000160                     : _bufread.c.obj (.text:__TI_buff_read)
                  0c009960    00000140                     : _scanfi.c.obj (.text:_sproc_str)
                  0c009aa0    00000140                     : _scanfi.c.obj (.text:_sproc_wstr)
                  0c009be0    00000140                     : fgetc.c.obj (.text:fgetc)
                  0c009d20    00000120                     : _printfi.c.obj (.text:_pconv_f)
                  0c009e40    00000120                     : getdevice.c.obj (.text:getdevice)
                  0c009f60    00000100                     : fclose.c.obj (.text:__TI_closefile)
                  0c00a060    00000100                     : copy_decompress_rle.c.obj (.text:__TI_decompress_rle_core)
                  0c00a160    00000100                     : _printfi.c.obj (.text:_mcpy)
                  0c00a260    00000100                     : atoi.c.obj (.text:atoi)
                  0c00a360    00000100                     : fseek.c.obj (.text:fseek)
                  0c00a460    00000100                     : ungetc.c.obj (.text:ungetc)
                  0c00a560    000000e0                     : hostlseek.c.obj (.text:HOSTlseek)
                  0c00a640    000000e0                     : hostopen.c.obj (.text:HOSTopen)
                  0c00a720    000000e0                     : hostwrite.c.obj (.text:HOSTwrite)
                  0c00a800    000000e0                     : _ltoa.c.obj (.text:__TI_ltoa)
                  0c00a8e0    000000e0                     : _io_perm.c.obj (.text:__TI_wrt_ok)
                  0c00a9c0    000000e0                     : close.c.obj (.text:close)
                  0c00aaa0    000000e0                     : exit.c.obj (.text:exit)
                  0c00ab80    000000e0                     : memset.c.obj (.text:memset)
                  0c00ac60    000000e0                     : printf.c.obj (.text:printf)
                  0c00ad40    000000e0                     : fscanf.c.obj (.text:scanf)
                  0c00ae20    000000c0                     : hostread.c.obj (.text:HOSTread)
                  0c00aee0    000000c0                     : hostunlink.c.obj (.text:HOSTunlink)
                  0c00afa0    000000c0                     : autoinit.c.obj (.text:__TI_auto_init_nobinit_nopinit:__TI_auto_init_nobinit_nopinit)
                  0c00b060    000000c0                     : divu.asm.obj (.text:__divu)
                  0c00b120    000000c0                     : memory.c.obj (.text:minsert)
                  0c00b1e0    000000c0                     : memory.c.obj (.text:mremove)
                  0c00b2a0    000000c0                     : tls.c.obj (.text:tls:init:__TI_tls_init)
                  0c00b360    000000a0                     : hostclose.c.obj (.text:HOSTclose)
                  0c00b400    000000a0                     : fopen.c.obj (.text:__TI_cleanup)
                  0c00b4a0    000000a0                     : fflush.c.obj (.text:__TI_doflush)
                  0c00b540    000000a0                     : _io_perm.c.obj (.text:__TI_rd_ok)
                  0c00b5e0    000000a0                     : round.c.obj (.text:__c6xabi_nround)
                  0c00b680    000000a0                     : remu.asm.obj (.text:__remu)
                  0c00b720    000000a0                     : _printfi.c.obj (.text:_ecpy)
                  0c00b7c0    000000a0                     : getdevice.c.obj (.text:finddevice)
                  0c00b860    000000a0                     : memcpy64.asm.obj (.text:memcpy)
                  0c00b900    000000a0                     : modf.c.obj (.text:modf)
                  0c00b9a0    00000080                     : trgmsg.c.obj (.text:__TI_readmsg)
                  0c00ba20    00000080                     : llshift.c.obj (.text:__c6xabi_llshl)
                  0c00baa0    00000080                     : boot.c.obj (.text:_c_int00)
                  0c00bb20    00000080                     : unlink.c.obj (.text:unlink)
                  0c00bba0    00000060                     : frcmpyd_div.c.obj (.text:__TI_frcmpyd_div)
                  0c00bc00    00000060                     : trgmsg.c.obj (.text:__TI_writemsg)
                  0c00bc60    00000060                     : llshift.c.obj (.text:__c6xabi_llshru)
                  0c00bcc0    00000060                     : imath64.c.obj (.text:__c6xabi_remull)
                  0c00bd20    00000060                     : imath64.c.obj (.text:_subcull)
                  0c00bd80    00000060                     : lseek.c.obj (.text:lseek)
                  0c00bde0    00000060                     : memccpy.c.obj (.text:memccpy)
                  0c00be40    00000060                     : read.c.obj (.text:read)
                  0c00bea0    00000060                     : _scanfi.c.obj (.text:strrchr)
                  0c00bf00    00000060                     : write.c.obj (.text:write)
                  0c00bf60    00000040                     : isinf.c.obj (.text:__c6xabi_isinf)
                  0c00bfa0    00000040                     : _printfi.c.obj (.text:__c6xabi_isnan)
                  0c00bfe0    00000040                     : args_main.c.obj (.text:_args_main)
                  0c00c020    00000040                     : wcslen.c.obj (.text:wcslen)
                  0c00c060    00000020                     : errno.c.obj (.text:__c6xabi_errno_addr)
                  0c00c080    00000020                     : trunc.c.obj (.text:__c6xabi_trunc)
                  0c00c0a0    00000020                     : push.asm.obj (.text:__pop_rts)
                  0c00c0c0    00000020                     : push.asm.obj (.text:__push_rts)
                  0c00c0e0    00000020                     : fscanf.c.obj (.text:_inpchar)
                  0c00c100    00000020                     : _lock.c.obj (.text:_nop)
                  0c00c120    00000020                     : printf.c.obj (.text:_outc)
                  0c00c140    00000020                     : printf.c.obj (.text:_outs)
                  0c00c160    00000020                     : signbit.c.obj (.text:_signbit)
                  0c00c180    00000020                     : startup.c.obj (.text:_system_post_cinit)
                  0c00c1a0    00000020                     : pre_init.c.obj (.text:_system_pre_init)
                  0c00c1c0    00000020                     : fscanf.c.obj (.text:_uninpchar)
                  0c00c1e0    00000020                     : exit.c.obj (.text:abort)
                  0c00c200    00000020                     : copy_decompress_none.c.obj (.text:decompress:none:__TI_decompress_none)
                  0c00c220    00000020                     : copy_decompress_rle.c.obj (.text:decompress:rle24:__TI_decompress_rle24)

.stack     0    0c00c240    00000800     UNINITIALIZED
                  0c00c240    00000008     rts6600_elf.lib : boot.c.obj (.stack)
                  0c00c248    000007f8     --HOLE--

.sysmem    0    0c00ca40    00000800     UNINITIALIZED
                  0c00ca40    00000008     rts6600_elf.lib : memory.c.obj (.sysmem)
                  0c00ca48    000007f8     --HOLE--

.far       0    0c00d240    000004a8     UNINITIALIZED
                  0c00d240    00000334     (.common:samples)
                  0c00d574    00000004     --HOLE--
                  0c00d578    00000140     (.common:__TI_tmpnams)
                  0c00d6b8    00000020     (.common:magnitudes)
                  0c00d6d8    00000008     (.common:max_float_index)
                  0c00d6e0    00000008     (.common:parmbuf)

.fardata   0    0c00d6e8    000003ac     UNINITIALIZED
                  0c00d6e8    000001e0     rts6600_elf.lib : defs.c.obj (.fardata:_ftable)
                  0c00d8c8    000000a0                     : write.c.obj (.fardata:_stream)
                  0c00d968    00000078                     : write.c.obj (.fardata:_device)
                  0c00d9e0    00000040                     : sin.c.obj (.fardata:R$1)
                  0c00da20    00000020     main.obj (.fardata:coef_float)
                  0c00da40    00000020     main.obj (.fardata:targetFrequencies)
                  0c00da60    00000010     main.obj (.fardata:pad)
                  0c00da70    0000000c     rts6600_elf.lib : exit.c.obj (.fardata)
                  0c00da7c    00000008                     : memory.c.obj (.fardata)
                  0c00da84    00000004                     : _lock.c.obj (.fardata:_lock)
                  0c00da88    00000004                     : _lock.c.obj (.fardata:_unlock)
                  0c00da8c    00000004                     : defs.c.obj (.fardata)
                  0c00da90    00000004                     : errno.c.obj (.fardata)

.const     0    0c00da98    000003b6     
                  0c00da98    000001a0     main.obj (.const:.string)
                  0c00dc38    00000101     rts6600_elf.lib : ctype.c.obj (.const:.string:_ctypes_)
                  0c00dd39    00000007     --HOLE-- [fill = 0]
                  0c00dd40    00000080                     : strtod.c.obj (.const:digits)
                  0c00ddc0    00000048                     : strtod.c.obj (.const:powerof10)
                  0c00de08    00000024                     : _printfi.c.obj (.const:.string)
                  0c00de2c    00000010                     : _scanfi.c.obj (.const:.string)
                  0c00de3c    00000004     --HOLE-- [fill = 0]
                  0c00de40    00000007                     : _scanfi.c.obj (.const:.string:flit$1)
                  0c00de47    00000001     --HOLE-- [fill = 0]
                  0c00de48    00000006                     : _scanfi.c.obj (.const:.string:barr$2)

.cio       0    0c00de50    00000120     UNINITIALIZED
                  0c00de50    00000120     rts6600_elf.lib : trgmsg.c.obj (.cio)

.bss       0    0c00e08c    0000002a     UNINITIALIZED
                  0c00e08c    00000004     (.common:N)
                  0c00e090    00000004     (.common:freq1)
                  0c00e094    00000004     (.common:freq2)
                  0c00e098    00000004     (.common:i)
                  0c00e09c    00000004     (.common:mag1)
                  0c00e0a0    00000004     (.common:mag2)
                  0c00e0a4    00000004     (.common:max_float0)
                  0c00e0a8    00000004     (.common:max_float1)
                  0c00e0ac    00000004     (.common:n)
                  0c00e0b0    00000004     (.common:tick)
                  0c00e0b4    00000001     (.common:digit)
                  0c00e0b5    00000001     (.common:key)

.switch    0    0c00df70    0000011c     
                  0c00df70    00000088     main.obj (.switch:Generate_tones)
                  0c00dff8    0000005c     rts6600_elf.lib : _scanfi.c.obj (.switch:__TI_scanfi)
                  0c00e054    00000038                     : _printfi.c.obj (.switch:__TI_printfi)

.cinit     0    0c00e0c0    00000148     
                  0c00e0c0    000000fe     (.cinit..fardata.load) [load image, compression = rle]
                  0c00e1be    0000000b     (.cinit..far.load) [load image, compression = rle]
                  0c00e1c9    0000000a     (.cinit..neardata.load) [load image, compression = rle]
                  0c00e1d3    00000009     (.cinit..bss.load) [load image, compression = rle]
                  0c00e1dc    00000008     (__TI_handler_table)
                  0c00e1e4    00000004     --HOLE-- [fill = 0]
                  0c00e1e8    00000020     (__TI_cinit_table)

.init_array 
*          0    0c000000    00000000     UNINITIALIZED

.neardata 
*          0    0c00e0b8    00000008     UNINITIALIZED
                  0c00e0b8    00000008     main.obj (.neardata)

MODULE SUMMARY

       Module                       code    ro data   rw data
       ------                       ----    -------   -------
    .\
       main.obj                     2816    552       990    
    +--+----------------------------+-------+---------+---------+
       Total:                       2816    552       990    
                                                             
    C:\Users\sitogor\Downloads\ti-cgt-c6000_8.3.12\lib\rts6600_elf.lib
       _printfi.c.obj               13504   92        0      
       _scanfi.c.obj                9184    121       0      
       strtod.c.obj                 2336    200       0      
       memory.c.obj                 1792    0         8      
       divd.c.obj                   1536    0         0      
       strtoll.c.obj                1216    0         0      
       strtoull.c.obj               1056    0         0      
       strtol.c.obj                 928     0         0      
       defs.c.obj                   0       0         804    
       imath64.c.obj                768     0         0      
       strtoul.c.obj                768     0         0      
       fputs.c.obj                  736     0         0      
       sin.c.obj                    672     0         64     
       divf.c.obj                   672     0         0      
       fscanf.c.obj                 672     0         0      
       trgmsg.c.obj                 224     0         288    
       fputc.c.obj                  448     0         0      
       getdevice.c.obj              448     0         0      
       imath40.c.obj                448     0         0      
       ldexp.c.obj                  448     0         0      
       setvbuf.c.obj                448     0         0      
       frexp.c.obj                  416     0         0      
       hostrename.c.obj             416     0         0      
       _io_perm.c.obj               384     0         0      
       write.c.obj                  96      0         280    
       _bufread.c.obj               352     0         0      
       fgetc.c.obj                  320     0         0      
       copy_decompress_rle.c.obj    288     0         0      
       printf.c.obj                 288     0         0      
       exit.c.obj                   256     0         12     
       ctype.c.obj                  0       257       0      
       atoi.c.obj                   256     0         0      
       fclose.c.obj                 256     0         0      
       fseek.c.obj                  256     0         0      
       ungetc.c.obj                 256     0         0      
       hostopen.c.obj               224     0         8      
       _ltoa.c.obj                  224     0         0      
       close.c.obj                  224     0         0      
       hostlseek.c.obj              224     0         0      
       hostwrite.c.obj              224     0         0      
       llshift.c.obj                224     0         0      
       memset.c.obj                 224     0         0      
       autoinit.c.obj               192     0         0      
       divu.asm.obj                 192     0         0      
       hostread.c.obj               192     0         0      
       hostunlink.c.obj             192     0         0      
       tls.c.obj                    192     0         0      
       fflush.c.obj                 160     0         0      
       fopen.c.obj                  160     0         0      
       hostclose.c.obj              160     0         0      
       memcpy64.asm.obj             160     0         0      
       modf.c.obj                   160     0         0      
       remu.asm.obj                 160     0         0      
       round.c.obj                  160     0         0      
       boot.c.obj                   128     0         0      
       unlink.c.obj                 128     0         0      
       frcmpyd_div.c.obj            96      0         0      
       lseek.c.obj                  96      0         0      
       memccpy.c.obj                96      0         0      
       read.c.obj                   96      0         0      
       args_main.c.obj              64      0         0      
       isinf.c.obj                  64      0         0      
       push.asm.obj                 64      0         0      
       wcslen.c.obj                 64      0         0      
       _lock.c.obj                  32      0         8      
       errno.c.obj                  32      0         4      
       copy_decompress_none.c.obj   32      0         0      
       pre_init.c.obj               32      0         0      
       signbit.c.obj                32      0         0      
       startup.c.obj                32      0         0      
       trunc.c.obj                  32      0         0      
    +--+----------------------------+-------+---------+---------+
       Total:                       46912   670       1476   
                                                             
       Heap:                        0       0         2048   
       Stack:                       0       0         2048   
       Linker Generated:            0       324       0      
    +--+----------------------------+-------+---------+---------+
       Grand Total:                 49728   1546      6562   


LINKER GENERATED COPY TABLES

__TI_cinit_table @ 0c00e1e8 records: 4, size/record: 8, table size: 32
	.fardata: load addr=0c00e0c0, load size=000000fe bytes, run addr=0c00d6e8, run size=000003ac bytes, compression=rle
	.far: load addr=0c00e1be, load size=0000000b bytes, run addr=0c00d240, run size=000004a8 bytes, compression=rle
	.neardata: load addr=0c00e1c9, load size=0000000a bytes, run addr=0c00e0b8, run size=00000008 bytes, compression=rle
	.bss: load addr=0c00e1d3, load size=00000009 bytes, run addr=0c00e08c, run size=0000002a bytes, compression=rle


LINKER GENERATED HANDLER TABLE

__TI_handler_table @ 0c00e1dc records: 2, size/record: 4, table size: 8
	index: 0, handler: __TI_decompress_rle24
	index: 1, handler: __TI_decompress_none


GLOBAL SYMBOLS: SORTED ALPHABETICALLY BY Name 

address   name                           
-------   ----                           
0c00c1e0  C$$EXIT                        
0c00bc58  C$$IO$$                        
0c00e0b8  Flag                           
0c00426c  Frequency_detection            
0c0044ec  Generate_tones                 
0c00b360  HOSTclose                      
0c00a560  HOSTlseek                      
0c00a640  HOSTopen                       
0c00ae20  HOSTread                       
0c009340  HOSTrename                     
0c00aee0  HOSTunlink                     
0c00a720  HOSTwrite                      
0c00e08c  N                              
0c00de50  __CIOBUF_                      
0c00e1e8  __TI_CINIT_Base                
0c00e208  __TI_CINIT_Limit               
0c00e1dc  __TI_Handler_Table_Base        
0c00e1e4  __TI_Handler_Table_Limit       
0c00ca40  __TI_STACK_END                 
00000800  __TI_STACK_SIZE                
0c00e08c  __TI_STATIC_BASE               
00000800  __TI_SYSMEM_SIZE               
UNDEFED   __TI_TLS_INIT_Base             
UNDEFED   __TI_TLS_INIT_Limit            
0c00afa0  __TI_auto_init_nobinit_nopinit 
0c009800  __TI_buff_read                 
0c00b400  __TI_cleanup                   
0c00da70  __TI_cleanup_ptr               
0c009f60  __TI_closefile                 
0c00c200  __TI_decompress_none           
0c00c220  __TI_decompress_rle24          
0c00b4a0  __TI_doflush                   
0c00da74  __TI_dtors_ptr                 
0c00da78  __TI_enable_exit_profile_output
0c00bba0  __TI_frcmpyd_div               
0c00da8c  __TI_ft_end                    
0c00a800  __TI_ltoa                      
ffffffff  __TI_pprof_out_hndl            
0c002100  __TI_printfi                   
ffffffff  __TI_prof_data_size            
ffffffff  __TI_prof_data_start           
0c00b540  __TI_rd_ok                     
0c00b9a0  __TI_readmsg                   
0c000000  __TI_scanfi                    
0c00b2a0  __TI_tls_init                  
0c00d578  __TI_tmpnams                   
0c00bc00  __TI_writemsg                  
0c00a8e0  __TI_wrt_ok                    
ffffffff  __binit__                      
0c005b60  __c6xabi_divd                  
0c008140  __c6xabi_divf                  
0c00b060  __c6xabi_divu                  
0c0088c0  __c6xabi_divul                 
0c008680  __c6xabi_divull                
0c00c060  __c6xabi_errno_addr            
0c00bf60  __c6xabi_isinf                 
0c00ba20  __c6xabi_llshl                 
0c00bc60  __c6xabi_llshru                
0c00b5e0  __c6xabi_nround                
0c00c0a0  __c6xabi_pop_rts               
0c00c0c0  __c6xabi_push_rts              
0c00b680  __c6xabi_remu                  
0c00bcc0  __c6xabi_remull                
0c00b5e0  __c6xabi_roundl                
0c00c080  __c6xabi_trunc                 
0c00c080  __c6xabi_truncl                
ffffffff  __c_args__                     
0c00b060  __divu                         
0c00da90  __errno                        
0c00c0a0  __pop_rts                      
0c00c0c0  __push_rts                     
0c00b680  __remu                         
0c00bfe0  _args_main                     
0c00baa0  _c_int00                       
0c00dc38  _ctypes_                       
0c00d968  _device                        
0c00d6e8  _ftable                        
0c00da84  _lock                          
0c00c100  _nop                           
0c00c160  _signbit                       
0c00c240  _stack                         
0c00d8c8  _stream                        
0c00bd20  _subcull                       
0c00ca40  _sys_memory                    
0c00c180  _system_post_cinit             
0c00c1a0  _system_pre_init               
0c00da88  _unlock                        
0c00c1e0  abort                          
0c00a260  atoi                           
ffffffff  binit                          
0c00a9c0  close                          
0c00da20  coef_float                     
0c00e0b4  digit                          
0c00da90  errno                          
0c00aaa0  exit                           
0c009be0  fgetc                          
0c00b7c0  finddevice                     
0c008c40  fputc                          
0c0078e0  fputs                          
0c006e80  free                           
0c00e090  freq1                          
0c00e094  freq2                          
0c0094e0  frexp                          
0c0094e0  frexpl                         
0c00a360  fseek                          
0c009be0  getc                           
0c009e40  getdevice                      
0c004100  goertzel_multi                 
0c00e098  i                              
0c00e0b5  key                            
0c008e00  ldexp                          
0c008e00  ldexpl                         
0c00bd80  lseek                          
0c00e09c  mag1                           
0c00e0a0  mag2                           
0c00d6b8  magnitudes                     
0c004b78  main                           
0c008fc0  malloc                         
0c00e0a4  max_float0                     
0c00e0a8  max_float1                     
0c00d6d8  max_float_index                
0c00bde0  memccpy                        
0c00b860  memcpy                         
0c00ab80  memset                         
0c00e0bc  mismatch                       
0c00b900  modf                           
0c00b900  modfl                          
0c00e0ac  n                              
0c00da60  pad                            
0c00d6e0  parmbuf                        
0c00ac60  printf                         
0c008c40  putc                           
0c00be40  read                           
0c00bb20  remove                         
0c00d240  samples                        
0c008e00  scalbn                         
0c008e00  scalbnl                        
0c00ad40  scanf                          
0c009180  setvbuf                        
0c0083e0  sin                            
0c0083e0  sinl                           
0c004c00  strtod                         
0c007240  strtol                         
0c004c00  strtold                        
0c006160  strtoll                        
0c0075e0  strtoul                        
0c006a60  strtoull                       
0c00da40  targetFrequencies              
0c00e0b0  tick                           
0c00a460  ungetc                         
0c00bb20  unlink                         
0c00c020  wcslen                         
0c00bf00  write                          


GLOBAL SYMBOLS: SORTED BY Symbol Address 

address   name                           
-------   ----                           
00000800  __TI_STACK_SIZE                
00000800  __TI_SYSMEM_SIZE               
0c000000  __TI_scanfi                    
0c002100  __TI_printfi                   
0c004100  goertzel_multi                 
0c00426c  Frequency_detection            
0c0044ec  Generate_tones                 
0c004b78  main                           
0c004c00  strtod                         
0c004c00  strtold                        
0c005b60  __c6xabi_divd                  
0c006160  strtoll                        
0c006a60  strtoull                       
0c006e80  free                           
0c007240  strtol                         
0c0075e0  strtoul                        
0c0078e0  fputs                          
0c008140  __c6xabi_divf                  
0c0083e0  sin                            
0c0083e0  sinl                           
0c008680  __c6xabi_divull                
0c0088c0  __c6xabi_divul                 
0c008c40  fputc                          
0c008c40  putc                           
0c008e00  ldexp                          
0c008e00  ldexpl                         
0c008e00  scalbn                         
0c008e00  scalbnl                        
0c008fc0  malloc                         
0c009180  setvbuf                        
0c009340  HOSTrename                     
0c0094e0  frexp                          
0c0094e0  frexpl                         
0c009800  __TI_buff_read                 
0c009be0  fgetc                          
0c009be0  getc                           
0c009e40  getdevice                      
0c009f60  __TI_closefile                 
0c00a260  atoi                           
0c00a360  fseek                          
0c00a460  ungetc                         
0c00a560  HOSTlseek                      
0c00a640  HOSTopen                       
0c00a720  HOSTwrite                      
0c00a800  __TI_ltoa                      
0c00a8e0  __TI_wrt_ok                    
0c00a9c0  close                          
0c00aaa0  exit                           
0c00ab80  memset                         
0c00ac60  printf                         
0c00ad40  scanf                          
0c00ae20  HOSTread                       
0c00aee0  HOSTunlink                     
0c00afa0  __TI_auto_init_nobinit_nopinit 
0c00b060  __c6xabi_divu                  
0c00b060  __divu                         
0c00b2a0  __TI_tls_init                  
0c00b360  HOSTclose                      
0c00b400  __TI_cleanup                   
0c00b4a0  __TI_doflush                   
0c00b540  __TI_rd_ok                     
0c00b5e0  __c6xabi_nround                
0c00b5e0  __c6xabi_roundl                
0c00b680  __c6xabi_remu                  
0c00b680  __remu                         
0c00b7c0  finddevice                     
0c00b860  memcpy                         
0c00b900  modf                           
0c00b900  modfl                          
0c00b9a0  __TI_readmsg                   
0c00ba20  __c6xabi_llshl                 
0c00baa0  _c_int00                       
0c00bb20  remove                         
0c00bb20  unlink                         
0c00bba0  __TI_frcmpyd_div               
0c00bc00  __TI_writemsg                  
0c00bc58  C$$IO$$                        
0c00bc60  __c6xabi_llshru                
0c00bcc0  __c6xabi_remull                
0c00bd20  _subcull                       
0c00bd80  lseek                          
0c00bde0  memccpy                        
0c00be40  read                           
0c00bf00  write                          
0c00bf60  __c6xabi_isinf                 
0c00bfe0  _args_main                     
0c00c020  wcslen                         
0c00c060  __c6xabi_errno_addr            
0c00c080  __c6xabi_trunc                 
0c00c080  __c6xabi_truncl                
0c00c0a0  __c6xabi_pop_rts               
0c00c0a0  __pop_rts                      
0c00c0c0  __c6xabi_push_rts              
0c00c0c0  __push_rts                     
0c00c100  _nop                           
0c00c160  _signbit                       
0c00c180  _system_post_cinit             
0c00c1a0  _system_pre_init               
0c00c1e0  C$$EXIT                        
0c00c1e0  abort                          
0c00c200  __TI_decompress_none           
0c00c220  __TI_decompress_rle24          
0c00c240  _stack                         
0c00ca40  __TI_STACK_END                 
0c00ca40  _sys_memory                    
0c00d240  samples                        
0c00d578  __TI_tmpnams                   
0c00d6b8  magnitudes                     
0c00d6d8  max_float_index                
0c00d6e0  parmbuf                        
0c00d6e8  _ftable                        
0c00d8c8  _stream                        
0c00d968  _device                        
0c00da20  coef_float                     
0c00da40  targetFrequencies              
0c00da60  pad                            
0c00da70  __TI_cleanup_ptr               
0c00da74  __TI_dtors_ptr                 
0c00da78  __TI_enable_exit_profile_output
0c00da84  _lock                          
0c00da88  _unlock                        
0c00da8c  __TI_ft_end                    
0c00da90  __errno                        
0c00da90  errno                          
0c00dc38  _ctypes_                       
0c00de50  __CIOBUF_                      
0c00e08c  N                              
0c00e08c  __TI_STATIC_BASE               
0c00e090  freq1                          
0c00e094  freq2                          
0c00e098  i                              
0c00e09c  mag1                           
0c00e0a0  mag2                           
0c00e0a4  max_float0                     
0c00e0a8  max_float1                     
0c00e0ac  n                              
0c00e0b0  tick                           
0c00e0b4  digit                          
0c00e0b5  key                            
0c00e0b8  Flag                           
0c00e0bc  mismatch                       
0c00e1dc  __TI_Handler_Table_Base        
0c00e1e4  __TI_Handler_Table_Limit       
0c00e1e8  __TI_CINIT_Base                
0c00e208  __TI_CINIT_Limit               
ffffffff  __TI_pprof_out_hndl            
ffffffff  __TI_prof_data_size            
ffffffff  __TI_prof_data_start           
ffffffff  __binit__                      
ffffffff  __c_args__                     
ffffffff  binit                          
UNDEFED   __TI_TLS_INIT_Base             
UNDEFED   __TI_TLS_INIT_Limit            

[153 symbols]
