******************************************************************************
               TMS320C6x Linker PC v8.3.12                     
******************************************************************************
>> Linked Thu Mar  7 13:18:33 2024

OUTPUT FILE NAME:   <Floating_GTZ_Without_sysbios.out>
ENTRY POINT SYMBOL: "_c_int00"  address: 0c00aa00


MEMORY CONFIGURATION

         name            origin    length      used     unused   attr    fill
----------------------  --------  ---------  --------  --------  ----  --------
  LOCAL_L2_SRAM         00800000   00080000  00000000  00080000  RWIX
  LOCAL_L1P_SRAM        00e00000   00008000  00000000  00008000  RWIX
  LOCAL_L1D_SRAM        00f00000   00008000  00000000  00008000  RWIX
  SHRAM                 0c000000   00400000  0000cdef  003f3211  RWIX
  EMIF16_CS2            70000000   04000000  00000000  04000000  RWIX
  EMIF16_CS3            74000000   04000000  00000000  04000000  RWIX
  EMIF16_CS4            78000000   04000000  00000000  04000000  RWIX
  EMIF16_CS5            7c000000   04000000  00000000  04000000  RWIX
  DDR3                  80000000   80000000  00000000  80000000  RWIX


SEGMENT ALLOCATION MAP

run origin  load origin   length   init length attrs members
----------  ----------- ---------- ----------- ----- -------
0c000000    0c000000    0000b180   0000b180    r-x
  0c000000    0c000000    0000b180   0000b180    r-x .text
0c00b180    0c00b180    000017bd   00000000    rw-
  0c00b180    0c00b180    00000800   00000000    rw- .stack
  0c00b980    0c00b980    00000800   00000000    rw- .sysmem
  0c00c180    0c00c180    000004a0   00000000    rw- .far
  0c00c620    0c00c620    0000031c   00000000    rw- .fardata
  0c00c93c    0c00c93c    00000001   00000000    rw- .bss
0c00c940    0c00c940    00000256   00000256    r--
  0c00c940    0c00c940    00000256   00000256    r-- .const
0c00cb98    0c00cb98    00000120   00000000    rw-
  0c00cb98    0c00cb98    00000120   00000000    rw- .cio
0c00ccb8    0c00ccb8    00000140   00000140    r--
  0c00ccb8    0c00ccb8    00000094   00000094    r-- .switch
  0c00cd50    0c00cd50    000000a8   000000a8    r-- .cinit


SECTION ALLOCATION MAP

 output                                  attributes/
section   page    origin      length       input sections
--------  ----  ----------  ----------   ----------------
.text      0    0c000000    0000b180     
                  0c000000    00002100     rts6600_elf.lib : _scanfi.c.obj (.text:__TI_scanfi)
                  0c002100    00002000                     : _printfi.c.obj (.text:__TI_printfi)
                  0c004100    00000920                     : strtod.c.obj (.text:strtod)
                  0c004a20    00000640                     : _printfi.c.obj (.text:_pconv_a)
                  0c005060    00000600                     : divd.c.obj (.text:__c6xabi_divd)
                  0c005660    000004c0                     : strtoll.c.obj (.text:strtoll)
                  0c005b20    00000440                     : _printfi.c.obj (.text:_pconv_g)
                  0c005f60    00000420                     : strtoull.c.obj (.text:strtoull)
                  0c006380    000003c0                     : memory.c.obj (.text:free)
                  0c006740    000003a0                     : strtol.c.obj (.text:strtol)
                  0c006ae0    00000300                     : strtoul.c.obj (.text:strtoul)
                  0c006de0    000002e0                     : fputs.c.obj (.text:fputs)
                  0c0070c0    000002c0                     : _printfi.c.obj (.text:_pconv_e)
                  0c007380    000002c0                     : _printfi.c.obj (.text:fcvt)
                  0c007640    00000240                     : imath64.c.obj (.text:__c6xabi_divull)
                  0c007880    000001c0                     : imath40.c.obj (.text:__c6xabi_divul)
                  0c007a40    000001c0                     : _printfi.c.obj (.text:_ltostr)
                  0c007c00    000001c0                     : fputc.c.obj (.text:fputc)
                  0c007dc0    000001c0                     : ldexp.c.obj (.text:ldexp)
                  0c007f80    000001c0                     : memory.c.obj (.text:malloc)
                  0c008140    000001c0                     : setvbuf.c.obj (.text:setvbuf)
                  0c008300    000001a0                     : hostrename.c.obj (.text:HOSTrename)
                  0c0084a0    000001a0                     : frexp.c.obj (.text:frexp)
                  0c008640    00000180                     : fscanf.c.obj (.text:_chkmbc)
                  0c0087c0    00000160                     : _bufread.c.obj (.text:__TI_buff_read)
                  0c008920    00000140                     : _scanfi.c.obj (.text:_sproc_str)
                  0c008a60    00000140                     : _scanfi.c.obj (.text:_sproc_wstr)
                  0c008ba0    00000140                     : fgetc.c.obj (.text:fgetc)
                  0c008ce0    00000120                     : _printfi.c.obj (.text:_pconv_f)
                  0c008e00    00000120                     : getdevice.c.obj (.text:getdevice)
                  0c008f20    00000100                     : fclose.c.obj (.text:__TI_closefile)
                  0c009020    00000100                     : copy_decompress_rle.c.obj (.text:__TI_decompress_rle_core)
                  0c009120    00000100                     : _printfi.c.obj (.text:_mcpy)
                  0c009220    00000100                     : atoi.c.obj (.text:atoi)
                  0c009320    00000100                     : fseek.c.obj (.text:fseek)
                  0c009420    00000100                     : ungetc.c.obj (.text:ungetc)
                  0c009520    000000e0                     : hostlseek.c.obj (.text:HOSTlseek)
                  0c009600    000000e0                     : hostopen.c.obj (.text:HOSTopen)
                  0c0096e0    000000e0                     : hostwrite.c.obj (.text:HOSTwrite)
                  0c0097c0    000000e0                     : _ltoa.c.obj (.text:__TI_ltoa)
                  0c0098a0    000000e0                     : _io_perm.c.obj (.text:__TI_wrt_ok)
                  0c009980    000000e0                     : close.c.obj (.text:close)
                  0c009a60    000000e0                     : exit.c.obj (.text:exit)
                  0c009b40    000000e0     main.obj (.text)
                  0c009c20    000000e0     rts6600_elf.lib : memset.c.obj (.text:memset)
                  0c009d00    000000e0                     : printf.c.obj (.text:printf)
                  0c009de0    000000e0                     : fscanf.c.obj (.text:scanf)
                  0c009ec0    000000c0                     : hostread.c.obj (.text:HOSTread)
                  0c009f80    000000c0                     : hostunlink.c.obj (.text:HOSTunlink)
                  0c00a040    000000c0                     : autoinit.c.obj (.text:__TI_auto_init_nobinit_nopinit:__TI_auto_init_nobinit_nopinit)
                  0c00a100    000000c0                     : divu.asm.obj (.text:__divu)
                  0c00a1c0    000000c0                     : memory.c.obj (.text:minsert)
                  0c00a280    000000c0                     : memory.c.obj (.text:mremove)
                  0c00a340    000000c0                     : tls.c.obj (.text:tls:init:__TI_tls_init)
                  0c00a400    000000a0                     : hostclose.c.obj (.text:HOSTclose)
                  0c00a4a0    000000a0                     : fopen.c.obj (.text:__TI_cleanup)
                  0c00a540    000000a0                     : fflush.c.obj (.text:__TI_doflush)
                  0c00a5e0    000000a0                     : _io_perm.c.obj (.text:__TI_rd_ok)
                  0c00a680    000000a0                     : remu.asm.obj (.text:__remu)
                  0c00a720    000000a0                     : _printfi.c.obj (.text:_ecpy)
                  0c00a7c0    000000a0                     : getdevice.c.obj (.text:finddevice)
                  0c00a860    000000a0                     : memcpy64.asm.obj (.text:memcpy)
                  0c00a900    00000080                     : trgmsg.c.obj (.text:__TI_readmsg)
                  0c00a980    00000080                     : llshift.c.obj (.text:__c6xabi_llshl)
                  0c00aa00    00000080                     : boot.c.obj (.text:_c_int00)
                  0c00aa80    00000080                     : unlink.c.obj (.text:unlink)
                  0c00ab00    00000060                     : frcmpyd_div.c.obj (.text:__TI_frcmpyd_div)
                  0c00ab60    00000060                     : trgmsg.c.obj (.text:__TI_writemsg)
                  0c00abc0    00000060                     : llshift.c.obj (.text:__c6xabi_llshru)
                  0c00ac20    00000060                     : imath64.c.obj (.text:__c6xabi_remull)
                  0c00ac80    00000060                     : imath64.c.obj (.text:_subcull)
                  0c00ace0    00000060                     : lseek.c.obj (.text:lseek)
                  0c00ad40    00000060                     : memccpy.c.obj (.text:memccpy)
                  0c00ada0    00000060                     : read.c.obj (.text:read)
                  0c00ae00    00000060                     : _scanfi.c.obj (.text:strrchr)
                  0c00ae60    00000060                     : write.c.obj (.text:write)
                  0c00aec0    00000040                     : isinf.c.obj (.text:__c6xabi_isinf)
                  0c00af00    00000040                     : _printfi.c.obj (.text:__c6xabi_isnan)
                  0c00af40    00000040                     : args_main.c.obj (.text:_args_main)
                  0c00af80    00000040                     : wcslen.c.obj (.text:wcslen)
                  0c00afc0    00000020                     : errno.c.obj (.text:__c6xabi_errno_addr)
                  0c00afe0    00000020                     : push.asm.obj (.text:__pop_rts)
                  0c00b000    00000020                     : push.asm.obj (.text:__push_rts)
                  0c00b020    00000020                     : fscanf.c.obj (.text:_inpchar)
                  0c00b040    00000020                     : _lock.c.obj (.text:_nop)
                  0c00b060    00000020                     : printf.c.obj (.text:_outc)
                  0c00b080    00000020                     : printf.c.obj (.text:_outs)
                  0c00b0a0    00000020                     : signbit.c.obj (.text:_signbit)
                  0c00b0c0    00000020                     : startup.c.obj (.text:_system_post_cinit)
                  0c00b0e0    00000020                     : pre_init.c.obj (.text:_system_pre_init)
                  0c00b100    00000020                     : fscanf.c.obj (.text:_uninpchar)
                  0c00b120    00000020                     : exit.c.obj (.text:abort)
                  0c00b140    00000020                     : copy_decompress_none.c.obj (.text:decompress:none:__TI_decompress_none)
                  0c00b160    00000020                     : copy_decompress_rle.c.obj (.text:decompress:rle24:__TI_decompress_rle24)

.stack     0    0c00b180    00000800     UNINITIALIZED
                  0c00b180    00000008     rts6600_elf.lib : boot.c.obj (.stack)
                  0c00b188    000007f8     --HOLE--

.sysmem    0    0c00b980    00000800     UNINITIALIZED
                  0c00b980    00000008     rts6600_elf.lib : memory.c.obj (.sysmem)
                  0c00b988    000007f8     --HOLE--

.far       0    0c00c180    000004a0     UNINITIALIZED
                  0c00c180    00000334     (.common:samples)
                  0c00c4b4    00000004     --HOLE--
                  0c00c4b8    00000140     (.common:__TI_tmpnams)
                  0c00c5f8    00000020     (.common:magnitudes)
                  0c00c618    00000008     (.common:parmbuf)

.bss       0    0c00c93c    00000001     UNINITIALIZED
                  0c00c93c    00000001     (.common:digit)

.const     0    0c00c940    00000256     
                  0c00c940    00000101     rts6600_elf.lib : ctype.c.obj (.const:.string:_ctypes_)
                  0c00ca41    00000007     --HOLE-- [fill = 0]
                  0c00ca48    00000080                     : strtod.c.obj (.const:digits)
                  0c00cac8    00000048                     : strtod.c.obj (.const:powerof10)
                  0c00cb10    00000024     main.obj (.const:.string)
                  0c00cb34    00000024     rts6600_elf.lib : _printfi.c.obj (.const:.string)
                  0c00cb58    00000020     main.obj (.const:$P$T0$1)
                  0c00cb78    00000010     rts6600_elf.lib : _scanfi.c.obj (.const:.string)
                  0c00cb88    00000007                     : _scanfi.c.obj (.const:.string:flit$1)
                  0c00cb8f    00000001     --HOLE-- [fill = 0]
                  0c00cb90    00000006                     : _scanfi.c.obj (.const:.string:barr$2)

.cio       0    0c00cb98    00000120     UNINITIALIZED
                  0c00cb98    00000120     rts6600_elf.lib : trgmsg.c.obj (.cio)

.switch    0    0c00ccb8    00000094     
                  0c00ccb8    0000005c     rts6600_elf.lib : _scanfi.c.obj (.switch:__TI_scanfi)
                  0c00cd14    00000038                     : _printfi.c.obj (.switch:__TI_printfi)

.cinit     0    0c00cd50    000000a8     
                  0c00cd50    0000006f     (.cinit..fardata.load) [load image, compression = rle]
                  0c00cdbf    0000000b     (.cinit..far.load) [load image, compression = rle]
                  0c00cdca    00000002     --HOLE-- [fill = 0]
                  0c00cdcc    00000008     (__TI_handler_table)
                  0c00cdd4    00000007     (.cinit..bss.load) [load image, compression = rle]
                  0c00cddb    00000005     --HOLE-- [fill = 0]
                  0c00cde0    00000018     (__TI_cinit_table)

.init_array 
*          0    0c000000    00000000     UNINITIALIZED

.fardata   0    0c00c620    0000031c     UNINITIALIZED
                  0c00c620    000001e0     rts6600_elf.lib : defs.c.obj (.fardata:_ftable)
                  0c00c800    000000a0                     : write.c.obj (.fardata:_stream)
                  0c00c8a0    00000078                     : write.c.obj (.fardata:_device)
                  0c00c918    0000000c                     : exit.c.obj (.fardata)
                  0c00c924    00000008                     : memory.c.obj (.fardata)
                  0c00c92c    00000004                     : _lock.c.obj (.fardata:_lock)
                  0c00c930    00000004                     : _lock.c.obj (.fardata:_unlock)
                  0c00c934    00000004                     : defs.c.obj (.fardata)
                  0c00c938    00000004                     : errno.c.obj (.fardata)

MODULE SUMMARY

       Module                       code    ro data   rw data
       ------                       ----    -------   -------
    .\
       main.obj                     224     68        853    
    +--+----------------------------+-------+---------+---------+
       Total:                       224     68        853    
                                                             
    C:\Users\sitogor\Downloads\ti-cgt-c6000_8.3.12\lib\rts6600_elf.lib
       _printfi.c.obj               13504   92        0      
       _scanfi.c.obj                9184    121       0      
       strtod.c.obj                 2336    200       0      
       memory.c.obj                 1792    0         8      
       divd.c.obj                   1536    0         0      
       strtoll.c.obj                1216    0         0      
       strtoull.c.obj               1056    0         0      
       strtol.c.obj                 928     0         0      
       defs.c.obj                   0       0         804    
       imath64.c.obj                768     0         0      
       strtoul.c.obj                768     0         0      
       fputs.c.obj                  736     0         0      
       fscanf.c.obj                 672     0         0      
       trgmsg.c.obj                 224     0         288    
       fputc.c.obj                  448     0         0      
       getdevice.c.obj              448     0         0      
       imath40.c.obj                448     0         0      
       ldexp.c.obj                  448     0         0      
       setvbuf.c.obj                448     0         0      
       frexp.c.obj                  416     0         0      
       hostrename.c.obj             416     0         0      
       _io_perm.c.obj               384     0         0      
       write.c.obj                  96      0         280    
       _bufread.c.obj               352     0         0      
       fgetc.c.obj                  320     0         0      
       copy_decompress_rle.c.obj    288     0         0      
       printf.c.obj                 288     0         0      
       exit.c.obj                   256     0         12     
       ctype.c.obj                  0       257       0      
       atoi.c.obj                   256     0         0      
       fclose.c.obj                 256     0         0      
       fseek.c.obj                  256     0         0      
       ungetc.c.obj                 256     0         0      
       hostopen.c.obj               224     0         8      
       _ltoa.c.obj                  224     0         0      
       close.c.obj                  224     0         0      
       hostlseek.c.obj              224     0         0      
       hostwrite.c.obj              224     0         0      
       llshift.c.obj                224     0         0      
       memset.c.obj                 224     0         0      
       autoinit.c.obj               192     0         0      
       divu.asm.obj                 192     0         0      
       hostread.c.obj               192     0         0      
       hostunlink.c.obj             192     0         0      
       tls.c.obj                    192     0         0      
       fflush.c.obj                 160     0         0      
       fopen.c.obj                  160     0         0      
       hostclose.c.obj              160     0         0      
       memcpy64.asm.obj             160     0         0      
       remu.asm.obj                 160     0         0      
       boot.c.obj                   128     0         0      
       unlink.c.obj                 128     0         0      
       frcmpyd_div.c.obj            96      0         0      
       lseek.c.obj                  96      0         0      
       memccpy.c.obj                96      0         0      
       read.c.obj                   96      0         0      
       args_main.c.obj              64      0         0      
       isinf.c.obj                  64      0         0      
       push.asm.obj                 64      0         0      
       wcslen.c.obj                 64      0         0      
       _lock.c.obj                  32      0         8      
       errno.c.obj                  32      0         4      
       copy_decompress_none.c.obj   32      0         0      
       pre_init.c.obj               32      0         0      
       signbit.c.obj                32      0         0      
       startup.c.obj                32      0         0      
    +--+----------------------------+-------+---------+---------+
       Total:                       45216   670       1412   
                                                             
       Heap:                        0       0         2048   
       Stack:                       0       0         2048   
       Linker Generated:            0       161       0      
    +--+----------------------------+-------+---------+---------+
       Grand Total:                 45440   899       6361   


LINKER GENERATED COPY TABLES

__TI_cinit_table @ 0c00cde0 records: 3, size/record: 8, table size: 24
	.fardata: load addr=0c00cd50, load size=0000006f bytes, run addr=0c00c620, run size=0000031c bytes, compression=rle
	.far: load addr=0c00cdbf, load size=0000000b bytes, run addr=0c00c180, run size=000004a0 bytes, compression=rle
	.bss: load addr=0c00cdd4, load size=00000007 bytes, run addr=0c00c93c, run size=00000001 bytes, compression=rle


LINKER GENERATED HANDLER TABLE

__TI_handler_table @ 0c00cdcc records: 2, size/record: 4, table size: 8
	index: 0, handler: __TI_decompress_rle24
	index: 1, handler: __TI_decompress_none


GLOBAL SYMBOLS: SORTED ALPHABETICALLY BY Name 

address   name                           
-------   ----                           
0c00b120  C$$EXIT                        
0c00abb8  C$$IO$$                        
0c009b54  Frequency_detection            
0c009b68  Generate_tones                 
0c00a400  HOSTclose                      
0c009520  HOSTlseek                      
0c009600  HOSTopen                       
0c009ec0  HOSTread                       
0c008300  HOSTrename                     
0c009f80  HOSTunlink                     
0c0096e0  HOSTwrite                      
0c00cb98  __CIOBUF_                      
0c00cde0  __TI_CINIT_Base                
0c00cdf8  __TI_CINIT_Limit               
0c00cdcc  __TI_Handler_Table_Base        
0c00cdd4  __TI_Handler_Table_Limit       
0c00b980  __TI_STACK_END                 
00000800  __TI_STACK_SIZE                
0c00c93c  __TI_STATIC_BASE               
00000800  __TI_SYSMEM_SIZE               
UNDEFED   __TI_TLS_INIT_Base             
UNDEFED   __TI_TLS_INIT_Limit            
0c00a040  __TI_auto_init_nobinit_nopinit 
0c0087c0  __TI_buff_read                 
0c00a4a0  __TI_cleanup                   
0c00c918  __TI_cleanup_ptr               
0c008f20  __TI_closefile                 
0c00b140  __TI_decompress_none           
0c00b160  __TI_decompress_rle24          
0c00a540  __TI_doflush                   
0c00c91c  __TI_dtors_ptr                 
0c00c920  __TI_enable_exit_profile_output
0c00ab00  __TI_frcmpyd_div               
0c00c934  __TI_ft_end                    
0c0097c0  __TI_ltoa                      
ffffffff  __TI_pprof_out_hndl            
0c002100  __TI_printfi                   
ffffffff  __TI_prof_data_size            
ffffffff  __TI_prof_data_start           
0c00a5e0  __TI_rd_ok                     
0c00a900  __TI_readmsg                   
0c000000  __TI_scanfi                    
0c00a340  __TI_tls_init                  
0c00c4b8  __TI_tmpnams                   
0c00ab60  __TI_writemsg                  
0c0098a0  __TI_wrt_ok                    
ffffffff  __binit__                      
0c005060  __c6xabi_divd                  
0c00a100  __c6xabi_divu                  
0c007880  __c6xabi_divul                 
0c007640  __c6xabi_divull                
0c00afc0  __c6xabi_errno_addr            
0c00aec0  __c6xabi_isinf                 
0c00a980  __c6xabi_llshl                 
0c00abc0  __c6xabi_llshru                
0c00afe0  __c6xabi_pop_rts               
0c00b000  __c6xabi_push_rts              
0c00a680  __c6xabi_remu                  
0c00ac20  __c6xabi_remull                
ffffffff  __c_args__                     
0c00a100  __divu                         
0c00c938  __errno                        
0c00afe0  __pop_rts                      
0c00b000  __push_rts                     
0c00a680  __remu                         
0c00af40  _args_main                     
0c00aa00  _c_int00                       
0c00c940  _ctypes_                       
0c00c8a0  _device                        
0c00c620  _ftable                        
0c00c92c  _lock                          
0c00b040  _nop                           
0c00b0a0  _signbit                       
0c00b180  _stack                         
0c00c800  _stream                        
0c00ac80  _subcull                       
0c00b980  _sys_memory                    
0c00b0c0  _system_post_cinit             
0c00b0e0  _system_pre_init               
0c00c930  _unlock                        
0c00b120  abort                          
0c009220  atoi                           
ffffffff  binit                          
0c009980  close                          
0c00c93c  digit                          
0c00c938  errno                          
0c009a60  exit                           
0c008ba0  fgetc                          
0c00a7c0  finddevice                     
0c007c00  fputc                          
0c006de0  fputs                          
0c006380  free                           
0c0084a0  frexp                          
0c0084a0  frexpl                         
0c009320  fseek                          
0c008ba0  getc                           
0c008e00  getdevice                      
0c009b40  goertzel_multi                 
0c007dc0  ldexp                          
0c007dc0  ldexpl                         
0c00ace0  lseek                          
0c00c5f8  magnitudes                     
0c009b7c  main                           
0c007f80  malloc                         
0c00ad40  memccpy                        
0c00a860  memcpy                         
0c009c20  memset                         
0c00c618  parmbuf                        
0c009d00  printf                         
0c007c00  putc                           
0c00ada0  read                           
0c00aa80  remove                         
0c00c180  samples                        
0c007dc0  scalbn                         
0c007dc0  scalbnl                        
0c009de0  scanf                          
0c008140  setvbuf                        
0c004100  strtod                         
0c006740  strtol                         
0c004100  strtold                        
0c005660  strtoll                        
0c006ae0  strtoul                        
0c005f60  strtoull                       
0c009420  ungetc                         
0c00aa80  unlink                         
0c00af80  wcslen                         
0c00ae60  write                          


GLOBAL SYMBOLS: SORTED BY Symbol Address 

address   name                           
-------   ----                           
00000800  __TI_STACK_SIZE                
00000800  __TI_SYSMEM_SIZE               
0c000000  __TI_scanfi                    
0c002100  __TI_printfi                   
0c004100  strtod                         
0c004100  strtold                        
0c005060  __c6xabi_divd                  
0c005660  strtoll                        
0c005f60  strtoull                       
0c006380  free                           
0c006740  strtol                         
0c006ae0  strtoul                        
0c006de0  fputs                          
0c007640  __c6xabi_divull                
0c007880  __c6xabi_divul                 
0c007c00  fputc                          
0c007c00  putc                           
0c007dc0  ldexp                          
0c007dc0  ldexpl                         
0c007dc0  scalbn                         
0c007dc0  scalbnl                        
0c007f80  malloc                         
0c008140  setvbuf                        
0c008300  HOSTrename                     
0c0084a0  frexp                          
0c0084a0  frexpl                         
0c0087c0  __TI_buff_read                 
0c008ba0  fgetc                          
0c008ba0  getc                           
0c008e00  getdevice                      
0c008f20  __TI_closefile                 
0c009220  atoi                           
0c009320  fseek                          
0c009420  ungetc                         
0c009520  HOSTlseek                      
0c009600  HOSTopen                       
0c0096e0  HOSTwrite                      
0c0097c0  __TI_ltoa                      
0c0098a0  __TI_wrt_ok                    
0c009980  close                          
0c009a60  exit                           
0c009b40  goertzel_multi                 
0c009b54  Frequency_detection            
0c009b68  Generate_tones                 
0c009b7c  main                           
0c009c20  memset                         
0c009d00  printf                         
0c009de0  scanf                          
0c009ec0  HOSTread                       
0c009f80  HOSTunlink                     
0c00a040  __TI_auto_init_nobinit_nopinit 
0c00a100  __c6xabi_divu                  
0c00a100  __divu                         
0c00a340  __TI_tls_init                  
0c00a400  HOSTclose                      
0c00a4a0  __TI_cleanup                   
0c00a540  __TI_doflush                   
0c00a5e0  __TI_rd_ok                     
0c00a680  __c6xabi_remu                  
0c00a680  __remu                         
0c00a7c0  finddevice                     
0c00a860  memcpy                         
0c00a900  __TI_readmsg                   
0c00a980  __c6xabi_llshl                 
0c00aa00  _c_int00                       
0c00aa80  remove                         
0c00aa80  unlink                         
0c00ab00  __TI_frcmpyd_div               
0c00ab60  __TI_writemsg                  
0c00abb8  C$$IO$$                        
0c00abc0  __c6xabi_llshru                
0c00ac20  __c6xabi_remull                
0c00ac80  _subcull                       
0c00ace0  lseek                          
0c00ad40  memccpy                        
0c00ada0  read                           
0c00ae60  write                          
0c00aec0  __c6xabi_isinf                 
0c00af40  _args_main                     
0c00af80  wcslen                         
0c00afc0  __c6xabi_errno_addr            
0c00afe0  __c6xabi_pop_rts               
0c00afe0  __pop_rts                      
0c00b000  __c6xabi_push_rts              
0c00b000  __push_rts                     
0c00b040  _nop                           
0c00b0a0  _signbit                       
0c00b0c0  _system_post_cinit             
0c00b0e0  _system_pre_init               
0c00b120  C$$EXIT                        
0c00b120  abort                          
0c00b140  __TI_decompress_none           
0c00b160  __TI_decompress_rle24          
0c00b180  _stack                         
0c00b980  __TI_STACK_END                 
0c00b980  _sys_memory                    
0c00c180  samples                        
0c00c4b8  __TI_tmpnams                   
0c00c5f8  magnitudes                     
0c00c618  parmbuf                        
0c00c620  _ftable                        
0c00c800  _stream                        
0c00c8a0  _device                        
0c00c918  __TI_cleanup_ptr               
0c00c91c  __TI_dtors_ptr                 
0c00c920  __TI_enable_exit_profile_output
0c00c92c  _lock                          
0c00c930  _unlock                        
0c00c934  __TI_ft_end                    
0c00c938  __errno                        
0c00c938  errno                          
0c00c93c  __TI_STATIC_BASE               
0c00c93c  digit                          
0c00c940  _ctypes_                       
0c00cb98  __CIOBUF_                      
0c00cdcc  __TI_Handler_Table_Base        
0c00cdd4  __TI_Handler_Table_Limit       
0c00cde0  __TI_CINIT_Base                
0c00cdf8  __TI_CINIT_Limit               
ffffffff  __TI_pprof_out_hndl            
ffffffff  __TI_prof_data_size            
ffffffff  __TI_prof_data_start           
ffffffff  __binit__                      
ffffffff  __c_args__                     
ffffffff  binit                          
UNDEFED   __TI_TLS_INIT_Base             
UNDEFED   __TI_TLS_INIT_Limit            

[127 symbols]
