******************************************************************************
               TMS320C6x Linker PC v7.4.4                      
******************************************************************************
>> Linked Tue Mar 12 22:40:55 2024

OUTPUT FILE NAME:   <GTZ_One_freq.out>
ENTRY POINT SYMBOL: "_c_int00"  address: 0080cf80


MEMORY CONFIGURATION

         name            origin    length      used     unused   attr    fill
----------------------  --------  ---------  --------  --------  ----  --------
  L2SRAM                00800000   00080000  0001a7d8  00065828  RW X
  MSMCSRAM              0c000000   00400000  00000000  00400000  RW X
  DDR2                  80000000   10000000  00000000  10000000  RWIX


SEGMENT ALLOCATION MAP

run origin  load origin   length   init length attrs members
----------  ----------- ---------- ----------- ----- -------
00800000    00800000    00010c40   00010c40    r-x
  00800000    00800000    00010c40   00010c40    r-x .text
00810c40    00810c40    00003e40   00000000    rw-
  00810c40    00810c40    00003e40   00000000    rw- .far
00814a80    00814a80    000036e8   000036e8    r--
  00814a80    00814a80    000036e8   000036e8    r-- .const
00818168    00818168    00001000   00000000    rw-
  00818168    00818168    00001000   00000000    rw- .stack
00819168    00819168    00000b04   00000b04    rw-
  00819168    00819168    00000b04   00000b04    rw- .fardata
00819c70    00819c70    00000146   00000000    rw-
  00819c70    00819c70    00000120   00000000    rw- .cio
  00819d90    00819d90    00000026   00000000    rw- .bss
00819db8    00819db8    00000014   00000014    rw-
  00819db8    00819db8    00000014   00000014    rw- .neardata
0081a000    0081a000    00000a10   00000a10    r-x
  0081a000    0081a000    00000200   00000200    r-x .vecs
  0081a200    0081a200    00000810   00000810    r-- .cinit


SECTION ALLOCATION MAP

 output                                  attributes/
section   page    origin      length       input sections
--------  ----  ----------  ----------   ----------------
.init_array 
*          0    00800000    00000000     UNINITIALIZED

xdc.meta   0    00800000    00000120     COPY SECTION
                  00800000    00000120     Sys_BIOs_config_pe66.oe66 (xdc.meta)

.text      0    00800000    00010c40     
                  00800000    000008a0     sysbios.ae66 : BIOS.obj (.text:ti_sysbios_family_c64p_Exception_handler__I)
                  008008a0    000008a0     ti.targets.rts6000.ae66 : System.oe66 (.text:xdc_runtime_System_doPrint__I)
                  00801140    00000600     sysbios.ae66 : BIOS.obj (.text:ti_sysbios_heaps_HeapMem_alloc__E)
                  00801740    00000600                  : BIOS.obj (.text:ti_sysbios_knl_Semaphore_pend__E)
                  00801d40    000005e0                  : BIOS.obj (.text:ti_sysbios_heaps_HeapMem_free__E)
                  00802320    000005a0                  : BIOS.obj (.text:ti_sysbios_timers_timer64_Timer_Module_startup__F)
                  008028c0    00000500                  : BIOS.obj (.text:ti_sysbios_utils_Load_update__E)
                  00802dc0    00000420                  : BIOS.obj (.text:ti_sysbios_knl_Task_sleep__E)
                  008031e0    00000420                  : BIOS.obj (.text:ti_sysbios_utils_Load_logLoads__I)
                  00803600    00000300                  : BIOS.obj (.text:ti_sysbios_family_c64p_Hwi_dispatchC__I)
                  00803900    000002e0     main_gtz.obj (.text)
                  00803be0    000002e0     sysbios.ae66 : BIOS.obj (.text:ti_sysbios_heaps_HeapMem_Instance_init__F)
                  00803ec0    000002c0     ti.uia.runtime.ae66 : LoggerProbePoint.oe66 (.text:ti_uia_runtime_LoggerProbePoint_write8__E)
                  00804180    000002c0                         : LoggerStopMode.oe66 (.text:ti_uia_runtime_LoggerStopMode_write8__E)
                  00804440    000002a0     sysbios.ae66 : BIOS.obj (.text:ti_sysbios_knl_Clock_Instance_init__F)
                  008046e0    000002a0                  : BIOS.obj (.text:ti_sysbios_knl_Clock_workFunc__E)
                  00804980    000002a0                  : BIOS.obj (.text:ti_sysbios_timers_timer64_Timer_deviceConfig__I)
                  00804c20    00000280     rts6600_elf.lib : sin.obj (.text:sin)
                  00804ea0    00000280     ti.uia.runtime.ae66 : LoggerStopMode.oe66 (.text:ti_uia_runtime_LoggerStopMode_writeMemoryRange__E)
                  00805120    00000280     ti.targets.rts6000.ae66 : Error.oe66 (.text:xdc_runtime_Error_raiseX__F)
                  008053a0    00000260     sysbios.ae66 : BIOS.obj (.text:ti_sysbios_family_c64p_Exception_internalHandler__I)
                  00805600    00000260                  : BIOS.obj (.text:ti_sysbios_knl_Semaphore_post__E)
                  00805860    00000260     ti.uia.runtime.ae66 : LoggerProbePoint.oe66 (.text:ti_uia_runtime_LoggerProbePoint_write4__E)
                  00805ac0    00000260                         : LoggerProbePoint.oe66 (.text:ti_uia_runtime_LoggerProbePoint_writeMemoryRange__E)
                  00805d20    00000260     ti.targets.rts6000.ae66 : Startup.oe66 (.text:xdc_runtime_Startup_startMods__I)
                  00805f80    00000260     Sys_BIOs_config_pe66.oe66 (.text:xdc_runtime_System_printfExtend__I)
                  008061e0    00000240     rts6600_elf.lib : imath64.obj (.text:__c6xabi_divull)
                  00806420    00000240     sysbios.ae66 : BIOS.obj (.text:ti_sysbios_knl_Task_exit__E)
                  00806660    00000240     ti.uia.runtime.ae66 : LoggerProbePoint.oe66 (.text:ti_uia_runtime_LoggerProbePoint_write0__E)
                  008068a0    00000240                         : LoggerProbePoint.oe66 (.text:ti_uia_runtime_LoggerProbePoint_write1__E)
                  00806ae0    00000240                         : LoggerProbePoint.oe66 (.text:ti_uia_runtime_LoggerProbePoint_write2__E)
                  00806d20    00000240                         : LoggerStopMode.oe66 (.text:ti_uia_runtime_LoggerStopMode_write4__E)
                  00806f60    00000240     ti.targets.rts6000.ae66 : LoggerBuf.oe66 (.text:xdc_runtime_LoggerBuf_write8__F)
                  008071a0    00000220     sysbios.ae66 : BIOS.obj (.text:ti_sysbios_knl_Swi_run__I)
                  008073c0    00000220                  : BIOS.obj (.text:ti_sysbios_knl_Task_schedule__I)
                  008075e0    00000220                  : BIOS.obj (.text:ti_sysbios_knl_Task_startCore__E)
                  00807800    00000220     ti.targets.rts6000.ae66 : Core-mem.oe66 (.text:xdc_runtime_Core_createObject__I)
                  00807a20    00000200     sysbios.ae66 : c64p_Hwi_disp_always.obj (.text:_ti_sysbios_family_c64p_Hwi_dispatchAlways)
                  00807c20    00000200                  : BIOS.obj (.text:ti_sysbios_utils_Load_taskDeleteHook__E)
                  00807e20    000001e0                  : BIOS.obj (.text:ti_sysbios_family_c64p_Exception_externalHandler__I)
                  00808000    000001e0                  : BIOS.obj (.text:ti_sysbios_knl_Task_checkStacks__E)
                  008081e0    000001e0                  : BIOS.obj (.text:ti_sysbios_knl_Task_postInit__I)
                  008083c0    000001e0                  : BIOS.obj (.text:ti_sysbios_timers_timer64_Timer_getFreq__E)
                  008085a0    000001e0                  : BIOS.obj (.text:ti_sysbios_utils_Load_idleFxn__E)
                  00808780    000001c0                  : BIOS.obj (.text:ti_sysbios_family_c64p_Exception_decodeMpfsr__I)
                  00808940    000001c0                  : BIOS.obj (.text:ti_sysbios_gates_GateMutex_enter__E)
                  00808b00    000001c0                  : BIOS.obj (.text:ti_sysbios_timers_timer64_Timer_setPeriodMicroSecs__E)
                  00808cc0    000001c0     ti.targets.rts6000.ae66 : Text.oe66 (.text:xdc_runtime_Text_putSite__F)
                  00808e80    000001a0     sysbios.ae66 : BIOS.obj (.text:ti_sysbios_timers_timer64_Timer_start__E)
                  00809020    000001a0     ti.targets.rts6000.ae66 : LoggerBuf.oe66 (.text:xdc_runtime_LoggerBuf_write4__F)
                  008091c0    00000180     rts6600_elf.lib : copy_decompress_rle.obj (.text:__TI_decompress_rle_core)
                  00809340    00000180     sysbios.ae66 : c64p_Exception_asm.obj (.text)
                  008094c0    00000180                  : BIOS.obj (.text:ti_sysbios_knl_Swi_schedule__I)
                  00809640    00000180                  : BIOS.obj (.text:ti_sysbios_knl_Task_unblockI__E)
                  008097c0    00000160                  : BIOS.obj (.text:ti_sysbios_utils_Load_taskCreateHook__E)
                  00809920    00000140     boot.ae66 : autoinit.oe66 (.text:_auto_init_elf)
                  00809a60    00000140     sysbios.ae66 : BIOS.obj (.text:ti_sysbios_family_c64p_Exception_Module_startup__F)
                  00809ba0    00000140                  : BIOS.obj (.text:ti_sysbios_family_c64p_Hwi_Module_startup__F)
                  00809ce0    00000140                  : BIOS.obj (.text:ti_sysbios_family_c66_Cache_Module_startup__F)
                  00809e20    00000140                  : BIOS.obj (.text:ti_sysbios_knl_Semaphore_Instance_init__F)
                  00809f60    00000140                  : BIOS.obj (.text:ti_sysbios_knl_Swi_post__E)
                  0080a0a0    00000140                  : BIOS.obj (.text:ti_sysbios_knl_Task_Module_startup__F)
                  0080a1e0    00000140                  : BIOS.obj (.text:ti_sysbios_knl_Task_blockI__E)
                  0080a320    00000140     ti.targets.rts6000.ae66 : Text.oe66 (.text:xdc_runtime_Text_putLab__F)
                  0080a460    00000120     sysbios.ae66 : BIOS.obj (.text:ti_sysbios_BIOS_rtsUnlock__I)
                  0080a580    00000120                  : BIOS.obj (.text:ti_sysbios_knl_Clock_startI__E)
                  0080a6a0    00000120     ti.uia.runtime.ae66 : LoggerProbePoint.oe66 (.text:ti_uia_runtime_LoggerProbePoint_setFilterLevel__E)
                  0080a7c0    00000120                         : LoggerStopMode.oe66 (.text:ti_uia_runtime_LoggerStopMode_setFilterLevel__E)
                  0080a8e0    00000120                         : QueueDescriptor.oe66 (.text:ti_uia_runtime_QueueDescriptor_addToList__E)
                  0080aa00    00000120     ti.targets.rts6000.ae66 : LoggerBuf.oe66 (.text:xdc_runtime_LoggerBuf_setFilterLevel__F)
                  0080ab20    00000120                             : Text.oe66 (.text:xdc_runtime_Text_putMod__F)
                  0080ac40    00000100     sysbios.ae66 : BIOS.obj (.text:ti_sysbios_knl_Swi_restoreHwi__E)
                  0080ad40    00000100                  : BIOS.obj (.text:ti_sysbios_timers_timer64_Timer_initDevice__I)
                  0080ae40    00000100                  : BIOS.obj (.text:ti_sysbios_utils_Load_addTask__E)
                  0080af40    00000100     ti.uia.runtime.ae66 : LoggerProbePoint.oe66 (.text:ti_uia_runtime_LoggerProbePoint_getFilterLevel__E)
                  0080b040    00000100                         : LoggerStopMode.oe66 (.text:ti_uia_runtime_LoggerStopMode_getContents__E)
                  0080b140    00000100                         : LoggerStopMode.oe66 (.text:ti_uia_runtime_LoggerStopMode_getFilterLevel__E)
                  0080b240    00000100     ti.targets.rts6000.ae66 : Core-mem.oe66 (.text:xdc_runtime_Core_deleteObject__I)
                  0080b340    00000100                             : LoggerBuf.oe66 (.text:xdc_runtime_LoggerBuf_getFilterLevel__F)
                  0080b440    00000100                             : Startup.oe66 (.text:xdc_runtime_Startup_exec__F)
                  0080b540    00000100                             : Text.oe66 (.text:xdc_runtime_Text_visitRope2__I)
                  0080b640    000000e0     rts6600_elf.lib : copy_zero_init.obj (.text:decompress:ZI:__TI_zero_init)
                  0080b720    000000e0                     : memset.obj (.text:memset)
                  0080b800    000000e0     sysbios.ae66 : BIOS.obj (.text:ti_sysbios_knl_Clock_start__E)
                  0080b8e0    000000e0     Sys_BIOs_config_pe66.oe66 (.text:ti_uia_runtime_LoggerProbePoint_Object__create__S)
                  0080b9c0    000000e0     ti.uia.runtime.ae66 : LoggerProbePoint.oe66 (.text:ti_uia_runtime_LoggerProbePoint_getContents__E)
                  0080baa0    000000e0                         : LoggerProbePoint.oe66 (.text:ti_uia_runtime_LoggerProbePoint_writeBlockOfMemory__I)
                  0080bb80    000000e0     Sys_BIOs_config_pe66.oe66 (.text:ti_uia_runtime_LoggerStopMode_Object__create__S)
                  0080bc60    000000e0     ti.uia.runtime.ae66 : LoggerStopMode.oe66 (.text:ti_uia_runtime_LoggerStopMode_writeBlockOfMemory__I)
                  0080bd40    000000e0                         : QueueDescriptor.oe66 (.text:ti_uia_runtime_QueueDescriptor_removeFromList__E)
                  0080be20    000000e0     ti.targets.rts6000.ae66 : Error.oe66 (.text:xdc_runtime_Error_print__F)
                  0080bf00    000000e0     Sys_BIOs_config_pe66.oe66 (.text:xdc_runtime_LoggerBuf_Object__create__S)
                  0080bfe0    000000e0     ti.targets.rts6000.ae66 : Memory.oe66 (.text:xdc_runtime_Memory_alloc__F)
                  0080c0c0    000000c0     rts6600_elf.lib : trgdrv.obj (.text:HOSTwrite)
                  0080c180    000000c0                     : dtor_list.obj (.text:_Z11__TI_atexitPFYvPvES_S_)
                  0080c240    000000c0                     : dtor_list.obj (.text:__cxa_finalize)
                  0080c300    000000c0                     : divu.obj (.text:__divu)
                  0080c3c0    000000c0                     : exit.obj (.text:exit)
                  0080c480    000000c0     sysbios.ae66 : BIOS.obj (.text:ti_sysbios_BIOS_errorRaiseHook__I)
                  0080c540    000000c0                  : BIOS.obj (.text:ti_sysbios_heaps_HeapMem_getStats__E)
                  0080c600    000000c0                  : BIOS.obj (.text:ti_sysbios_knl_Clock_logTick__E)
                  0080c6c0    000000c0                  : BIOS.obj (.text:ti_sysbios_knl_Task_allBlockedFunction__I)
                  0080c780    000000c0                  : BIOS.obj (.text:ti_sysbios_timers_timer64_Timer_startup__E)
                  0080c840    000000c0                  : BIOS.obj (.text:ti_sysbios_utils_Load_taskSwitchHook__E)
                  0080c900    000000c0     ti.uia.runtime.ae66 : LoggerProbePoint.oe66 (.text:ti_uia_runtime_LoggerProbePoint_Instance_init__F)
                  0080c9c0    000000c0                         : LoggerProbePoint.oe66 (.text:ti_uia_runtime_LoggerProbePoint_Module_startup__F)
                  0080ca80    000000c0                         : LoggerStopMode.oe66 (.text:ti_uia_runtime_LoggerStopMode_Instance_init__F)
                  0080cb40    000000c0                         : LoggerStopMode.oe66 (.text:ti_uia_runtime_LoggerStopMode_Module_startup__F)
                  0080cc00    000000c0     util.obj (.text)
                  0080ccc0    000000c0     ti.targets.rts6000.ae66 : LoggerBuf.oe66 (.text:xdc_runtime_LoggerBuf_Instance_init__F)
                  0080cd80    000000c0                             : System.oe66 (.text:xdc_runtime_System_formatNum__I)
                  0080ce40    000000a0     rts6600_elf.lib : round.obj (.text:__c6xabi_nround)
                  0080cee0    000000a0                     : remu.obj (.text:__remu)
                  0080cf80    000000a0     boot.ae66 : boot.oe66 (.text:_c_int00)
                  0080d020    000000a0     rts6600_elf.lib : memcpy64.obj (.text:memcpy)
                  0080d0c0    000000a0                     : modf.obj (.text:modf)
                  0080d160    000000a0     sysbios.ae66 : BIOS.obj (.text:ti_sysbios_family_c64p_Hwi_getStackInfo__E)
                  0080d200    000000a0                  : BIOS.obj (.text:ti_sysbios_heaps_HeapMem_init__I)
                  0080d2a0    000000a0     Sys_BIOs_config_pe66.oe66 (.text:ti_sysbios_knl_Clock_Object__create__S)
                  0080d340    000000a0     sysbios.ae66 : BIOS.obj (.text:ti_sysbios_knl_Idle_run__E)
                  0080d3e0    000000a0                  : BIOS.obj (.text:ti_sysbios_knl_Semaphore_pendTimeout__I)
                  0080d480    000000a0                  : BIOS.obj (.text:ti_sysbios_knl_Task_processVitalTaskFlag__I)
                  0080d520    000000a0                  : BIOS.obj (.text:ti_sysbios_timers_timer64_Timer_stop__E)
                  0080d5c0    000000a0     ti.uia.runtime.ae66 : LoggerProbePoint.oe66 (.text:ti_uia_runtime_LoggerProbePoint_readBlockOfMemory__I)
                  0080d660    000000a0                         : LoggerStopMode.oe66 (.text:ti_uia_runtime_LoggerStopMode_readBlockOfMemory__I)
                  0080d700    000000a0     ti.targets.rts6000.ae66 : Assert.oe66 (.text:xdc_runtime_Assert_raise__I)
                  0080d7a0    000000a0                             : LoggerBuf.oe66 (.text:xdc_runtime_LoggerBuf_Module_startup__F)
                  0080d840    000000a0                             : SysMin.oe66 (.text:xdc_runtime_SysMin_abort__F)
                  0080d8e0    000000a0                             : SysMin.oe66 (.text:xdc_runtime_SysMin_flush__F)
                  0080d980    000000a0                             : SysMin.oe66 (.text:xdc_runtime_SysMin_putch__F)
                  0080da20    000000a0                             : Text.oe66 (.text:xdc_runtime_Text_xprintf__I)
                  0080dac0    00000080     rts6600_elf.lib : llshift.obj (.text:__c6xabi_llshl)
                  0080db40    00000080     sysbios.ae66 : c62_TaskSupport_asm.obj (.text:_ti_sysbios_family_c62_TaskSupport_swap__E)
                  0080dbc0    00000080     Sys_BIOs_config_pe66.oe66 (.text:malloc)
                  0080dc40    00000080     rts6600_elf.lib : trgmsg.obj (.text:readmsg)
                  0080dcc0    00000080     Sys_BIOs_config_pe66.oe66 (.text:ti_sysbios_BIOS_exitFunc__I)
                  0080dd40    00000080     sysbios.ae66 : BIOS.obj (.text:ti_sysbios_BIOS_registerRTSLock__I)
                  0080ddc0    00000080     Sys_BIOs_config_pe66.oe66 (.text:ti_sysbios_gates_GateHwi_Object__create__S)
                  0080de40    00000080     Sys_BIOs_config_pe66.oe66 (.text:ti_sysbios_gates_GateMutex_Object__create__S)
                  0080dec0    00000080     sysbios.ae66 : BIOS.obj (.text:ti_sysbios_hal_Hwi_checkStack:ti_sysbios_hal_Hwi_checkStack)
                  0080df40    00000080                  : BIOS.obj (.text:ti_sysbios_hal_Hwi_initStack:ti_sysbios_hal_Hwi_initStack)
                  0080dfc0    00000080     Sys_BIOs_config_pe66.oe66 (.text:ti_sysbios_heaps_HeapMem_Object__create__S)
                  0080e040    00000080     sysbios.ae66 : BIOS.obj (.text:ti_sysbios_knl_Clock_Module_startup__F)
                  0080e0c0    00000080     Sys_BIOs_config_pe66.oe66 (.text:ti_sysbios_knl_Clock_doTick__I)
                  0080e140    00000080     sysbios.ae66 : BIOS.obj (.text:ti_sysbios_knl_Clock_getTicks__E)
                  0080e1c0    00000080     Sys_BIOs_config_pe66.oe66 (.text:ti_sysbios_knl_Queue_Object__create__S)
                  0080e240    00000080     Sys_BIOs_config_pe66.oe66 (.text:ti_sysbios_knl_Semaphore_Object__create__S)
                  0080e2c0    00000080     sysbios.ae66 : BIOS.obj (.text:ti_sysbios_knl_Swi_startup__E)
                  0080e340    00000080                  : BIOS.obj (.text:ti_sysbios_knl_Task_restore__E)
                  0080e3c0    00000080                  : BIOS.obj (.text:ti_sysbios_timers_timer64_Timer_getCount__E)
                  0080e440    00000080                  : BIOS.obj (.text:ti_sysbios_timers_timer64_Timer_getPeriod__E)
                  0080e4c0    00000080     ti.uia.runtime.ae66 : LoggerProbePoint.oe66 (.text:ti_uia_runtime_LoggerProbePoint_disable__E)
                  0080e540    00000080                         : LoggerProbePoint.oe66 (.text:ti_uia_runtime_LoggerProbePoint_enable__E)
                  0080e5c0    00000080                         : LoggerProbePoint.oe66 (.text:ti_uia_runtime_LoggerProbePoint_filterOutEvent__I)
                  0080e640    00000080                         : LoggerProbePoint.oe66 (.text:ti_uia_runtime_LoggerProbePoint_reset__F)
                  0080e6c0    00000080                         : LoggerStopMode.oe66 (.text:ti_uia_runtime_LoggerStopMode_disable__E)
                  0080e740    00000080                         : LoggerStopMode.oe66 (.text:ti_uia_runtime_LoggerStopMode_enable__E)
                  0080e7c0    00000080                         : LoggerStopMode.oe66 (.text:ti_uia_runtime_LoggerStopMode_filterOutEvent__I)
                  0080e840    00000080                         : LoggerStopMode.oe66 (.text:ti_uia_runtime_LoggerStopMode_reset__F)
                  0080e8c0    00000080     ti.targets.rts6000.ae66 : Core-label.oe66 (.text:xdc_runtime_Core_assignLabel__I)
                  0080e940    00000080                             : Core-params.oe66 (.text:xdc_runtime_Core_assignParams__I)
                  0080e9c0    00000080                             : LoggerBuf.oe66 (.text:xdc_runtime_LoggerBuf_filterOutEvent__I)
                  0080ea40    00000080     Sys_BIOs_config_pe66.oe66 (.text:xdc_runtime_SysMin_output__I)
                  0080eac0    00000080     ti.targets.rts6000.ae66 : System.oe66 (.text:xdc_runtime_System_atexit__F)
                  0080eb40    00000080                             : System.oe66 (.text:xdc_runtime_System_putchar__I)
                  0080ebc0    00000080                             : System.oe66 (.text:xdc_runtime_System_rtsExit__I)
                  0080ec40    00000080                             : Text.oe66 (.text:xdc_runtime_Text_printVisFxn__I)
                  0080ecc0    00000060     rts6600_elf.lib : llshift.obj (.text:__c6xabi_llshru)
                  0080ed20    00000060                     : imath64.obj (.text:_subcull)
                  0080ed80    00000060     sysbios.ae66 : BIOS.obj (.text:ti_sysbios_BIOS_rtsLock__I)
                  0080ede0    00000060                  : BIOS.obj (.text:ti_sysbios_family_c62_TaskSupport_start__E)
                  0080ee40    00000060                  : BIOS.obj (.text:ti_sysbios_gates_GateMutex_Instance_init__F)
                  0080eea0    00000060     Sys_BIOs_config_pe66.oe66 (.text:ti_sysbios_gates_GateMutex_Object__delete__S)
                  0080ef00    00000060     sysbios.ae66 : BIOS.obj (.text:ti_sysbios_knl_Swi_Module_startup__F)
                  0080ef60    00000060                  : BIOS.obj (.text:ti_sysbios_knl_Task_enter__I)
                  0080efc0    00000060                  : BIOS.obj (.text:ti_sysbios_knl_Task_sleepTimeout__I)
                  0080f020    00000060     ti.uia.runtime.ae66 : LogSync.oe66 (.text:ti_uia_runtime_LogSync_Module_startup__F)
                  0080f080    00000060                         : LoggerProbePoint.oe66 (.text:ti_uia_runtime_LoggerProbePoint_Instance_finalize__F)
                  0080f0e0    00000060     Sys_BIOs_config_pe66.oe66 (.text:ti_uia_runtime_LoggerProbePoint_Object__delete__S)
                  0080f140    00000060     ti.uia.runtime.ae66 : LoggerStopMode.oe66 (.text:ti_uia_runtime_LoggerStopMode_Instance_finalize__F)
                  0080f1a0    00000060     Sys_BIOs_config_pe66.oe66 (.text:ti_uia_runtime_LoggerStopMode_Object__delete__S)
                  0080f200    00000060     rts6600_elf.lib : trgmsg.obj (.text:writemsg)
                  0080f260    00000060     Sys_BIOs_config_pe66.oe66 (.text:xdc_runtime_LoggerBuf_Object__delete__S)
                  0080f2c0    00000060     ti.targets.rts6000.ae66 : Memory.oe66 (.text:xdc_runtime_Memory_calloc__F)
                  0080f320    00000060                             : SysMin.oe66 (.text:xdc_runtime_SysMin_Module_startup__F)
                  0080f380    00000060                             : SysMin.oe66 (.text:xdc_runtime_SysMin_exit__F)
                  0080f3e0    00000060                             : System.oe66 (.text:xdc_runtime_System_avprintf__F)
                  0080f440    00000060                             : System.oe66 (.text:xdc_runtime_System_vprintf__F)
                  0080f4a0    00000060                             : Text.oe66 (.text:xdc_runtime_Text_cordText__F)
                  0080f500    00000040     rts6600_elf.lib : args_main.obj (.text:_args_main)
                  0080f540    00000040     sysbios.ae66 : c62_TaskSupport_asm.obj (.text:_ti_sysbios_family_c62_TaskSupport_buildTaskStack)
                  0080f580    00000040                  : c64p_Hwi_asm_switch.obj (.text:_ti_sysbios_family_xxx_Hwi_switchToIsrStack)
                  0080f5c0    00000040     Sys_BIOs_config_pe66.oe66 (.text:free)
                  0080f600    00000040     Sys_BIOs_config_pe66.oe66 (.text:ti_sysbios_BIOS_startFunc__I)
                  0080f640    00000040     Sys_BIOs_config_pe66.oe66 (.text:ti_sysbios_family_c64p_Hwi_Module__startupDone__F)
                  0080f680    00000040     sysbios.ae66 : BIOS.obj (.text:ti_sysbios_family_c64p_Hwi_disableInterrupt__E)
                  0080f6c0    00000040                  : BIOS.obj (.text:ti_sysbios_family_c64p_Hwi_enableInterrupt__E)
                  0080f700    00000040     Sys_BIOs_config_pe66.oe66 (.text:ti_sysbios_gates_GateHwi_Handle__label__S)
                  0080f740    00000040     Sys_BIOs_config_pe66.oe66 (.text:ti_sysbios_gates_GateHwi_Object__delete__S)
                  0080f780    00000040     Sys_BIOs_config_pe66.oe66 (.text:ti_sysbios_gates_GateMutex_Handle__label__S)
                  0080f7c0    00000040     sysbios.ae66 : BIOS.obj (.text:ti_sysbios_gates_GateMutex_leave__E)
                  0080f800    00000040     Sys_BIOs_config_pe66.oe66 (.text:ti_sysbios_hal_Timer_Module__startupDone__F)
                  0080f840    00000040     Sys_BIOs_config_pe66.oe66 (.text:ti_sysbios_heaps_HeapMem_Handle__label__S)
                  0080f880    00000040     Sys_BIOs_config_pe66.oe66 (.text:ti_sysbios_heaps_HeapMem_Object__delete__S)
                  0080f8c0    00000040     Sys_BIOs_config_pe66.oe66 (.text:ti_sysbios_heaps_HeapMem_Object__get__S)
                  0080f900    00000040     Sys_BIOs_config_pe66.oe66 (.text:ti_sysbios_knl_Semaphore_Object__destruct__S)
                  0080f940    00000040     Sys_BIOs_config_pe66.oe66 (.text:ti_sysbios_knl_Swi_Object__get__S)
                  0080f980    00000040     Sys_BIOs_config_pe66.oe66 (.text:ti_sysbios_knl_Task_Object__get__S)
                  0080f9c0    00000040     Sys_BIOs_config_pe66.oe66 (.text:ti_sysbios_timers_timer64_Timer_Module__startupDone__F)
                  0080fa00    00000040     Sys_BIOs_config_pe66.oe66 (.text:ti_uia_family_c66_TimestampC66XGlobal_Module__startupDone__F)
                  0080fa40    00000040     Sys_BIOs_config_pe66.oe66 (.text:ti_uia_runtime_LoggerProbePoint_Handle__label__S)
                  0080fa80    00000040     Sys_BIOs_config_pe66.oe66 (.text:ti_uia_runtime_LoggerProbePoint_Object__get__S)
                  0080fac0    00000040     Sys_BIOs_config_pe66.oe66 (.text:ti_uia_runtime_LoggerStopMode_Handle__label__S)
                  0080fb00    00000040     Sys_BIOs_config_pe66.oe66 (.text:ti_uia_runtime_LoggerStopMode_Object__get__S)
                  0080fb40    00000040     ti.uia.runtime.ae66 : LoggerStopMode.oe66 (.text:ti_uia_runtime_LoggerStopMode_write0__E)
                  0080fb80    00000040                         : LoggerStopMode.oe66 (.text:ti_uia_runtime_LoggerStopMode_write1__E)
                  0080fbc0    00000040                         : LoggerStopMode.oe66 (.text:ti_uia_runtime_LoggerStopMode_write2__E)
                  0080fc00    00000040                         : QueueDescriptor.oe66 (.text:ti_uia_runtime_QueueDescriptor_initHeader__E)
                  0080fc40    00000040     ti.targets.rts6000.ae66 : Error.oe66 (.text:xdc_runtime_Error_check__F)
                  0080fc80    00000040                             : Error.oe66 (.text:xdc_runtime_Error_init__F)
                  0080fcc0    00000040                             : Gate.oe66 (.text:xdc_runtime_Gate_leaveSystem__F)
                  0080fd00    00000040     Sys_BIOs_config_pe66.oe66 (.text:xdc_runtime_LoggerBuf_Handle__label__S)
                  0080fd40    00000040     ti.targets.rts6000.ae66 : LoggerBuf.oe66 (.text:xdc_runtime_LoggerBuf_Instance_finalize__F)
                  0080fd80    00000040     Sys_BIOs_config_pe66.oe66 (.text:xdc_runtime_LoggerBuf_Object__get__S)
                  0080fdc0    00000040     ti.targets.rts6000.ae66 : LoggerBuf.oe66 (.text:xdc_runtime_LoggerBuf_write0__F)
                  0080fe00    00000040                             : LoggerBuf.oe66 (.text:xdc_runtime_LoggerBuf_write1__F)
                  0080fe40    00000040                             : LoggerBuf.oe66 (.text:xdc_runtime_LoggerBuf_write2__F)
                  0080fe80    00000040                             : Memory.oe66 (.text:xdc_runtime_Memory_free__F)
                  0080fec0    00000040                             : Registry.oe66 (.text:xdc_runtime_Registry_findById__F)
                  0080ff00    00000040                             : System.oe66 (.text:xdc_runtime_System_abort__F)
                  0080ff40    00000040     Sys_BIOs_config_pe66.oe66 (.text:xdc_runtime_System_aprintf__E)
                  0080ff80    00000040     Sys_BIOs_config_pe66.oe66 (.text:xdc_runtime_System_printf__E)
                  0080ffc0    00000040     ti.targets.rts6000.ae66 : Text.oe66 (.text:xdc_runtime_Text_ropeText__F)
                  00810000    00000020     rts6600_elf.lib : trunc.obj (.text:__c6xabi_trunc)
                  00810020    00000020                     : dtor_list.obj (.text:__cxa_atexit)
                  00810040    00000020                     : dtor_list.obj (.text:__cxa_ia64_exit)
                  00810060    00000020     ti.targets.rts6000.ae66 : xdc_noinit.oe66 (.text:__xdc__init)
                  00810080    00000020     rts6600_elf.lib : _lock.obj (.text:_nop)
                  008100a0    00000020                     : _lock.obj (.text:_register_lock)
                  008100c0    00000020                     : _lock.obj (.text:_register_unlock)
                  008100e0    00000020     sysbios.ae66 : c62_TaskSupport_asm.obj (.text:_ti_sysbios_family_c62_TaskSupport_glue)
                  00810100    00000020                  : c64p_Hwi_asm_switch.obj (.text:_ti_sysbios_family_xxx_Hwi_switchToTaskStack)
                  00810120    00000020     rts6600_elf.lib : exit.obj (.text:abort)
                  00810140    00000020                     : dtor_list.obj (.text:atexit)
                  00810160    00000020                     : copy_decompress_none.obj (.text:decompress:none:__TI_decompress_none)
                  00810180    00000020                     : copy_decompress_rle.obj (.text:decompress:rle24:__TI_decompress_rle24)
                  008101a0    00000020     Sys_BIOs_config_pe66.oe66 (.text:ti_sysbios_BIOS_RtsGateProxy_enter__E)
                  008101c0    00000020     Sys_BIOs_config_pe66.oe66 (.text:ti_sysbios_BIOS_RtsGateProxy_leave__E)
                  008101e0    00000020     sysbios.ae66 : BIOS.obj (.text:ti_sysbios_BIOS_getCpuFreq__E)
                  00810200    00000020                  : BIOS.obj (.text:ti_sysbios_BIOS_nullFunc__I)
                  00810220    00000020                  : BIOS.obj (.text:ti_sysbios_BIOS_setThreadType__E)
                  00810240    00000020                  : BIOS.obj (.text:ti_sysbios_BIOS_start__E)
                  00810260    00000020     Sys_BIOs_config_pe66.oe66 (.text:ti_sysbios_family_c62_TaskSupport_Module__startupDone__S)
                  00810280    00000020     sysbios.ae66 : BIOS.obj (.text:ti_sysbios_family_c62_TaskSupport_checkStack__E)
                  008102a0    00000020                  : BIOS.obj (.text:ti_sysbios_family_c64p_Hwi_clearInterrupt__E)
                  008102c0    00000020                  : BIOS.obj (.text:ti_sysbios_family_c64p_Hwi_startup__E)
                  008102e0    00000020                  : BIOS.obj (.text:ti_sysbios_family_c64p_Hwi_switchFromBootStack__E)
                  00810300    00000020                  : BIOS.obj (.text:ti_sysbios_family_c64p_TimestampProvider_Module_startup__F)
                  00810320    00000020                  : BIOS.obj (.text:ti_sysbios_family_c64p_TimestampProvider_get32__E)
                  00810340    00000020                  : BIOS.obj (.text:ti_sysbios_family_c64p_TimestampProvider_get64__E)
                  00810360    00000020                  : BIOS.obj (.text:ti_sysbios_family_c64p_tci6488_TimerSupport_enable__E)
                  00810380    00000020                  : BIOS.obj (.text:ti_sysbios_gates_GateHwi_Instance_init__F)
                  008103a0    00000020                  : BIOS.obj (.text:ti_sysbios_gates_GateHwi_enter__E)
                  008103c0    00000020                  : BIOS.obj (.text:ti_sysbios_gates_GateHwi_leave__E)
                  008103e0    00000020                  : BIOS.obj (.text:ti_sysbios_gates_GateHwi_query__F)
                  00810400    00000020                  : BIOS.obj (.text:ti_sysbios_gates_GateMutex_Instance_finalize__F)
                  00810420    00000020                  : BIOS.obj (.text:ti_sysbios_gates_GateMutex_query__F)
                  00810440    00000020     Sys_BIOs_config_pe66.oe66 (.text:ti_sysbios_hal_Hwi_HwiProxy_Module__startupDone__S)
                  00810460    00000020     sysbios.ae66 : BIOS.obj (.text:ti_sysbios_hal_Hwi_Module_startup__F)
                  00810480    00000020                  : BIOS.obj (.text:ti_sysbios_hal_Timer_Module_startup__F)
                  008104a0    00000020     Sys_BIOs_config_pe66.oe66 (.text:ti_sysbios_hal_Timer_TimerProxy_Module__startupDone__S)
                  008104c0    00000020     Sys_BIOs_config_pe66.oe66 (.text:ti_sysbios_hal_Timer_TimerProxy_getExpiredCounts__E)
                  008104e0    00000020     Sys_BIOs_config_pe66.oe66 (.text:ti_sysbios_hal_Timer_TimerProxy_getPeriod__E)
                  00810500    00000020     Sys_BIOs_config_pe66.oe66 (.text:ti_sysbios_hal_Timer_TimerProxy_setNextTick__E)
                  00810520    00000020     Sys_BIOs_config_pe66.oe66 (.text:ti_sysbios_heaps_HeapMem_Module_GateProxy_enter__E)
                  00810540    00000020     Sys_BIOs_config_pe66.oe66 (.text:ti_sysbios_heaps_HeapMem_Module_GateProxy_leave__E)
                  00810560    00000020     sysbios.ae66 : BIOS.obj (.text:ti_sysbios_heaps_HeapMem_isBlocking__E)
                  00810580    00000020     Sys_BIOs_config_pe66.oe66 (.text:ti_sysbios_knl_Clock_Params__init__S)
                  008105a0    00000020     sysbios.ae66 : BIOS.obj (.text:ti_sysbios_knl_Idle_loop__E)
                  008105c0    00000020                  : BIOS.obj (.text:ti_sysbios_knl_Queue_Instance_init__F)
                  008105e0    00000020     Sys_BIOs_config_pe66.oe66 (.text:ti_sysbios_knl_Queue_Object__destruct__S)
                  00810600    00000020     Sys_BIOs_config_pe66.oe66 (.text:ti_sysbios_knl_Queue_Object__get__S)
                  00810620    00000020     sysbios.ae66 : BIOS.obj (.text:ti_sysbios_knl_Queue_empty__E)
                  00810640    00000020                  : BIOS.obj (.text:ti_sysbios_knl_Semaphore_Instance_finalize__F)
                  00810660    00000020                  : BIOS.obj (.text:ti_sysbios_knl_Swi_disable__E)
                  00810680    00000020     Sys_BIOs_config_pe66.oe66 (.text:ti_sysbios_knl_Task_Object__first__S)
                  008106a0    00000020     Sys_BIOs_config_pe66.oe66 (.text:ti_sysbios_knl_Task_Object__next__S)
                  008106c0    00000020     Sys_BIOs_config_pe66.oe66 (.text:ti_sysbios_knl_Task_SupportProxy_Module__startupDone__S)
                  008106e0    00000020     sysbios.ae66 : BIOS.obj (.text:ti_sysbios_knl_Task_disable__E)
                  00810700    00000020                  : BIOS.obj (.text:ti_sysbios_knl_Task_startup__E)
                  00810720    00000020                  : BIOS.obj (.text:ti_sysbios_timers_timer64_Timer_setNextTick__E)
                  00810740    00000020                  : BIOS.obj (.text:ti_sysbios_utils_Load_taskRegHook__E)
                  00810760    00000020     ti.uia.family.c66.ae66 : TimestampC66XGlobal.oe66 (.text:ti_uia_family_c66_TimestampC66XGlobal_Module_startup__F)
                  00810780    00000020     Sys_BIOs_config_pe66.oe66 (.text:ti_uia_runtime_LogSync_CpuTimestampProxy_Module__startupDone__S)
                  008107a0    00000020     Sys_BIOs_config_pe66.oe66 (.text:ti_uia_runtime_LogSync_GlobalTimestampProxy_Module__startupDone__S)
                  008107c0    00000020     ti.uia.runtime.ae66 : LoggerProbePoint.oe66 (.text:ti_uia_runtime_LoggerProbePoint_getFreeSize__E)
                  008107e0    00000020                         : LoggerProbePoint.oe66 (.text:ti_uia_runtime_LoggerProbePoint_getInstanceId__E)
                  00810800    00000020                         : LoggerProbePoint.oe66 (.text:ti_uia_runtime_LoggerProbePoint_getMaxLength__E)
                  00810820    00000020                         : LoggerProbePoint.oe66 (.text:ti_uia_runtime_LoggerProbePoint_getPriority__E)
                  00810840    00000020                         : LoggerProbePoint.oe66 (.text:ti_uia_runtime_LoggerProbePoint_getTransferType__F)
                  00810860    00000020                         : LoggerProbePoint.oe66 (.text:ti_uia_runtime_LoggerProbePoint_getUnreadSize__E)
                  00810880    00000020                         : LoggerProbePoint.oe66 (.text:ti_uia_runtime_LoggerProbePoint_isEmpty__E)
                  008108a0    00000020                         : LoggerProbePoint.oe66 (.text:ti_uia_runtime_LoggerProbePoint_setPriority__E)
                  008108c0    00000020                         : LoggerStopMode.oe66 (.text:ti_uia_runtime_LoggerStopMode_getFreeSize__E)
                  008108e0    00000020                         : LoggerStopMode.oe66 (.text:ti_uia_runtime_LoggerStopMode_getInstanceId__E)
                  00810900    00000020                         : LoggerStopMode.oe66 (.text:ti_uia_runtime_LoggerStopMode_getMaxLength__E)
                  00810920    00000020                         : LoggerStopMode.oe66 (.text:ti_uia_runtime_LoggerStopMode_getPriority__E)
                  00810940    00000020                         : LoggerStopMode.oe66 (.text:ti_uia_runtime_LoggerStopMode_getTransferType__F)
                  00810960    00000020                         : LoggerStopMode.oe66 (.text:ti_uia_runtime_LoggerStopMode_getUnreadSize__E)
                  00810980    00000020                         : LoggerStopMode.oe66 (.text:ti_uia_runtime_LoggerStopMode_isEmpty__E)
                  008109a0    00000020                         : LoggerStopMode.oe66 (.text:ti_uia_runtime_LoggerStopMode_setPriority__E)
                  008109c0    00000020     ti.targets.rts6000.ae66 : Gate.oe66 (.text:xdc_runtime_Gate_enterSystem__F)
                  008109e0    00000020     Sys_BIOs_config_pe66.oe66 (.text:xdc_runtime_IHeap_alloc)
                  00810a00    00000020     Sys_BIOs_config_pe66.oe66 (.text:xdc_runtime_IHeap_free)
                  00810a20    00000020     Sys_BIOs_config_pe66.oe66 (.text:xdc_runtime_LoggerBuf_Module_GateProxy_enter__E)
                  00810a40    00000020     Sys_BIOs_config_pe66.oe66 (.text:xdc_runtime_LoggerBuf_Module_GateProxy_leave__E)
                  00810a60    00000020     ti.targets.rts6000.ae66 : LoggerBuf.oe66 (.text:xdc_runtime_LoggerBuf_disable__F)
                  00810a80    00000020                             : LoggerBuf.oe66 (.text:xdc_runtime_LoggerBuf_enable__F)
                  00810aa0    00000020     Sys_BIOs_config_pe66.oe66 (.text:xdc_runtime_Memory_HeapProxy_alloc__E)
                  00810ac0    00000020     Sys_BIOs_config_pe66.oe66 (.text:xdc_runtime_Memory_HeapProxy_free__E)
                  00810ae0    00000020     Sys_BIOs_config_pe66.oe66 (.text:xdc_runtime_Startup_exec__I)
                  00810b00    00000020     Sys_BIOs_config_pe66.oe66 (.text:xdc_runtime_Startup_reset__I)
                  00810b20    00000020     ti.targets.rts6000.ae66 : SysMin.oe66 (.text:xdc_runtime_SysMin_ready__F)
                  00810b40    00000020     Sys_BIOs_config_pe66.oe66 (.text:xdc_runtime_System_Module_GateProxy_enter__E)
                  00810b60    00000020     Sys_BIOs_config_pe66.oe66 (.text:xdc_runtime_System_Module_GateProxy_leave__E)
                  00810b80    00000020     ti.targets.rts6000.ae66 : System.oe66 (.text:xdc_runtime_System_Module_startup__F)
                  00810ba0    00000020                             : System.oe66 (.text:xdc_runtime_System_exit__F)
                  00810bc0    00000020                             : System.oe66 (.text:xdc_runtime_System_lastFxn__I)
                  00810be0    00000020                             : System.oe66 (.text:xdc_runtime_System_vsnprintf__F)
                  00810c00    00000020     Sys_BIOs_config_pe66.oe66 (.text:xdc_runtime_Text_visitRope__I)
                  00810c20    00000020     Sys_BIOs_config_pe66.oe66 (.text:xdc_runtime_Timestamp_Module__startupDone__S)

.far       0    00810c40    00003e40     UNINITIALIZED
                  00810c40    00002618     Sys_BIOs_config_pe66.oe66 (.far)
                  00813258    00001800     Sys_BIOs_config_pe66.oe66 (.far:taskStackSection)
                  00814a58    00000020     util.obj (.far)
                  00814a78    00000008     rts6600_elf.lib : trgdrv.obj (.far)

.const     0    00814a80    000036e8     
                  00814a80    000021b1     Sys_BIOs_config_pe66.oe66 (.const:xdc_runtime_Text_charTab__A)
                  00816c31    00000683     sysbios.ae66 : BIOS.obj (.const:.string)
                  008172b4    00000004     ti.targets.rts6000.ae66 : Assert.oe66 (.const:.string)
                  008172b8    00000400     Sys_BIOs_config_pe66.oe66 (.const:ti_sysbios_family_c66_Cache_marvalues__C)
                  008176b8    00000128     Sys_BIOs_config_pe66.oe66 (.const:xdc_runtime_Text_nodeTab__A)
                  008177e0    000000a8     util.obj (.const:.string)
                  00817888    00000060     Sys_BIOs_config_pe66.oe66 (.const:ti_uia_runtime_LoggerProbePoint_Module__FXNS__C)
                  008178e8    00000060     Sys_BIOs_config_pe66.oe66 (.const:ti_uia_runtime_LoggerStopMode_Module__FXNS__C)
                  00817948    00000058     ti.targets.rts6000.ae66 : Error.oe66 (.const:.string)
                  008179a0    00000047     Sys_BIOs_config_pe66.oe66 (.const:.string)
                  008179e7    00000001     --HOLE-- [fill = 0]
                  008179e8    00000044     Sys_BIOs_config_pe66.oe66 (.const:xdc_runtime_Startup_sfxnTab__A)
                  00817a2c    00000040     ti.targets.rts6000.ae66 : Text.oe66 (.const:.string)
                  00817a6c    0000003c     Sys_BIOs_config_pe66.oe66 (.const:xdc_runtime_LoggerBuf_Module__FXNS__C)
                  00817aa8    00000034     Sys_BIOs_config_pe66.oe66 (.const:ti_uia_runtime_LoggerProbePoint_Object__PARAMS__C)
                  00817adc    00000034     Sys_BIOs_config_pe66.oe66 (.const:ti_uia_runtime_LoggerStopMode_Object__PARAMS__C)
                  00817b10    00000030     Sys_BIOs_config_pe66.oe66 (.const:ti_sysbios_knl_Task_hooks__A)
                  00817b40    0000002c     ti.targets.rts6000.ae66 : Startup.oe66 (.const:.string)
                  00817b6c    00000028     Sys_BIOs_config_pe66.oe66 (.const:ti_sysbios_heaps_HeapMem_Module__FXNS__C)
                  00817b94    00000028     Sys_BIOs_config_pe66.oe66 (.const:xdc_runtime_LoggerBuf_Object__PARAMS__C)
                  00817bbc    00000024     Sys_BIOs_config_pe66.oe66 (.const:ti_sysbios_gates_GateHwi_Module__FXNS__C)
                  00817be0    00000024     Sys_BIOs_config_pe66.oe66 (.const:ti_sysbios_gates_GateMutex_Module__FXNS__C)
                  00817c04    00000024     Sys_BIOs_config_pe66.oe66 (.const:ti_sysbios_heaps_HeapMem_Object__PARAMS__C)
                  00817c28    00000024     Sys_BIOs_config_pe66.oe66 (.const:ti_sysbios_knl_Clock_Object__PARAMS__C)
                  00817c4c    00000024     Sys_BIOs_config_pe66.oe66 (.const:ti_sysbios_knl_Semaphore_Object__PARAMS__C)
                  00817c70    00000022     Sys_BIOs_config_pe66.oe66 (.const:xdc_runtime_Startup_sfxnRts__A)
                  00817c92    00000002     Sys_BIOs_config_pe66.oe66 (.const:ti_sysbios_BIOS_Module__id__C)
                  00817c94    00000020     Sys_BIOs_config_pe66.oe66 (.const:ti_sysbios_gates_GateHwi_Object__DESC__C)
                  00817cb4    00000020     Sys_BIOs_config_pe66.oe66 (.const:ti_sysbios_gates_GateMutex_Object__DESC__C)
                  00817cd4    00000020     Sys_BIOs_config_pe66.oe66 (.const:ti_sysbios_heaps_HeapMem_Object__DESC__C)
                  00817cf4    00000020     Sys_BIOs_config_pe66.oe66 (.const:ti_sysbios_knl_Clock_Object__DESC__C)
                  00817d14    00000020     Sys_BIOs_config_pe66.oe66 (.const:ti_sysbios_knl_Queue_Object__DESC__C)
                  00817d34    00000020     Sys_BIOs_config_pe66.oe66 (.const:ti_sysbios_knl_Semaphore_Object__DESC__C)
                  00817d54    00000020     Sys_BIOs_config_pe66.oe66 (.const:ti_uia_runtime_LoggerProbePoint_Object__DESC__C)
                  00817d74    00000020     Sys_BIOs_config_pe66.oe66 (.const:ti_uia_runtime_LoggerStopMode_Object__DESC__C)
                  00817d94    00000020     Sys_BIOs_config_pe66.oe66 (.const:xdc_runtime_LoggerBuf_Object__DESC__C)
                  00817db4    00000018     Sys_BIOs_config_pe66.oe66 (.const:ti_sysbios_gates_GateHwi_Object__PARAMS__C)
                  00817dcc    00000018     Sys_BIOs_config_pe66.oe66 (.const:ti_sysbios_gates_GateMutex_Object__PARAMS__C)
                  00817de4    00000018     Sys_BIOs_config_pe66.oe66 (.const:ti_sysbios_knl_Queue_Object__PARAMS__C)
                  00817dfc    00000014     main_gtz.obj (.const:.string)
                  00817e10    00000011     ti.targets.rts6000.ae66 : System.oe66 (.const:digtohex)
                  00817e21    00000001     --HOLE-- [fill = 0]
                  00817e22    00000002     Sys_BIOs_config_pe66.oe66 (.const:ti_sysbios_family_c64p_Exception_Module__id__C)
                  00817e24    0000000c     Sys_BIOs_config_pe66.oe66 (.const:ti_sysbios_family_c66_Cache_initSize__C)
                  00817e30    00000008     ti.targets.rts6000.ae66 : System.oe66 (.const:.string)
                  00817e38    00000008     Sys_BIOs_config_pe66.oe66 (.const:ti_sysbios_knl_Idle_coreList__A)
                  00817e40    00000008     Sys_BIOs_config_pe66.oe66 (.const:ti_sysbios_knl_Idle_coreList__C)
                  00817e48    00000008     Sys_BIOs_config_pe66.oe66 (.const:ti_sysbios_knl_Idle_funcList__A)
                  00817e50    00000008     Sys_BIOs_config_pe66.oe66 (.const:ti_sysbios_knl_Idle_funcList__C)
                  00817e58    00000008     Sys_BIOs_config_pe66.oe66 (.const:ti_sysbios_knl_Task_hooks__C)
                  00817e60    00000008     Sys_BIOs_config_pe66.oe66 (.const:xdc_runtime_Startup_firstFxns__A)
                  00817e68    00000008     Sys_BIOs_config_pe66.oe66 (.const:xdc_runtime_Startup_firstFxns__C)
                  00817e70    00000008     Sys_BIOs_config_pe66.oe66 (.const:xdc_runtime_Startup_lastFxns__C)
                  00817e78    00000004     Sys_BIOs_config_pe66.oe66 (.const:ti_sysbios_BIOS_Module__diagsEnabled__C)
                  00817e7c    00000004     Sys_BIOs_config_pe66.oe66 (.const:ti_sysbios_BIOS_Module__diagsIncluded__C)
                  00817e80    00000004     Sys_BIOs_config_pe66.oe66 (.const:ti_sysbios_BIOS_Module__diagsMask__C)
                  00817e84    00000004     Sys_BIOs_config_pe66.oe66 (.const:ti_sysbios_BIOS_installedErrorHook__C)
                  00817e88    00000004     Sys_BIOs_config_pe66.oe66 (.const:ti_sysbios_family_c64p_Exception_E_exceptionMax__C)
                  00817e8c    00000004     Sys_BIOs_config_pe66.oe66 (.const:ti_sysbios_family_c64p_Exception_E_exceptionMin__C)
                  00817e90    00000004     Sys_BIOs_config_pe66.oe66 (.const:ti_sysbios_family_c64p_Exception_exceptionHook__C)
                  00817e94    00000004     Sys_BIOs_config_pe66.oe66 (.const:ti_sysbios_family_c64p_Exception_externalHook__C)
                  00817e98    00000004     Sys_BIOs_config_pe66.oe66 (.const:ti_sysbios_family_c64p_Exception_internalHook__C)
                  00817e9c    00000004     Sys_BIOs_config_pe66.oe66 (.const:ti_sysbios_family_c64p_Exception_nmiHook__C)
                  00817ea0    00000004     Sys_BIOs_config_pe66.oe66 (.const:ti_sysbios_family_c64p_Hwi_LD_end__C)
                  00817ea4    00000004     Sys_BIOs_config_pe66.oe66 (.const:ti_sysbios_family_c64p_Hwi_LM_begin__C)
                  00817ea8    00000004     Sys_BIOs_config_pe66.oe66 (.const:ti_sysbios_family_c64p_Hwi_Module__diagsEnabled__C)
                  00817eac    00000004     Sys_BIOs_config_pe66.oe66 (.const:ti_sysbios_family_c64p_Hwi_Module__diagsIncluded__C)
                  00817eb0    00000004     Sys_BIOs_config_pe66.oe66 (.const:ti_sysbios_family_c64p_Hwi_Module__diagsMask__C)
                  00817eb4    00000004     Sys_BIOs_config_pe66.oe66 (.const:ti_sysbios_family_c64p_Hwi_Module__loggerFxn1__C)
                  00817eb8    00000004     Sys_BIOs_config_pe66.oe66 (.const:ti_sysbios_family_c64p_Hwi_Module__loggerFxn8__C)
                  00817ebc    00000004     Sys_BIOs_config_pe66.oe66 (.const:ti_sysbios_family_c64p_Hwi_Module__loggerObj__C)
                  00817ec0    00000004     Sys_BIOs_config_pe66.oe66 (.const:ti_sysbios_gates_GateMutex_A_badContext__C)
                  00817ec4    00000004     Sys_BIOs_config_pe66.oe66 (.const:ti_sysbios_gates_GateMutex_Instance_State_sem__O)
                  00817ec8    00000004     Sys_BIOs_config_pe66.oe66 (.const:ti_sysbios_gates_GateMutex_Module__diagsEnabled__C)
                  00817ecc    00000004     Sys_BIOs_config_pe66.oe66 (.const:ti_sysbios_gates_GateMutex_Module__diagsIncluded__C)
                  00817ed0    00000004     Sys_BIOs_config_pe66.oe66 (.const:ti_sysbios_gates_GateMutex_Module__diagsMask__C)
                  00817ed4    00000004     Sys_BIOs_config_pe66.oe66 (.const:ti_sysbios_hal_Hwi_E_stackOverflow__C)
                  00817ed8    00000004     Sys_BIOs_config_pe66.oe66 (.const:ti_sysbios_heaps_HeapMem_A_align__C)
                  00817edc    00000004     Sys_BIOs_config_pe66.oe66 (.const:ti_sysbios_heaps_HeapMem_A_heapSize__C)
                  00817ee0    00000004     Sys_BIOs_config_pe66.oe66 (.const:ti_sysbios_heaps_HeapMem_A_invalidFree__C)
                  00817ee4    00000004     Sys_BIOs_config_pe66.oe66 (.const:ti_sysbios_heaps_HeapMem_A_zeroBlock__C)
                  00817ee8    00000004     Sys_BIOs_config_pe66.oe66 (.const:ti_sysbios_heaps_HeapMem_E_memory__C)
                  00817eec    00000004     Sys_BIOs_config_pe66.oe66 (.const:ti_sysbios_heaps_HeapMem_Module__diagsEnabled__C)
                  00817ef0    00000004     Sys_BIOs_config_pe66.oe66 (.const:ti_sysbios_heaps_HeapMem_Module__diagsIncluded__C)
                  00817ef4    00000004     Sys_BIOs_config_pe66.oe66 (.const:ti_sysbios_heaps_HeapMem_Module__diagsMask__C)
                  00817ef8    00000004     Sys_BIOs_config_pe66.oe66 (.const:ti_sysbios_heaps_HeapMem_Module__gateObj__C)
                  00817efc    00000004     Sys_BIOs_config_pe66.oe66 (.const:ti_sysbios_heaps_HeapMem_Object__count__C)
                  00817f00    00000004     Sys_BIOs_config_pe66.oe66 (.const:ti_sysbios_heaps_HeapMem_reqAlign__C)
                  00817f04    00000004     Sys_BIOs_config_pe66.oe66 (.const:ti_sysbios_knl_Clock_A_badThreadType__C)
                  00817f08    00000004     Sys_BIOs_config_pe66.oe66 (.const:ti_sysbios_knl_Clock_LM_begin__C)
                  00817f0c    00000004     Sys_BIOs_config_pe66.oe66 (.const:ti_sysbios_knl_Clock_LM_tick__C)
                  00817f10    00000004     Sys_BIOs_config_pe66.oe66 (.const:ti_sysbios_knl_Clock_LW_delayed__C)
                  00817f14    00000004     Sys_BIOs_config_pe66.oe66 (.const:ti_sysbios_knl_Clock_Module_State_clockQ__O)
                  00817f18    00000004     Sys_BIOs_config_pe66.oe66 (.const:ti_sysbios_knl_Clock_Module__diagsEnabled__C)
                  00817f1c    00000004     Sys_BIOs_config_pe66.oe66 (.const:ti_sysbios_knl_Clock_Module__diagsIncluded__C)
                  00817f20    00000004     Sys_BIOs_config_pe66.oe66 (.const:ti_sysbios_knl_Clock_Module__diagsMask__C)
                  00817f24    00000004     Sys_BIOs_config_pe66.oe66 (.const:ti_sysbios_knl_Clock_Module__loggerFxn1__C)
                  00817f28    00000004     Sys_BIOs_config_pe66.oe66 (.const:ti_sysbios_knl_Clock_Module__loggerFxn2__C)
                  00817f2c    00000004     Sys_BIOs_config_pe66.oe66 (.const:ti_sysbios_knl_Clock_Module__loggerObj__C)
                  00817f30    00000004     Sys_BIOs_config_pe66.oe66 (.const:ti_sysbios_knl_Clock_tickMode__C)
                  00817f34    00000004     Sys_BIOs_config_pe66.oe66 (.const:ti_sysbios_knl_Clock_tickSource__C)
                  00817f38    00000004     Sys_BIOs_config_pe66.oe66 (.const:ti_sysbios_knl_Semaphore_A_badContext__C)
                  00817f3c    00000004     Sys_BIOs_config_pe66.oe66 (.const:ti_sysbios_knl_Semaphore_A_noEvents__C)
                  00817f40    00000004     Sys_BIOs_config_pe66.oe66 (.const:ti_sysbios_knl_Semaphore_A_overflow__C)
                  00817f44    00000004     Sys_BIOs_config_pe66.oe66 (.const:ti_sysbios_knl_Semaphore_A_pendTaskDisabled__C)
                  00817f48    00000004     Sys_BIOs_config_pe66.oe66 (.const:ti_sysbios_knl_Semaphore_Instance_State_pendQ__O)
                  00817f4c    00000004     Sys_BIOs_config_pe66.oe66 (.const:ti_sysbios_knl_Semaphore_LM_pend__C)
                  00817f50    00000004     Sys_BIOs_config_pe66.oe66 (.const:ti_sysbios_knl_Semaphore_LM_post__C)
                  00817f54    00000004     Sys_BIOs_config_pe66.oe66 (.const:ti_sysbios_knl_Semaphore_Module__diagsEnabled__C)
                  00817f58    00000004     Sys_BIOs_config_pe66.oe66 (.const:ti_sysbios_knl_Semaphore_Module__diagsIncluded__C)
                  00817f5c    00000004     Sys_BIOs_config_pe66.oe66 (.const:ti_sysbios_knl_Semaphore_Module__diagsMask__C)
                  00817f60    00000004     Sys_BIOs_config_pe66.oe66 (.const:ti_sysbios_knl_Semaphore_Module__loggerFxn2__C)
                  00817f64    00000004     Sys_BIOs_config_pe66.oe66 (.const:ti_sysbios_knl_Semaphore_Module__loggerFxn4__C)
                  00817f68    00000004     Sys_BIOs_config_pe66.oe66 (.const:ti_sysbios_knl_Semaphore_Module__loggerObj__C)
                  00817f6c    00000004     Sys_BIOs_config_pe66.oe66 (.const:ti_sysbios_knl_Swi_LD_end__C)
                  00817f70    00000004     Sys_BIOs_config_pe66.oe66 (.const:ti_sysbios_knl_Swi_LM_begin__C)
                  00817f74    00000004     Sys_BIOs_config_pe66.oe66 (.const:ti_sysbios_knl_Swi_LM_post__C)
                  00817f78    00000004     Sys_BIOs_config_pe66.oe66 (.const:ti_sysbios_knl_Swi_Module__diagsEnabled__C)
                  00817f7c    00000004     Sys_BIOs_config_pe66.oe66 (.const:ti_sysbios_knl_Swi_Module__diagsIncluded__C)
                  00817f80    00000004     Sys_BIOs_config_pe66.oe66 (.const:ti_sysbios_knl_Swi_Module__diagsMask__C)
                  00817f84    00000004     Sys_BIOs_config_pe66.oe66 (.const:ti_sysbios_knl_Swi_Module__loggerFxn1__C)
                  00817f88    00000004     Sys_BIOs_config_pe66.oe66 (.const:ti_sysbios_knl_Swi_Module__loggerFxn4__C)
                  00817f8c    00000004     Sys_BIOs_config_pe66.oe66 (.const:ti_sysbios_knl_Swi_Module__loggerObj__C)
                  00817f90    00000004     Sys_BIOs_config_pe66.oe66 (.const:ti_sysbios_knl_Swi_Object__count__C)
                  00817f94    00000004     Sys_BIOs_config_pe66.oe66 (.const:ti_sysbios_knl_Task_A_badTimeout__C)
                  00817f98    00000004     Sys_BIOs_config_pe66.oe66 (.const:ti_sysbios_knl_Task_A_sleepTaskDisabled__C)
                  00817f9c    00000004     Sys_BIOs_config_pe66.oe66 (.const:ti_sysbios_knl_Task_E_spOutOfBounds__C)
                  00817fa0    00000004     Sys_BIOs_config_pe66.oe66 (.const:ti_sysbios_knl_Task_E_stackOverflow__C)
                  00817fa4    00000004     Sys_BIOs_config_pe66.oe66 (.const:ti_sysbios_knl_Task_LD_block__C)
                  00817fa8    00000004     Sys_BIOs_config_pe66.oe66 (.const:ti_sysbios_knl_Task_LD_exit__C)
                  00817fac    00000004     Sys_BIOs_config_pe66.oe66 (.const:ti_sysbios_knl_Task_LD_ready__C)
                  00817fb0    00000004     Sys_BIOs_config_pe66.oe66 (.const:ti_sysbios_knl_Task_LM_sleep__C)
                  00817fb4    00000004     Sys_BIOs_config_pe66.oe66 (.const:ti_sysbios_knl_Task_LM_switch__C)
                  00817fb8    00000004     Sys_BIOs_config_pe66.oe66 (.const:ti_sysbios_knl_Task_Module_State_inactiveQ__O)
                  00817fbc    00000004     Sys_BIOs_config_pe66.oe66 (.const:ti_sysbios_knl_Task_Module_State_terminatedQ__O)
                  00817fc0    00000004     Sys_BIOs_config_pe66.oe66 (.const:ti_sysbios_knl_Task_Module__diagsEnabled__C)
                  00817fc4    00000004     Sys_BIOs_config_pe66.oe66 (.const:ti_sysbios_knl_Task_Module__diagsIncluded__C)
                  00817fc8    00000004     Sys_BIOs_config_pe66.oe66 (.const:ti_sysbios_knl_Task_Module__diagsMask__C)
                  00817fcc    00000004     Sys_BIOs_config_pe66.oe66 (.const:ti_sysbios_knl_Task_Module__loggerFxn2__C)
                  00817fd0    00000004     Sys_BIOs_config_pe66.oe66 (.const:ti_sysbios_knl_Task_Module__loggerFxn4__C)
                  00817fd4    00000004     Sys_BIOs_config_pe66.oe66 (.const:ti_sysbios_knl_Task_Module__loggerObj__C)
                  00817fd8    00000004     Sys_BIOs_config_pe66.oe66 (.const:ti_sysbios_knl_Task_Object__count__C)
                  00817fdc    00000004     Sys_BIOs_config_pe66.oe66 (.const:ti_sysbios_knl_Task_Object__heap__C)
                  00817fe0    00000004     Sys_BIOs_config_pe66.oe66 (.const:ti_sysbios_knl_Task_allBlockedFunc__C)
                  00817fe4    00000004     Sys_BIOs_config_pe66.oe66 (.const:ti_sysbios_knl_Task_numConstructedTasks__C)
                  00817fe8    00000004     Sys_BIOs_config_pe66.oe66 (.const:ti_sysbios_timers_timer64_Timer_A_notAvailable__C)
                  00817fec    00000004     Sys_BIOs_config_pe66.oe66 (.const:ti_sysbios_timers_timer64_Timer_E_cannotSupport__C)
                  00817ff0    00000004     Sys_BIOs_config_pe66.oe66 (.const:ti_sysbios_timers_timer64_Timer_Module__diagsEnabled__C)
                  00817ff4    00000004     Sys_BIOs_config_pe66.oe66 (.const:ti_sysbios_timers_timer64_Timer_Module__diagsIncluded__C)
                  00817ff8    00000004     Sys_BIOs_config_pe66.oe66 (.const:ti_sysbios_timers_timer64_Timer_Module__diagsMask__C)
                  00817ffc    00000004     Sys_BIOs_config_pe66.oe66 (.const:ti_sysbios_timers_timer64_Timer_anyMask__C)
                  00818000    00000004     Sys_BIOs_config_pe66.oe66 (.const:ti_sysbios_timers_timer64_Timer_freqDivisor__C)
                  00818004    00000004     Sys_BIOs_config_pe66.oe66 (.const:ti_sysbios_timers_timer64_Timer_numLocalTimers__C)
                  00818008    00000004     Sys_BIOs_config_pe66.oe66 (.const:ti_sysbios_timers_timer64_Timer_numTimerDevices__C)
                  0081800c    00000004     Sys_BIOs_config_pe66.oe66 (.const:ti_sysbios_utils_Load_LS_cpuLoad__C)
                  00818010    00000004     Sys_BIOs_config_pe66.oe66 (.const:ti_sysbios_utils_Load_LS_hwiLoad__C)
                  00818014    00000004     Sys_BIOs_config_pe66.oe66 (.const:ti_sysbios_utils_Load_LS_swiLoad__C)
                  00818018    00000004     Sys_BIOs_config_pe66.oe66 (.const:ti_sysbios_utils_Load_LS_taskLoad__C)
                  0081801c    00000004     Sys_BIOs_config_pe66.oe66 (.const:ti_sysbios_utils_Load_Module_State_taskList__O)
                  00818020    00000004     Sys_BIOs_config_pe66.oe66 (.const:ti_sysbios_utils_Load_Module__diagsEnabled__C)
                  00818024    00000004     Sys_BIOs_config_pe66.oe66 (.const:ti_sysbios_utils_Load_Module__diagsIncluded__C)
                  00818028    00000004     Sys_BIOs_config_pe66.oe66 (.const:ti_sysbios_utils_Load_Module__diagsMask__C)
                  0081802c    00000004     Sys_BIOs_config_pe66.oe66 (.const:ti_sysbios_utils_Load_Module__loggerFxn1__C)
                  00818030    00000004     Sys_BIOs_config_pe66.oe66 (.const:ti_sysbios_utils_Load_Module__loggerFxn2__C)
                  00818034    00000004     Sys_BIOs_config_pe66.oe66 (.const:ti_sysbios_utils_Load_Module__loggerFxn4__C)
                  00818038    00000004     Sys_BIOs_config_pe66.oe66 (.const:ti_sysbios_utils_Load_Module__loggerObj__C)
                  0081803c    00000004     Sys_BIOs_config_pe66.oe66 (.const:ti_sysbios_utils_Load_postUpdate__C)
                  00818040    00000004     Sys_BIOs_config_pe66.oe66 (.const:ti_sysbios_utils_Load_windowInMs__C)
                  00818044    00000004     Sys_BIOs_config_pe66.oe66 (.const:ti_uia_family_c66_TimestampC66XGlobal_timerBaseAdrs__C)
                  00818048    00000004     Sys_BIOs_config_pe66.oe66 (.const:ti_uia_runtime_ILoggerSnapshot_Interface__BASE__C)
                  0081804c    00000004     Sys_BIOs_config_pe66.oe66 (.const:ti_uia_runtime_IUIATransfer_Interface__BASE__C)
                  00818050    00000004     Sys_BIOs_config_pe66.oe66 (.const:ti_uia_runtime_LoggerProbePoint_E_badLevel__C)
                  00818054    00000004     Sys_BIOs_config_pe66.oe66 (.const:ti_uia_runtime_LoggerProbePoint_Object__count__C)
                  00818058    00000004     Sys_BIOs_config_pe66.oe66 (.const:ti_uia_runtime_LoggerProbePoint_overflowLogger__C)
                  0081805c    00000004     Sys_BIOs_config_pe66.oe66 (.const:ti_uia_runtime_LoggerProbePoint_statusLogger__C)
                  00818060    00000004     Sys_BIOs_config_pe66.oe66 (.const:ti_uia_runtime_LoggerStopMode_E_badLevel__C)
                  00818064    00000004     Sys_BIOs_config_pe66.oe66 (.const:ti_uia_runtime_LoggerStopMode_Object__count__C)
                  00818068    00000004     Sys_BIOs_config_pe66.oe66 (.const:ti_uia_runtime_LoggerStopMode_overflowLogger__C)
                  0081806c    00000004     Sys_BIOs_config_pe66.oe66 (.const:ti_uia_runtime_LoggerStopMode_statusLogger__C)
                  00818070    00000004     Sys_BIOs_config_pe66.oe66 (.const:xdc_runtime_Assert_E_assertFailed__C)
                  00818074    00000004     Sys_BIOs_config_pe66.oe66 (.const:xdc_runtime_Core_A_initializedParams__C)
                  00818078    00000004     Sys_BIOs_config_pe66.oe66 (.const:xdc_runtime_Core_Module__diagsEnabled__C)
                  0081807c    00000004     Sys_BIOs_config_pe66.oe66 (.const:xdc_runtime_Core_Module__diagsIncluded__C)
                  00818080    00000004     Sys_BIOs_config_pe66.oe66 (.const:xdc_runtime_Core_Module__diagsMask__C)
                  00818084    00000004     Sys_BIOs_config_pe66.oe66 (.const:xdc_runtime_Error_E_memory__C)
                  00818088    00000004     Sys_BIOs_config_pe66.oe66 (.const:xdc_runtime_Error_Module__diagsEnabled__C)
                  0081808c    00000004     Sys_BIOs_config_pe66.oe66 (.const:xdc_runtime_Error_Module__diagsIncluded__C)
                  00818090    00000004     Sys_BIOs_config_pe66.oe66 (.const:xdc_runtime_Error_Module__diagsMask__C)
                  00818094    00000004     Sys_BIOs_config_pe66.oe66 (.const:xdc_runtime_Error_Module__loggerFxn8__C)
                  00818098    00000004     Sys_BIOs_config_pe66.oe66 (.const:xdc_runtime_Error_Module__loggerObj__C)
                  0081809c    00000004     Sys_BIOs_config_pe66.oe66 (.const:xdc_runtime_Error_policy__C)
                  008180a0    00000004     Sys_BIOs_config_pe66.oe66 (.const:xdc_runtime_Error_raiseHook__C)
                  008180a4    00000004     Sys_BIOs_config_pe66.oe66 (.const:xdc_runtime_IFilterLogger_Interface__BASE__C)
                  008180a8    00000004     Sys_BIOs_config_pe66.oe66 (.const:xdc_runtime_IGateProvider_Interface__BASE__C)
                  008180ac    00000004     Sys_BIOs_config_pe66.oe66 (.const:xdc_runtime_IHeap_Interface__BASE__C)
                  008180b0    00000004     Sys_BIOs_config_pe66.oe66 (.const:xdc_runtime_ILogger_Interface__BASE__C)
                  008180b4    00000004     Sys_BIOs_config_pe66.oe66 (.const:xdc_runtime_IModule_Interface__BASE__C)
                  008180b8    00000004     Sys_BIOs_config_pe66.oe66 (.const:xdc_runtime_Log_L_error__C)
                  008180bc    00000004     Sys_BIOs_config_pe66.oe66 (.const:xdc_runtime_LoggerBuf_E_badLevel__C)
                  008180c0    00000004     Sys_BIOs_config_pe66.oe66 (.const:xdc_runtime_LoggerBuf_Module__gateObj__C)
                  008180c4    00000004     Sys_BIOs_config_pe66.oe66 (.const:xdc_runtime_LoggerBuf_Object__count__C)
                  008180c8    00000004     Sys_BIOs_config_pe66.oe66 (.const:xdc_runtime_LoggerBuf_statusLogger__C)
                  008180cc    00000004     Sys_BIOs_config_pe66.oe66 (.const:xdc_runtime_Memory_defaultHeapInstance__C)
                  008180d0    00000004     Sys_BIOs_config_pe66.oe66 (.const:xdc_runtime_Startup_execImpl__C)
                  008180d4    00000004     Sys_BIOs_config_pe66.oe66 (.const:xdc_runtime_Startup_maxPasses__C)
                  008180d8    00000004     Sys_BIOs_config_pe66.oe66 (.const:xdc_runtime_Startup_lastFxns__A)
                  008180dc    00000004     Sys_BIOs_config_pe66.oe66 (.const:xdc_runtime_Startup_sfxnRts__C)
                  008180e0    00000004     Sys_BIOs_config_pe66.oe66 (.const:xdc_runtime_Startup_sfxnTab__C)
                  008180e4    00000004     Sys_BIOs_config_pe66.oe66 (.const:xdc_runtime_SysMin_bufSize__C)
                  008180e8    00000004     Sys_BIOs_config_pe66.oe66 (.const:xdc_runtime_SysMin_outputFunc__C)
                  008180ec    00000004     Sys_BIOs_config_pe66.oe66 (.const:xdc_runtime_System_Module__gateObj__C)
                  008180f0    00000004     Sys_BIOs_config_pe66.oe66 (.const:xdc_runtime_System_extendFxn__C)
                  008180f4    00000004     Sys_BIOs_config_pe66.oe66 (.const:xdc_runtime_System_maxAtexitHandlers__C)
                  008180f8    00000004     Sys_BIOs_config_pe66.oe66 (.const:xdc_runtime_Text_charTab__C)
                  008180fc    00000004     Sys_BIOs_config_pe66.oe66 (.const:xdc_runtime_Text_nameEmpty__C)
                  00818100    00000004     Sys_BIOs_config_pe66.oe66 (.const:xdc_runtime_Text_nameStatic__C)
                  00818104    00000004     Sys_BIOs_config_pe66.oe66 (.const:xdc_runtime_Text_nameUnknown__C)
                  00818108    00000004     Sys_BIOs_config_pe66.oe66 (.const:xdc_runtime_Text_nodeTab__C)
                  0081810c    00000004     Sys_BIOs_config_pe66.oe66 (.const:xdc_runtime_Text_visitRopeFxn__C)
                  00818110    00000002     Sys_BIOs_config_pe66.oe66 (.const:ti_sysbios_family_c64p_Exception_enableExternalMPC__C)
                  00818112    00000002     Sys_BIOs_config_pe66.oe66 (.const:ti_sysbios_family_c64p_Exception_enablePrint__C)
                  00818114    00000002     Sys_BIOs_config_pe66.oe66 (.const:ti_sysbios_family_c64p_Exception_useInternalBuffer__C)
                  00818116    00000002     Sys_BIOs_config_pe66.oe66 (.const:ti_sysbios_family_c64p_Hwi_Module__id__C)
                  00818118    00000002     Sys_BIOs_config_pe66.oe66 (.const:ti_sysbios_family_c64p_Hwi_Module__loggerDefined__C)
                  0081811a    00000002     Sys_BIOs_config_pe66.oe66 (.const:ti_sysbios_gates_GateMutex_Module__id__C)
                  0081811c    00000002     Sys_BIOs_config_pe66.oe66 (.const:ti_sysbios_hal_Hwi_Module__id__C)
                  0081811e    00000002     Sys_BIOs_config_pe66.oe66 (.const:ti_sysbios_heaps_HeapMem_Module__id__C)
                  00818120    00000002     Sys_BIOs_config_pe66.oe66 (.const:ti_sysbios_knl_Clock_Module__id__C)
                  00818122    00000002     Sys_BIOs_config_pe66.oe66 (.const:ti_sysbios_knl_Clock_Module__loggerDefined__C)
                  00818124    00000002     Sys_BIOs_config_pe66.oe66 (.const:ti_sysbios_knl_Semaphore_Module__id__C)
                  00818126    00000002     Sys_BIOs_config_pe66.oe66 (.const:ti_sysbios_knl_Semaphore_Module__loggerDefined__C)
                  00818128    00000002     Sys_BIOs_config_pe66.oe66 (.const:ti_sysbios_knl_Swi_Module__id__C)
                  0081812a    00000002     Sys_BIOs_config_pe66.oe66 (.const:ti_sysbios_knl_Swi_Module__loggerDefined__C)
                  0081812c    00000002     Sys_BIOs_config_pe66.oe66 (.const:ti_sysbios_knl_Task_Module__id__C)
                  0081812e    00000002     Sys_BIOs_config_pe66.oe66 (.const:ti_sysbios_knl_Task_Module__loggerDefined__C)
                  00818130    00000002     Sys_BIOs_config_pe66.oe66 (.const:ti_sysbios_knl_Task_deleteTerminatedTasks__C)
                  00818132    00000002     Sys_BIOs_config_pe66.oe66 (.const:ti_sysbios_knl_Task_initStackFlag__C)
                  00818134    00000002     Sys_BIOs_config_pe66.oe66 (.const:ti_sysbios_timers_timer64_Timer_Module__id__C)
                  00818136    00000002     Sys_BIOs_config_pe66.oe66 (.const:ti_sysbios_timers_timer64_Timer_startupNeeded__C)
                  00818138    00000002     Sys_BIOs_config_pe66.oe66 (.const:ti_sysbios_utils_Load_Module__id__C)
                  0081813a    00000002     Sys_BIOs_config_pe66.oe66 (.const:ti_sysbios_utils_Load_Module__loggerDefined__C)
                  0081813c    00000002     Sys_BIOs_config_pe66.oe66 (.const:ti_sysbios_utils_Load_autoAddTasks__C)
                  0081813e    00000002     Sys_BIOs_config_pe66.oe66 (.const:ti_sysbios_utils_Load_hwiEnabled__C)
                  00818140    00000002     Sys_BIOs_config_pe66.oe66 (.const:ti_sysbios_utils_Load_swiEnabled__C)
                  00818142    00000002     Sys_BIOs_config_pe66.oe66 (.const:ti_sysbios_utils_Load_taskEnabled__C)
                  00818144    00000002     Sys_BIOs_config_pe66.oe66 (.const:ti_sysbios_utils_Load_updateInIdle__C)
                  00818146    00000002     Sys_BIOs_config_pe66.oe66 (.const:ti_uia_runtime_LoggerProbePoint_Module__id__C)
                  00818148    00000002     Sys_BIOs_config_pe66.oe66 (.const:ti_uia_runtime_LoggerProbePoint_filterByLevel__C)
                  0081814a    00000002     Sys_BIOs_config_pe66.oe66 (.const:ti_uia_runtime_LoggerProbePoint_isTimestampEnabled__C)
                  0081814c    00000002     Sys_BIOs_config_pe66.oe66 (.const:ti_uia_runtime_LoggerStopMode_Module__id__C)
                  0081814e    00000002     Sys_BIOs_config_pe66.oe66 (.const:ti_uia_runtime_LoggerStopMode_filterByLevel__C)
                  00818150    00000002     Sys_BIOs_config_pe66.oe66 (.const:ti_uia_runtime_LoggerStopMode_isTimestampEnabled__C)
                  00818152    00000002     Sys_BIOs_config_pe66.oe66 (.const:xdc_runtime_Core_Module__id__C)
                  00818154    00000002     Sys_BIOs_config_pe66.oe66 (.const:xdc_runtime_Error_Module__loggerDefined__C)
                  00818156    00000002     Sys_BIOs_config_pe66.oe66 (.const:xdc_runtime_Error_maxDepth__C)
                  00818158    00000002     Sys_BIOs_config_pe66.oe66 (.const:xdc_runtime_LoggerBuf_Module__id__C)
                  0081815a    00000002     Sys_BIOs_config_pe66.oe66 (.const:xdc_runtime_LoggerBuf_filterByLevel__C)
                  0081815c    00000002     Sys_BIOs_config_pe66.oe66 (.const:xdc_runtime_Memory_Module__id__C)
                  0081815e    00000002     Sys_BIOs_config_pe66.oe66 (.const:xdc_runtime_SysMin_flushAtExit__C)
                  00818160    00000002     Sys_BIOs_config_pe66.oe66 (.const:xdc_runtime_Text_charCnt__C)
                  00818162    00000002     Sys_BIOs_config_pe66.oe66 (.const:xdc_runtime_Text_isLoaded__C)
                  00818164    00000002     Sys_BIOs_config_pe66.oe66 (.const:xdc_runtime_Text_registryModsLastId__C)
                  00818166    00000002     Sys_BIOs_config_pe66.oe66 (.const:xdc_runtime_Text_unnamedModsLastId__C)

.stack     0    00818168    00001000     UNINITIALIZED
                  00818168    00000008     boot.ae66 : boot.oe66 (.stack)
                  00818170    00000ff8     --HOLE--

.fardata   0    00819168    00000b04     
                  00819168    000002e0     Sys_BIOs_config_pe66.oe66 (.fardata)
                  00819448    00000180     Sys_BIOs_config_pe66.oe66 (.fardata:ti_sysbios_timers_timer64_Timer_Module_State_0_device__A)
                  008195c8    00000114     Sys_BIOs_config_pe66.oe66 (.fardata:ti_uia_runtime_LoggerProbePoint_Object__table__V)
                  008196dc    00000004     rts6600_elf.lib : dtor_list.obj (.fardata)
                  008196e0    000000f0     Sys_BIOs_config_pe66.oe66 (.fardata:ti_sysbios_knl_Task_Object__table__V)
                  008197d0    00000080     Sys_BIOs_config_pe66.oe66 (.fardata:ti_sysbios_knl_Swi_Module_State_0_readyQ__A)
                  00819850    00000080     Sys_BIOs_config_pe66.oe66 (.fardata:ti_sysbios_knl_Task_Module_State_0_readyQ__A)
                  008198d0    00000080     Sys_BIOs_config_pe66.oe66 (.fardata:ti_sysbios_timers_timer64_Timer_Module_State_0_gctrl__A)
                  00819950    00000080     Sys_BIOs_config_pe66.oe66 (.fardata:ti_sysbios_timers_timer64_Timer_Module_State_0_handles__A)
                  008199d0    00000080     Sys_BIOs_config_pe66.oe66 (.fardata:ti_sysbios_timers_timer64_Timer_Module_State_0_intFreqs__A)
                  00819a50    0000005c     Sys_BIOs_config_pe66.oe66 (.fardata:ti_uia_runtime_LoggerStopMode_Object__table__V)
                  00819aac    00000004     --HOLE--
                  00819ab0    0000004c     Sys_BIOs_config_pe66.oe66 (.fardata:ti_sysbios_timers_timer64_Timer_Object__table__V)
                  00819afc    00000004     --HOLE--
                  00819b00    00000040     rts6600_elf.lib : sin.obj (.fardata:R$1)
                  00819b40    00000040     Sys_BIOs_config_pe66.oe66 (.fardata:ti_sysbios_gates_GateMutex_Object__table__V)
                  00819b80    00000030     Sys_BIOs_config_pe66.oe66 (.fardata:ti_sysbios_knl_Swi_Object__table__V)
                  00819bb0    00000024     Sys_BIOs_config_pe66.oe66 (.fardata:xdc_runtime_LoggerBuf_Object__table__V)
                  00819bd4    00000004     --HOLE--
                  00819bd8    00000018     Sys_BIOs_config_pe66.oe66 (.fardata:ti_sysbios_family_c64p_Hwi_Object__table__V)
                  00819bf0    00000018     Sys_BIOs_config_pe66.oe66 (.fardata:ti_sysbios_heaps_HeapMem_Object__table__V)
                  00819c08    00000010     util.obj (.fardata:coef)
                  00819c18    00000010     Sys_BIOs_config_pe66.oe66 (.fardata:xdc_runtime_System_Module_State_0_atexitHandlers__A)
                  00819c28    0000000c     rts6600_elf.lib : exit.obj (.fardata)
                  00819c34    00000008                     : _lock.obj (.fardata)
                  00819c3c    00000004     --HOLE--
                  00819c40    00000008     Sys_BIOs_config_pe66.oe66 (.fardata:ti_sysbios_hal_Hwi_Object__table__V)
                  00819c48    00000008     Sys_BIOs_config_pe66.oe66 (.fardata:ti_sysbios_hal_Timer_Object__table__V)
                  00819c50    00000004     Sys_BIOs_config_pe66.oe66 (.fardata:ti_sysbios_gates_GateHwi_Object__table__V)
                  00819c54    00000004     --HOLE--
                  00819c58    00000004     Sys_BIOs_config_pe66.oe66 (.fardata:ti_sysbios_knl_Task_Module_State_0_idleTask__A)
                  00819c5c    00000004     --HOLE--
                  00819c60    00000004     Sys_BIOs_config_pe66.oe66 (.fardata:ti_sysbios_utils_Load_Module_State_0_runningTask__A)
                  00819c64    00000004     --HOLE--
                  00819c68    00000004     Sys_BIOs_config_pe66.oe66 (.fardata:ti_sysbios_utils_Load_Module_State_0_taskStartTime__A)

.cio       0    00819c70    00000120     UNINITIALIZED
                  00819c70    00000120     rts6600_elf.lib : trgmsg.obj (.cio)

.bss       0    00819d90    00000026     UNINITIALIZED
                  00819d90    00000020     util.obj (.bss)
                  00819db0    00000006     main_gtz.obj (.bss)

.neardata 
*          0    00819db8    00000014     
                  00819db8    0000000c     main_gtz.obj (.neardata)
                  00819dc4    00000008     ti.uia.runtime.ae66 : QueueDescriptor.oe66 (.neardata)

.rodata    0    00819dcc    00000000     UNINITIALIZED

.vecs      0    0081a000    00000200     
                  0081a000    00000200     Sys_BIOs_config_pe66.oe66 (.vecs)

.cinit     0    0081a200    00000810     
                  0081a200    000007c8     (.cinit..fardata.load) [load image, compression = rle]
                  0081a9c8    0000000c     (__TI_handler_table)
                  0081a9d4    00000009     (.cinit..neardata.load) [load image, compression = rle]
                  0081a9dd    00000003     --HOLE-- [fill = 0]
                  0081a9e0    00000008     (.cinit..bss.load) [load image, compression = zero_init]
                  0081a9e8    00000008     (.cinit..far.load) [load image, compression = zero_init]
                  0081a9f0    00000020     (__TI_cinit_table)


LINKER GENERATED COPY TABLES

__TI_cinit_table @ 0081a9f0 records: 4, size/record: 8, table size: 32
	.fardata: load addr=0081a200, load size=000007c8 bytes, run addr=00819168, run size=00000b04 bytes, compression=rle
	.neardata: load addr=0081a9d4, load size=00000009 bytes, run addr=00819db8, run size=00000014 bytes, compression=rle
	.bss: load addr=0081a9e0, load size=00000008 bytes, run addr=00819d90, run size=00000026 bytes, compression=zero_init
	.far: load addr=0081a9e8, load size=00000008 bytes, run addr=00810c40, run size=00003e40 bytes, compression=zero_init


LINKER GENERATED HANDLER TABLE

__TI_handler_table @ 0081a9c8 records: 3, size/record: 4, table size: 12
	index: 0, handler: __TI_zero_init
	index: 1, handler: __TI_decompress_rle24
	index: 2, handler: __TI_decompress_none


GLOBAL SYMBOLS: SORTED ALPHABETICALLY BY Name 

address    name
--------   ----
00810120   C$$EXIT
0080f258   C$$IO$$
0080c0c0   HOSTwrite
00819780   TSK_idle
00806814   UIAPROBE_WRITE0
00806a4c   UIAPROBE_WRITE1
00806c94   UIAPROBE_WRITE2
00805a2c   UIAPROBE_WRITE4
008040c8   UIAPROBE_WRITE8
00805ca8   UIAPROBE_WRITEMEMORYRANGE
00800000   __ASM__
00819c70   __CIOBUF_
00800090   __ISA__
008000a8   __PLAT__
008000d0   __TARG__
[...]
00810ae0   xdc_runtime_Startup_exec__I
00810b00   xdc_runtime_Startup_reset__I
00810b20   xdc_runtime_SysMin_ready__E
00810b20   xdc_runtime_SysMin_ready__F
00810b20   xdc_runtime_System_SupportProxy_ready__E
00810b40   xdc_runtime_System_Module_GateProxy_enter__E
00810b60   xdc_runtime_System_Module_GateProxy_leave__E
00810b80   xdc_runtime_System_Module_startup__E
00810b80   xdc_runtime_System_Module_startup__F
00810ba0   xdc_runtime_System_exit__E
00810ba0   xdc_runtime_System_exit__F
00810bc0   xdc_runtime_System_lastFxn__I
00810be0   xdc_runtime_System_snprintf_va__E
00810be0   xdc_runtime_System_snprintf_va__F
00810be0   xdc_runtime_System_vsnprintf__E
00810be0   xdc_runtime_System_vsnprintf__F
00810c00   xdc_runtime_Text_visitRope__I
00810c20   xdc_runtime_Timestamp_Module__startupDone__S
00810c40   ti_sysbios_heaps_HeapMem_Instance_State_0_buf__A
00811c40   ti_sysbios_knl_Task_Instance_State_0_hookEnv__A
00811c48   ti_sysbios_knl_Task_Instance_State_1_hookEnv__A
00811c50   ti_sysbios_knl_Task_Instance_State_2_hookEnv__A
00811c58   ti_uia_runtime_LoggerProbePoint_Instance_State_0_bufferArray__A
00811ed8   ti_uia_runtime_LoggerProbePoint_Instance_State_1_bufferArray__A
00812358   ti_uia_runtime_LoggerProbePoint_Instance_State_2_bufferArray__A
008127d8   ti_uia_runtime_LoggerStopMode_Instance_State_0_bufferArray__A
00812a58   xdc_runtime_LoggerBuf_Instance_State_0_entryArr__A
00812e58   xdc_runtime_SysMin_Module_State_0_outbuf__A
00813258   ti_sysbios_knl_Task_Instance_State_0_stack__A
00813a58   ti_sysbios_knl_Task_Instance_State_1_stack__A
00814258   ti_sysbios_knl_Task_Instance_State_2_stack__A
00814a58   gtz_out
00814a80   xdc_runtime_Text_charTab__A
008172b8   ti_sysbios_family_c66_Cache_marvalues__C
008176b8   xdc_runtime_Text_nodeTab__A
00817888   ti_uia_runtime_LoggerProbePoint_Module__FXNS__C
008178e8   ti_uia_runtime_LoggerStopMode_Module__FXNS__C
008179e8   xdc_runtime_Startup_sfxnTab__A
00817a6c   xdc_runtime_LoggerBuf_Module__FXNS__C
00817aa8   ti_uia_runtime_LoggerProbePoint_Object__PARAMS__C
00817adc   ti_uia_runtime_LoggerStopMode_Object__PARAMS__C
00817b10   ti_sysbios_knl_Task_hooks__A
00817b6c   ti_sysbios_heaps_HeapMem_Module__FXNS__C
00817b94   xdc_runtime_LoggerBuf_Object__PARAMS__C
00817bbc   ti_sysbios_gates_GateHwi_Module__FXNS__C
00817be0   ti_sysbios_gates_GateMutex_Module__FXNS__C
00817c04   ti_sysbios_heaps_HeapMem_Object__PARAMS__C
00817c28   ti_sysbios_knl_Clock_Object__PARAMS__C
00817c4c   ti_sysbios_knl_Semaphore_Object__PARAMS__C
00817c70   xdc_runtime_Startup_sfxnRts__A
00817c92   ti_sysbios_BIOS_Module__id__C
00817c94   ti_sysbios_gates_GateHwi_Object__DESC__C
00817cb4   ti_sysbios_gates_GateMutex_Object__DESC__C
00817cd4   ti_sysbios_heaps_HeapMem_Object__DESC__C
00817cf4   ti_sysbios_knl_Clock_Object__DESC__C
00817d14   ti_sysbios_knl_Queue_Object__DESC__C
00817d34   ti_sysbios_knl_Semaphore_Object__DESC__C
00817d54   ti_uia_runtime_LoggerProbePoint_Object__DESC__C
00817d74   ti_uia_runtime_LoggerStopMode_Object__DESC__C
00817d94   xdc_runtime_LoggerBuf_Object__DESC__C
00817db4   ti_sysbios_gates_GateHwi_Object__PARAMS__C
00817dcc   ti_sysbios_gates_GateMutex_Object__PARAMS__C
00817de4   ti_sysbios_knl_Queue_Object__PARAMS__C
00817e22   ti_sysbios_family_c64p_Exception_Module__id__C
00817e24   ti_sysbios_family_c66_Cache_initSize__C
00817e38   ti_sysbios_knl_Idle_coreList__A
00817e40   ti_sysbios_knl_Idle_coreList__C
00817e48   ti_sysbios_knl_Idle_funcList__A
00817e50   ti_sysbios_knl_Idle_funcList__C
00817e58   ti_sysbios_knl_Task_hooks__C
00817e60   xdc_runtime_Startup_firstFxns__A
00817e68   xdc_runtime_Startup_firstFxns__C
00817e70   xdc_runtime_Startup_lastFxns__C
00817e78   ti_sysbios_BIOS_Module__diagsEnabled__C
00817e7c   ti_sysbios_BIOS_Module__diagsIncluded__C
00817e80   ti_sysbios_BIOS_Module__diagsMask__C
00817e84   ti_sysbios_BIOS_installedErrorHook__C
00817e88   ti_sysbios_family_c64p_Exception_E_exceptionMax__C
00817e8c   ti_sysbios_family_c64p_Exception_E_exceptionMin__C
00817e90   ti_sysbios_family_c64p_Exception_exceptionHook__C
00817e94   ti_sysbios_family_c64p_Exception_externalHook__C
00817e98   ti_sysbios_family_c64p_Exception_internalHook__C
00817e9c   ti_sysbios_family_c64p_Exception_nmiHook__C
00817ea0   ti_sysbios_family_c64p_Hwi_LD_end__C
00817ea4   ti_sysbios_family_c64p_Hwi_LM_begin__C
00817ea8   ti_sysbios_family_c64p_Hwi_Module__diagsEnabled__C
00817eac   ti_sysbios_family_c64p_Hwi_Module__diagsIncluded__C
00817eb0   ti_sysbios_family_c64p_Hwi_Module__diagsMask__C
00817eb4   ti_sysbios_family_c64p_Hwi_Module__loggerFxn1__C
00817eb8   ti_sysbios_family_c64p_Hwi_Module__loggerFxn8__C
00817ebc   ti_sysbios_family_c64p_Hwi_Module__loggerObj__C
00817ec0   ti_sysbios_gates_GateMutex_A_badContext__C
00817ec4   ti_sysbios_gates_GateMutex_Instance_State_sem__O
00817ec8   ti_sysbios_gates_GateMutex_Module__diagsEnabled__C
00817ecc   ti_sysbios_gates_GateMutex_Module__diagsIncluded__C
00817ed0   ti_sysbios_gates_GateMutex_Module__diagsMask__C
00817ed4   ti_sysbios_hal_Hwi_E_stackOverflow__C
00817ed8   ti_sysbios_heaps_HeapMem_A_align__C
00817edc   ti_sysbios_heaps_HeapMem_A_heapSize__C
00817ee0   ti_sysbios_heaps_HeapMem_A_invalidFree__C
00817ee4   ti_sysbios_heaps_HeapMem_A_zeroBlock__C
00817ee8   ti_sysbios_heaps_HeapMem_E_memory__C
00817eec   ti_sysbios_heaps_HeapMem_Module__diagsEnabled__C
00817ef0   ti_sysbios_heaps_HeapMem_Module__diagsIncluded__C
00817ef4   ti_sysbios_heaps_HeapMem_Module__diagsMask__C
00817ef8   ti_sysbios_heaps_HeapMem_Module__gateObj__C
00817efc   ti_sysbios_heaps_HeapMem_Object__count__C
00817f00   ti_sysbios_heaps_HeapMem_reqAlign__C
00817f04   ti_sysbios_knl_Clock_A_badThreadType__C
00817f08   ti_sysbios_knl_Clock_LM_begin__C
00817f0c   ti_sysbios_knl_Clock_LM_tick__C
00817f10   ti_sysbios_knl_Clock_LW_delayed__C
00817f14   ti_sysbios_knl_Clock_Module_State_clockQ__O
00817f18   ti_sysbios_knl_Clock_Module__diagsEnabled__C
00817f1c   ti_sysbios_knl_Clock_Module__diagsIncluded__C
00817f20   ti_sysbios_knl_Clock_Module__diagsMask__C
00817f24   ti_sysbios_knl_Clock_Module__loggerFxn1__C
00817f28   ti_sysbios_knl_Clock_Module__loggerFxn2__C
00817f2c   ti_sysbios_knl_Clock_Module__loggerObj__C
00817f30   ti_sysbios_knl_Clock_tickMode__C
00817f34   ti_sysbios_knl_Clock_tickSource__C
00817f38   ti_sysbios_knl_Semaphore_A_badContext__C
00817f3c   ti_sysbios_knl_Semaphore_A_noEvents__C
00817f40   ti_sysbios_knl_Semaphore_A_overflow__C
00817f44   ti_sysbios_knl_Semaphore_A_pendTaskDisabled__C
00817f48   ti_sysbios_knl_Semaphore_Instance_State_pendQ__O
00817f4c   ti_sysbios_knl_Semaphore_LM_pend__C
00817f50   ti_sysbios_knl_Semaphore_LM_post__C
00817f54   ti_sysbios_knl_Semaphore_Module__diagsEnabled__C
00817f58   ti_sysbios_knl_Semaphore_Module__diagsIncluded__C
00817f5c   ti_sysbios_knl_Semaphore_Module__diagsMask__C
00817f60   ti_sysbios_knl_Semaphore_Module__loggerFxn2__C
00817f64   ti_sysbios_knl_Semaphore_Module__loggerFxn4__C
00817f68   ti_sysbios_knl_Semaphore_Module__loggerObj__C
00817f6c   ti_sysbios_knl_Swi_LD_end__C
00817f70   ti_sysbios_knl_Swi_LM_begin__C
00817f74   ti_sysbios_knl_Swi_LM_post__C
00817f78   ti_sysbios_knl_Swi_Module__diagsEnabled__C
00817f7c   ti_sysbios_knl_Swi_Module__diagsIncluded__C
00817f80   ti_sysbios_knl_Swi_Module__diagsMask__C
00817f84   ti_sysbios_knl_Swi_Module__loggerFxn1__C
00817f88   ti_sysbios_knl_Swi_Module__loggerFxn4__C
00817f8c   ti_sysbios_knl_Swi_Module__loggerObj__C
00817f90   ti_sysbios_knl_Swi_Object__count__C
00817f94   ti_sysbios_knl_Task_A_badTimeout__C
00817f98   ti_sysbios_knl_Task_A_sleepTaskDisabled__C
00817f9c   ti_sysbios_knl_Task_E_spOutOfBounds__C
00817fa0   ti_sysbios_knl_Task_E_stackOverflow__C
00817fa4   ti_sysbios_knl_Task_LD_block__C
00817fa8   ti_sysbios_knl_Task_LD_exit__C
00817fac   ti_sysbios_knl_Task_LD_ready__C
00817fb0   ti_sysbios_knl_Task_LM_sleep__C
00817fb4   ti_sysbios_knl_Task_LM_switch__C
00817fb8   ti_sysbios_knl_Task_Module_State_inactiveQ__O
00817fbc   ti_sysbios_knl_Task_Module_State_terminatedQ__O
00817fc0   ti_sysbios_knl_Task_Module__diagsEnabled__C
00817fc4   ti_sysbios_knl_Task_Module__diagsIncluded__C
00817fc8   ti_sysbios_knl_Task_Module__diagsMask__C
00817fcc   ti_sysbios_knl_Task_Module__loggerFxn2__C
00817fd0   ti_sysbios_knl_Task_Module__loggerFxn4__C
00817fd4   ti_sysbios_knl_Task_Module__loggerObj__C
00817fd8   ti_sysbios_knl_Task_Object__count__C
00817fdc   ti_sysbios_knl_Task_Object__heap__C
00817fe0   ti_sysbios_knl_Task_allBlockedFunc__C
00817fe4   ti_sysbios_knl_Task_numConstructedTasks__C
00817fe8   ti_sysbios_timers_timer64_Timer_A_notAvailable__C
00817fec   ti_sysbios_timers_timer64_Timer_E_cannotSupport__C
00817ff0   ti_sysbios_timers_timer64_Timer_Module__diagsEnabled__C
00817ff4   ti_sysbios_timers_timer64_Timer_Module__diagsIncluded__C
00817ff8   ti_sysbios_timers_timer64_Timer_Module__diagsMask__C
00817ffc   ti_sysbios_timers_timer64_Timer_anyMask__C
00818000   ti_sysbios_timers_timer64_Timer_freqDivisor__C
00818004   ti_sysbios_timers_timer64_Timer_numLocalTimers__C
00818008   ti_sysbios_timers_timer64_Timer_numTimerDevices__C
0081800c   ti_sysbios_utils_Load_LS_cpuLoad__C
00818010   ti_sysbios_utils_Load_LS_hwiLoad__C
00818014   ti_sysbios_utils_Load_LS_swiLoad__C
00818018   ti_sysbios_utils_Load_LS_taskLoad__C
0081801c   ti_sysbios_utils_Load_Module_State_taskList__O
00818020   ti_sysbios_utils_Load_Module__diagsEnabled__C
00818024   ti_sysbios_utils_Load_Module__diagsIncluded__C
00818028   ti_sysbios_utils_Load_Module__diagsMask__C
0081802c   ti_sysbios_utils_Load_Module__loggerFxn1__C
00818030   ti_sysbios_utils_Load_Module__loggerFxn2__C
00818034   ti_sysbios_utils_Load_Module__loggerFxn4__C
00818038   ti_sysbios_utils_Load_Module__loggerObj__C
0081803c   ti_sysbios_utils_Load_postUpdate__C
00818040   ti_sysbios_utils_Load_windowInMs__C
00818044   ti_uia_family_c66_TimestampC66XGlobal_timerBaseAdrs__C
00818048   ti_uia_runtime_ILoggerSnapshot_Interface__BASE__C
0081804c   ti_uia_runtime_IUIATransfer_Interface__BASE__C
00818050   ti_uia_runtime_LoggerProbePoint_E_badLevel__C
00818054   ti_uia_runtime_LoggerProbePoint_Object__count__C
00818058   ti_uia_runtime_LoggerProbePoint_overflowLogger__C
0081805c   ti_uia_runtime_LoggerProbePoint_statusLogger__C
00818060   ti_uia_runtime_LoggerStopMode_E_badLevel__C
00818064   ti_uia_runtime_LoggerStopMode_Object__count__C
00818068   ti_uia_runtime_LoggerStopMode_overflowLogger__C
0081806c   ti_uia_runtime_LoggerStopMode_statusLogger__C
00818070   xdc_runtime_Assert_E_assertFailed__C
00818074   xdc_runtime_Core_A_initializedParams__C
00818078   xdc_runtime_Core_Module__diagsEnabled__C
0081807c   xdc_runtime_Core_Module__diagsIncluded__C
00818080   xdc_runtime_Core_Module__diagsMask__C
00818084   xdc_runtime_Error_E_memory__C
00818088   xdc_runtime_Error_Module__diagsEnabled__C
0081808c   xdc_runtime_Error_Module__diagsIncluded__C
00818090   xdc_runtime_Error_Module__diagsMask__C
00818094   xdc_runtime_Error_Module__loggerFxn8__C
00818098   xdc_runtime_Error_Module__loggerObj__C
0081809c   xdc_runtime_Error_policy__C
008180a0   xdc_runtime_Error_raiseHook__C
008180a4   xdc_runtime_IFilterLogger_Interface__BASE__C
008180a8   xdc_runtime_IGateProvider_Interface__BASE__C
008180ac   xdc_runtime_IHeap_Interface__BASE__C
008180b0   xdc_runtime_ILogger_Interface__BASE__C
008180b4   xdc_runtime_IModule_Interface__BASE__C
008180b8   xdc_runtime_Log_L_error__C
008180bc   xdc_runtime_LoggerBuf_E_badLevel__C
008180c0   xdc_runtime_LoggerBuf_Module__gateObj__C
008180c4   xdc_runtime_LoggerBuf_Object__count__C
008180c8   xdc_runtime_LoggerBuf_statusLogger__C
008180cc   xdc_runtime_Memory_defaultHeapInstance__C
008180d0   xdc_runtime_Startup_execImpl__C
008180d4   xdc_runtime_Startup_maxPasses__C
008180d8   xdc_runtime_Startup_lastFxns__A
008180dc   xdc_runtime_Startup_sfxnRts__C
008180e0   xdc_runtime_Startup_sfxnTab__C
008180e4   xdc_runtime_SysMin_bufSize__C
008180e8   xdc_runtime_SysMin_outputFunc__C
008180ec   xdc_runtime_System_Module__gateObj__C
008180f0   xdc_runtime_System_extendFxn__C
008180f4   xdc_runtime_System_maxAtexitHandlers__C
008180f8   xdc_runtime_Text_charTab__C
008180fc   xdc_runtime_Text_nameEmpty__C
00818100   xdc_runtime_Text_nameStatic__C
00818104   xdc_runtime_Text_nameUnknown__C
00818108   xdc_runtime_Text_nodeTab__C
0081810c   xdc_runtime_Text_visitRopeFxn__C
00818110   ti_sysbios_family_c64p_Exception_enableExternalMPC__C
00818112   ti_sysbios_family_c64p_Exception_enablePrint__C
00818114   ti_sysbios_family_c64p_Exception_useInternalBuffer__C
00818116   ti_sysbios_family_c64p_Hwi_Module__id__C
00818118   ti_sysbios_family_c64p_Hwi_Module__loggerDefined__C
0081811a   ti_sysbios_gates_GateMutex_Module__id__C
0081811c   ti_sysbios_hal_Hwi_Module__id__C
0081811e   ti_sysbios_heaps_HeapMem_Module__id__C
00818120   ti_sysbios_knl_Clock_Module__id__C
00818122   ti_sysbios_knl_Clock_Module__loggerDefined__C
00818124   ti_sysbios_knl_Semaphore_Module__id__C
00818126   ti_sysbios_knl_Semaphore_Module__loggerDefined__C
00818128   ti_sysbios_knl_Swi_Module__id__C
0081812a   ti_sysbios_knl_Swi_Module__loggerDefined__C
0081812c   ti_sysbios_knl_Task_Module__id__C
0081812e   ti_sysbios_knl_Task_Module__loggerDefined__C
00818130   ti_sysbios_knl_Task_deleteTerminatedTasks__C
00818132   ti_sysbios_knl_Task_initStackFlag__C
00818134   ti_sysbios_timers_timer64_Timer_Module__id__C
00818136   ti_sysbios_timers_timer64_Timer_startupNeeded__C
00818138   ti_sysbios_utils_Load_Module__id__C
0081813a   ti_sysbios_utils_Load_Module__loggerDefined__C
0081813c   ti_sysbios_utils_Load_autoAddTasks__C
0081813e   ti_sysbios_utils_Load_hwiEnabled__C
00818140   ti_sysbios_utils_Load_swiEnabled__C
00818142   ti_sysbios_utils_Load_taskEnabled__C
00818144   ti_sysbios_utils_Load_updateInIdle__C
00818146   ti_uia_runtime_LoggerProbePoint_Module__id__C
00818148   ti_uia_runtime_LoggerProbePoint_filterByLevel__C
0081814a   ti_uia_runtime_LoggerProbePoint_isTimestampEnabled__C
0081814c   ti_uia_runtime_LoggerStopMode_Module__id__C
0081814e   ti_uia_runtime_LoggerStopMode_filterByLevel__C
00818150   ti_uia_runtime_LoggerStopMode_isTimestampEnabled__C
00818152   xdc_runtime_Core_Module__id__C
00818154   xdc_runtime_Error_Module__loggerDefined__C
00818156   xdc_runtime_Error_maxDepth__C
00818158   xdc_runtime_LoggerBuf_Module__id__C
0081815a   xdc_runtime_LoggerBuf_filterByLevel__C
0081815c   xdc_runtime_Memory_Module__id__C
0081815e   xdc_runtime_SysMin_flushAtExit__C
00818160   xdc_runtime_Text_charCnt__C
00818162   xdc_runtime_Text_isLoaded__C
00818164   xdc_runtime_Text_registryModsLastId__C
00818166   xdc_runtime_Text_unnamedModsLastId__C
00818168   _stack
00819168   __TI_STACK_END
00819168   ti_sysbios_BIOS_Module__state__V
00819188   ti_sysbios_family_c64p_Exception_Module__state__V
008191b8   ti_sysbios_family_c64p_Hwi_Module__root__V
008191c0   ti_sysbios_family_c64p_Hwi_Module__state__V
00819228   ti_sysbios_gates_GateHwi_Module__root__V
00819230   ti_sysbios_gates_GateMutex_Module__root__V
00819238   ti_sysbios_hal_Hwi_Module__root__V
00819240   ti_sysbios_hal_Timer_Module__root__V
00819248   ti_sysbios_heaps_HeapMem_Module__root__V
00819250   ti_sysbios_knl_Clock_Module__root__V
00819258   ti_sysbios_knl_Clock_Module__state__V
00819280   ti_sysbios_knl_Event_Module__root__V
0081928c   ti_sysbios_knl_Queue_Module__root__V
00819294   ti_sysbios_knl_Semaphore_Module__root__V
008192a0   ti_sysbios_knl_Swi_Module__root__V
008192ac   ti_sysbios_knl_Swi_Module__state__V
008192c8   ti_sysbios_knl_Task_Module__root__V
008192d4   ti_sysbios_knl_Task_Module__state__V
00819318   ti_sysbios_timers_timer64_Timer_Module__root__V
00819320   ti_sysbios_timers_timer64_Timer_Module__state__V
00819334   ti_sysbios_utils_Load_Module__root__V
00819338   ti_sysbios_utils_Load_Module__state__V
008193b4   ti_uia_family_c66_TimestampC66XGlobal_Module__root__V
008193bc   ti_uia_runtime_LogSync_Module__root__V
008193c4   ti_uia_runtime_LogSync_Module__state__V
008193d0   ti_uia_runtime_LoggerProbePoint_Module__root__V
008193d8   ti_uia_runtime_LoggerProbePoint_Module__state__V
008193e0   ti_uia_runtime_LoggerStopMode_Module__root__V
008193e8   ti_uia_runtime_LoggerStopMode_Module__state__V
008193f0   ti_uia_runtime_QueueDescriptor_Module__state__V
008193fc   xdc_runtime_Error_Module__state__V
00819400   xdc_runtime_LoggerBuf_Module__root__V
00819408   xdc_runtime_LoggerBuf_Module__state__V
0081940e   xdc_runtime_Main_Module__root__V
00819410   xdc_runtime_Memory_Module__state__V
00819414   xdc_runtime_Registry_Module__state__V
0081941c   xdc_runtime_Startup_Module__state__V
00819424   xdc_runtime_SysMin_Module__state__V
00819430   xdc_runtime_System_Module__state__V
0081943c   xdc_runtime_Text_Module__state__V
00819444   __xdc__init__addr
00819448   ti_sysbios_timers_timer64_Timer_Module_State_0_device__A
008195c8   ti_uia_runtime_LoggerProbePoint_Object__table__V
008196e0   ti_sysbios_knl_Task_Object__table__V
00819780   TSK_idle
008197d0   ti_sysbios_knl_Swi_Module_State_0_readyQ__A
00819850   ti_sysbios_knl_Task_Module_State_0_readyQ__A
008198d0   ti_sysbios_timers_timer64_Timer_Module_State_0_gctrl__A
00819950   ti_sysbios_timers_timer64_Timer_Module_State_0_handles__A
008199d0   ti_sysbios_timers_timer64_Timer_Module_State_0_intFreqs__A
00819a50   ti_uia_runtime_LoggerStopMode_Object__table__V
00819ab0   ti_sysbios_timers_timer64_Timer_Object__table__V
00819b40   ti_sysbios_gates_GateMutex_Object__table__V
00819b80   ti_sysbios_knl_Swi_Object__table__V
00819bb0   xdc_runtime_LoggerBuf_Object__table__V
00819bd8   ti_sysbios_family_c64p_Hwi_Object__table__V
00819bf0   ti_sysbios_heaps_HeapMem_Object__table__V
00819c08   coef
00819c18   xdc_runtime_System_Module_State_0_atexitHandlers__A
00819c28   _cleanup_ptr
00819c2c   _dtors_ptr
00819c30   __TI_enable_exit_profile_output
00819c34   _lock
00819c38   _unlock
00819c40   ti_sysbios_hal_Hwi_Object__table__V
00819c48   ti_sysbios_hal_Timer_Object__table__V
00819c50   ti_sysbios_gates_GateHwi_Object__table__V
00819c58   ti_sysbios_knl_Task_Module_State_0_idleTask__A
00819c60   ti_sysbios_utils_Load_Module_State_0_runningTask__A
00819c68   ti_sysbios_utils_Load_Module_State_0_taskStartTime__A
00819c70   __CIOBUF_
00819d90   __TI_STATIC_BASE
00819d90   time1
00819d94   time2
00819d98   digit
00819d9c   freq1
00819da0   freq2
00819da4   mag1
00819da8   mag2
00819dac   sample
00819dc4   ti_uia_runtime_QueueDescriptor_gPtrToFirstDescriptor
00819dc8   ti_uia_runtime_QueueDescriptor_gUpdateCount
0081a000   ti_sysbios_family_c64p_Hwi0
0081a000   ti_sysbios_family_c64p_Hwi_int0
0081a020   ti_sysbios_family_c64p_Hwi_int1
0081a040   ti_sysbios_family_c64p_Hwi_int2
0081a060   ti_sysbios_family_c64p_Hwi_int3
0081a080   ti_sysbios_family_c64p_Hwi_int4
0081a0a0   ti_sysbios_family_c64p_Hwi_int5
0081a0c0   ti_sysbios_family_c64p_Hwi_int6
0081a0e0   ti_sysbios_family_c64p_Hwi_int7
0081a100   ti_sysbios_family_c64p_Hwi_int8
0081a120   ti_sysbios_family_c64p_Hwi_int9
0081a140   ti_sysbios_family_c64p_Hwi_int10
0081a160   ti_sysbios_family_c64p_Hwi_int11
0081a180   ti_sysbios_family_c64p_Hwi_int12
0081a1a0   ti_sysbios_family_c64p_Hwi_int13
0081a1c0   ti_sysbios_family_c64p_Hwi_int14
0081a1e0   ti_sysbios_family_c64p_Hwi_int15
0081a9c8   __TI_Handler_Table_Base
0081a9d4   __TI_Handler_Table_Limit
0081a9f0   __TI_CINIT_Base
0081aa10   __TI_CINIT_Limit
ffffffff   __TI_pprof_out_hndl
ffffffff   __TI_prof_data_size
ffffffff   __TI_prof_data_start
ffffffff   __binit__
ffffffff   __c_args__
ffffffff   binit
UNDEFED    __TI_INITARRAY_Base
UNDEFED    __TI_INITARRAY_Limit

[844 symbols]
